[]  Dendrochronology Program Library                                        Run VERY   Program COF  15:07  Fri 30 May 2025  Page   1
[]
[]  P R O G R A M      C O F E C H A                                                                          Version 6.06P    33024
------------------------------------------------------------------------------------------------------------------------------------

 QUALITY CONTROL AND DATING CHECK OF TREE-RING MEASUREMENTS

 File of DATED series:   D:\RDU.rwl

 CONTENTS:

    Part 1:  Title page, options selected, summary, absent rings by series
    Part 2:  Histogram of time spans
    Part 3:  Master series with sample depth and absent rings by year
    Part 4:  Bar plot of Master Dating Series
    Part 5:  Correlation by segment of each series with Master
    Part 6:  Potential problems: low correlation, divergent year-to-year changes, absent rings, outliers
    Part 7:  Descriptive statistics

 RUN CONTROL OPTIONS SELECTED                             VALUE

         1  Cubic smoothing spline 50% wavelength cutoff for filtering
                                                            32 years
         2  Segments examined are                           50 years lagged successively by  25 years
         3  Autoregressive model applied                     A  Residuals are used in master dating series and testing
         4  Series transformed to logarithms                 Y  Each series log-transformed for master dating series and testing
         5  CORRELATION is Pearson (parametric, quantitative)
            Critical correlation, 99% confidence level   .3281
         6  Master dating series saved                       N
         7  Ring measurements listed                         N
         8  Parts printed                              1234567 
         9  Absent rings are omitted from master series and segment correlations  (Y)

 Time span of Master dating series is  1787 to  2023   237 years
 Continuous time span is               1787 to  2023   237 years
 Portion with two or more series is    1793 to  2023   231 years

 >> RDU031      2010 absent in   6 of   43 series, but is not usually narrow: master index is  -.391
 >> RDU032      2010 absent in   6 of   43 series, but is not usually narrow: master index is  -.391
 >> RDU091      2010 absent in   6 of   43 series, but is not usually narrow: master index is  -.391
 >> RDU122      2010 absent in   6 of   43 series, but is not usually narrow: master index is  -.391
 >> RDU171      2010 absent in   6 of   43 series, but is not usually narrow: master index is  -.391
 >> RDU172      2010 absent in   6 of   43 series, but is not usually narrow: master index is  -.391

                                        ****************************************
                                        *C* Number of dated series        45 *C*
                                        *O* Master series 1787 2023  237 yrs *O*
                                        *F* Total rings in all series   8299 *F*
                                        *E* Total dated rings checked   8293 *E*
                                        *C* Series intercorrelation     .732 *C*
                                        *H* Average mean sensitivity    .335 *H*
                                        *A* Segments, possible problems    0 *A*
                                        *** Mean length of series      184.4 ***
                                        ****************************************

 ABSENT RINGS listed by SERIES:            (See Master Dating Series for absent rings listed by year)

 RDU021      1 absent rings:   1929
 RDU022      1 absent rings:   1929
 RDU031      2 absent rings:   1933  2010
 RDU032      2 absent rings:   1986  2010
 RDU051      1 absent rings:   1933
 RDU052      1 absent rings:   1938
 RDU061      1 absent rings:   1987
 RDU081      2 absent rings:   1917  1938
 RDU082      1 absent rings:   1958
 RDU091      2 absent rings:   1917  2010
 RDU092      2 absent rings:   1909  1917
 RDU101      1 absent rings:   1928
 RDU121      2 absent rings:   1949  1958
 RDU122      5 absent rings:   1939  1949  1958  2010  2014
 RDU141      3 absent rings:   1949  1958  1986
 RDU142      3 absent rings:   1949  1986  2009
 RDU162      2 absent rings:   1939  1961
 RDU171      9 absent rings:   1862  1933  1961  1962  2004  2007  2009  2010  2011
 RDU172      7 absent rings:   1939  1960  2004  2007  2009  2010  2011
 RDU191      4 absent rings:   1949  1958  1995  1997
 RDU192      6 absent rings:   1912  1913  1939  1958  1960  2009
 RDU201      2 absent rings:   1917  1938
 RDU202      1 absent rings:   1917
 RDU222      1 absent rings:   2019

            62 absent rings    .747%
PART 2:  TIME PLOT OF TREE-RING SERIES:                                                            15:07  Fri 30 May 2025  Page   2
------------------------------------------------------------------------------------------------------------------------------------
 1050 1100 1150 1200 1250 1300 1350 1400 1450 1500 1550 1600 1650 1700 1750 1800 1850 1900 1950 2000 2050 Ident   Seq Time-span  Yrs
   :    :    :    :    :    :    :    :    :    :    :    :    :    :    :    :    :    :    :    :    : -------- --- ---- ---- ----
   .    .    .    .    .    .    .    .    .    .    .    .    .    .    .    .  <==================>  . RDU011     1 1831 2023  193
   .    .    .    .    .    .    .    .    .    .    .    .    .    .    .    . <===================>  . RDU012     2 1821 2023  203
   .    .    .    .    .    .    .    .    .    .    .    .    .    .    .    .    <================>  . RDU021     3 1854 2023  170
   .    .    .    .    .    .    .    .    .    .    .    .    .    .    .    .   <=================>  . RDU022     4 1848 2023  176
   .    .    .    .    .    .    .    .    .    .    .    .    .    .    .    .<====================>  . RDU031     5 1810 2023  214
   .    .    .    .    .    .    .    .    .    .    .    .    .    .    .    .<====================>  . RDU032     6 1819 2023  205
   .    .    .    .    .    .    .    .    .    .    .    .    .    .    .    .    <================>  . RDU041     7 1854 2023  170
   .    .    .    .    .    .    .    .    .    .    .    .    .    .    .    .   <=================>  . RDU042     8 1847 2023  177
   .    .    .    .    .    .    .    .    .    .    .    .    .    .    .    .    . <==============>  . RDU051     9 1878 2023  146
   .    .    .    .    .    .    .    .    .    .    .    .    .    .    .    .    <================>  . RDU052    10 1850 2023  174
   .    .    .    .    .    .    .    .    .    .    .    .    .    .    .    .    .<===============>  . RDU061    11 1862 2023  162
   .    .    .    .    .    .    .    .    .    .    .    .    .    .    .    .    <================>  . RDU062    12 1852 2023  172
   .    .    .    .    .    .    .    .    .    .    .    .    .    .    .    . <===================>  . RDU071    13 1825 2023  199
   .    .    .    .    .    .    .    .    .    .    .    .    .    .    .    .<====================>  . RDU072    14 1814 2023  210
   .    .    .    .    .    .    .    .    .    .    .    .    .    .    .    <=====================>  . RDU081    15 1804 2023  220
   .    .    .    .    .    .    .    .    .    .    .    .    .    .    .    . <===================>  . RDU082    16 1820 2023  204
   .    .    .    .    .    .    .    .    .    .    .    .    .    .    .    <=====================>  . RDU091    17 1802 2023  222
   .    .    .    .    .    .    .    .    .    .    .    .    .    .    .   <======================>  . RDU092    18 1799 2023  225
   .    .    .    .    .    .    .    .    .    .    .    .    .    .    .    .    .  <=============>  . RDU101    19 1883 2023  141
   .    .    .    .    .    .    .    .    .    .    .    .    .    .    .    .    .  <=============>  . RDU102    20 1887 2023  137
   .    .    .    .    .    .    .    .    .    .    .    .    .    .    .    .<====================>  . RDU111    21 1812 2023  212
   .    .    .    .    .    .    .    .    .    .    .    .    .    .    .    .<====================>  . RDU112    22 1812 2023  212
   .    .    .    .    .    .    .    .    .    .    .    .    .    .    .    <=====================>  . RDU121    23 1804 2023  220
   .    .    .    .    .    .    .    .    .    .    .    .    .    .    .  <=======================>  . RDU122    24 1787 2023  237
   .    .    .    .    .    .    .    .    .    .    .    .    .    .    .    .    .  <=============>  . RDU131    25 1885 2023  139
   .    .    .    .    .    .    .    .    .    .    .    .    .    .    .    .    .<===============>  . RDU132    26 1860 2023  164
   .    .    .    .    .    .    .    .    .    .    .    .    .    .    .    .<=======>.    .    .    . RDU141    27 1816 1896   81
   .    .    .    .    .    .    .    .    .    .    .    .    .    .    .    .    .    <===========>  . RDU141    28 1906 2023  118
   .    .    .    .    .    .    .    .    .    .    .    .    .    .    .    <=========>    .    .    . RDU142    29 1804 1901   98
   .    .    .    .    .    .    .    .    .    .    .    .    .    .    .    .    .    <===========>  . RDU142    30 1907 2023  117
   .    .    .    .    .    .    .    .    .    .    .    .    .    .    .    <=====================>  . RDU151    31 1800 2023  224
   .    .    .    .    .    .    .    .    .    .    .    .    .    .    .    <=====================>  . RDU152    32 1801 2023  223
   .    .    .    .    .    .    .    .    .    .    .    .    .    .    .    .    .   <============>  . RDU162    33 1890 2023  134
   .    .    .    .    .    .    .    .    .    .    .    .    .    .    .    .<====================>  . RDU171    34 1812 2023  212
   .    .    .    .    .    .    .    .    .    .    .    .    .    .    .    .<====================>  . RDU172    35 1812 2023  212
   .    .    .    .    .    .    .    .    .    .    .    .    .    .    .    .    <================>  . RDU181    36 1856 2023  168
   .    .    .    .    .    .    .    .    .    .    .    .    .    .    .    . <===================>  . RDU182    37 1825 2023  199
   .    .    .    .    .    .    .    .    .    .    .    .    .    .    .   <======================>  . RDU191    38 1798 2021  224
   .    .    .    .    .    .    .    .    .    .    .    .    .    .    .    .<====================>  . RDU192    39 1812 2023  212
   .    .    .    .    .    .    .    .    .    .    .    .    .    .    .   <======================>  . RDU201    40 1795 2023  229
   .    .    .    .    .    .    .    .    .    .    .    .    .    .    .   <======================>  . RDU202    41 1793 2023  231
   .    .    .    .    .    .    .    .    .    .    .    .    .    .    .    .  <==================>  . RDU211    42 1838 2023  186
   .    .    .    .    .    .    .    .    .    .    .    .    .    .    .    .  <==================>  . RDU212    43 1838 2023  186
   .    .    .    .    .    .    .    .    .    .    .    .    .    .    .    .    <================>  . RDU221    44 1855 2023  169
   .    .    .    .    .    .    .    .    .    .    .    .    .    .    .    .    <================>  . RDU222    45 1852 2023  172
   :    :    :    :    :    :    :    :    :    :    :    :    :    :    :    :    :    :    :    :    :
 1050 1100 1150 1200 1250 1300 1350 1400 1450 1500 1550 1600 1650 1700 1750 1800 1850 1900 1950 2000 2050
PART 3:  Master Dating Series:                                                                     15:07  Fri 30 May 2025  Page   3
------------------------------------------------------------------------------------------------------------------------------------
  Year  Value  No Ab    Year  Value  No Ab    Year  Value  No Ab    Year  Value  No Ab    Year  Value  No Ab    Year  Value  No Ab
  ------------------    ------------------    ------------------    ------------------    ------------------    ------------------
                        1800  -.663   6       1850 -2.559  30       1900 -2.226  42       1950   .141  43       2000   .329  43
                        1801  -.784   7       1851  -.423  30       1901  -.332  42       1951  1.226  43       2001   .900  43
                        1802   .317   8       1852  -.330  32       1902   .733  41       1952   .935  43       2002   .447  43
                        1803   .820   8       1853   .882  32       1903   .064  41       1953  1.166  43       2003  1.949  43
                        1804  -.299  11       1854  -.194  34       1904   .892  41       1954   .692  43       2004  -.520  43  2
                        1805   .785  11       1855  -.138  35       1905  1.530  41       1955  1.031  43       2005   .192  43
                        1806   .417  11       1856   .817  36       1906   .839  42       1956   .405  43       2006  1.029  43
                        1807  -.147  11       1857   .677  36       1907   .710  43       1957   .588  43       2007  -.934  43  2
                        1808 -1.088  11       1858   .548  36       1908   .741  43       1958 -1.456  43  6    2008  -.121  43
                        1809  -.966  11       1859  1.131  36       1909  -.558  43  1    1959   .449  43       2009 -3.007  43  4

                        1810   .542  12       1860   .886  37       1910   .037  43       1960 -1.904  43  2    2010  -.391  43  6<<
                        1811  1.126  12       1861   .895  37       1911   .305  43       1961 -2.879  43  2    2011  -.748  43  2
                        1812   .742  17       1862 -2.002  38  1    1912  -.576  43  1    1962  -.878  43  1    2012  1.072  43
                        1813  -.247  17       1863 -2.007  38       1913 -1.048  43  1    1963  -.179  43       2013  -.297  43
                        1814  -.936  18       1864   .069  38       1914 -1.010  43       1964   .020  43       2014 -1.084  43  1
                        1815  1.133  18       1865   .544  38       1915  -.270  43       1965   .252  43       2015   .071  43
                        1816   .319  19       1866   .075  38       1916   .890  43       1966   .560  43       2016   .129  43
                        1817   .334  19       1867   .299  38       1917 -1.957  43  5    1967   .254  43       2017  -.282  43
                        1818   .984  19       1868  -.249  38       1918   .132  43       1968  1.203  43       2018   .335  43
                        1819   .659  20       1869 -1.085  38       1919   .257  43       1969   .696  43       2019  -.844  43  1

                        1820  -.773  21       1870  -.009  38       1920  -.140  43       1970  -.232  43       2020   .095  43
                        1821   .157  22       1871 -2.798  38       1921   .387  43       1971  -.301  43       2021   .224  43
                        1822   .416  22       1872   .316  38       1922   .714  43       1972  -.950  43       2022   .413  42
                        1823  -.912  22       1873  -.079  38       1923   .700  43       1973  -.973  43       2023  1.649  42
                        1824  -.112  22       1874   .760  38       1924   .395  43       1974   .364  43
                        1825   .435  24       1875   .333  38       1925  1.322  43       1975   .325  43
                        1826 -3.724  24       1876   .194  38       1926  1.960  43       1976  1.160  43
                        1827 -2.170  24       1877  -.219  38       1927 -1.646  43       1977   .924  43
                        1828 -1.163  24       1878  -.011  39       1928 -1.076  43  1    1978  1.166  43
                        1829   .203  24       1879   .903  39       1929  -.437  43  2    1979  1.411  43

                        1830   .930  24       1880  1.540  39       1930   .525  43       1980  -.617  43
                        1831  1.003  25       1881   .254  39       1931   .294  43       1981   .221  43
                        1832   .114  25       1882   .661  39       1932  -.373  43       1982  -.480  43
                        1833  1.124  25       1883  -.570  40       1933  -.518  43  3    1983 -1.140  43
                        1834   .892  25       1884 -1.534  40       1934   .191  43       1984  -.752  43
                        1835   .298  25       1885   .537  41       1935  1.014  43       1985 -1.943  43
                        1836   .060  25       1886   .198  41       1936   .948  43       1986 -1.770  43  3
  1787  -.638   1       1837  1.017  25       1887  -.004  42       1937  -.449  43       1987  -.421  43  1
  1788  1.790   1       1838  1.008  27       1888  1.137  42       1938 -2.846  43  3    1988   .068  43
  1789  -.451   1       1839  1.031  27       1889  1.288  42       1939 -1.045  43  4    1989   .412  43

  1790   .055   1       1840  -.266  27       1890  -.329  43       1940  -.170  43       1990   .721  43
  1791   .939   1       1841   .255  27       1891  -.525  43       1941   .133  43       1991   .936  43
  1792 -1.219   1       1842 -1.199  27       1892  -.164  43       1942   .983  43       1992  1.491  43
  1793   .347   2       1843  -.638  27       1893   .467  43       1943  -.249  43       1993   .403  43
  1794  1.065   2       1844   .648  27       1894   .670  43       1944   .421  43       1994   .967  43
  1795  1.354   3       1845  1.008  27       1895   .211  43       1945   .935  43       1995  -.725  43  1
  1796  -.563   3       1846  1.738  27       1896   .741  43       1946   .677  43       1996   .214  43
  1797 -1.599   3       1847 -2.372  28       1897   .264  42       1947 -2.178  43       1997  -.713  43  1
  1798  -.562   4       1848  -.485  29       1898 -2.849  42       1948  -.290  43       1998   .070  43
  1799  -.066   5       1849  -.354  29       1899 -1.842  42       1949  -.698  43  5    1999  -.444  43
------------------------------------------------------------------------------------------------------------------------------------
PART 4:  Master Bar Plot:                                                                          15:07  Fri 30 May 2025  Page   4
------------------------------------------------------------------------------------------------------------------------------------
   Year Rel value  Year Rel value  Year Rel value  Year Rel value  Year Rel value  Year Rel value  Year Rel value  Year Rel value
                   1800--c         1850j           1900i           1950-----A      2000------A
                   1801--c         1851---b        1901---a        1951----------E 2001---------D
                   1802------A     1852---a        1902--------C   1952---------D  2002-------B
                   1803--------C   1853--------D   1903----@       1953----------E 2003----------H
                   1804---a        1854---a        1904--------D   1954--------C   2004--b
                   1805--------C   1855----a       1905----------F 1955---------D  2005-----A
                   1806------B     1856--------C   1906--------C   1956------B     2006---------D
                   1807----a       1857--------C   1907--------C   1957-------B    2007-d
                   1808-d          1858-------B    1908--------C   1958-f          2008----@
                   1809-d          1859---------E  1909--b         1959-------B    2009l
                   1810-------B    1860--------D   1910----@       1960h           2010---b
                   1811---------E  1861---------D  1911------A     1961l           2011--c
                   1812--------C   1862h           1912--b         1962-d          2012---------D
                   1813---a        1863h           1913-d          1963---a        2013---a
                   1814-d          1864----@       1914-d          1964----@       2014-d
                   1815---------E  1865-------B    1915---a        1965-----A      2015----@
                   1816------A     1866----@       1916--------D   1966-------B    2016-----A
                   1817------A     1867------A     1917h           1967-----A      2017---a
                   1818---------D  1868---a        1918-----A      1968----------E 2018------A
                   1819-------C    1869-d          1919-----A      1969--------C   2019-c
                   1820--c         1870----@       1920----a       1970---a        2020-----@
                   1821-----A      1871k           1921------B     1971---a        2021-----A
                   1822------B     1872------A     1922--------C   1972-d          2022------B
                   1823-d          1873----@       1923--------C   1973-d          2023----------G
                   1824----@       1874--------C   1924------B     1974------A
                   1825------B     1875------A     1925----------E 1975------A
                   1826o           1876-----A      1926----------H 1976---------E
                   1827i           1877---a        1927g           1977---------D
                   1828-e          1878----@       1928-d          1978----------E
                   1829-----A      1879---------D  1929--b         1979----------F
                   1830---------D  1880----------F 1930-------B    1980--b
                   1831---------D  1881-----A      1931------A     1981-----A
                   1832-----@      1882-------C    1932---a        1982--b
                   1833---------D  1883--b         1933--b         1983-e
                   1834--------D   1884f           1934-----A      1984--c
                   1835------A     1885-------B    1935---------D  1985h
                   1836----@       1886-----A      1936---------D  1986g
   1787--c         1837---------D  1887----@       1937--b         1987---b
   1788----------G 1838---------D  1888---------E  1938k           1988----@
   1789--b         1839---------D  1889----------E 1939-d          1989------B
   1790----@       1840---a        1890---a        1940---a        1990--------C
   1791---------D  1841-----A      1891--b         1941-----A      1991---------D
   1792-e          1842-e          1892---a        1942---------D  1992----------F
   1793------A     1843--c         1893-------B    1943---a        1993------B
   1794---------D  1844-------C    1894--------C   1944------B     1994---------D
   1795----------E 1845---------D  1895-----A      1945---------D  1995--c
   1796--b         1846----------G 1896--------C   1946--------C   1996-----A
   1797f           1847i           1897------A     1947i           1997--c
   1798--b         1848--b         1898k           1948---a        1998----@
   1799----@       1849---a        1899g           1949--c         1999--b
PART 5:  CORRELATION OF SERIES BY SEGMENTS:                                                        15:07  Fri 30 May 2025  Page   5
------------------------------------------------------------------------------------------------------------------------------------
 Correlations of  50-year dated segments, lagged  25 years
 Flags:  A = correlation under   .3281 but highest as dated;  B = correlation higher at other than dated position

 Seq Series  Time_span   1775 1800 1825 1850 1875 1900 1925 1950 1975
                         1824 1849 1874 1899 1924 1949 1974 1999 2024
 --- -------- ---------  ---- ---- ---- ---- ---- ---- ---- ---- ---- ---- ---- ---- ---- ---- ---- ---- ---- ---- ---- ----
   1 RDU011   1831 2023             .85  .76  .73  .80  .79  .77  .62
   2 RDU012   1821 2023        .60  .68  .79  .74  .79  .80  .72  .66
   3 RDU021   1854 2023                  .78  .84  .81  .76  .82  .82
   4 RDU022   1848 2023             .48  .57  .86  .82  .77  .82  .81
   5 RDU031   1810 2023        .79  .86  .85  .81  .74  .77  .81  .65
   6 RDU032   1819 2023        .90  .88  .79  .67  .80  .91  .78  .66
   7 RDU041   1854 2023                  .58  .79  .76  .76  .65  .76
   8 RDU042   1847 2023             .67  .68  .70  .74  .74  .61  .80
   9 RDU051   1878 2023                       .79  .62  .69  .66  .69
  10 RDU052   1850 2023                  .65  .66  .62  .73  .69  .71
  11 RDU061   1862 2023                  .71  .75  .74  .78  .82  .81
  12 RDU062   1852 2023                  .73  .72  .73  .75  .76  .82
  13 RDU071   1825 2023             .85  .80  .77  .74  .78  .85  .85
  14 RDU072   1814 2023        .96  .92  .81  .74  .78  .82  .83  .84
  15 RDU081   1804 2023        .83  .83  .79  .70  .42  .58  .74  .69
  16 RDU082   1820 2023        .89  .85  .75  .74  .75  .81  .67  .71
  17 RDU091   1802 2023        .58  .74  .73  .60  .77  .84  .68  .52
  18 RDU092   1799 2023   .55  .55  .82  .83  .68  .78  .87  .69  .70
  19 RDU101   1883 2023                       .71  .70  .76  .83  .86
  20 RDU102   1887 2023                       .85  .83  .83  .78  .85
  21 RDU111   1812 2023        .84  .80  .76  .75  .76  .80  .81  .82
  22 RDU112   1812 2023        .89  .88  .74  .68  .78  .78  .75  .76
  23 RDU121   1804 2023        .91  .74  .60  .65  .74  .75  .62  .72
  24 RDU122   1787 2023   .62  .85  .77  .68  .73  .76  .75  .61  .63
  25 RDU131   1885 2023                       .77  .83  .87  .69  .68
  26 RDU132   1860 2023                  .69  .56  .81  .84  .69  .70
  27 RDU141   1816 1896        .64  .67  .60
  28 RDU141   1906 2023                            .76  .73  .61  .80
  29 RDU142   1804 1901        .72  .81  .83  .81
  30 RDU142   1907 2023                            .71  .58  .38  .66
  31 RDU151   1800 2023        .85  .81  .79  .81  .79  .83  .83  .87
  32 RDU152   1801 2023        .85  .84  .79  .79  .79  .82  .82  .86
  33 RDU162   1890 2023                       .86  .87  .90  .86  .77
  34 RDU171   1812 2023        .87  .87  .79  .72  .72  .76  .77  .69
  35 RDU172   1812 2023        .80  .83  .81  .71  .72  .74  .78  .72
  36 RDU181   1856 2023                  .67  .53  .71  .81  .72  .80
  37 RDU182   1825 2023             .60  .63  .72  .72  .77  .74  .84
  38 RDU191   1798 2021   .71  .74  .89  .82  .77  .83  .80  .72  .53
  39 RDU192   1812 2023        .89  .91  .86  .75  .80  .79  .73  .72
  40 RDU201   1795 2023   .77  .78  .84  .70  .61  .87  .91  .73  .37
  41 RDU202   1793 2023   .68  .78  .85  .71  .65  .88  .91  .84  .70
  42 RDU211   1838 2023             .87  .83  .79  .73  .70  .57  .34
  43 RDU212   1838 2023             .88  .81  .77  .78  .75  .64  .71
  44 RDU221   1855 2023                  .61  .52  .74  .79  .76  .77
  45 RDU222   1852 2023                  .52  .49  .79  .79  .74  .50
 Av segment correlation   .67  .80  .80  .73  .72  .76  .78  .73  .72
PART 6:  POTENTIAL PROBLEMS:                                                                       15:07  Fri 30 May 2025  Page   5
------------------------------------------------------------------------------------------------------------------------------------

 For each series with potential problems the following diagnostics may appear:

 [A] Correlations with master dating series of flagged  50-year segments of series filtered with  32-year spline,
     at every point from ten years earlier (-10) to ten years later (+10) than dated

 [B] Effect of those data values which most lower or raise correlation with master series
     Symbol following year indicates value in series is greater (>) or lesser (<) than master series value

 [C] Year-to-year changes very different from the mean change in other series

 [D] Absent rings (zero values)

 [E] Values which are statistical outliers from mean for the year
 ===================================================================================================================================

 RDU011    1831 to  2023     193 years                                                                                    Series   1

 [B] Entire series, effect on correlation (  .758) is:
       Lower   1927> -.014   2007> -.011   1882< -.008   1831< -.007   1998< -.007   2004< -.006  Higher   1847  .014   1917  .011

 ===================================================================================================================================

 RDU012    1821 to  2023     203 years                                                                                    Series   2

 [B] Entire series, effect on correlation (  .699) is:
       Lower   1826> -.051   1927> -.009   1998< -.009   1882< -.008   1824< -.007   2020< -.005  Higher   1917  .012   1847  .012

 [E] Outliers     1   3.0 SD above or -4.5 SD below mean for year
       1826 +6.4 SD
 ===================================================================================================================================

 RDU021    1854 to  2023     170 years                                                                                    Series   3

 [B] Entire series, effect on correlation (  .772) is:
       Lower   1929< -.023   1927> -.023   2004> -.006   2013< -.005   1968< -.005   1936< -.004  Higher   2009  .013   1917  .011

 [D]    1 Absent rings:  Year   Master  N series Absent
                         1929    -.437      43       2

 [E] Outliers     1   3.0 SD above or -4.5 SD below mean for year
       1929 -6.0 SD
 ===================================================================================================================================

 RDU022    1848 to  2023     176 years                                                                                    Series   4

 [B] Entire series, effect on correlation (  .671) is:
       Lower   1929< -.060   1862> -.026   1927> -.020   1850> -.013   2004> -.006   1851< -.006  Higher   2009  .016   1947  .014

 [C] Year-to-year changes diverging by over 4.0 std deviations:
       1928 1929  -4.8 SD

 [D]    1 Absent rings:  Year   Master  N series Absent
                         1929    -.437      43       2

 [E] Outliers     4   3.0 SD above or -4.5 SD below mean for year
       1848 +3.1 SD;    1850 +3.1 SD;    1862 +4.0 SD;    1929 -8.3 SD
 ===================================================================================================================================

 RDU031    1810 to  2023     214 years                                                                                    Series   5

 [B] Entire series, effect on correlation (  .705) is:
       Lower   2010< -.044   2009> -.019   1927> -.019   1933< -.010   1811< -.006   1912< -.005  Higher   1826  .015   1862  .012

 [C] Year-to-year changes diverging by over 4.0 std deviations:
       2009 2010  -6.0 SD

 [D]    2 Absent rings:  Year   Master  N series Absent
                         1933    -.518      43       3
                         2010    -.391      43       6  >> WARNING:  Ring is not usually narrow

 [E] Outliers     3   3.0 SD above or -4.5 SD below mean for year
       1933 -6.1 SD;    2009 +4.5 SD;    2010 -6.1 SD
 ===================================================================================================================================

 RDU032    1819 to  2023     205 years                                                                                    Series   6

 [B] Entire series, effect on correlation (  .747) is:
       Lower   2010< -.056   2009> -.017   1917> -.012   1871> -.008   1864< -.005   1996< -.005  Higher   1847  .020   1927  .019

 [C] Year-to-year changes diverging by over 4.0 std deviations:
       2009 2010  -6.6 SD    2010 2011   4.4 SD

 [D]    2 Absent rings:  Year   Master  N series Absent
                         1986   -1.770      43       3
                         2010    -.391      43       6  >> WARNING:  Ring is not usually narrow

 [E] Outliers     3   3.0 SD above or -4.5 SD below mean for year
       1986 -4.6 SD;    2009 +4.0 SD;    2010 -7.5 SD
 ===================================================================================================================================

 RDU041    1854 to  2023     170 years                                                                                    Series   7

 [B] Entire series, effect on correlation (  .701) is:
       Lower   1862> -.027   1857< -.023   1981< -.011   1854> -.008   1968< -.007   1980> -.005  Higher   1898  .022   1917  .017

 [E] Outliers     1   3.0 SD above or -4.5 SD below mean for year
       1917 -4.7 SD
 ===================================================================================================================================

 RDU042    1847 to  2023     177 years                                                                                    Series   8

 [B] Entire series, effect on correlation (  .724) is:
       Lower   1862> -.014   1880< -.006   1980> -.006   1916< -.006   1968< -.006   1981< -.005  Higher   2009  .013   1938  .011

 [E] Outliers     1   3.0 SD above or -4.5 SD below mean for year
       1917 -7.7 SD
 ===================================================================================================================================

 RDU051    1878 to  2023     146 years                                                                                    Series   9

 [B] Entire series, effect on correlation (  .694) is:
       Lower   1932< -.013   1902< -.012   1909> -.011   1936< -.009   1966< -.008   1935< -.007  Higher   1927  .036   1898  .026

 [D]    1 Absent rings:  Year   Master  N series Absent
                         1933    -.518      43       3

 [E] Outliers     1   3.0 SD above or -4.5 SD below mean for year
       1910 +3.1 SD
 ===================================================================================================================================

 RDU052    1850 to  2023     174 years                                                                                    Series  10

 [B] Entire series, effect on correlation (  .668) is:
       Lower   1862> -.014   1917> -.009   1982> -.008   1909> -.007   1861< -.006   1979< -.006  Higher   1871  .014   1898  .013

 [D]    1 Absent rings:  Year   Master  N series Absent
                         1938   -2.846      43       3

 [E] Outliers     1   3.0 SD above or -4.5 SD below mean for year
       2009 -6.8 SD
 ===================================================================================================================================

 RDU061    1862 to  2023     162 years                                                                                    Series  11

 [B] Entire series, effect on correlation (  .748) is:
       Lower   1987< -.024   1933< -.016   2007> -.009   1943> -.008   1879< -.007   1908< -.006  Higher   1927  .024   1898  .018

 [C] Year-to-year changes diverging by over 4.0 std deviations:
       1986 1987  -4.1 SD

 [D]    1 Absent rings:  Year   Master  N series Absent
                         1987    -.421      43       1

 [E] Outliers     1   3.0 SD above or -4.5 SD below mean for year
       1987 -6.6 SD
 ===================================================================================================================================

 RDU062    1852 to  2023     172 years                                                                                    Series  12

 [B] Entire series, effect on correlation (  .747) is:
       Lower   1908< -.010   1859< -.009   1906< -.009   2007> -.007   1933< -.007   1879< -.007  Higher   1927  .018   1898  .015

 [E] Outliers     1   3.0 SD above or -4.5 SD below mean for year
       1933 -5.5 SD
 ===================================================================================================================================

 RDU071    1825 to  2023     199 years                                                                                    Series  13

 [B] Entire series, effect on correlation (  .802) is:
       Lower   1871> -.006   1947< -.005   1876< -.005   1964< -.004   1956< -.003   1864< -.003  Higher   1862  .006   2009  .005

 ===================================================================================================================================

 RDU072    1814 to  2023     210 years                                                                                    Series  14

 [B] Entire series, effect on correlation (  .846) is:
       Lower   1927> -.008   1917> -.005   1871> -.004   1932> -.004   2013> -.003   1894< -.003  Higher   1826  .014   1847  .012

 ===================================================================================================================================

 RDU081    1804 to  2023     220 years                                                                                    Series  15

 [B] Entire series, effect on correlation (  .725) is:
       Lower   1927> -.016   1936< -.015   1993< -.008   1806< -.005   1871> -.004   2007> -.004  Higher   1847  .016   1826  .016

 [D]    2 Absent rings:  Year   Master  N series Absent
                         1917   -1.957      43       5
                         1938   -2.846      43       3

 [E] Outliers     3   3.0 SD above or -4.5 SD below mean for year
       1862 -6.2 SD;    1917 -5.0 SD;    1938 -4.5 SD
 ===================================================================================================================================

 RDU082    1820 to  2023     204 years                                                                                    Series  16

 [B] Entire series, effect on correlation (  .787) is:
       Lower   1995> -.018   1871> -.013   1920< -.005   1827> -.005   1938> -.004   1912> -.004  Higher   1826  .020   1847  .017

 [D]    1 Absent rings:  Year   Master  N series Absent
                         1958   -1.456      43       6

 [E] Outliers     2   3.0 SD above or -4.5 SD below mean for year
       1871 +3.2 SD;    1995 +3.8 SD
 ===================================================================================================================================

 RDU091    1802 to  2023     222 years                                                                                    Series  17

 [B] Entire series, effect on correlation (  .557) is:
       Lower   2010< -.117   2009> -.014   1826> -.010   1814> -.007   1813> -.006   1980> -.004  Higher   1927  .025   1917  .021

 [C] Year-to-year changes diverging by over 4.0 std deviations:
       2009 2010  -9.0 SD    2010 2011   6.2 SD

 [D]    2 Absent rings:  Year   Master  N series Absent
                         1917   -1.957      43       5
                         2010    -.391      43       6  >> WARNING:  Ring is not usually narrow

 [E] Outliers     4   3.0 SD above or -4.5 SD below mean for year
       1814 +3.7 SD;    1826 +3.5 SD;    2009 +4.2 SD;    2010-12.4 SD
 ===================================================================================================================================

 RDU092    1799 to  2023     225 years                                                                                    Series  18

 [B] Entire series, effect on correlation (  .727) is:
       Lower   1801> -.013   1826> -.013   1993< -.011   1814> -.010   1813> -.009   1985> -.005  Higher   2009  .011   1862  .010

 [D]    2 Absent rings:  Year   Master  N series Absent
                         1909    -.558      43       1
                         1917   -1.957      43       5

 [E] Outliers     4   3.0 SD above or -4.5 SD below mean for year
       1801 +4.2 SD;    1814 +4.1 SD;    1993 -4.5 SD;    2009 -4.6 SD
 ===================================================================================================================================

 RDU101    1883 to  2023     141 years                                                                                    Series  19

 [B] Entire series, effect on correlation (  .684) is:
       Lower   1928< -.109   1927> -.028   1902< -.007   1993> -.003   1908< -.003   1931< -.002  Higher   2009  .018   1898  .017

 [C] Year-to-year changes diverging by over 4.0 std deviations:
       1927 1928  -6.2 SD    1928 1929   4.1 SD

 [D]    1 Absent rings:  Year   Master  N series Absent
                         1928   -1.076      43       1

 [E] Outliers     2   3.0 SD above or -4.5 SD below mean for year
       1917 +3.1 SD;    1928 -8.9 SD
 ===================================================================================================================================

 RDU102    1887 to  2023     137 years                                                                                    Series  20

 [B] Entire series, effect on correlation (  .828) is:
       Lower   1956< -.008   1917> -.007   1960> -.006   1890< -.004   2020< -.004   1978< -.003  Higher   1927  .018   1898  .015

 [E] Outliers     1   3.0 SD above or -4.5 SD below mean for year
       1917 +3.1 SD
 ===================================================================================================================================

 RDU111    1812 to  2023     212 years                                                                                    Series  21

 [B] Entire series, effect on correlation (  .790) is:
       Lower   1995< -.008   1871< -.008   1898> -.006   1909> -.004   1910> -.004   2013> -.004  Higher   1847  .012   2009  .007

 [E] Outliers     2   3.0 SD above or -4.5 SD below mean for year
       1871 -5.9 SD;    1995 -4.5 SD
 ===================================================================================================================================

 RDU112    1812 to  2023     212 years                                                                                    Series  22

 [B] Entire series, effect on correlation (  .792) is:
       Lower   1995< -.011   1909> -.005   1938> -.004   1898> -.004   1855< -.003   1967< -.003  Higher   1826  .019   1847  .016

 ===================================================================================================================================

 RDU121    1804 to  2023     220 years                                                                                    Series  23

 [B] Entire series, effect on correlation (  .725) is:
       Lower   1862> -.035   1863< -.009   1915< -.006   1960> -.006   2017< -.005   1868> -.005  Higher   1826  .021   1847  .011

 [D]    2 Absent rings:  Year   Master  N series Absent
                         1949    -.698      43       5
                         1958   -1.456      43       6

 [E] Outliers     2   3.0 SD above or -4.5 SD below mean for year
       1862 +4.7 SD;    1986 -4.7 SD
 ===================================================================================================================================

 RDU122    1787 to  2023     237 years                                                                                    Series  24

 [*] Early part of series cannot be checked from 1787 to 1792 -- not matched by another series

 [B] Entire series, effect on correlation (  .649) is:
       Lower   1939< -.028   1797> -.027   1862> -.018   2010< -.010   2009> -.009   1960> -.006  Higher   1826  .021   1847  .021

 [C] Year-to-year changes diverging by over 4.0 std deviations:
       1796 1797   4.1 SD    1938 1939  -4.8 SD

 [D]    5 Absent rings:  Year   Master  N series Absent
                         1939   -1.045      43       4
                         1949    -.698      43       5
                         1958   -1.456      43       6
                         2010    -.391      43       6  >> WARNING:  Ring is not usually narrow
                         2014   -1.084      43       1

 [E] Outliers     4   3.0 SD above or -4.5 SD below mean for year
       1797 +5.2 SD;    1862 +3.0 SD;    1939 -7.4 SD;    2009 +3.0 SD
 ===================================================================================================================================

 RDU131    1885 to  2023     139 years                                                                                    Series  25

 [B] Entire series, effect on correlation (  .749) is:
       Lower   1995> -.020   1917> -.013   1893< -.009   2014> -.008   2021< -.007   1909> -.007  Higher   1927  .033   2009  .018

 [E] Outliers     1   3.0 SD above or -4.5 SD below mean for year
       1938 -4.6 SD
 ===================================================================================================================================

 RDU132    1860 to  2023     164 years                                                                                    Series  26

 [B] Entire series, effect on correlation (  .743) is:
       Lower   1893< -.012   1995> -.011   2014> -.008   1917> -.007   1935< -.006   1960> -.006  Higher   1927  .027   1871  .014

 ===================================================================================================================================

 RDU141    1816 to  1896      81 years                                                                                    Series  27

 [B] Entire series, effect on correlation (  .594) is:
       Lower   1895< -.083   1862> -.035   1826> -.032   1874< -.008   1844< -.004   1828> -.004  Higher   1871  .043   1850  .026

 [E] Outliers     2   3.0 SD above or -4.5 SD below mean for year
       1826 +3.1 SD;    1895 -6.4 SD
 ===================================================================================================================================

 RDU141    1906 to  2023     118 years                                                                                    Series  28

 [B] Entire series, effect on correlation (  .717) is:
       Lower   1960> -.025   1986< -.025   1995> -.010   1990< -.010   1949< -.007   1937> -.004  Higher   2009  .019   1938  .018

 [D]    3 Absent rings:  Year   Master  N series Absent
                         1949    -.698      43       5
                         1958   -1.456      43       6
                         1986   -1.770      43       3

 [E] Outliers     2   3.0 SD above or -4.5 SD below mean for year
       1960 +3.3 SD;    1986 -5.5 SD
 ===================================================================================================================================

 RDU142    1804 to  1901      98 years                                                                                    Series  29

 [B] Entire series, effect on correlation (  .755) is:
       Lower   1826> -.027   1862> -.012   1812< -.010   1813< -.008   1877< -.008   1900> -.006  Higher   1847  .017   1898  .013

 [E] Outliers     1   3.0 SD above or -4.5 SD below mean for year
       1898 -4.6 SD
 ===================================================================================================================================

 RDU142    1907 to  2023     117 years                                                                                    Series  30

 [B] Entire series, effect on correlation (  .619) is:
       Lower   1949< -.027   1958> -.017   1973> -.017   1979< -.013   1963< -.010   1990< -.008  Higher   2009  .038   2003  .014

 [D]    3 Absent rings:  Year   Master  N series Absent
                         1949    -.698      43       5
                         1986   -1.770      43       3
                         2009   -3.007      43       4

 [E] Outliers     3   3.0 SD above or -4.5 SD below mean for year
       1949 -5.2 SD;    1973 +3.8 SD;    2009 -4.8 SD
 ===================================================================================================================================

 RDU151    1800 to  2023     224 years                                                                                    Series  31

 [B] Entire series, effect on correlation (  .817) is:
       Lower   1909< -.010   1874< -.008   2013> -.004   1904< -.004   1969< -.003   1852< -.003  Higher   1826  .015   1938  .006

 ===================================================================================================================================

 RDU152    1801 to  2023     223 years                                                                                    Series  32

 [B] Entire series, effect on correlation (  .817) is:
       Lower   1874< -.007   1909< -.007   1801< -.006   1923< -.004   1927> -.004   1886< -.003  Higher   1826  .015   1917  .007

 ===================================================================================================================================

 RDU162    1890 to  2023     134 years                                                                                    Series  33

 [B] Entire series, effect on correlation (  .811) is:
       Lower   1939< -.025   2022< -.009   2004> -.008   2019> -.007   1902< -.006   1891> -.005  Higher   1927  .024   1898  .010

 [C] Year-to-year changes diverging by over 4.0 std deviations:
       1938 1939  -4.4 SD

 [D]    2 Absent rings:  Year   Master  N series Absent
                         1939   -1.045      43       4
                         1961   -2.879      43       2

 [E] Outliers     1   3.0 SD above or -4.5 SD below mean for year
       1939 -6.5 SD
 ===================================================================================================================================

 RDU171    1812 to  2023     212 years                                                                                    Series  34

 [B] Entire series, effect on correlation (  .758) is:
       Lower   1933< -.023   1938> -.010   1863> -.009   1814> -.006   1910< -.006   2013> -.004  Higher   1847  .020   1826  .015

 [D]    9 Absent rings:  Year   Master  N series Absent
                         1862   -2.002      38       1
                         1933    -.518      43       3
                         1961   -2.879      43       2
                         1962    -.878      43       1
                         2004    -.520      43       2
                         2007    -.934      43       2
                         2009   -3.007      43       4
                         2010    -.391      43       6  >> WARNING:  Ring is not usually narrow
                         2011    -.748      43       2

 [E] Outliers     2   3.0 SD above or -4.5 SD below mean for year
       1933 -7.8 SD;    1938 +3.5 SD
 ===================================================================================================================================

 RDU172    1812 to  2023     212 years                                                                                    Series  35

 [B] Entire series, effect on correlation (  .719) is:
       Lower   1939< -.057   1938> -.009   1917> -.007   1943< -.005   2010< -.003   1972> -.003  Higher   1826  .023   1927  .017

 [C] Year-to-year changes diverging by over 4.0 std deviations:
       1938 1939  -6.3 SD

 [D]    7 Absent rings:  Year   Master  N series Absent
                         1939   -1.045      43       4
                         1960   -1.904      43       2
                         2004    -.520      43       2
                         2007    -.934      43       2
                         2009   -3.007      43       4
                         2010    -.391      43       6  >> WARNING:  Ring is not usually narrow
                         2011    -.748      43       2

 [E] Outliers     2   3.0 SD above or -4.5 SD below mean for year
       1938 +3.2 SD;    1939 -8.3 SD
 ===================================================================================================================================

 RDU181    1856 to  2023     168 years                                                                                    Series  36

 [B] Entire series, effect on correlation (  .712) is:
       Lower   1917> -.026   1919< -.015   1952< -.008   2014> -.008   1954< -.006   1856< -.006  Higher   1927  .031   1947  .013

 [E] Outliers     1   3.0 SD above or -4.5 SD below mean for year
       1917 +4.0 SD
 ===================================================================================================================================

 RDU182    1825 to  2023     199 years                                                                                    Series  37

 [B] Entire series, effect on correlation (  .707) is:
       Lower   1871> -.012   1862< -.008   1850> -.007   1936< -.006   1883< -.006   1878< -.006  Higher   1898  .016   1927  .012

 [E] Outliers     1   3.0 SD above or -4.5 SD below mean for year
       1871 +3.4 SD
 ===================================================================================================================================

 RDU191    1798 to  2021     224 years                                                                                    Series  38

 [B] Entire series, effect on correlation (  .713) is:
       Lower   2009> -.023   2006< -.009   1813> -.008   1807> -.007   1798> -.007   1997< -.007  Higher   1927  .016   1898  .015

 [D]    4 Absent rings:  Year   Master  N series Absent
                         1949    -.698      43       5
                         1958   -1.456      43       6
                         1995    -.725      43       1
                         1997    -.713      43       1

 [E] Outliers     3   3.0 SD above or -4.5 SD below mean for year
       1798 +3.5 SD;    1938 -4.5 SD;    2009 +4.8 SD
 ===================================================================================================================================

 RDU192    1812 to  2023     212 years                                                                                    Series  39

 [B] Entire series, effect on correlation (  .772) is:
       Lower   1939< -.043   2004> -.006   1938> -.005   1917> -.005   1912< -.005   1933> -.003  Higher   1927  .012   1826  .012

 [C] Year-to-year changes diverging by over 4.0 std deviations:
       1938 1939  -5.2 SD

 [D]    6 Absent rings:  Year   Master  N series Absent
                         1912    -.576      43       1
                         1913   -1.048      43       1
                         1939   -1.045      43       4
                         1958   -1.456      43       6
                         1960   -1.904      43       2
                         2009   -3.007      43       4

 [E] Outliers     1   3.0 SD above or -4.5 SD below mean for year
       1939 -7.6 SD
 ===================================================================================================================================

 RDU201    1795 to  2023     229 years                                                                                    Series  40

 [B] Entire series, effect on correlation (  .728) is:
       Lower   2004> -.022   1994< -.012   2009> -.010   2008< -.009   2007> -.007   1874< -.005  Higher   1826  .021   1927  .012

 [D]    2 Absent rings:  Year   Master  N series Absent
                         1917   -1.957      43       5
                         1938   -2.846      43       3

 [E] Outliers     2   3.0 SD above or -4.5 SD below mean for year
       1826 -5.9 SD;    2004 +3.4 SD
 ===================================================================================================================================

 RDU202    1793 to  2023     231 years                                                                                    Series  41

 [B] Entire series, effect on correlation (  .769) is:
       Lower   2023< -.013   1822< -.010   1896< -.008   2004> -.005   1862> -.004   1898> -.004  Higher   1927  .015   1871  .008

 [D]    1 Absent rings:  Year   Master  N series Absent
                         1917   -1.957      43       5

 [E] Outliers     2   3.0 SD above or -4.5 SD below mean for year
       1917 -5.1 SD;    1938 -4.6 SD
 ===================================================================================================================================

 RDU211    1838 to  2023     186 years                                                                                    Series  42

 [B] Entire series, effect on correlation (  .676) is:
       Lower   2023< -.060   1985> -.011   1976< -.010   1947> -.007   1952< -.007   1949> -.006  Higher   1927  .029   1847  .022

 [E] Outliers     3   3.0 SD above or -4.5 SD below mean for year
       1947 +3.2 SD;    1949 +3.5 SD;    2023 -6.1 SD
 ===================================================================================================================================

 RDU212    1838 to  2023     186 years                                                                                    Series  43

 [B] Entire series, effect on correlation (  .782) is:
       Lower   1947> -.011   1982< -.006   1985> -.006   1881< -.005   1873> -.004   1977< -.004  Higher   1847  .018   1927  .014

 [E] Outliers     1   3.0 SD above or -4.5 SD below mean for year
       1947 +4.1 SD
 ===================================================================================================================================

 RDU221    1855 to  2023     169 years                                                                                    Series  44

 [B] Entire series, effect on correlation (  .696) is:
       Lower   1917> -.015   1871> -.013   2007< -.011   1890> -.008   1885< -.007   2014> -.007  Higher   1927  .031   2009  .018

 ===================================================================================================================================

 RDU222    1852 to  2023     172 years                                                                                    Series  45

 [B] Entire series, effect on correlation (  .598) is:
       Lower   1881< -.047   2009> -.019   2014> -.016   2019< -.013   1946< -.008   2010< -.007  Higher   1927  .026   1862  .018

 [D]    1 Absent rings:  Year   Master  N series Absent
                         2019    -.844      43       1

 [E] Outliers     4   3.0 SD above or -4.5 SD below mean for year
       1881 -4.7 SD;    2009 +4.2 SD;    2014 +3.7 SD;    2019 -7.7 SD
 ===================================================================================================================================

 [*] All segments correlate highest as dated with correlation with master series over   .3281
PART 7:  DESCRIPTIVE STATISTICS:                                                                   15:07  Fri 30 May 2025  Page   6
------------------------------------------------------------------------------------------------------------------------------------

                                                Corr   //-------- Unfiltered --------\\  //---- Filtered -----\\
                           No.    No.    No.    with   Mean   Max     Std   Auto   Mean   Max     Std   Auto  AR
 Seq Series   Interval   Years  Segmt  Flags   Master  msmt   msmt    dev   corr   sens  value    dev   corr  ()
 --- -------- ---------  -----  -----  -----   ------ -----  -----  -----  -----  -----  -----  -----  -----  --
   1 RDU011   1831 2023    193      7      0    .758    .91   2.70   .462   .738   .291   2.59   .419   .006   1
   2 RDU012   1821 2023    203      8      0    .699    .95   2.83   .472   .742   .286   2.57   .427  -.017   1
   3 RDU021   1854 2023    170      6      0    .772    .70   1.38   .299   .599   .342   2.55   .386  -.024   1
   4 RDU022   1848 2023    176      7      0    .671    .73   1.70   .295   .521   .336   2.51   .362  -.040   1
   5 RDU031   1810 2023    214      8      0    .705    .85   2.61   .533   .809   .373   2.62   .418  -.051   1
   6 RDU032   1819 2023    205      8      0    .747    .85   2.96   .588   .840   .351   2.55   .392  -.033   1
   7 RDU041   1854 2023    170      6      0    .701    .81   2.24   .412   .793   .307   2.60   .461   .018   1
   8 RDU042   1847 2023    177      7      0    .724    .82   2.31   .430   .773   .311   2.50   .329  -.021   2
   9 RDU051   1878 2023    146      5      0    .694   1.18   2.33   .490   .634   .324   2.59   .450  -.046   3
  10 RDU052   1850 2023    174      6      0    .668   1.24   3.22   .540   .593   .323   2.48   .303  -.005   1
  11 RDU061   1862 2023    162      6      0    .748   1.21   3.27   .632   .707   .345   2.71   .489  -.038   1
  12 RDU062   1852 2023    172      6      0    .747   1.12   3.76   .668   .756   .341   2.59   .417  -.039   1
  13 RDU071   1825 2023    199      7      0    .802    .92   2.93   .641   .843   .309   2.52   .363  -.077   1
  14 RDU072   1814 2023    210      8      0    .846    .91   3.05   .603   .818   .303   2.61   .423  -.042   1
  15 RDU081   1804 2023    220      8      0    .725    .68   2.31   .395   .718   .365   2.43   .350  -.044   1
  16 RDU082   1820 2023    204      8      0    .787    .78   2.19   .398   .734   .324   2.51   .398  -.038   1
  17 RDU091   1802 2023    222      8      0    .557    .76   3.40   .550   .859   .320   2.33   .243  -.057   1
  18 RDU092   1799 2023    225      9      0    .727    .82   4.33   .614   .850   .348   2.47   .347  -.069   1
  19 RDU101   1883 2023    141      5      0    .684   1.05   3.57   .674   .809   .360   2.54   .297  -.014   3
  20 RDU102   1887 2023    137      5      0    .828   1.04   2.87   .649   .812   .335   2.66   .359   .044   1
  21 RDU111   1812 2023    212      8      0    .790    .74   2.07   .418   .818   .279   2.68   .324  -.063   1
  22 RDU112   1812 2023    212      8      0    .792    .84   2.87   .522   .851   .272   2.63   .394  -.030   1
  23 RDU121   1804 2023    220      8      0    .725    .78   2.50   .537   .803   .409   2.54   .425  -.052   1
  24 RDU122   1787 2023    237      9      0    .649    .80   2.61   .537   .789   .418   2.75   .417  -.030   1
  25 RDU131   1885 2023    139      5      0    .749    .93   2.29   .393   .689   .264   2.70   .396   .011   1
  26 RDU132   1860 2023    164      6      0    .743   1.10   2.42   .470   .685   .274   2.60   .373   .005   1
  27 RDU141   1816 1896     81      3      0    .594   1.06   2.26   .418   .598   .306   2.60   .451  -.062   1
  28 RDU141   1906 2023    118      4      0    .717    .40    .94   .214   .562   .473   2.65   .457  -.006   1
  29 RDU142   1804 1901     98      4      0    .755    .94   2.40   .488   .764   .321   2.43   .366  -.013   1
  30 RDU142   1907 2023    117      4      0    .619    .38   1.03   .179   .466   .439   2.74   .374   .017   1
  31 RDU151   1800 2023    224      8      0    .817    .83   3.11   .600   .884   .287   2.54   .351  -.005   1
  32 RDU152   1801 2023    223      8      0    .817    .81   2.45   .508   .858   .283   2.58   .349   .004   1
  33 RDU162   1890 2023    134      5      0    .811    .45   1.22   .221   .605   .394   2.51   .434   .004   1
  34 RDU171   1812 2023    212      8      0    .758    .62   2.39   .493   .823   .464   2.48   .373  -.074   1
  35 RDU172   1812 2023    212      8      0    .719    .80   3.10   .615   .799   .438   2.56   .341  -.045   1
  36 RDU181   1856 2023    168      6      0    .712   1.10   2.96   .541   .689   .282   2.59   .350   .019   1
  37 RDU182   1825 2023    199      7      0    .707    .87   2.94   .447   .729   .294   2.46   .304  -.016   1
  38 RDU191   1798 2021    224      9      0    .713    .87   2.96   .655   .796   .403   2.67   .439  -.046   1
  39 RDU192   1812 2023    212      8      0    .772    .71   1.95   .398   .680   .417   2.61   .393  -.030   1
  40 RDU201   1795 2023    229      9      0    .728    .75   2.97   .546   .867   .334   2.48   .301   .009   1
  41 RDU202   1793 2023    231      9      0    .769    .70   2.75   .473   .860   .311   2.59   .373  -.042   1
  42 RDU211   1838 2023    186      7      0    .676   1.01   2.38   .374   .718   .225   2.57   .407  -.025   1
  43 RDU212   1838 2023    186      7      0    .782   1.00   2.98   .427   .793   .209   2.56   .334  -.020   1
  44 RDU221   1855 2023    169      6      0    .696    .90   2.81   .556   .809   .305   2.69   .388  -.118   1
  45 RDU222   1852 2023    172      6      0    .598    .86   2.58   .550   .767   .371   2.59   .355  -.040   1
 --- -------- ---------  -----  -----  -----   ------ -----  -----  -----  -----  -----  -----  -----  -----  --
 Total or mean:           8299    308      0    .732    .85   4.33   .496   .761   .335   2.75   .377  -.029

                                              - = [  COFECHA VERY COF  ] = -
