[]  Dendrochronology Program Library                                        Run VERY   Program COF  04:00  Fri 26 Jun 2026  Page   1
[]
[]  P R O G R A M      C O F E C H A                                                                          Version 6.06P    33416
------------------------------------------------------------------------------------------------------------------------------------

 QUALITY CONTROL AND DATING CHECK OF TREE-RING MEASUREMENTS

 File of DATED series:   crossdated.rwl

 CONTENTS:

    Part 1:  Title page, options selected, summary, absent rings by series
    Part 2:  Histogram of time spans
    Part 3:  Master series with sample depth and absent rings by year
    Part 4:  Bar plot of Master Dating Series
    Part 5:  Correlation by segment of each series with Master
    Part 6:  Potential problems: low correlation, divergent year-to-year changes, absent rings, outliers
    Part 7:  Descriptive statistics

 RUN CONTROL OPTIONS SELECTED                             VALUE

         1  Cubic smoothing spline 50% wavelength cutoff for filtering
                                                            32 years
         2  Segments examined are                           50 years lagged successively by  25 years
         3  Autoregressive model applied                     A  Residuals are used in master dating series and testing
         4  Series transformed to logarithms                 Y  Each series log-transformed for master dating series and testing
         5  CORRELATION is Pearson (parametric, quantitative)
            Critical correlation, 99% confidence level   .3281
         6  Master dating series saved                       N
         7  Ring measurements listed                         N
         8  Parts printed                              1234567 
         9  Absent rings are omitted from master series and segment correlations  (Y)

 Time span of Master dating series is  1762 to  2024   263 years
 Continuous time span is               1762 to  2024   263 years
 Portion with two or more series is    1762 to  2024   263 years


                                        ****************************************
                                        *C* Number of dated series        49 *C*
                                        *O* Master series 1762 2024  263 yrs *O*
                                        *F* Total rings in all series   6688 *F*
                                        *E* Total dated rings checked   6688 *E*
                                        *C* Series intercorrelation     .794 *C*
                                        *H* Average mean sensitivity    .369 *H*
                                        *A* Segments, possible problems    0 *A*
                                        *** Mean length of series      136.5 ***
                                        ****************************************

 ABSENT RINGS listed by SERIES:            (See Master Dating Series for absent rings listed by year)

 ZSD032      1 absent rings:   1843
 ZSD071      1 absent rings:   2012
 ZSD072      1 absent rings:   2012
 ZSD081      1 absent rings:   1885
 ZSD092      1 absent rings:   2012
 ZSD101      2 absent rings:   2008  2012
 ZSD102      2 absent rings:   2008  2012
 ZSD141      1 absent rings:   2012
 ZSD142      1 absent rings:   2012
 ZSD152      2 absent rings:   1797  1885
 ZSD161      3 absent rings:   1900  1910  1967
 ZSD162      4 absent rings:   1885  1900  1910  1967
 ZSD172      1 absent rings:   1967
 ZSD192      1 absent rings:   1855
 ZSD201      6 absent rings:   1824  1855  1864  1885  1967  1983
 ZSD202      4 absent rings:   1855  1864  1885  1967
 ZSD211      1 absent rings:   1967
 ZSD212      2 absent rings:   1967  2012
 ZSD221      1 absent rings:   1967
 ZSD222      1 absent rings:   1967

            37 absent rings    .553%
PART 2:  TIME PLOT OF TREE-RING SERIES:                                                            04:00  Fri 26 Jun 2026  Page   2
------------------------------------------------------------------------------------------------------------------------------------
 1050 1100 1150 1200 1250 1300 1350 1400 1450 1500 1550 1600 1650 1700 1750 1800 1850 1900 1950 2000 2050 Ident   Seq Time-span  Yrs
   :    :    :    :    :    :    :    :    :    :    :    :    :    :    :    :    :    :    :    :    : -------- --- ---- ---- ----
   .    .    .    .    .    .    .    .    .    .    .    .    .    .    .    .    .    .    . <====>  . ZSD011     1 1973 2024   52
   .    .    .    .    .    .    .    .    .    .    .    .    .    .    .    .    .    .    . <====>  . ZSD012     2 1978 2024   47
   .    .    .    .    .    .    .    .    .    .    .    .    .    .    .    .    .    .<===>    .    . ZSD021     3 1914 1957   44
   .    .    .    .    .    .    .    .    .    .    .    .    .    .    .    .    .    .    .<=====>  . ZSD021     4 1960 2024   65
   .    .    .    .    .    .    .    .    .    .    .    .    .    .    .    .    .   <============>  . ZSD022     5 1895 2024  130
   .    .    .    .    .    .    .    .    .    .    .    .    .    .    .    <=====================>  . ZSD031     6 1802 2024  223
   .    .    .    .    .    .    .    .    .    .    .    .    .    .    .    <=====================>  . ZSD032     7 1804 2024  221
   .    .    .    .    .    .    .    .    .    .    .    .    .    .    . <========================>  . ZSD041     8 1776 2024  249
   .    .    .    .    .    .    .    .    .    .    .    .    .    .    . <========================>  . ZSD042     9 1773 2024  252
   .    .    .    .    .    .    .    .    .    .    .    .    .    .    .  <=======================>  . ZSD051    10 1781 2024  244
   .    .    .    .    .    .    .    .    .    .    .    .    .    .    .   <======================>  . ZSD052    11 1793 2024  232
   .    .    .    .    .    .    .    .    .    .    .    .    .    .    .    .    .    .    .  <===>  . ZSD061    12 1988 2024   37
   .    .    .    .    .    .    .    .    .    .    .    .    .    .    .    .    .    .    .  <===>  . ZSD062    13 1987 2024   38
   .    .    .    .    .    .    .    .    .    .    .    .    .    .    .    .    .    .    . <====>  . ZSD071    14 1973 2024   52
   .    .    .    .    .    .    .    .    .    .    .    .    .    .    .    .    .    .    . <====>  . ZSD072    15 1973 2024   52
   .    .    .    .    .    .    .    .    .    .    .    .    .    .    .    .    <================>  . ZSD081    16 1852 2024  173
   .    .    .    .    .    .    .    .    .    .    .    .    .    .    .    .    .   <============>  . ZSD082    17 1893 2024  132
   .    .    .    .    .    .    .    .    .    .    .    .    .    .    .    .    . <==============>  . ZSD091    18 1873 2024  152
   .    .    .    .    .    .    .    .    .    .    .    .    .    .    .    .    . <==============>  . ZSD092    19 1874 2024  151
   .    .    .    .    .    .    .    .    .    .    .    .    .    .    .    .    .    .  <========>  . ZSD101    20 1935 2024   90
   .    .    .    .    .    .    .    .    .    .    .    .    .    .    .    .    .    .<==========>  . ZSD102    21 1914 2024  111
   .    .    .    .    .    .    .    .    .    .    .    .    .    .    .    .    .    .    . <====>  . ZSD111    22 1972 2024   53
   .    .    .    .    .    .    .    .    .    .    .    .    .    .    .    .    .    .    . <====>  . ZSD112    23 1971 2024   54
   .    .    .    .    .    .    .    .    .    .    .    .    .    .    .    .    .    .   <=======>  . ZSD121    24 1943 2024   82
   .    .    .    .    .    .    .    .    .    .    .    .    .    .    .    .    .    . <=========>  . ZSD122    25 1925 2024  100
   .    .    .    .    .    .    .    .    .    .    .    .    .    .    .    .    .   <============>  . ZSD131    26 1898 2024  127
   .    .    .    .    .    .    .    .    .    .    .    .    .    .    .    .    .    <===========>  . ZSD132    27 1900 2024  125
   .    .    .    .    .    .    .    .    .    .    .    .    .    .    .    .    . <==============>  . ZSD141    28 1872 2024  153
   .    .    .    .    .    .    .    .    .    .    .    .    .    .    .    .    .<===============>  . ZSD142    29 1866 2024  159
   .    .    .    .    .    .    .    .    .    .    .    .    .    .    . <=======>    .    .    .    . ZSD151    30 1776 1854   79
   .    .    .    .    .    .    .    .    .    .    .    .    .    .    .    .    .<===============>  . ZSD151    31 1865 2024  160
   .    .    .    .    .    .    .    .    .    .    .    .    .    .    .<=========================>  . ZSD152    32 1765 2024  260
   .    .    .    .    .    .    .    .    .    .    .    .    .    .    .    .    .  <=============>  . ZSD153    33 1885 2024  140
   .    .    .    .    .    .    .    .    .    .    .    .    .    .    .    .    . <===========>.    . ZSD161    34 1874 1998  125
   .    .    .    .    .    .    .    .    .    .    .    .    .    .    .    .    . <==========> .    . ZSD162    35 1874 1988  115
   .    .    .    .    .    .    .    .    .    .    .    .    .    .    .    .    .    .   <=======>  . ZSD171    36 1947 2024   78
   .    .    .    .    .    .    .    .    .    .    .    .    .    .    .    .    .    . <=========>  . ZSD172    37 1924 2024  101
   .    .    .    .    .    .    .    .    .    .    .    .    .    .    .    .    .<===============>  . ZSD181    38 1864 2024  161
   .    .    .    .    .    .    .    .    .    .    .    .    .    .    .    .    .<===============>  . ZSD182    39 1862 2024  163
   .    .    .    .    .    .    .    .    .    .    .    .    .    .    .<=========================>  . ZSD191    40 1762 2024  263
   .    .    .    .    .    .    .    .    .    .    .    .    .    .    .    .<====>   .    .    .    . ZSD192    41 1819 1869   51
   .    .    .    .    .    .    .    .    .    .    .    .    .    .    .    .    . <==============>  . ZSD192    42 1875 2024  150
   .    .    .    .    .    .    .    .    .    .    .    .    .    .    .<=========================>  . ZSD193    43 1762 2024  263
   .    .    .    .    .    .    .    .    .    .    .    .    .    .    .<=========================>  . ZSD201    44 1764 2024  261
   .    .    .    .    .    .    .    .    .    .    .    .    .    .    .<=========================>  . ZSD202    45 1769 2024  256
   .    .    .    .    .    .    .    .    .    .    .    .    .    .    .    .    .    .   <=======>  . ZSD211    46 1944 2024   81
   .    .    .    .    .    .    .    .    .    .    .    .    .    .    .    .    .    .   <=======>  . ZSD212    47 1941 2024   84
   .    .    .    .    .    .    .    .    .    .    .    .    .    .    .    .    . <==============>  . ZSD221    48 1875 2024  150
   .    .    .    .    .    .    .    .    .    .    .    .    .    .    .    .    . <==============>  . ZSD222    49 1878 2024  147
   :    :    :    :    :    :    :    :    :    :    :    :    :    :    :    :    :    :    :    :    :
 1050 1100 1150 1200 1250 1300 1350 1400 1450 1500 1550 1600 1650 1700 1750 1800 1850 1900 1950 2000 2050
PART 3:  Master Dating Series:                                                                     04:00  Fri 26 Jun 2026  Page   3
------------------------------------------------------------------------------------------------------------------------------------
  Year  Value  No Ab    Year  Value  No Ab    Year  Value  No Ab    Year  Value  No Ab    Year  Value  No Ab    Year  Value  No Ab
  ------------------    ------------------    ------------------    ------------------    ------------------    ------------------
                        1800   .746  10       1850 -1.360  13       1900 -2.704  29  2    1950  -.041  38       2000 -1.283  44
                        1801  1.026  10       1851   .222  13       1901  -.405  29       1951 -1.403  38       2001  -.798  44
                        1802  -.856  11       1852   .857  14       1902   .274  29       1952  -.054  38       2002  -.029  44
                        1803   .609  11       1853   .748  14       1903   .630  29       1953 -1.121  38       2003  -.113  44
                        1804   .870  12       1854  -.670  14       1904   .407  29       1954  -.091  38       2004   .573  44
                        1805  1.151  12       1855 -3.487  13  3    1905   .521  29       1955   .368  38       2005   .543  44
                        1806   .952  12       1856  -.797  13       1906  -.501  29       1956   .567  38       2006  1.644  44
                        1807 -1.921  12       1857   .645  13       1907   .068  29       1957  1.160  38       2007   .679  44
                        1808 -1.184  12       1858  1.396  13       1908   .769  29       1958   .257  37       2008 -2.386  44  2
                        1809  -.106  12       1859   .119  13       1909   .025  29       1959  1.104  37       2009  -.298  44

                        1810  -.151  12       1860   .249  13       1910 -1.668  29  2    1960  1.259  38       2010   .516  44
                        1811  -.801  12       1861   .668  13       1911  -.627  29       1961  1.249  38       2011   .367  44
  1762   .685   2       1812  -.299  12       1862  1.182  14       1912   .178  29       1962   .796  38       2012 -2.561  44  8
  1763  -.832   2       1813   .719  12       1863   .546  14       1913  1.715  29       1963 -1.557  38       2013 -1.224  44
  1764   .875   3       1814  1.243  12       1864 -1.979  15  2    1914  1.733  31       1964 -1.232  38       2014   .236  44
  1765   .144   4       1815  1.686  12       1865   .167  16       1915   .618  31       1965 -1.188  38       2015 -1.180  44
  1766   .298   4       1816  1.417  12       1866  -.436  17       1916   .837  31       1966  -.570  38       2016   .357  44
  1767   .894   4       1817  -.358  12       1867  -.074  17       1917  -.676  31       1967 -1.613  38  9    2017   .992  44
  1768  1.202   4       1818  -.740  12       1868 -2.129  17       1918 -1.542  31       1968  -.441  38       2018   .816  44
  1769 -1.133   5       1819 -1.835  13       1869   .280  17       1919 -1.357  31       1969   .079  38       2019  1.208  44

  1770  -.838   5       1820  -.893  13       1870  1.514  16       1920 -1.154  31       1970   .966  38       2020  -.295  44
  1771 -1.858   5       1821  -.718  13       1871  1.354  16       1921  -.428  31       1971  1.016  39       2021  1.376  44
  1772 -1.269   5       1822  -.101  13       1872   .570  17       1922   .924  31       1972   .960  40       2022  -.384  44
  1773  -.839   6       1823  -.097  13       1873  1.250  18       1923  1.014  31       1973  1.526  43       2023 -1.032  44
  1774   .622   6       1824  -.930  13  1    1874   .068  21       1924   .833  32       1974   .586  43       2024   .591  44
  1775  1.385   6       1825  -.376  13       1875  -.196  23       1925  -.051  33       1975  -.056  43
  1776   .791   8       1826   .199  13       1876   .264  23       1926   .722  33       1976   .179  43
  1777   .807   8       1827  1.246  13       1877  1.433  23       1927  -.810  33       1977 -1.673  43
  1778   .087   8       1828   .783  13       1878  -.466  24       1928  -.983  33       1978  -.341  44
  1779  -.113   8       1829  1.139  13       1879  -.929  24       1929  -.304  33       1979   .066  44

  1780  -.109   8       1830  -.829  13       1880   .028  24       1930   .487  33       1980   .041  44
  1781  -.821   9       1831 -1.060  13       1881  -.986  24       1931   .297  33       1981 -1.146  44
  1782 -1.329   9       1832  -.764  13       1882  -.013  24       1932  -.234  33       1982  -.345  44
  1783  -.750   9       1833  -.316  13       1883  -.296  24       1933 -1.973  33       1983 -2.758  44  1
  1784  1.105   9       1834   .696  13       1884 -1.508  24       1934 -2.223  33       1984  -.389  44
  1785  1.553   9       1835  1.037  13       1885 -1.521  25  5    1935  -.234  34       1985  1.228  44
  1786  -.065   9       1836  1.490  13       1886  -.744  25       1936   .499  34       1986  -.032  44
  1787 -1.233   9       1837   .193  13       1887  -.540  25       1937  1.152  34       1987   .501  45
  1788  -.388   9       1838   .501  13       1888   .094  25       1938  1.269  34       1988   .468  46
  1789   .670   9       1839  -.910  13       1889   .810  25       1939  1.698  34       1989   .485  45

  1790  1.412   9       1840   .617  13       1890  1.226  25       1940   .412  34       1990  -.279  45
  1791  -.036   9       1841  1.440  13       1891  1.842  25       1941   .704  35       1991   .047  45
  1792  1.034   9       1842  1.385  13       1892  1.477  25       1942   .255  35       1992   .057  45
  1793  -.408  10       1843 -1.225  13  1    1893 -1.062  26       1943   .693  36       1993  1.418  45
  1794  -.388  10       1844  -.575  13       1894  -.194  26       1944  -.474  37       1994  1.772  45
  1795  -.221  10       1845   .507  13       1895   .882  27       1945 -2.111  37       1995  1.074  45
  1796 -1.484  10       1846  -.519  13       1896  -.071  27       1946  -.840  37       1996   .459  45
  1797  -.928  10  1    1847  -.514  13       1897  -.849  27       1947   .002  38       1997  -.701  45
  1798  -.356  10       1848  1.214  13       1898   .331  28       1948  1.334  38       1998  -.344  45
  1799  -.204  10       1849 -1.131  13       1899   .721  28       1949  -.672  38       1999  -.986  44
------------------------------------------------------------------------------------------------------------------------------------
PART 4:  Master Bar Plot:                                                                          04:00  Fri 26 Jun 2026  Page   4
------------------------------------------------------------------------------------------------------------------------------------
   Year Rel value  Year Rel value  Year Rel value  Year Rel value  Year Rel value  Year Rel value  Year Rel value  Year Rel value
                   1800--------C   1850-e          1900k           1950-----@      2000-e
                   1801---------D  1851------A     1901---b        1951-f          2001--c
                   1802--c         1852--------C   1902------A     1952----@       2002-----@
                   1803-------B    1853--------C   1903-------C    1953-d          2003----@
                   1804--------C   1854--c         1904------B     1954----@       2004-------B
                   1805---------E  1855n           1905-------B    1955------A     2005-------B
                   1806--------D   1856--c         1906---b        1956-------B    2006----------G
                   1807h           1857-------C    1907-----@      1957---------E  2007-------C
                   1808-e          1858----------F 1908--------C   1958------A     2008j
                   1809----@       1859-----@      1909-----@      1959---------D  2009---a
                   1810----a       1860------A     1910g           1960---------E  2010-------B
                   1811--c         1861-------C    1911--c         1961---------E  2011------A
   1762-------C    1812---a        1862---------E  1912------A     1962--------C   2012j
   1763--c         1813--------C   1863-------B    1913----------G 1963f           2013-e
   1764--------C   1814---------E  1864h           1914----------G 1964-e          2014------A
   1765-----A      1815----------G 1865-----A      1915-------B    1965-e          2015-e
   1766------A     1816----------F 1866---b        1916--------C   1966---b        2016------A
   1767--------D   1817---a        1867----@       1917--c         1967f           2017---------D
   1768---------E  1818--c         1868i           1918f           1968---b        2018--------C
   1769-e          1819g           1869------A     1919-e          1969-----@      2019---------E
   1770--c         1820--d         1870----------F 1920-e          1970--------D   2020---a
   1771g           1821--c         1871----------E 1921---b        1971---------D  2021----------F
   1772-e          1822----@       1872-------B    1922--------D   1972--------D   2022---b
   1773--c         1823----@       1873---------E  1923---------D  1973----------F 2023-d
   1774-------B    1824--d         1874-----@      1924--------C   1974-------B    2024-------B
   1775----------F 1825---b        1875----a       1925-----@      1975----@
   1776--------C   1826------A     1876------A     1926--------C   1976------A
   1777--------C   1827---------E  1877----------F 1927--c         1977g
   1778-----@      1828--------C   1878---b        1928-d          1978---a
   1779----@       1829---------E  1879--d         1929---a        1979-----@
   1780----@       1830--c         1880-----@      1930-------B    1980-----@
   1781--c         1831-d          1881-d          1931------A     1981-e
   1782-e          1832--c         1882-----@      1932----a       1982---a
   1783--c         1833---a        1883---a        1933h           1983k
   1784---------D  1834-------C    1884f           1934i           1984---b
   1785----------F 1835---------D  1885f           1935----a       1985---------E
   1786----@       1836----------F 1886--c         1936-------B    1986-----@
   1787-e          1837------A     1887---b        1937---------E  1987-------B
   1788---b        1838-------B    1888-----@      1938---------E  1988-------B
   1789-------C    1839--d         1889--------C   1939----------G 1989-------B
   1790----------F 1840-------B    1890---------E  1940------B     1990---a
   1791-----@      1841----------F 1891----------G 1941-------C    1991-----@
   1792---------D  1842----------F 1892----------F 1942------A     1992-----@
   1793---b        1843-e          1893-d          1943-------C    1993----------F
   1794---b        1844---b        1894----a       1944---b        1994----------G
   1795----a       1845-------B    1895--------D   1945h           1995---------D
   1796-f          1846---b        1896----@       1946--c         1996-------B
   1797--d         1847---b        1897--c         1947-----@      1997--c
   1798---a        1848---------E  1898------A     1948----------E 1998---a
   1799----a       1849-e          1899--------C   1949--c         1999-d
PART 5:  CORRELATION OF SERIES BY SEGMENTS:                                                        04:00  Fri 26 Jun 2026  Page   5
------------------------------------------------------------------------------------------------------------------------------------
 Correlations of  50-year dated segments, lagged  25 years
 Flags:  A = correlation under   .3281 but highest as dated;  B = correlation higher at other than dated position

 Seq Series  Time_span   1750 1775 1800 1825 1850 1875 1900 1925 1950 1975
                         1799 1824 1849 1874 1899 1924 1949 1974 1999 2024
 --- -------- ---------  ---- ---- ---- ---- ---- ---- ---- ---- ---- ---- ---- ---- ---- ---- ---- ---- ---- ---- ---- ----
   1 ZSD011   1973 2024                                           .78  .77
   2 ZSD012   1978 2024                                                .74
   3 ZSD021   1914 1957                                 .91
   4 ZSD021   1960 2024                                           .79  .80
   5 ZSD022   1895 2024                            .87  .89  .90  .80  .81
   6 ZSD031   1802 2024             .80  .85  .84  .82  .82  .86  .83  .82
   7 ZSD032   1804 2024             .76  .82  .86  .83  .81  .84  .83  .84
   8 ZSD041   1776 2024        .79  .65  .67  .84  .88  .80  .71  .69  .80
   9 ZSD042   1773 2024   .78  .76  .64  .58  .75  .88  .86  .83  .73  .81
  10 ZSD051   1781 2024        .73  .83  .85  .89  .87  .83  .84  .84  .84
  11 ZSD052   1793 2024        .78  .91  .90  .91  .90  .80  .79  .87  .88
  12 ZSD061   1988 2024                                                .84
  13 ZSD062   1987 2024                                                .80
  14 ZSD071   1973 2024                                           .68  .70
  15 ZSD072   1973 2024                                           .69  .70
  16 ZSD081   1852 2024                       .83  .76  .69  .66  .69  .82
  17 ZSD082   1893 2024                            .75  .77  .75  .73  .78
  18 ZSD091   1873 2024                       .77  .78  .80  .68  .72  .79
  19 ZSD092   1874 2024                       .70  .72  .80  .77  .79  .74
  20 ZSD101   1935 2024                                      .78  .77  .56
  21 ZSD102   1914 2024                                 .78  .80  .77  .46
  22 ZSD111   1972 2024                                           .76  .80
  23 ZSD112   1971 2024                                           .72  .81
  24 ZSD121   1943 2024                                      .85  .87  .80
  25 ZSD122   1925 2024                                      .83  .85  .80
  26 ZSD131   1898 2024                            .85  .86  .87  .83  .77
  27 ZSD132   1900 2024                                 .77  .85  .81  .78
  28 ZSD141   1872 2024                       .89  .89  .92  .90  .84  .79
  29 ZSD142   1866 2024                       .89  .88  .92  .91  .87  .80
  30 ZSD151   1776 1854        .47  .86  .86
  31 ZSD151   1865 2024                       .91  .92  .89  .89  .92  .83
  32 ZSD152   1765 2024   .76  .76  .80  .85  .83  .80  .87  .84  .86  .89
  33 ZSD153   1885 2024                            .84  .82  .87  .86  .82
  34 ZSD161   1874 1998                       .72  .74  .73  .73  .38
  35 ZSD162   1874 1988                       .68  .70  .68  .68  .60
  36 ZSD171   1947 2024                                      .79  .77  .72
  37 ZSD172   1924 2024                                 .65  .65  .74  .71
  38 ZSD181   1864 2024                       .86  .88  .87  .81  .77  .83
  39 ZSD182   1862 2024                       .78  .88  .84  .81  .80  .86
  40 ZSD191   1762 2024   .77  .79  .88  .86  .84  .87  .88  .86  .83  .84
  41 ZSD192   1819 1869             .75  .74
  42 ZSD192   1875 2024                            .89  .86  .86  .86  .83
  43 ZSD193   1762 2024   .85  .85  .88  .89  .88  .90  .89  .84  .85  .86
  44 ZSD201   1764 2024   .81  .81  .88  .85  .84  .82  .79  .81  .76  .74
  45 ZSD202   1769 2024   .81  .84  .88  .89  .87  .83  .76  .79  .80  .74
  46 ZSD211   1944 2024                                      .72  .75  .84
  47 ZSD212   1941 2024                                      .71  .78  .84
  48 ZSD221   1875 2024                            .74  .61  .67  .79  .80
  49 ZSD222   1878 2024                            .78  .69  .69  .72  .75
 Av segment correlation   .80  .76  .81  .82  .83  .83  .81  .80  .78  .79
PART 6:  POTENTIAL PROBLEMS:                                                                       04:00  Fri 26 Jun 2026  Page   5
------------------------------------------------------------------------------------------------------------------------------------

 For each series with potential problems the following diagnostics may appear:

 [A] Correlations with master dating series of flagged  50-year segments of series filtered with  32-year spline,
     at every point from ten years earlier (-10) to ten years later (+10) than dated

 [B] Effect of those data values which most lower or raise correlation with master series
     Symbol following year indicates value in series is greater (>) or lesser (<) than master series value

 [C] Year-to-year changes very different from the mean change in other series

 [D] Absent rings (zero values)

 [E] Values which are statistical outliers from mean for the year
 ===================================================================================================================================

 ZSD011    1973 to  2024      52 years                                                                                    Series   1

 [B] Entire series, effect on correlation (  .781) is:
       Lower   1986> -.022   1979< -.011   1990> -.010   2015> -.006   2003> -.006   2020> -.005  Higher   2012  .046   2008  .042

 ===================================================================================================================================

 ZSD012    1978 to  2024      47 years                                                                                    Series   2

 [B] Entire series, effect on correlation (  .738) is:
       Lower   2020> -.027   1986> -.023   1987< -.018   1979< -.014   1990> -.009   1983> -.008  Higher   2012  .065   2008  .058

 ===================================================================================================================================

 ZSD021    1914 to  1957      44 years                                                                                    Series   3

 [B] Entire series, effect on correlation (  .909) is:
       Lower   1951< -.009   1940> -.008   1928< -.006   1934> -.005   1944> -.004   1950> -.003  Higher   1933  .010   1945  .010

 ===================================================================================================================================

 ZSD021    1960 to  2024      65 years                                                                                    Series   4

 [B] Entire series, effect on correlation (  .830) is:
       Lower   1995< -.025   1990< -.017   1983> -.014   1986> -.013   2013< -.009   1984< -.007  Higher   2012  .027   1963  .013

 ===================================================================================================================================

 ZSD022    1895 to  2024     130 years                                                                                    Series   5

 [B] Entire series, effect on correlation (  .844) is:
       Lower   1986> -.010   1900< -.007   1896> -.005   2022> -.005   2013< -.004   1983> -.004  Higher   2012  .007   2006  .003

 [E] Outliers     1   3.0 SD above or -4.5 SD below mean for year
       1900 -4.9 SD
 ===================================================================================================================================

 ZSD031    1802 to  2024     223 years                                                                                    Series   6

 [B] Entire series, effect on correlation (  .826) is:
       Lower   1802> -.009   1988< -.006   1879< -.006   1903< -.006   2012> -.005   1848< -.005  Higher   1900  .012   2008  .005

 [E] Outliers     1   3.0 SD above or -4.5 SD below mean for year
       2012 +3.7 SD
 ===================================================================================================================================

 ZSD032    1804 to  2024     221 years                                                                                    Series   7

 [B] Entire series, effect on correlation (  .815) is:
       Lower   1843< -.013   1848< -.004   2012> -.004   1872< -.003   1962< -.003   1920> -.003  Higher   1900  .010   2008  .005

 [D]    1 Absent rings:  Year   Master  N series Absent
                         1843   -1.225      13       1

 [E] Outliers     1   3.0 SD above or -4.5 SD below mean for year
       1843 -6.9 SD
 ===================================================================================================================================

 ZSD041    1776 to  2024     249 years                                                                                    Series   8

 [B] Entire series, effect on correlation (  .767) is:
       Lower   1844< -.016   1843> -.011   1970< -.007   1945< -.006   1944> -.006   1823< -.005  Higher   1900  .015   1855  .008

 [C] Year-to-year changes diverging by over 4.0 std deviations:
       1843 1844  -4.2 SD

 [E] Outliers     1   3.0 SD above or -4.5 SD below mean for year
       1844 -6.9 SD
 ===================================================================================================================================

 ZSD042    1773 to  2024     252 years                                                                                    Series   9

 [B] Entire series, effect on correlation (  .769) is:
       Lower   1863< -.013   1843> -.009   1844< -.008   1984< -.006   1775< -.005   1823< -.005  Higher   1900  .015   2012  .010

 [E] Outliers     2   3.0 SD above or -4.5 SD below mean for year
       1844 -4.9 SD;    1983 +3.5 SD
 ===================================================================================================================================

 ZSD051    1781 to  2024     244 years                                                                                    Series  10

 [B] Entire series, effect on correlation (  .826) is:
       Lower   1983< -.014   1796> -.011   1795< -.004   2018< -.003   1852< -.003   1847> -.003  Higher   1900  .011   2012  .007

 [E] Outliers     2   3.0 SD above or -4.5 SD below mean for year
       1796 +3.1 SD;    1983 -5.5 SD
 ===================================================================================================================================

 ZSD052    1793 to  2024     232 years                                                                                    Series  11

 [B] Entire series, effect on correlation (  .851) is:
       Lower   1796> -.011   1944< -.007   1983< -.005   1967> -.004   1949> -.004   2018< -.003  Higher   1900  .010   2012  .006

 [E] Outliers     2   3.0 SD above or -4.5 SD below mean for year
       1796 +3.2 SD;    1983 -5.4 SD
 ===================================================================================================================================

 ZSD061    1988 to  2024      37 years                                                                                    Series  12

 [B] Entire series, effect on correlation (  .838) is:
       Lower   2020< -.048   1996< -.013   2013> -.007   2015> -.006   2007> -.006   2023> -.006  Higher   2012  .046   2008  .043

 ===================================================================================================================================

 ZSD062    1987 to  2024      38 years                                                                                    Series  13

 [B] Entire series, effect on correlation (  .797) is:
       Lower   1987< -.033   2020< -.024   1996< -.017   2015> -.013   2023> -.010   2013> -.008  Higher   2008  .060   2012  .048

 ===================================================================================================================================

 ZSD071    1973 to  2024      52 years                                                                                    Series  14

 [B] Entire series, effect on correlation (  .730) is:
       Lower   1983> -.041   2022> -.025   1974< -.019   1986> -.017   1996< -.014   1984> -.007  Higher   2008  .054   2012  .042

 [D]    1 Absent rings:  Year   Master  N series Absent
                         2012   -2.561      44       8

 [E] Outliers     2   3.0 SD above or -4.5 SD below mean for year
       1983 +3.6 SD;    1984 +3.5 SD
 ===================================================================================================================================

 ZSD072    1973 to  2024      52 years                                                                                    Series  15

 [B] Entire series, effect on correlation (  .737) is:
       Lower   1983> -.051   1996< -.022   1986> -.018   1985< -.014   1974< -.011   1984> -.008  Higher   2008  .054   2012  .037

 [D]    1 Absent rings:  Year   Master  N series Absent
                         2012   -2.561      44       8

 [E] Outliers     2   3.0 SD above or -4.5 SD below mean for year
       1983 +4.0 SD;    1984 +3.4 SD
 ===================================================================================================================================

 ZSD081    1852 to  2024     173 years                                                                                    Series  16

 [B] Entire series, effect on correlation (  .768) is:
       Lower   1925< -.015   1904< -.008   1951> -.007   1854> -.006   1963> -.005   1867< -.005  Higher   2012  .012   1855  .010

 [D]    1 Absent rings:  Year   Master  N series Absent
                         1885   -1.521      25       5

 ===================================================================================================================================

 ZSD082    1893 to  2024     132 years                                                                                    Series  17

 [B] Entire series, effect on correlation (  .759) is:
       Lower   2020> -.014   1925< -.013   1917> -.010   1893> -.009   1904< -.008   1951> -.007  Higher   1900  .016   2012  .015

 ===================================================================================================================================

 ZSD091    1873 to  2024     152 years                                                                                    Series  18

 [B] Entire series, effect on correlation (  .745) is:
       Lower   1955< -.016   1949> -.012   1940< -.010   2022< -.008   2005< -.007   1996> -.007  Higher   2008  .017   1900  .015

 [E] Outliers     3   3.0 SD above or -4.5 SD below mean for year
       1882 +3.5 SD;    1996 +3.3 SD;    2008 -4.9 SD
 ===================================================================================================================================

 ZSD092    1874 to  2024     151 years                                                                                    Series  19

 [B] Entire series, effect on correlation (  .746) is:
       Lower   1875< -.015   2015> -.010   1949> -.010   2022< -.009   1940< -.008   1874> -.007  Higher   2012  .014   2008  .012

 [D]    1 Absent rings:  Year   Master  N series Absent
                         2012   -2.561      44       8

 [E] Outliers     2   3.0 SD above or -4.5 SD below mean for year
       1882 +3.3 SD;    2012 -5.9 SD
 ===================================================================================================================================

 ZSD101    1935 to  2024      90 years                                                                                    Series  20

 [B] Entire series, effect on correlation (  .719) is:
       Lower   1949> -.020   2010< -.011   2013> -.011   1990> -.010   1997> -.009   2004< -.007  Higher   2012  .039   2008  .015

 [D]    2 Absent rings:  Year   Master  N series Absent
                         2008   -2.386      44       2
                         2012   -2.561      44       8

 [E] Outliers     2   3.0 SD above or -4.5 SD below mean for year
       2008 -6.6 SD;    2013 +3.3 SD
 ===================================================================================================================================

 ZSD102    1914 to  2024     111 years                                                                                    Series  21

 [B] Entire series, effect on correlation (  .710) is:
       Lower   1949> -.021   2010< -.020   2022> -.012   2013> -.012   2015> -.010   1986> -.005  Higher   2012  .033   2008  .027

 [D]    2 Absent rings:  Year   Master  N series Absent
                         2008   -2.386      44       2
                         2012   -2.561      44       8

 [E] Outliers     3   3.0 SD above or -4.5 SD below mean for year
       1949 +3.2 SD;    2008 -5.4 SD;    2013 +3.8 SD
 ===================================================================================================================================

 ZSD111    1972 to  2024      53 years                                                                                    Series  22

 [B] Entire series, effect on correlation (  .772) is:
       Lower   1974< -.032   2020< -.018   1996< -.016   1986> -.013   2013> -.010   1997> -.010  Higher   2012  .031   1983  .030

 ===================================================================================================================================

 ZSD112    1971 to  2024      54 years                                                                                    Series  23

 [B] Entire series, effect on correlation (  .743) is:
       Lower   1974< -.062   1986> -.020   2013> -.008   1990> -.007   1976< -.007   1991< -.006  Higher   2008  .047   2012  .043

 ===================================================================================================================================

 ZSD121    1943 to  2024      82 years                                                                                    Series  24

 [B] Entire series, effect on correlation (  .825) is:
       Lower   1983< -.016   2008> -.012   2020> -.007   2007< -.006   1987< -.005   2024< -.004  Higher   2006  .006   1993  .005

 [E] Outliers     1   3.0 SD above or -4.5 SD below mean for year
       1983 -5.6 SD
 ===================================================================================================================================

 ZSD122    1925 to  2024     100 years                                                                                    Series  25

 [B] Entire series, effect on correlation (  .812) is:
       Lower   2008> -.018   1958< -.012   1925> -.010   2012> -.008   2022> -.004   1983< -.003  Higher   1945  .007   1949  .005

 [E] Outliers     1   3.0 SD above or -4.5 SD below mean for year
       1983 -5.4 SD
 ===================================================================================================================================

 ZSD131    1898 to  2024     127 years                                                                                    Series  26

 [B] Entire series, effect on correlation (  .802) is:
       Lower   1983< -.017   2008> -.012   2022< -.009   1925> -.007   1916< -.006   2007< -.004  Higher   1900  .013   1949  .005

 [E] Outliers     1   3.0 SD above or -4.5 SD below mean for year
       1983 -6.4 SD
 ===================================================================================================================================

 ZSD132    1900 to  2024     125 years                                                                                    Series  27

 [B] Entire series, effect on correlation (  .762) is:
       Lower   1983< -.021   1900> -.017   1916< -.008   2008> -.008   1925> -.006   2023> -.004  Higher   1977  .006   2006  .005

 [E] Outliers     1   3.0 SD above or -4.5 SD below mean for year
       1983 -6.8 SD
 ===================================================================================================================================

 ZSD141    1872 to  2024     153 years                                                                                    Series  28

 [B] Entire series, effect on correlation (  .862) is:
       Lower   1986< -.015   2008> -.006   1981> -.006   2020> -.005   1921> -.004   1897> -.003  Higher   1900  .013   2012  .009

 [D]    1 Absent rings:  Year   Master  N series Absent
                         2012   -2.561      44       8

 ===================================================================================================================================

 ZSD142    1866 to  2024     159 years                                                                                    Series  29

 [B] Entire series, effect on correlation (  .868) is:
       Lower   1990< -.007   1890< -.006   2020> -.006   2008> -.005   2022> -.004   1981> -.004  Higher   1900  .009   2012  .008

 [D]    1 Absent rings:  Year   Master  N series Absent
                         2012   -2.561      44       8

 ===================================================================================================================================

 ZSD151    1776 to  1854      79 years                                                                                    Series  30

 [B] Entire series, effect on correlation (  .605) is:
       Lower   1793> -.036   1796> -.026   1779< -.026   1791> -.025   1783< -.020   1778> -.017  Higher   1807  .051   1843  .024

 [E] Outliers     4   3.0 SD above or -4.5 SD below mean for year
       1778 +3.0 SD;    1783 -6.7 SD;    1793 +3.5 SD;    1796 +3.9 SD
 ===================================================================================================================================

 ZSD151    1865 to  2024     160 years                                                                                    Series  31

 [B] Entire series, effect on correlation (  .873) is:
       Lower   2023< -.014   2022> -.007   1949> -.004   1939< -.004   2001< -.003   2013> -.003  Higher   1983  .006   2012  .005

 ===================================================================================================================================

 ZSD152    1765 to  2024     260 years                                                                                    Series  32

 [B] Entire series, effect on correlation (  .828) is:
       Lower   1843< -.010   1880< -.007   1881> -.005   1785< -.004   1940> -.004   1779> -.003  Higher   2012  .006   1900  .005

 [D]    2 Absent rings:  Year   Master  N series Absent
                         1797    -.928      10       1
                         1885   -1.521      25       5

 [E] Outliers     1   3.0 SD above or -4.5 SD below mean for year
       1983 -4.7 SD
 ===================================================================================================================================

 ZSD153    1885 to  2024     140 years                                                                                    Series  33

 [B] Entire series, effect on correlation (  .841) is:
       Lower   2008> -.010   1916< -.007   1928> -.004   1992< -.004   2014< -.004   1974> -.004  Higher   1983  .009   1893  .006

 ===================================================================================================================================

 ZSD161    1874 to  1998     125 years                                                                                    Series  34

 [B] Entire series, effect on correlation (  .656) is:
       Lower   1983> -.038   1989< -.016   1987< -.015   1997> -.014   1981> -.010   1892< -.010  Higher   1900  .057   1910  .011

 [D]    3 Absent rings:  Year   Master  N series Absent
                         1900   -2.704      29       2
                         1910   -1.668      29       2
                         1967   -1.613      38       9

 [E] Outliers     5   3.0 SD above or -4.5 SD below mean for year
       1900 -5.0 SD;    1983 +5.9 SD;    1984 +3.3 SD;    1989 -4.5 SD;    1997 +3.4 SD
 ===================================================================================================================================

 ZSD162    1874 to  1988     115 years                                                                                    Series  35

 [B] Entire series, effect on correlation (  .701) is:
       Lower   1983> -.040   1933> -.013   1934< -.008   1944< -.008   1906> -.008   1907< -.007  Higher   1900  .049   1910  .009

 [D]    4 Absent rings:  Year   Master  N series Absent
                         1885   -1.521      25       5
                         1900   -2.704      29       2
                         1910   -1.668      29       2
                         1967   -1.613      38       9

 [E] Outliers     3   3.0 SD above or -4.5 SD below mean for year
       1933 +3.4 SD;    1983 +6.0 SD;    1984 +3.1 SD
 ===================================================================================================================================

 ZSD171    1947 to  2024      78 years                                                                                    Series  36

 [B] Entire series, effect on correlation (  .746) is:
       Lower   2012> -.012   2021< -.010   1958> -.009   1971< -.009   1969< -.007   1992< -.007  Higher   1963  .017   2008  .015

 ===================================================================================================================================

 ZSD172    1924 to  2024     101 years                                                                                    Series  37

 [B] Entire series, effect on correlation (  .679) is:
       Lower   1925< -.026   2012> -.011   1933< -.009   1938< -.009   1983> -.007   2008> -.006  Higher   1977  .010   1967  .009

 [D]    1 Absent rings:  Year   Master  N series Absent
                         1967   -1.613      38       9

 [E] Outliers     1   3.0 SD above or -4.5 SD below mean for year
       1967 -5.6 SD
 ===================================================================================================================================

 ZSD181    1864 to  2024     161 years                                                                                    Series  38

 [B] Entire series, effect on correlation (  .833) is:
       Lower   1878< -.008   1868> -.007   1977> -.006   1897> -.004   2011< -.004   1945> -.004  Higher   1900  .016   2012  .007

 ===================================================================================================================================

 ZSD182    1862 to  2024     163 years                                                                                    Series  39

 [B] Entire series, effect on correlation (  .823) is:
       Lower   1862< -.028   1945> -.005   1930< -.003   2023> -.003   1997> -.003   1984< -.003  Higher   2012  .011   2008  .009

 [E] Outliers     1   3.0 SD above or -4.5 SD below mean for year
       1862 -5.8 SD
 ===================================================================================================================================

 ZSD191    1762 to  2024     263 years                                                                                    Series  40

 [B] Entire series, effect on correlation (  .838) is:
       Lower   1782> -.010   1995< -.004   1763> -.004   2012> -.004   1892< -.004   1989< -.003  Higher   1900  .007   2008  .006

 [E] Outliers     1   3.0 SD above or -4.5 SD below mean for year
       1782 +4.4 SD
 ===================================================================================================================================

 ZSD192    1819 to  1869      51 years                                                                                    Series  41

 [B] Entire series, effect on correlation (  .724) is:
       Lower   1819< -.039   1869< -.031   1864> -.028   1859> -.011   1823> -.009   1858< -.005  Higher   1849  .024   1868  .017

 [D]    1 Absent rings:  Year   Master  N series Absent
                         1855   -3.487      13       3

 ===================================================================================================================================

 ZSD192    1875 to  2024     150 years                                                                                    Series  42

 [B] Entire series, effect on correlation (  .855) is:
       Lower   2012> -.012   1995< -.009   1940> -.007   1892< -.005   2007< -.005   1943< -.004  Higher   1963  .005   2008  .005

 [E] Outliers     2   3.0 SD above or -4.5 SD below mean for year
       2008 -5.4 SD;    2012 +3.2 SD
 ===================================================================================================================================

 ZSD193    1762 to  2024     263 years                                                                                    Series  43

 [B] Entire series, effect on correlation (  .868) is:
       Lower   1782> -.006   2001> -.004   2002< -.003   1940> -.003   1807> -.002   1995< -.002  Higher   1900  .006   2008  .003

 [E] Outliers     3   3.0 SD above or -4.5 SD below mean for year
       1782 +3.0 SD;    2001 +3.0 SD;    2008 -4.6 SD
 ===================================================================================================================================

 ZSD201    1764 to  2024     261 years                                                                                    Series  44

 [B] Entire series, effect on correlation (  .772) is:
       Lower   1824< -.015   1900> -.006   1983< -.005   1901< -.004   1995< -.003   1881> -.003  Higher   1855  .007   1868  .004

 [D]    6 Absent rings:  Year   Master  N series Absent
                         1824    -.930      13       1
                         1855   -3.487      13       3
                         1864   -1.979      15       2
                         1885   -1.521      25       5
                         1967   -1.613      38       9
                         1983   -2.758      44       1

 [E] Outliers     4   3.0 SD above or -4.5 SD below mean for year
       1782 -4.6 SD;    1824 -6.7 SD;    1967 -5.4 SD;    1983 -6.7 SD
 ===================================================================================================================================

 ZSD202    1769 to  2024     256 years                                                                                    Series  45

 [B] Entire series, effect on correlation (  .784) is:
       Lower   1967< -.011   1769> -.006   1900> -.005   1864< -.005   1995< -.005   1881> -.003  Higher   1855  .006   2012  .004

 [D]    4 Absent rings:  Year   Master  N series Absent
                         1855   -3.487      13       3
                         1864   -1.979      15       2
                         1885   -1.521      25       5
                         1967   -1.613      38       9

 [E] Outliers     2   3.0 SD above or -4.5 SD below mean for year
       1782 -4.7 SD;    1967 -8.2 SD
 ===================================================================================================================================

 ZSD211    1944 to  2024      81 years                                                                                    Series  46

 [B] Entire series, effect on correlation (  .818) is:
       Lower   1983> -.024   1944> -.017   1986> -.015   1949> -.008   1981< -.005   2020> -.005  Higher   2012  .023   2008  .021

 [D]    1 Absent rings:  Year   Master  N series Absent
                         1967   -1.613      38       9

 ===================================================================================================================================

 ZSD212    1941 to  2024      84 years                                                                                    Series  47

 [B] Entire series, effect on correlation (  .816) is:
       Lower   1942< -.016   1986> -.012   1983> -.012   1941< -.009   2015> -.005   1949> -.005  Higher   2012  .025   2008  .021

 [D]    2 Absent rings:  Year   Master  N series Absent
                         1967   -1.613      38       9
                         2012   -2.561      44       8

 [E] Outliers     1   3.0 SD above or -4.5 SD below mean for year
       1942 -5.0 SD
 ===================================================================================================================================

 ZSD221    1875 to  2024     150 years                                                                                    Series  48

 [B] Entire series, effect on correlation (  .728) is:
       Lower   1949< -.023   2020> -.009   1945> -.009   1951> -.005   1972< -.005   1903< -.004  Higher   1893  .010   1963  .010

 [D]    1 Absent rings:  Year   Master  N series Absent
                         1967   -1.613      38       9

 [E] Outliers     5   3.0 SD above or -4.5 SD below mean for year
       1911 +3.3 SD;    1918 -5.0 SD;    1919 -4.8 SD;    1949 -4.7 SD;    1967 -4.7 SD
 ===================================================================================================================================

 ZSD222    1878 to  2024     147 years                                                                                    Series  49

 [B] Entire series, effect on correlation (  .733) is:
       Lower   1949< -.028   1990< -.009   1983> -.007   1878> -.006   1903< -.006   1945> -.005  Higher   1900  .014   1963  .009

 [D]    1 Absent rings:  Year   Master  N series Absent
                         1967   -1.613      38       9

 ===================================================================================================================================

 [*] All segments correlate highest as dated with correlation with master series over   .3281
PART 7:  DESCRIPTIVE STATISTICS:                                                                   04:00  Fri 26 Jun 2026  Page   6
------------------------------------------------------------------------------------------------------------------------------------

                                                Corr   //-------- Unfiltered --------\\  //---- Filtered -----\\
                           No.    No.    No.    with   Mean   Max     Std   Auto   Mean   Max     Std   Auto  AR
 Seq Series   Interval   Years  Segmt  Flags   Master  msmt   msmt    dev   corr   sens  value    dev   corr  ()
 --- -------- ---------  -----  -----  -----   ------ -----  -----  -----  -----  -----  -----  -----  -----  --
   1 ZSD011   1973 2024     52      2      0    .781   2.94   5.27  1.180   .672   .297   2.46   .495  -.026   2
   2 ZSD012   1978 2024     47      1      0    .738   2.88   4.59   .945   .621   .262   2.46   .535  -.039   1
   3 ZSD021   1914 1957     44      1      0    .909   7.29  18.91  3.410   .643   .282   2.63   .664  -.073   1
   4 ZSD021   1960 2024     65      2      0    .830    .51   1.29   .241   .680   .300   2.82   .583   .029   1
   5 ZSD022   1895 2024    130      5      0    .844    .56   1.14   .194   .638   .247   2.37   .299  -.042   1
   6 ZSD031   1802 2024    223      8      0    .826    .62   2.47   .481   .810   .364   2.60   .402  -.049   2
   7 ZSD032   1804 2024    221      8      0    .815    .62   2.28   .462   .766   .374   2.50   .346  -.054   2
   8 ZSD041   1776 2024    249      9      0    .767    .53   5.67   .542   .696   .310   2.60   .401  -.059   3
   9 ZSD042   1773 2024    252     10      0    .769    .57   6.52   .643   .721   .310   2.64   .417  -.041   3
  10 ZSD051   1781 2024    244      9      0    .826    .63   3.24   .544   .796   .342   2.48   .313  -.045   6
  11 ZSD052   1793 2024    232      9      0    .851    .68   4.44   .646   .848   .352   2.53   .371  -.039   1
  12 ZSD061   1988 2024     37      1      0    .838   1.51   5.42  1.309   .814   .471   2.47   .610  -.162   1
  13 ZSD062   1987 2024     38      1      0    .797   1.55   5.04  1.210   .785   .439   2.55   .610  -.142   1
  14 ZSD071   1973 2024     52      2      0    .730   1.49   4.33  1.238   .832   .479   2.62   .568  -.039   1
  15 ZSD072   1973 2024     52      2      0    .737   1.51   4.42  1.255   .848   .487   2.64   .522  -.037   1
  16 ZSD081   1852 2024    173      6      0    .768    .42   1.36   .195   .537   .395   2.53   .484  -.075   1
  17 ZSD082   1893 2024    132      5      0    .759    .43   1.01   .173   .604   .296   2.67   .491  -.057   1
  18 ZSD091   1873 2024    152      6      0    .745    .59   1.69   .327   .690   .362   2.74   .437  -.096   2
  19 ZSD092   1874 2024    151      6      0    .746    .64   1.91   .368   .687   .387   2.65   .361  -.038   1
  20 ZSD101   1935 2024     90      3      0    .719    .64   2.19   .460   .827   .428   2.32   .331  -.127   1
  21 ZSD102   1914 2024    111      4      0    .710    .57   2.24   .415   .796   .431   2.46   .374  -.137   1
  22 ZSD111   1972 2024     53      2      0    .772   1.44   3.94   .928   .762   .392   2.54   .638  -.173   2
  23 ZSD112   1971 2024     54      2      0    .743   1.44   4.04   .918   .765   .357   2.54   .621  -.129   2
  24 ZSD121   1943 2024     82      3      0    .825    .42    .81   .176   .460   .359   2.59   .380  -.037   1
  25 ZSD122   1925 2024    100      3      0    .812    .35    .77   .152   .567   .344   2.56   .386  -.082   1
  26 ZSD131   1898 2024    127      5      0    .802    .93   3.05   .565   .735   .353   2.51   .337  -.059   2
  27 ZSD132   1900 2024    125      4      0    .762    .93   3.35   .570   .735   .343   2.49   .318  -.055   2
  28 ZSD141   1872 2024    153      6      0    .862    .55   1.88   .399   .754   .387   2.57   .414  -.046   1
  29 ZSD142   1866 2024    159      6      0    .868    .59   2.45   .457   .754   .395   2.62   .453  -.043   1
  30 ZSD151   1776 1854     79      3      0    .605    .65   1.73   .342   .579   .410   2.58   .524  -.058   2
  31 ZSD151   1865 2024    160      6      0    .873    .27    .83   .170   .694   .369   2.54   .439  -.085   1
  32 ZSD152   1765 2024    260     10      0    .828    .43   1.65   .331   .747   .413   2.55   .385  -.068   3
  33 ZSD153   1885 2024    140      5      0    .841    .29    .98   .164   .718   .331   2.58   .398   .005   1
  34 ZSD161   1874 1998    125      5      0    .656    .36   1.16   .192   .393   .501   2.58   .397  -.008   1
  35 ZSD162   1874 1988    115      5      0    .701    .39   1.22   .225   .480   .509   2.51   .437  -.010   1
  36 ZSD171   1947 2024     78      3      0    .746   1.17   3.73   .845   .806   .363   2.68   .529  -.084   2
  37 ZSD172   1924 2024    101      4      0    .679   1.16   2.87   .720   .810   .395   2.47   .401  -.003   1
  38 ZSD181   1864 2024    161      6      0    .833   1.00   3.87   .680   .787   .310   2.79   .492  -.070   2
  39 ZSD182   1862 2024    163      6      0    .823    .94   3.12   .570   .748   .324   2.72   .446  -.038   1
  40 ZSD191   1762 2024    263     10      0    .838    .82   3.35   .613   .765   .395   2.64   .475  -.006   1
  41 ZSD192   1819 1869     51      2      0    .724    .65   1.32   .314   .399   .484   2.49   .505   .031   3
  42 ZSD192   1875 2024    150      5      0    .855    .52   1.38   .229   .566   .365   2.65   .418   .003   1
  43 ZSD193   1762 2024    263     10      0    .868    .78   3.21   .539   .741   .399   2.61   .426  -.001   1
  44 ZSD201   1764 2024    261     10      0    .772    .43   1.89   .330   .806   .411   2.56   .318  -.034   1
  45 ZSD202   1769 2024    256     10      0    .784    .41   1.53   .275   .730   .387   2.63   .388  -.019   1
  46 ZSD211   1944 2024     81      3      0    .818    .85   2.18   .535   .811   .378   2.56   .510  -.003   1
  47 ZSD212   1941 2024     84      3      0    .816    .83   2.45   .567   .827   .413   2.73   .485  -.010   1
  48 ZSD221   1875 2024    150      5      0    .728    .86   3.57   .587   .797   .314   2.57   .362   .016   1
PART 7:  DESCRIPTIVE STATISTICS:                                                                   04:00  Fri 26 Jun 2026  Page   7
------------------------------------------------------------------------------------------------------------------------------------

                                                Corr   //-------- Unfiltered --------\\  //---- Filtered -----\\
                           No.    No.    No.    with   Mean   Max     Std   Auto   Mean   Max     Std   Auto  AR
 Seq Series   Interval   Years  Segmt  Flags   Master  msmt   msmt    dev   corr   sens  value    dev   corr  ()
 --- -------- ---------  -----  -----  -----   ------ -----  -----  -----  -----  -----  -----  -----  -----  --
  49 ZSD222   1878 2024    147      5      0    .733    .84   3.28   .567   .811   .298   2.49   .353  -.055   2
 --- -------- ---------  -----  -----  -----   ------ -----  -----  -----  -----  -----  -----  -----  -----  --
 Total or mean:           6688    247      0    .794    .74  18.91   .492   .721   .369   2.82   .416  -.045

                                              - = [  COFECHA VERY COF  ] = -
