[]  Dendrochronology Program Library                                        Run VERY   Program COF  04:00  Fri 26 Jun 2026  Page   1
[]
[]  P R O G R A M      C O F E C H A                                                                          Version 6.06P    33416
------------------------------------------------------------------------------------------------------------------------------------

 QUALITY CONTROL AND DATING CHECK OF TREE-RING MEASUREMENTS

 File of DATED series:   RAW.rwl

 CONTENTS:

    Part 1:  Title page, options selected, summary, absent rings by series
    Part 2:  Histogram of time spans
    Part 3:  Master series with sample depth and absent rings by year
    Part 4:  Bar plot of Master Dating Series
    Part 5:  Correlation by segment of each series with Master
    Part 6:  Potential problems: low correlation, divergent year-to-year changes, absent rings, outliers
    Part 7:  Descriptive statistics

 RUN CONTROL OPTIONS SELECTED                             VALUE

         1  Cubic smoothing spline 50% wavelength cutoff for filtering
                                                            32 years
         2  Segments examined are                           50 years lagged successively by  25 years
         3  Autoregressive model applied                     A  Residuals are used in master dating series and testing
         4  Series transformed to logarithms                 Y  Each series log-transformed for master dating series and testing
         5  CORRELATION is Pearson (parametric, quantitative)
            Critical correlation, 99% confidence level   .3281
         6  Master dating series saved                       N
         7  Ring measurements listed                         N
         8  Parts printed                              1234567 
         9  Absent rings are omitted from master series and segment correlations  (Y)

 Time span of Master dating series is  1762 to  2024   263 years
 Continuous time span is               1762 to  2024   263 years
 Portion with two or more series is    1762 to  2024   263 years


                                        ****************************************
                                        *C* Number of dated series        47 *C*
                                        *O* Master series 1762 2024  263 yrs *O*
                                        *F* Total rings in all series   6641 *F*
                                        *E* Total dated rings checked   6641 *E*
                                        *C* Series intercorrelation     .587 *C*
                                        *H* Average mean sensitivity    .351 *H*
                                        *A* Segments, possible problems   73 *A*
                                        *** Mean length of series      141.3 ***
                                        ****************************************

 ABSENT RINGS listed by SERIES:            (See Master Dating Series for absent rings listed by year)

               No ring measurements of zero value
PART 2:  TIME PLOT OF TREE-RING SERIES:                                                            04:00  Fri 26 Jun 2026  Page   2
------------------------------------------------------------------------------------------------------------------------------------
 1050 1100 1150 1200 1250 1300 1350 1400 1450 1500 1550 1600 1650 1700 1750 1800 1850 1900 1950 2000 2050 Ident   Seq Time-span  Yrs
   :    :    :    :    :    :    :    :    :    :    :    :    :    :    :    :    :    :    :    :    : -------- --- ---- ---- ----
   .    .    .    .    .    .    .    .    .    .    .    .    .    .    .    .    .    .    . <====>  . ZSD011     1 1973 2023   51
   .    .    .    .    .    .    .    .    .    .    .    .    .    .    .    .    .    .    . <====>  . ZSD012     2 1978 2023   46
   .    .    .    .    .    .    .    .    .    .    .    .    .    .    .    .    .    .<===>    .    . ZSD021     3 1914 1957   44
   .    .    .    .    .    .    .    .    .    .    .    .    .    .    .    .    .    .    .<=====>  . ZSD021     4 1960 2023   64
   .    .    .    .    .    .    .    .    .    .    .    .    .    .    .    .    .   <============>  . ZSD022     5 1895 2023  129
   .    .    .    .    .    .    .    .    .    .    .    .    .    .    .    <=====================>  . ZSD031     6 1802 2023  222
   .    .    .    .    .    .    .    .    .    .    .    .    .    .    .    <=====================>  . ZSD032     7 1805 2023  219
   .    .    .    .    .    .    .    .    .    .    .    .    .    .    . <========================>  . ZSD041     8 1776 2023  248
   .    .    .    .    .    .    .    .    .    .    .    .    .    .    . <========================>  . ZSD042     9 1773 2023  251
   .    .    .    .    .    .    .    .    .    .    .    .    .    .    .  <=======================>  . ZSD051    10 1781 2023  243
   .    .    .    .    .    .    .    .    .    .    .    .    .    .    .   <======================>  . ZSD052    11 1793 2024  232
   .    .    .    .    .    .    .    .    .    .    .    .    .    .    .    .    .    .    .  <===>  . ZSD061    12 1988 2024   37
   .    .    .    .    .    .    .    .    .    .    .    .    .    .    .    .    .    .    .  <===>  . ZSD062    13 1987 2023   37
   .    .    .    .    .    .    .    .    .    .    .    .    .    .    .    .    .    .    . <====>  . ZSD071    14 1974 2024   51
   .    .    .    .    .    .    .    .    .    .    .    .    .    .    .    .    .    .    . <====>  . ZSD072    15 1974 2024   51
   .    .    .    .    .    .    .    .    .    .    .    .    .    .    .    .    <================>  . ZSD081    16 1853 2024  172
   .    .    .    .    .    .    .    .    .    .    .    .    .    .    .    .    .   <============>  . ZSD082    17 1893 2024  132
   .    .    .    .    .    .    .    .    .    .    .    .    .    .    .    .    . <==============>  . ZSD091    18 1873 2024  152
   .    .    .    .    .    .    .    .    .    .    .    .    .    .    .    .    . <==============>  . ZSD092    19 1875 2024  150
   .    .    .    .    .    .    .    .    .    .    .    .    .    .    .    .    .    .  <========>  . ZSD101    20 1937 2024   88
   .    .    .    .    .    .    .    .    .    .    .    .    .    .    .    .    .    .<==========>  . ZSD102    21 1916 2024  109
   .    .    .    .    .    .    .    .    .    .    .    .    .    .    .    .    .    .    . <====>  . ZSD111    22 1972 2024   53
   .    .    .    .    .    .    .    .    .    .    .    .    .    .    .    .    .    .    . <====>  . ZSD112    23 1971 2024   54
   .    .    .    .    .    .    .    .    .    .    .    .    .    .    .    .    .    .   <=======>  . ZSD121    24 1943 2024   82
   .    .    .    .    .    .    .    .    .    .    .    .    .    .    .    .    .    . <=========>  . ZSD122    25 1925 2024  100
   .    .    .    .    .    .    .    .    .    .    .    .    .    .    .    .    .   <============>  . ZSD131    26 1898 2024  127
   .    .    .    .    .    .    .    .    .    .    .    .    .    .    .    .    .    <===========>  . ZSD132    27 1900 2024  125
   .    .    .    .    .    .    .    .    .    .    .    .    .    .    .    .    . <==============>  . ZSD141    28 1873 2024  152
   .    .    .    .    .    .    .    .    .    .    .    .    .    .    .    .    .<===============>  . ZSD142    29 1867 2024  158
   .    .    .    .    .    .    .    .    .    .    .    .    .    .    .  <=======================>  . ZSD151    30 1786 2024  239
   .    .    .    .    .    .    .    .    .    .    .    .    .    .    .<=========================>  . ZSD152    31 1767 2024  258
   .    .    .    .    .    .    .    .    .    .    .    .    .    .    .    .    .  <=============>  . ZSD153    32 1885 2024  140
   .    .    .    .    .    .    .    .    .    .    .    .    .    .    .    .    .    <===========>  . ZSD161    33 1903 2024  122
   .    .    .    .    .    .    .    .    .    .    .    .    .    .    .    .    .    .<==========>  . ZSD162    34 1914 2024  111
   .    .    .    .    .    .    .    .    .    .    .    .    .    .    .    .    .    .   <=======>  . ZSD171    35 1947 2024   78
   .    .    .    .    .    .    .    .    .    .    .    .    .    .    .    .    .    . <=========>  . ZSD172    36 1925 2024  100
   .    .    .    .    .    .    .    .    .    .    .    .    .    .    .    .    .<===============>  . ZSD181    37 1864 2024  161
   .    .    .    .    .    .    .    .    .    .    .    .    .    .    .    .    .<===============>  . ZSD182    38 1862 2024  163
   .    .    .    .    .    .    .    .    .    .    .    .    .    .    .<=========================>  . ZSD191    39 1762 2024  263
   .    .    .    .    .    .    .    .    .    .    .    .    .    .    .    . <===================>  . ZSD192    40 1825 2024  200
   .    .    .    .    .    .    .    .    .    .    .    .    .    .    .<=========================>  . ZSD193    41 1762 2024  263
   .    .    .    .    .    .    .    .    .    .    .    .    .    .    . <========================>  . ZSD201    42 1770 2024  255
   .    .    .    .    .    .    .    .    .    .    .    .    .    .    . <========================>  . ZSD202    43 1773 2024  252
   .    .    .    .    .    .    .    .    .    .    .    .    .    .    .    .    .    .   <=======>  . ZSD211    44 1945 2024   80
   .    .    .    .    .    .    .    .    .    .    .    .    .    .    .    .    .    .   <=======>  . ZSD212    45 1943 2024   82
   .    .    .    .    .    .    .    .    .    .    .    .    .    .    .    .    . <==============>  . ZSD221    46 1876 2024  149
   .    .    .    .    .    .    .    .    .    .    .    .    .    .    .    .    . <==============>  . ZSD222    47 1879 2024  146
   :    :    :    :    :    :    :    :    :    :    :    :    :    :    :    :    :    :    :    :    :
 1050 1100 1150 1200 1250 1300 1350 1400 1450 1500 1550 1600 1650 1700 1750 1800 1850 1900 1950 2000 2050
PART 3:  Master Dating Series:                                                                     04:00  Fri 26 Jun 2026  Page   3
------------------------------------------------------------------------------------------------------------------------------------
  Year  Value  No Ab    Year  Value  No Ab    Year  Value  No Ab    Year  Value  No Ab    Year  Value  No Ab    Year  Value  No Ab
  ------------------    ------------------    ------------------    ------------------    ------------------    ------------------
                        1800   .301  10       1850  -.826  13       1900 -2.520  27       1950  -.065  38       2000 -1.491  46
                        1801   .866  10       1851   .032  13       1901  -.919  27       1951 -1.096  38       2001 -1.100  46
                        1802  -.696  11       1852   .512  13       1902   .196  27       1952  -.285  38       2002  -.254  46
                        1803   .683  11       1853   .198  14       1903   .676  28       1953 -1.024  38       2003  -.258  46
                        1804  1.183  11       1854  -.678  14       1904   .407  28       1954  -.483  38       2004   .543  46
                        1805  1.329  12       1855 -2.628  14       1905   .569  28       1955   .002  38       2005   .503  46
                        1806   .823  12       1856 -1.243  14       1906  -.343  28       1956   .393  38       2006  1.745  46
                        1807 -1.285  12       1857   .450  14       1907   .136  28       1957  1.242  38       2007   .972  46
                        1808 -1.442  12       1858  1.469  14       1908   .605  28       1958   .526  37       2008 -2.180  46
                        1809  -.232  12       1859   .291  14       1909   .361  28       1959  1.252  37       2009  -.762  46

                        1810  -.038  12       1860  -.448  14       1910 -1.581  28       1960  1.346  38       2010   .625  46
                        1811  -.918  12       1861   .614  14       1911 -1.152  28       1961  1.422  38       2011   .241  46
  1762   .877   2       1812  -.635  12       1862  1.278  15       1912   .013  28       1962  1.079  38       2012 -2.578  46
  1763 -1.033   2       1813   .205  12       1863   .656  15       1913  1.574  28       1963  -.819  38       2013 -1.755  46
  1764  1.440   2       1814  1.038  12       1864 -1.298  16       1914  2.047  30       1964 -1.371  38       2014   .185  46
  1765  -.420   2       1815  1.453  12       1865  -.274  16       1915  1.170  30       1965 -1.779  38       2015 -1.622  46
  1766   .862   2       1816  1.591  12       1866  -.116  16       1916  1.029  31       1966  -.662  38       2016   .403  46
  1767  1.133   3       1817   .027  12       1867   .219  17       1917  -.206  31       1967 -1.766  38       2017  1.202  46
  1768  1.046   3       1818  -.473  12       1868 -1.708  17       1918 -1.182  31       1968  -.677  38       2018  1.014  46
  1769  -.890   3       1819 -1.074  12       1869  -.177  17       1919 -1.762  31       1969  -.112  38       2019  1.545  46

  1770  -.389   4       1820  -.707  12       1870  1.113  17       1920 -1.606  31       1970   .922  38       2020  -.298  46
  1771 -1.911   4       1821  -.621  12       1871   .943  17       1921  -.972  31       1971   .943  39       2021  1.727  46
  1772 -1.200   4       1822  -.142  12       1872   .801  17       1922   .588  31       1972   .997  40       2022  -.448  46
  1773  -.877   6       1823  -.547  12       1873   .998  19       1923  1.013  31       1973  1.777  41       2023 -1.140  46
  1774   .399   6       1824 -1.110  12       1874   .202  19       1924  1.081  31       1974  1.056  43       2024   .632  36
  1775   .054   6       1825 -1.019  13       1875  -.084  20       1925   .243  33       1975   .172  43
  1776   .087   7       1826   .023  13       1876   .163  21       1926   .745  33       1976   .071  43
  1777   .179   7       1827   .627  13       1877  1.214  21       1927  -.498  33       1977 -1.498  43
  1778  -.087   7       1828   .771  13       1878   .114  21       1928  -.915  33       1978  -.770  44
  1779   .502   7       1829  1.094  13       1879  -.791  22       1929  -.614  33       1979  -.157  44

  1780   .254   7       1830  -.310  13       1880  -.100  22       1930   .294  33       1980   .071  44
  1781  -.014   8       1831 -1.106  13       1881 -1.114  22       1931   .519  33       1981 -1.221  44
  1782   .188   8       1832  -.544  13       1882  -.261  22       1932  -.164  33       1982  -.681  44
  1783   .182   8       1833   .033  13       1883  -.128  22       1933 -1.858  33       1983 -3.127  44
  1784   .998   8       1834   .419  13       1884 -1.515  22       1934 -2.418  33       1984 -1.092  44
  1785  1.171   8       1835   .801  13       1885 -1.945  23       1935 -1.055  33       1985  1.263  44
  1786  -.690   9       1836   .963  13       1886 -1.288  23       1936   .257  33       1986   .169  44
  1787 -1.475   9       1837   .383  13       1887  -.797  23       1937  1.058  34       1987   .552  45
  1788  -.630   9       1838   .437  13       1888  -.124  23       1938  1.453  34       1988   .665  46
  1789   .380   9       1839  -.173  13       1889   .740  23       1939  1.767  34       1989   .662  46

  1790  1.124   9       1840   .574  13       1890  1.298  23       1940  1.233  34       1990  -.156  46
  1791  -.225   9       1841  1.487  13       1891  2.147  23       1941  1.036  34       1991  -.075  46
  1792   .709   9       1842  1.453  13       1892  2.038  23       1942   .431  34       1992   .182  46
  1793  -.876  10       1843  -.561  13       1893  -.229  24       1943   .680  36       1993  1.444  46
  1794  -.161  10       1844 -1.139  13       1894  -.555  24       1944  -.242  36       1994  2.146  46
  1795  -.169  10       1845   .394  13       1895   .688  25       1945 -1.986  37       1995  1.288  46
  1796  -.667  10       1846   .063  13       1896   .275  25       1946 -1.023  37       1996   .873  46
  1797  -.493  10       1847  -.399  13       1897 -1.051  25       1947  -.627  38       1997  -.564  46
  1798  -.351  10       1848   .968  13       1898   .154  26       1948   .969  38       1998  -.317  46
  1799  -.407  10       1849  -.913  13       1899   .690  26       1949  -.054  38       1999 -1.066  46
------------------------------------------------------------------------------------------------------------------------------------
PART 4:  Master Bar Plot:                                                                          04:00  Fri 26 Jun 2026  Page   4
------------------------------------------------------------------------------------------------------------------------------------
   Year Rel value  Year Rel value  Year Rel value  Year Rel value  Year Rel value  Year Rel value  Year Rel value  Year Rel value
                   1800------A     1850--c         1900j           1950----@       2000f
                   1801--------C   1851-----@      1901--d         1951-d          2001-d
                   1802--c         1852-------B    1902------A     1952----a       2002----a
                   1803-------C    1853------A     1903-------C    1953-d          2003----a
                   1804---------E  1854--c         1904------B     1954---b        2004-------B
                   1805----------E 1855k           1905-------B    1955-----@      2005-------B
                   1806--------C   1856-e          1906---a        1956------B     2006----------G
                   1807-e          1857-------B    1907-----A      1957---------E  2007--------D
                   1808f           1858----------F 1908-------B    1958-------B    2008i
                   1809----a       1859------A     1909------A     1959---------E  2009--c
                   1810-----@      1860---b        1910f           1960----------E 2010-------B
                   1811--d         1861-------B    1911-e          1961----------F 2011------A
   1762--------D   1812--c         1862---------E  1912-----@      1962---------D  2012j
   1763-d          1813------A     1863-------C    1913----------F 1963--c         2013g
   1764----------F 1814---------D  1864-e          1914----------H 1964-e          2014------A
   1765---b        1815----------F 1865----a       1915---------E  1965g           2015f
   1766--------C   1816----------F 1866----@       1916---------D  1966--c         2016------B
   1767---------E  1817-----@      1867------A     1917----a       1967g           2017---------E
   1768---------D  1818---b        1868g           1918-e          1968--c         2018---------D
   1769--d         1819-d          1869----a       1919g           1969----@       2019----------F
   1770---b        1820--c         1870---------D  1920f           1970--------D   2020----a
   1771h           1821--b         1871--------D   1921-d          1971--------D   2021----------G
   1772-e          1822----a       1872--------C   1922-------B    1972---------D  2022---b
   1773--d         1823---b        1873---------D  1923---------D  1973----------G 2023-e
   1774------B     1824-d          1874------A     1924---------D  1974---------D  2024-------C
   1775-----@      1825-d          1875----@       1925------A     1975------A
   1776-----@      1826-----@      1876------A     1926--------C   1976-----@
   1777------A     1827-------C    1877---------E  1927---b        1977f
   1778----@       1828--------C   1878-----@      1928--d         1978--c
   1779-------B    1829---------D  1879--c         1929--b         1979----a
   1780------A     1830---a        1880----@       1930------A     1980-----@
   1781-----@      1831-d          1881-d          1931-------B    1981-e
   1782------A     1832---b        1882----a       1932----a       1982--c
   1783------A     1833-----@      1883----a       1933g           1983m
   1784---------D  1834-------B    1884f           1934j           1984-d
   1785---------E  1835--------C   1885h           1935-d          1985---------E
   1786--c         1836--------D   1886-e          1936------A     1986------A
   1787f           1837------B     1887--c         1937---------D  1987-------B
   1788--c         1838-------B    1888----@       1938----------F 1988-------C
   1789------B     1839----a       1889--------C   1939----------G 1989-------C
   1790---------D  1840-------B    1890---------E  1940---------E  1990----a
   1791----a       1841----------F 1891----------I 1941---------D  1991----@
   1792-------C    1842----------F 1892----------H 1942-------B    1992------A
   1793--d         1843---b        1893----a       1943-------C    1993----------F
   1794----a       1844-e          1894---b        1944----a       1994----------I
   1795----a       1845------B     1895-------C    1945h           1995---------E
   1796--c         1846-----@      1896------A     1946-d          1996--------C
   1797---b        1847---b        1897-d          1947--c         1997---b
   1798---a        1848--------D   1898-----A      1948--------D   1998---a
   1799---b        1849--d         1899-------C    1949-----@      1999-d
PART 5:  CORRELATION OF SERIES BY SEGMENTS:                                                        04:00  Fri 26 Jun 2026  Page   5
------------------------------------------------------------------------------------------------------------------------------------
 Correlations of  50-year dated segments, lagged  25 years
 Flags:  A = correlation under   .3281 but highest as dated;  B = correlation higher at other than dated position

 Seq Series  Time_span   1750 1775 1800 1825 1850 1875 1900 1925 1950 1975
                         1799 1824 1849 1874 1899 1924 1949 1974 1999 2024
 --- -------- ---------  ---- ---- ---- ---- ---- ---- ---- ---- ---- ---- ---- ---- ---- ---- ---- ---- ---- ---- ---- ----
   1 ZSD011   1973 2023                                           .69  .68
   2 ZSD012   1978 2023                                                .69
   3 ZSD021   1914 1957                                 .84
   4 ZSD021   1960 2023                                           .74  .78
   5 ZSD022   1895 2023                            .87  .87  .86  .76  .81
   6 ZSD031   1802 2023             .62  .64  .73  .77  .79  .81  .78  .83
   7 ZSD032   1805 2023             .24B .50  .76  .77  .77  .79  .81  .86
   8 ZSD041   1776 2023        .74  .72  .73  .80  .86  .78  .71  .69  .80
   9 ZSD042   1773 2023   .69  .70  .69  .66  .74  .85  .82  .80  .73  .80
  10 ZSD051   1781 2023        .71  .74  .74  .81  .81  .76  .75  .82  .83
  11 ZSD052   1793 2024        .74  .80  .79  .86  .83  .72  .71  .82  .85
  12 ZSD061   1988 2024                                                .80
  13 ZSD062   1987 2023                                                .76
  14 ZSD071   1974 2024                                           .33B .34B
  15 ZSD072   1974 2024                                           .40B .41
  16 ZSD081   1853 2024                       .41B .68  .66  .62  .68  .80
  17 ZSD082   1893 2024                            .71  .72  .67  .70  .75
  18 ZSD091   1873 2024                       .74  .75  .74  .66  .73  .77
  19 ZSD092   1875 2024                            .20B .27B .30B .28B .27B
  20 ZSD101   1937 2024                                      .31B .24B .12B
  21 ZSD102   1916 2024                                 .27B .29B .32B .10B
  22 ZSD111   1972 2024                                           .72  .78
  23 ZSD112   1971 2024                                           .67  .78
  24 ZSD121   1943 2024                                      .80  .84  .79
  25 ZSD122   1925 2024                                      .76  .83  .80
  26 ZSD131   1898 2024                            .83  .82  .84  .84  .79
  27 ZSD132   1900 2024                                 .74  .81  .81  .78
  28 ZSD141   1873 2024                       .26B .29B .34B .40B .08B .23B
  29 ZSD142   1867 2024                       .15B .21B .30B .40B .11B .22B
  30 ZSD151   1786 2024        .07B .16B .20B .61  .85  .87  .85  .87  .80
  31 ZSD152   1767 2024  -.02B-.06B .15B .11B .35B .82  .84  .81  .85  .88
  32 ZSD153   1885 2024                            .79  .79  .82  .82  .79
  33 ZSD161   1903 2024                                -.27B-.27B-.34B-.08B
  34 ZSD162   1914 2024                                 .00B-.07B .05B .16B
  35 ZSD171   1947 2024                                      .70  .70  .69
  36 ZSD172   1925 2024                                      .32B .66  .70
  37 ZSD181   1864 2024                       .77  .79  .78  .70  .77  .84
  38 ZSD182   1862 2024                       .71  .82  .77  .73  .80  .84
  39 ZSD191   1762 2024   .71  .74  .79  .77  .81  .84  .88  .87  .82  .83
  40 ZSD192   1825 2024                  .11B .33  .86  .87  .86  .83  .82
  41 ZSD193   1762 2024   .74  .76  .78  .79  .85  .87  .90  .86  .85  .84
  42 ZSD201   1770 2024  -.10B-.05B-.04B-.03B .00B-.09B-.05B .22B .24B .43
  43 ZSD202   1773 2024  -.14B-.12B-.02B-.13B-.04B .22B .26B .35B .61  .71
  44 ZSD211   1945 2024                                      .44  .58  .79
  45 ZSD212   1943 2024                                     -.01B .17B .24B
  46 ZSD221   1876 2024                            .31B .26B .30B .48  .80
  47 ZSD222   1879 2024                            .23B .28B .30B .41  .73
 Av segment correlation   .31  .42  .47  .45  .56  .64  .59  .57  .59  .65
PART 6:  POTENTIAL PROBLEMS:                                                                       04:00  Fri 26 Jun 2026  Page   5
------------------------------------------------------------------------------------------------------------------------------------

 For each series with potential problems the following diagnostics may appear:

 [A] Correlations with master dating series of flagged  50-year segments of series filtered with  32-year spline,
     at every point from ten years earlier (-10) to ten years later (+10) than dated

 [B] Effect of those data values which most lower or raise correlation with master series
     Symbol following year indicates value in series is greater (>) or lesser (<) than master series value

 [C] Year-to-year changes very different from the mean change in other series

 [D] Absent rings (zero values)

 [E] Values which are statistical outliers from mean for the year
 ===================================================================================================================================

 ZSD011    1973 to  2023      51 years                                                                                    Series   1

 [B] Entire series, effect on correlation (  .692) is:
       Lower   1983> -.015   1986> -.015   2013> -.011   2020> -.010   1978> -.010   2004< -.009  Higher   2012  .057   2008  .039

 ===================================================================================================================================

 ZSD012    1978 to  2023      46 years                                                                                    Series   2

 [B] Entire series, effect on correlation (  .693) is:
       Lower   2020> -.030   1987< -.017   1986> -.016   1996< -.016   1979< -.012   1978> -.006  Higher   2012  .062   2008  .051

 ===================================================================================================================================

 ZSD021    1914 to  1957      44 years                                                                                    Series   3

 [B] Entire series, effect on correlation (  .835) is:
       Lower   1951< -.016   1949< -.014   1950> -.014   1934> -.009   1914< -.007   1920> -.007  Higher   1945  .019   1933  .018

 ===================================================================================================================================

 ZSD021    1960 to  2023      64 years                                                                                    Series   4

 [B] Entire series, effect on correlation (  .799) is:
       Lower   1995< -.029   1990< -.021   1983> -.013   1986> -.009   1996< -.009   1964> -.007  Higher   2012  .029   2008  .016

 ===================================================================================================================================

 ZSD022    1895 to  2023     129 years                                                                                    Series   5

 [B] Entire series, effect on correlation (  .818) is:
       Lower   1900< -.013   2022> -.011   1986> -.008   1951< -.005   1983> -.005   2016< -.004  Higher   2012  .009   2008  .004

 ===================================================================================================================================

 ZSD031    1802 to  2023     222 years                                                                                    Series   6

 [B] Entire series, effect on correlation (  .748) is:
       Lower   1860> -.010   1988< -.008   1844> -.007   1802> -.007   1903< -.006   1964> -.005  Higher   1900  .018   2008  .008

 ===================================================================================================================================

 ZSD032    1805 to  2023     219 years                                                                                    Series   7

 [A] Segment   High   -10   -9   -8   -7   -6   -5   -4   -3   -2   -1   +0   +1   +2   +3   +4   +5   +6   +7   +8   +9  +10
    ---------  ----   ---  ---  ---  ---  ---  ---  ---  ---  ---  ---  ---  ---  ---  ---  ---  ---  ---  ---  ---  ---  ---
    1805 1854   -1    .09 -.07  .03  .01  .00 -.17 -.23  .04  .17  .47* .24|-.14 -.35  .01  .05  .15  .11 -.27 -.18  .01  .15

 [B] Entire series, effect on correlation (  .696) is:
       Lower   1807> -.013   1843> -.010   1831< -.009   1824> -.008   1817> -.008   1830> -.007  Higher   1900  .022   2008  .012
     1805 to 1854 segment:
       Lower   1807> -.047   1843> -.040   1824> -.035   1817> -.032   1830> -.027   1833< -.021  Higher   1849  .080   1808  .034

 ===================================================================================================================================

 ZSD041    1776 to  2023     248 years                                                                                    Series   8

 [B] Entire series, effect on correlation (  .764) is:
       Lower   1970< -.008   1843> -.006   1945< -.005   1808> -.005   1996< -.005   1844< -.004  Higher   1900  .016   2012  .007

 ===================================================================================================================================

 ZSD042    1773 to  2023     251 years                                                                                    Series   9

 [B] Entire series, effect on correlation (  .764) is:
       Lower   1863< -.015   1983> -.006   1843> -.004   1998> -.004   1808> -.004   1865> -.003  Higher   1900  .016   2012  .011

 ===================================================================================================================================

 ZSD051    1781 to  2023     243 years                                                                                    Series  10

 [B] Entire series, effect on correlation (  .773) is:
       Lower   1844> -.009   1782< -.007   1940< -.006   1894> -.004   1808> -.004   2022> -.004  Higher   1900  .015   2012  .010

 ===================================================================================================================================

 ZSD052    1793 to  2024     232 years                                                                                    Series  11

 [B] Entire series, effect on correlation (  .797) is:
       Lower   1944< -.010   1860> -.005   1796> -.004   1844> -.004   1967> -.004   2015> -.004  Higher   1900  .014   2012  .010

 ===================================================================================================================================

 ZSD061    1988 to  2024      37 years                                                                                    Series  12

 [B] Entire series, effect on correlation (  .804) is:
       Lower   2020< -.032   1996< -.024   2013> -.017   2015> -.011   2009> -.006   2023> -.005  Higher   2012  .049   2008  .042

 ===================================================================================================================================

 ZSD062    1987 to  2023      37 years                                                                                    Series  13

 [B] Entire series, effect on correlation (  .760) is:
       Lower   1996< -.035   1987< -.030   2013> -.020   2015> -.019   2023> -.011   2004< -.007  Higher   2008  .054   2012  .053

 ===================================================================================================================================

 ZSD071    1974 to  2024      51 years                                                                                    Series  14

 [A] Segment   High   -10   -9   -8   -7   -6   -5   -4   -3   -2   -1   +0   +1   +2   +3   +4   +5   +6   +7   +8   +9  +10
    ---------  ----   ---  ---  ---  ---  ---  ---  ---  ---  ---  ---  ---  ---  ---  ---  ---  ---  ---  ---  ---  ---  ---
    1974 2023   -1   -.08 -.12 -.05 -.17 -.26 -.10 -.22 -.09  .06  .42* .33|-.16    -    -    -    -    -    -    -    -    -
    1975 2024   -1   -.04 -.13 -.03 -.11 -.25 -.08 -.27 -.06  .01  .37* .34|   -    -    -    -    -    -    -    -    -    -

 [B] Entire series, effect on correlation (  .340) is:
       Lower   2009< -.059   2008> -.055   2022> -.022   1981> -.018   1993< -.015   1978< -.011  Higher   1985  .029   2021  .027
     1974 to 2023 segment:
       Lower   2009< -.059   2008> -.056   2022> -.023   1981> -.018   1993< -.014   1978< -.011  Higher   1985  .031   2021  .030
     1975 to 2024 segment:
       Lower   2009< -.060   2008> -.056   2022> -.023   1981> -.019   1993< -.014   1978< -.011  Higher   1985  .030   2021  .029

 [C] Year-to-year changes diverging by over 4.0 std deviations:
       2008 2009  -4.1 SD

 [E] Outliers     1   3.0 SD above or -4.5 SD below mean for year
       2008 +3.3 SD
 ===================================================================================================================================

 ZSD072    1974 to  2024      51 years                                                                                    Series  15

 [A] Segment   High   -10   -9   -8   -7   -6   -5   -4   -3   -2   -1   +0   +1   +2   +3   +4   +5   +6   +7   +8   +9  +10
    ---------  ----   ---  ---  ---  ---  ---  ---  ---  ---  ---  ---  ---  ---  ---  ---  ---  ---  ---  ---  ---  ---  ---
    1974 2023   -1   -.05 -.12 -.09 -.20 -.28 -.10 -.20 -.08  .05  .41* .40|-.14    -    -    -    -    -    -    -    -    -

 [B] Entire series, effect on correlation (  .415) is:
       Lower   2009< -.087   2008> -.056   1981> -.019   1990> -.013   2004< -.010   1978< -.009  Higher   2021  .030   1985  .026
     1974 to 2023 segment:
       Lower   2009< -.088   2008> -.057   1981> -.020   1990> -.014   2004< -.010   1978< -.009  Higher   2021  .032   1985  .028

 [E] Outliers     1   3.0 SD above or -4.5 SD below mean for year
       2008 +3.3 SD
 ===================================================================================================================================

 ZSD081    1853 to  2024     172 years                                                                                    Series  16

 [A] Segment   High   -10   -9   -8   -7   -6   -5   -4   -3   -2   -1   +0   +1   +2   +3   +4   +5   +6   +7   +8   +9  +10
    ---------  ----   ---  ---  ---  ---  ---  ---  ---  ---  ---  ---  ---  ---  ---  ---  ---  ---  ---  ---  ---  ---  ---
    1853 1902   -1   -.04 -.09 -.29  .03 -.04 -.08 -.09  .00 -.09  .50* .41| .00 -.29  .25  .15 -.28 -.20 -.04 -.05 -.24 -.08

 [B] Entire series, effect on correlation (  .623) is:
       Lower   1856< -.026   1865< -.020   1925< -.017   1855> -.014   1904< -.007   1878> -.007  Higher   2012  .020   2008  .012
     1853 to 1902 segment:
       Lower   1856< -.072   1865< -.060   1855> -.036   1882< -.019   1878> -.018   1859> -.017  Higher   1900  .063   1891  .033

 [C] Year-to-year changes diverging by over 4.0 std deviations:
       1855 1856  -4.6 SD

 [E] Outliers     1   3.0 SD above or -4.5 SD below mean for year
       1855 +3.2 SD
 ===================================================================================================================================

 ZSD082    1893 to  2024     132 years                                                                                    Series  17

 [B] Entire series, effect on correlation (  .722) is:
       Lower   1925< -.018   2020> -.017   1904< -.008   1983> -.007   1934> -.006   1940< -.006  Higher   1900  .019   2012  .018

 ===================================================================================================================================

 ZSD091    1873 to  2024     152 years                                                                                    Series  18

 [B] Entire series, effect on correlation (  .728) is:
       Lower   1940< -.028   1955< -.013   2013> -.008   1882> -.008   2005< -.006   1875< -.006  Higher   1900  .016   2008  .015

 ===================================================================================================================================

 ZSD092    1875 to  2024     150 years                                                                                    Series  19

 [A] Segment   High   -10   -9   -8   -7   -6   -5   -4   -3   -2   -1   +0   +1   +2   +3   +4   +5   +6   +7   +8   +9  +10
    ---------  ----   ---  ---  ---  ---  ---  ---  ---  ---  ---  ---  ---  ---  ---  ---  ---  ---  ---  ---  ---  ---  ---
    1875 1924   -1    .11 -.15  .03 -.05 -.17 -.15 -.12 -.18  .13  .72* .20|-.24 -.01 -.13 -.28 -.08 -.04 -.05  .22  .15 -.03
    1900 1949   -1    .06 -.09  .03 -.05 -.21 -.31 -.25 -.10  .12  .79* .27|-.02 -.35 -.14 -.06 -.13 -.08 -.17  .19  .08  .16
    1925 1974   -1   -.03 -.15 -.17 -.19 -.31 -.11 -.19  .21  .25  .77* .30| .14 -.22 -.21 -.05 -.32 -.21 -.36 -.02 -.15  .05
    1950 1999   -1   -.02 -.15 -.25 -.02 -.10 -.09  .12  .32  .15  .78* .28| .16  .10 -.21 -.23 -.28 -.31 -.40 -.05 -.08  .01
    1975 2024   -1    .24 -.08 -.08  .08 -.14 -.09  .08 -.10  .02  .35* .27|   -    -    -    -    -    -    -    -    -    -

 [B] Entire series, effect on correlation (  .260) is:
       Lower   1893> -.018   1941< -.016   1900> -.015   1983> -.014   1876< -.013   1987< -.013  Higher   2022  .028   2021  .016
     1875 to 1924 segment:
       Lower   1893> -.059   1876< -.047   1900> -.040   1898< -.017   1878> -.013   1883> -.013  Higher   1914  .047   1891  .034
     1900 to 1949 segment:
       Lower   1941< -.064   1900> -.053   1949> -.041   1927> -.023   1907< -.009   1910> -.007  Higher   1914  .043   1934  .030
     1925 to 1974 segment:
       Lower   1941< -.074   1949> -.053   1927> -.030   1953> -.012   1956< -.011   1937< -.009  Higher   1934  .037   1963  .023
     1950 to 1999 segment:
       Lower   1983> -.061   1987< -.061   1986> -.021   1997> -.020   1977> -.015   1953> -.012  Higher   1994  .027   1963  .023
     1975 to 2024 segment:
       Lower   1983> -.040   2009< -.032   2008> -.030   1987< -.029   2012> -.027   2015> -.023  Higher   2022  .064   2021  .041

 [C] Year-to-year changes diverging by over 4.0 std deviations:
       2008 2009  -5.2 SD

 [E] Outliers     1   3.0 SD above or -4.5 SD below mean for year
       2009 -4.7 SD
 ===================================================================================================================================

 ZSD101    1937 to  2024      88 years                                                                                    Series  20

 [A] Segment   High   -10   -9   -8   -7   -6   -5   -4   -3   -2   -1   +0   +1   +2   +3   +4   +5   +6   +7   +8   +9  +10
    ---------  ----   ---  ---  ---  ---  ---  ---  ---  ---  ---  ---  ---  ---  ---  ---  ---  ---  ---  ---  ---  ---  ---
    1937 1986   -2   -.10 -.06 -.06 -.26 -.24 -.36  .04  .05  .69* .35  .31|-.01  .01 -.03 -.17 -.18 -.35 -.06 -.14 -.13  .04
    1950 1999   -2   -.16 -.25 -.03 -.18 -.15 -.25  .06  .12  .63* .35  .24| .12  .01 -.04 -.18 -.08 -.29 -.07 -.33 -.15  .21
    1975 2024   -2   -.10 -.30  .16 -.01 -.19  .07 -.25  .21  .31*-.10  .12|   -    -    -    -    -    -    -    -    -    -

 [B] Entire series, effect on correlation (  .206) is:
       Lower   2012> -.046   2006< -.028   1985< -.024   1997> -.017   2010< -.017   2011< -.015  Higher   2020  .037   2021  .026
     1937 to 1986 segment:
       Lower   1985< -.065   1963> -.035   1949> -.033   1950> -.017   1937< -.017   1942< -.015  Higher   1983  .038   1965  .035
     1950 to 1999 segment:
       Lower   1985< -.066   1994< -.038   1997> -.038   1963> -.029   1998< -.016   1999> -.016  Higher   1983  .052   1953  .048
     1975 to 2024 segment:
       Lower   2012> -.065   2006< -.040   1985< -.034   2010< -.024   1997> -.022   2011< -.021  Higher   2020  .067   2021  .049

 [C] Year-to-year changes diverging by over 4.0 std deviations:
       2011 2012   6.5 SD

 [E] Outliers     1   3.0 SD above or -4.5 SD below mean for year
       2011 -6.4 SD
 ===================================================================================================================================

 ZSD102    1916 to  2024     109 years                                                                                    Series  21

 [A] Segment   High   -10   -9   -8   -7   -6   -5   -4   -3   -2   -1   +0   +1   +2   +3   +4   +5   +6   +7   +8   +9  +10
    ---------  ----   ---  ---  ---  ---  ---  ---  ---  ---  ---  ---  ---  ---  ---  ---  ---  ---  ---  ---  ---  ---  ---
    1916 1965   -2    .19  .07  .06 -.21 -.32 -.46 -.17  .02  .66* .46  .27|-.09 -.15 -.01 -.27 -.15 -.32 -.04 -.09 -.04  .15
    1925 1974   -2   -.04 -.06 -.01 -.28 -.22 -.44 -.04  .07  .69* .45  .29|-.07 -.12  .01 -.27 -.17 -.38 -.18 -.15 -.04  .13
    1950 1999   -2   -.25 -.22 -.09 -.23 -.13 -.25  .11  .14  .69* .40  .32| .17 -.03 -.08 -.21 -.09 -.30 -.10 -.27 -.14  .16
    1975 2024   -3   -.13 -.21  .16 -.11 -.12 -.01 -.13  .28* .17 -.06  .10|   -    -    -    -    -    -    -    -    -    -

 [B] Entire series, effect on correlation (  .184) is:
       Lower   2011< -.046   2012> -.033   2008> -.023   1985< -.015   2006< -.014   1949> -.014  Higher   2020  .029   2021  .021
     1916 to 1965 segment:
       Lower   1949> -.045   1963> -.044   1922< -.030   1945> -.029   1942< -.027   1951> -.017  Higher   1965  .041   1953  .039
     1925 to 1974 segment:
       Lower   1949> -.051   1963> -.048   1945> -.030   1942< -.026   1951> -.018   1928> -.018  Higher   1965  .046   1953  .044
     1950 to 1999 segment:
       Lower   1985< -.062   1997> -.052   1963> -.047   1975> -.017   1951> -.017   1955< -.015  Higher   1983  .064   1965  .042
     1975 to 2024 segment:
       Lower   2011< -.060   2012> -.052   2008> -.036   1985< -.022   1997> -.021   2005< -.019  Higher   2020  .057   2021  .042

 [C] Year-to-year changes diverging by over 4.0 std deviations:
       2010 2011  -4.2 SD    2011 2012   6.4 SD

 [E] Outliers     1   3.0 SD above or -4.5 SD below mean for year
       2011 -6.1 SD
 ===================================================================================================================================

 ZSD111    1972 to  2024      53 years                                                                                    Series  22

 [B] Entire series, effect on correlation (  .735) is:
       Lower   1974< -.048   1996< -.027   2013> -.020   1984> -.012   1986> -.009   1997> -.009  Higher   2012  .034   1983  .034

 ===================================================================================================================================

 ZSD112    1971 to  2024      54 years                                                                                    Series  23

 [B] Entire series, effect on correlation (  .697) is:
       Lower   1974< -.084   2013> -.017   1986> -.014   1984> -.013   1996< -.011   1990> -.005  Higher   2012  .046   2008  .044

 ===================================================================================================================================

 ZSD121    1943 to  2024      82 years                                                                                    Series  24

 [B] Entire series, effect on correlation (  .792) is:
       Lower   2020> -.010   2007< -.010   1947> -.008   2008> -.006   2024< -.005   2016< -.004  Higher   2006  .008   1985  .006

 ===================================================================================================================================

 ZSD122    1925 to  2024     100 years                                                                                    Series  25

 [B] Entire series, effect on correlation (  .784) is:
       Lower   1958< -.017   2008> -.012   1949< -.010   2022> -.007   1925> -.007   2012> -.006  Higher   2015  .008   1945  .008

 ===================================================================================================================================

 ZSD131    1898 to  2024     127 years                                                                                    Series  26

 [B] Entire series, effect on correlation (  .805) is:
       Lower   1983< -.013   2008> -.010   2007< -.007   1916< -.006   1925> -.004   2023> -.004  Higher   1900  .013   2015  .006

 [E] Outliers     1   3.0 SD above or -4.5 SD below mean for year
       1983 -4.7 SD
 ===================================================================================================================================

 ZSD132    1900 to  2024     125 years                                                                                    Series  27

 [B] Entire series, effect on correlation (  .765) is:
       Lower   1983< -.016   1900> -.014   1916< -.008   1940< -.006   2007< -.006   2008> -.006  Higher   2015  .007   2021  .007

 [E] Outliers     1   3.0 SD above or -4.5 SD below mean for year
       1983 -5.0 SD
 ===================================================================================================================================

 ZSD141    1873 to  2024     152 years                                                                                    Series  28

 [A] Segment   High   -10   -9   -8   -7   -6   -5   -4   -3   -2   -1   +0   +1   +2   +3   +4   +5   +6   +7   +8   +9  +10
    ---------  ----   ---  ---  ---  ---  ---  ---  ---  ---  ---  ---  ---  ---  ---  ---  ---  ---  ---  ---  ---  ---  ---
    1873 1922   -1   -.05 -.12  .09  .07 -.22 -.20 -.03 -.15 -.12  .82* .26|-.08  .01  .15 -.24 -.16  .08 -.19 -.11  .21 -.06
    1875 1924   -1    .04 -.07  .11  .07 -.21 -.23 -.10 -.20 -.13  .82* .29|-.07  .01  .12 -.26 -.16  .09 -.15 -.10  .17 -.08
    1900 1949   -1    .06 -.02  .18  .03 -.22 -.29 -.31 -.23  .00  .85* .34| .15 -.14 -.13 -.24 -.17 -.16 -.08  .11  .19  .09
    1925 1974   -1    .01 -.17 -.13 -.26 -.17 -.14 -.34  .02  .12  .82* .40| .42 -.02  .04 -.09 -.29 -.28 -.40 -.11 -.35 -.05
    1950 1999   -1    .17 -.14 -.06 -.01 -.01 -.11 -.03  .12 -.13  .81* .08| .09  .09  .02 -.11 -.19 -.22 -.29  .05 -.31 -.09
    1975 2024   -1    .20 -.21 -.02  .14 -.07  .01 -.01  .08 -.10  .57* .23|   -    -    -    -    -    -    -    -    -    -

 [B] Entire series, effect on correlation (  .292) is:
       Lower   1900> -.038   1987< -.024   1984< -.020   1983> -.017   1893> -.014   1986> -.011  Higher   2021  .014   2015  .013
     1873 to 1922 segment:
       Lower   1900> -.134   1893> -.045   1901< -.027   1878> -.020   1917> -.014   1907< -.011  Higher   1914  .045   1892  .026
     1875 to 1924 segment:
       Lower   1900> -.138   1893> -.046   1901< -.030   1878> -.020   1917> -.015   1907< -.010  Higher   1914  .043   1892  .025
     1900 to 1949 segment:
       Lower   1900> -.154   1901< -.044   1949> -.028   1941< -.015   1917> -.015   1907< -.012  Higher   1914  .042   1934  .031
     1925 to 1974 segment:
       Lower   1949> -.039   1963> -.033   1951> -.029   1952< -.019   1953> -.019   1941< -.018  Higher   1934  .038   1964  .031
     1950 to 1999 segment:
       Lower   1987< -.046   1983> -.039   1977> -.027   1986> -.026   1981> -.021   1963> -.018  Higher   1964  .050   1994  .041
     1975 to 2024 segment:
       Lower   1987< -.058   1984< -.046   1983> -.039   1977> -.024   1986> -.023   1981> -.018  Higher   2021  .040   2015  .033

 [C] Year-to-year changes diverging by over 4.0 std deviations:
       1900 1901  -4.4 SD    1983 1984  -6.1 SD

 [E] Outliers     3   3.0 SD above or -4.5 SD below mean for year
       1900 +4.0 SD;    1983 +3.6 SD;    1984 -4.8 SD
 ===================================================================================================================================

 ZSD142    1867 to  2024     158 years                                                                                    Series  29

 [A] Segment   High   -10   -9   -8   -7   -6   -5   -4   -3   -2   -1   +0   +1   +2   +3   +4   +5   +6   +7   +8   +9  +10
    ---------  ----   ---  ---  ---  ---  ---  ---  ---  ---  ---  ---  ---  ---  ---  ---  ---  ---  ---  ---  ---  ---  ---
    1867 1916   -1    .00 -.16  .00  .05 -.23  .00 -.01 -.23 -.12  .83* .15|-.16  .02  .14 -.24  .00  .20 -.23 -.19  .14 -.07
    1875 1924   -1    .04 -.09  .12  .09 -.27 -.18 -.08 -.24 -.13  .81* .21|-.10  .04  .10 -.26 -.07  .15 -.16 -.11  .18 -.08
    1900 1949   -1    .06  .00  .22  .03 -.31 -.26 -.30 -.26  .02  .86* .30| .11 -.18 -.15 -.20 -.05 -.13 -.07  .10  .16  .06
    1925 1974   -1   -.01 -.13 -.12 -.22 -.19 -.14 -.33  .05  .13  .82* .40| .36 -.08  .02 -.09 -.28 -.27 -.33 -.12 -.29 -.06
    1950 1999   -1    .09 -.17 -.08 -.01 -.08 -.08 -.07  .17 -.06  .83* .11| .11  .04 -.03 -.12 -.20 -.22 -.30  .02 -.24 -.06
    1975 2024   -1    .15 -.25 -.03  .13 -.12  .05 -.05  .12 -.05  .61* .22|   -    -    -    -    -    -    -    -    -    -

 [B] Entire series, effect on correlation (  .261) is:
       Lower   1900> -.041   1983> -.018   1893> -.016   1977> -.012   1984< -.012   1987< -.011  Higher   2015  .021   2021  .015
     1867 to 1916 segment:
       Lower   1900> -.133   1893> -.051   1891< -.022   1878> -.019   1869< -.015   1906> -.011  Higher   1914  .044   1892  .026
     1875 to 1924 segment:
       Lower   1900> -.149   1893> -.054   1891< -.025   1878> -.020   1917> -.013   1906> -.012  Higher   1914  .044   1892  .026
     1900 to 1949 segment:
       Lower   1900> -.169   1949> -.028   1901< -.024   1913< -.016   1941< -.014   1917> -.013  Higher   1914  .040   1934  .034
     1925 to 1974 segment:
       Lower   1963> -.041   1949> -.039   1951> -.026   1952< -.024   1927> -.016   1941< -.015  Higher   1934  .035   1964  .031
     1950 to 1999 segment:
       Lower   1983> -.053   1977> -.037   1986> -.026   1987< -.026   1963> -.025   1951> -.016  Higher   1964  .052   1994  .048
     1975 to 2024 segment:
       Lower   1983> -.044   1984< -.031   1977> -.029   1987< -.027   1986> -.020   2012> -.016  Higher   2015  .053   2021  .043

 [C] Year-to-year changes diverging by over 4.0 std deviations:
       1900 1901  -4.0 SD    1983 1984  -5.5 SD    2012 2013  -4.1 SD

 [E] Outliers     2   3.0 SD above or -4.5 SD below mean for year
       1900 +4.1 SD;    1983 +3.6 SD
 ===================================================================================================================================

 ZSD151    1786 to  2024     239 years                                                                                    Series  30

 [A] Segment   High   -10   -9   -8   -7   -6   -5   -4   -3   -2   -1   +0   +1   +2   +3   +4   +5   +6   +7   +8   +9  +10
    ---------  ----   ---  ---  ---  ---  ---  ---  ---  ---  ---  ---  ---  ---  ---  ---  ---  ---  ---  ---  ---  ---  ---
    1786 1835  -10    .36* .05 -.19  .01  .21  .03 -.22 -.15 -.06 -.15  .07| .02  .07  .11  .26 -.04 -.09 -.23 -.22  .06  .06
    1800 1849  -10    .54* .22 -.06 -.15  .07  .03 -.09 -.19 -.21 -.10  .16| .02 -.03  .27  .19 -.11 -.10 -.17 -.22 -.05 -.08
    1825 1874  -10    .46* .26 -.14 -.25 -.01  .00  .36  .01 -.22 -.12  .20| .02  .00  .16  .08 -.35 -.13  .11 -.03 -.14 -.07

 [B] Entire series, effect on correlation (  .621) is:
       Lower   1853< -.015   1855> -.013   1789< -.012   1827< -.011   1825> -.010   1840< -.009  Higher   2012  .020   1900  .016
     1786 to 1835 segment:
       Lower   1789< -.048   1827< -.044   1825> -.039   1829< -.026   1792< -.025   1787> -.025  Higher   1807  .080   1793  .042
     1800 to 1849 segment:
       Lower   1827< -.048   1825> -.045   1840< -.040   1829< -.029   1824> -.025   1811> -.024  Higher   1807  .082   1816  .031
     1825 to 1874 segment:
       Lower   1855> -.046   1825> -.040   1827< -.040   1853< -.037   1840< -.034   1829< -.025  Higher   1868  .102   1858  .030

 [E] Outliers     2   3.0 SD above or -4.5 SD below mean for year
       1825 +3.2 SD;    1855 +3.2 SD
 ===================================================================================================================================

 ZSD152    1767 to  2024     258 years                                                                                    Series  31

 [A] Segment   High   -10   -9   -8   -7   -6   -5   -4   -3   -2   -1   +0   +1   +2   +3   +4   +5   +6   +7   +8   +9  +10
    ---------  ----   ---  ---  ---  ---  ---  ---  ---  ---  ---  ---  ---  ---  ---  ---  ---  ---  ---  ---  ---  ---  ---
    1767 1816   -2      -    -    -    -    - -.13 -.07 -.05  .41* .22 -.02|-.19 -.10  .00  .13 -.29 -.09  .00 -.05  .31 -.07
    1775 1824    9   -.01 -.04 -.26 -.05 -.01 -.18 -.10 -.05  .24  .34 -.06|-.22 -.06  .11  .13 -.30 -.08 -.05 -.04  .35*-.04
    1800 1849   -1   -.02 -.08 -.08  .00 -.04 -.17 -.11 -.18 -.10  .74* .15|-.25  .00  .08 -.19  .22  .01 -.14 -.09  .13  .05
    1825 1874   -1   -.01 -.09 -.10 -.01 -.07  .10 -.15 -.29 -.08  .82* .11|-.27 -.18  .23 -.07  .16 -.02 -.18 -.05  .09 -.05
    1850 1899   -1   -.08 -.06 -.21 -.12 -.04  .10 -.17 -.07 -.02  .59* .35| .01 -.26  .21  .20 -.16 -.24 -.11 -.11 -.05 -.18

 [B] Entire series, effect on correlation (  .504) is:
       Lower   1844< -.018   1769> -.017   1865< -.016   1784< -.015   1869< -.015   1849> -.014  Higher   1983  .021   1900  .019
     1767 to 1816 segment:
       Lower   1784< -.059   1807> -.041   1786> -.035   1803< -.034   1769> -.028   1791> -.018  Higher   1771  .068   1808  .059
     1775 to 1824 segment:
       Lower   1784< -.071   1807> -.049   1786> -.041   1803< -.040   1791> -.021   1817> -.013  Higher   1808  .076   1816  .049
     1800 to 1849 segment:
       Lower   1849> -.063   1807> -.056   1843> -.039   1803< -.036   1830> -.019   1817> -.015  Higher   1808  .044   1816  .030
     1825 to 1874 segment:
       Lower   1849> -.052   1869< -.037   1843> -.032   1865< -.032   1859> -.026   1830> -.016  Higher   1858  .025   1855  .025
     1850 to 1899 segment:
       Lower   1865< -.067   1869< -.067   1859> -.036   1864> -.023   1854> -.019   1851< -.019  Higher   1891  .040   1884  .030

 [C] Year-to-year changes diverging by over 4.0 std deviations:
       1864 1865  -4.2 SD    1868 1869  -4.3 SD

 [E] Outliers     2   3.0 SD above or -4.5 SD below mean for year
       1784 -4.6 SD;    1807 +3.2 SD
 ===================================================================================================================================

 ZSD153    1885 to  2024     140 years                                                                                    Series  32

 [B] Entire series, effect on correlation (  .799) is:
       Lower   1916< -.007   2008> -.006   1992< -.005   1928> -.005   2014< -.005   2009> -.003  Higher   1983  .012   2012  .009

 ===================================================================================================================================

 ZSD161    1903 to  2024     122 years                                                                                    Series  33

 [A] Segment   High   -10   -9   -8   -7   -6   -5   -4   -3   -2   -1   +0   +1   +2   +3   +4   +5   +6   +7   +8   +9  +10
    ---------  ----   ---  ---  ---  ---  ---  ---  ---  ---  ---  ---  ---  ---  ---  ---  ---  ---  ---  ---  ---  ---  ---
    1903 1952   -1    .15 -.29 -.17  .03 -.23 -.03  .16  .20  .19  .21*-.27|-.13 -.19 -.10 -.23  .05  .17  .19  .13 -.11  .14
    1925 1974    6    .11  .04  .16  .17 -.08  .04 -.04  .17  .03 -.05 -.27|-.16 -.13  .10 -.03  .05  .22* .09  .04  .06  .11
    1950 1999    6    .13  .19  .20  .22 -.15 -.09 -.04  .00 -.04 -.18 -.34|-.16 -.15  .06  .02  .21  .33* .30  .05 -.02  .11
    1975 2024   -4   -.05 -.04 -.19 -.09 -.05 -.08  .15* .02  .07  .04 -.08|   -    -    -    -    -    -    -    -    -    -

 [B] Entire series, effect on correlation ( -.191) is:
       Lower   1993< -.017   1913< -.017   1961< -.017   1994< -.016   1922< -.014   2024< -.014  Higher   2015  .045   2012  .025
     1903 to 1952 segment:
       Lower   1913< -.049   1922< -.040   1920> -.031   1933> -.029   1918> -.027   1939< -.026  Higher   1910  .064   1945  .045
     1925 to 1974 segment:
       Lower   1961< -.043   1964> -.037   1933> -.028   1971< -.026   1939< -.024   1972< -.022  Higher   1945  .042   1957  .039
     1950 to 1999 segment:
       Lower   1993< -.035   1961< -.033   1994< -.031   1964> -.027   1971< -.017   1972< -.017  Higher   1957  .035   1970  .028
     1975 to 2024 segment:
       Lower   1993< -.044   1994< -.040   2024< -.037   2008> -.032   2022> -.018   1977> -.015  Higher   2015  .083   2012  .042

 [E] Outliers     7   3.0 SD above or -4.5 SD below mean for year
       1918 +3.3 SD;    1920 +4.2 SD;    1933 +3.0 SD;    1934 +3.3 SD;    1964 +3.9 SD;    1983 +3.2 SD;    2008 +3.1 SD
 ===================================================================================================================================

 ZSD162    1914 to  2024     111 years                                                                                    Series  34

 [A] Segment   High   -10   -9   -8   -7   -6   -5   -4   -3   -2   -1   +0   +1   +2   +3   +4   +5   +6   +7   +8   +9  +10
    ---------  ----   ---  ---  ---  ---  ---  ---  ---  ---  ---  ---  ---  ---  ---  ---  ---  ---  ---  ---  ---  ---  ---
    1914 1963    9   -.19  .07 -.12  .00 -.24  .03  .10  .23  .12  .05  .00|-.12 -.11 -.28 -.17 -.07  .11  .12  .14  .44* .19
    1925 1974    6   -.21 -.05  .09  .11 -.02  .01  .14  .08  .04 -.08 -.07|-.11 -.16 -.21 -.05 -.02  .24* .07  .05  .11  .13
    1950 1999   -4   -.20  .02 -.01  .14  .03  .17  .30* .21 -.02 -.10  .05| .00  .01 -.23 -.17 -.05  .06 -.08 -.08  .06  .12
    1975 2024   -4   -.18 -.07 -.25 -.03 -.13  .21  .27* .22  .19  .02  .16|   -    -    -    -    -    -    -    -    -    -

 [B] Entire series, effect on correlation (  .055) is:
       Lower   1971< -.040   2012> -.023   2008> -.018   1967> -.018   1933> -.017   2020> -.016  Higher   1981  .032   1945  .028
     1914 to 1963 segment:
       Lower   1933> -.047   1951> -.042   1924< -.035   1934> -.034   1917> -.032   1962< -.029  Higher   1945  .093   1914  .034
     1925 to 1974 segment:
       Lower   1971< -.076   1967> -.040   1933> -.035   1951> -.033   1934> -.025   1962< -.024  Higher   1945  .088   1964  .030
     1950 to 1999 segment:
       Lower   1971< -.092   1967> -.040   1951> -.032   1962< -.026   1963> -.022   1953> -.019  Higher   1981  .078   1994  .037
     1975 to 2024 segment:
       Lower   2012> -.056   2008> -.044   2020> -.036   2004< -.022   2016< -.021   1997> -.014  Higher   1981  .051   2022  .049

 [E] Outliers     6   3.0 SD above or -4.5 SD below mean for year
       1933 +3.0 SD;    1934 +3.6 SD;    1951 +3.2 SD;    1967 +3.3 SD;    1971 -6.5 SD;    2012 +3.1 SD
 ===================================================================================================================================

 ZSD171    1947 to  2024      78 years                                                                                    Series  35

 [B] Entire series, effect on correlation (  .687) is:
       Lower   2021< -.015   1992< -.009   1964> -.009   1971< -.007   2020> -.006   1969< -.006  Higher   2008  .019   1993  .009

 ===================================================================================================================================

 ZSD172    1925 to  2024     100 years                                                                                    Series  36

 [A] Segment   High   -10   -9   -8   -7   -6   -5   -4   -3   -2   -1   +0   +1   +2   +3   +4   +5   +6   +7   +8   +9  +10
    ---------  ----   ---  ---  ---  ---  ---  ---  ---  ---  ---  ---  ---  ---  ---  ---  ---  ---  ---  ---  ---  ---  ---
    1925 1974   -1   -.22 -.02 -.17 -.02  .01  .04 -.13 -.08  .16  .60* .32| .21 -.12 -.15 -.25 -.32 -.16 -.17 -.02 -.21  .10

 [B] Entire series, effect on correlation (  .506) is:
       Lower   1926< -.055   1933> -.021   1949> -.016   1963> -.012   1927> -.012   1939< -.012  Higher   1977  .014   1967  .012
     1925 to 1974 segment:
       Lower   1926< -.091   1933> -.044   1949> -.033   1963> -.026   1927> -.026   1939< -.023  Higher   1934  .066   1967  .037

 ===================================================================================================================================

 ZSD181    1864 to  2024     161 years                                                                                    Series  37

 [B] Entire series, effect on correlation (  .768) is:
       Lower   1878< -.019   1940< -.010   1897> -.007   1872< -.004   1929> -.004   1931< -.004  Higher   1900  .020   2012  .010

 ===================================================================================================================================

 ZSD182    1862 to  2024     163 years                                                                                    Series  38

 [B] Entire series, effect on correlation (  .773) is:
       Lower   1862< -.030   1940< -.005   1897> -.005   1872< -.004   1945> -.004   1869> -.004  Higher   2012  .015   1900  .011

 ===================================================================================================================================

 ZSD191    1762 to  2024     263 years                                                                                    Series  39

 [B] Entire series, effect on correlation (  .803) is:
       Lower   1796< -.011   1839< -.008   1763> -.007   1892< -.007   1775> -.005   1989< -.004  Higher   1900  .008   2008  .007

 ===================================================================================================================================

 ZSD192    1825 to  2024     200 years                                                                                    Series  40

 [A] Segment   High   -10   -9   -8   -7   -6   -5   -4   -3   -2   -1   +0   +1   +2   +3   +4   +5   +6   +7   +8   +9  +10
    ---------  ----   ---  ---  ---  ---  ---  ---  ---  ---  ---  ---  ---  ---  ---  ---  ---  ---  ---  ---  ---  ---  ---
    1825 1874   -6   -.10 -.13 -.12 -.10  .52* .37 -.22 -.21 -.07  .11  .11|-.10 -.29  .01  .12  .03  .03  .13  .22 -.09  .00

 [B] Entire series, effect on correlation (  .647) is:
       Lower   1836< -.028   1873< -.025   1845< -.015   1854> -.012   1852< -.011   1868> -.010  Higher   2008  .018   1900  .012
     1825 to 1874 segment:
       Lower   1836< -.066   1873< -.059   1854> -.038   1845< -.035   1852< -.025   1868> -.024  Higher   1855  .058   1849  .048

 ===================================================================================================================================

 ZSD193    1762 to  2024     263 years                                                                                    Series  41

 [B] Entire series, effect on correlation (  .824) is:
       Lower   1775> -.007   2001> -.005   1839< -.005   1892< -.004   1796< -.003   1828< -.003  Higher   1900  .008   2008  .005

 ===================================================================================================================================

 ZSD201    1770 to  2024     255 years                                                                                    Series  42

 [A] Segment   High   -10   -9   -8   -7   -6   -5   -4   -3   -2   -1   +0   +1   +2   +3   +4   +5   +6   +7   +8   +9  +10
    ---------  ----   ---  ---  ---  ---  ---  ---  ---  ---  ---  ---  ---  ---  ---  ---  ---  ---  ---  ---  ---  ---  ---
    1770 1819   -6      -    - -.15  .11  .61* .04 -.05 -.09  .06  .15 -.10|-.31 -.30  .08  .01  .15 -.03 -.05  .20  .27  .14
    1775 1824   -6   -.33 -.34 -.16  .14  .67* .13  .01 -.09  .12  .18 -.05|-.31 -.32 -.02 -.06  .09  .02  .06  .21  .22  .05
    1800 1849   -6   -.33 -.22 -.30  .06  .47* .44  .08 -.05 -.08  .14 -.04|-.03 -.24 -.19 -.11  .19  .06  .28  .00  .00 -.15
    1825 1874   -5   -.18 -.15  .03 -.06 -.17  .54* .21  .01 -.17 -.11 -.03| .23 -.20 -.05 -.05  .20 -.15  .08  .03 -.03 -.06
    1850 1899   -5   -.10 -.08 -.05 -.06 -.15  .26* .06  .18  .19 -.05  .00| .13 -.12 -.13 -.06  .13 -.18 -.19 -.04 -.03  .03
    1875 1924   -2    .01  .04 -.16 -.24 -.12 -.06 -.18  .32  .74* .24 -.09| .00 -.08 -.27 -.24 -.02 -.03  .10  .13 -.06 -.17
    1900 1949   -2   -.07  .03 -.11 -.36 -.22 -.14 -.03  .40  .83* .34 -.05|-.17 -.30 -.16 -.23 -.11 -.13  .22  .12  .05 -.21
    1925 1974   -2   -.18 -.08 -.25 -.18 -.20 -.08  .17  .30  .72* .37  .22|-.20 -.10 -.10 -.29 -.15 -.39 -.10 -.28  .10 -.03
    1950 1999   -1   -.23  .07 -.20  .00 -.15 -.01  .01  .20  .22  .25* .24|-.11  .15 -.06 -.09  .11 -.26 -.32 -.05  .01 -.06

 [B] Entire series, effect on correlation (  .120) is:
       Lower   1871< -.018   1900> -.012   1848< -.012   1893> -.011   1895< -.011   1788< -.011  Higher   2012  .023   2008  .017
     1770 to 1819 segment:
       Lower   1788< -.046   1813< -.040   1807> -.032   1814< -.026   1791> -.024   1771> -.021  Higher   1802  .062   1808  .047
     1775 to 1824 segment:
       Lower   1788< -.051   1813< -.044   1807> -.039   1791> -.028   1814< -.027   1811> -.023  Higher   1802  .061   1808  .046
     1800 to 1849 segment:
       Lower   1848< -.061   1813< -.042   1807> -.038   1842< -.031   1814< -.027   1836< -.024  Higher   1802  .064   1808  .048
     1825 to 1874 segment:
       Lower   1871< -.083   1848< -.056   1842< -.028   1836< -.022   1847> -.016   1864> -.016  Higher   1868  .048   1854  .044
     1850 to 1899 segment:
       Lower   1871< -.085   1893> -.056   1895< -.052   1877< -.026   1864> -.016   1850> -.013  Higher   1881  .042   1868  .041
     1875 to 1924 segment:
       Lower   1893> -.051   1895< -.049   1900> -.037   1877< -.025   1903< -.018   1902< -.017  Higher   1881  .049   1891  .045
     1900 to 1949 segment:
       Lower   1945> -.056   1900> -.050   1948< -.026   1903< -.023   1936< -.023   1902< -.021  Higher   1939  .038   1920  .028
     1925 to 1974 segment:
       Lower   1945> -.084   1964> -.046   1948< -.037   1936< -.034   1960< -.021   1972< -.018  Higher   1965  .063   1953  .035
     1950 to 1999 segment:
       Lower   1983> -.070   1977> -.054   1978< -.040   1964> -.033   1981> -.016   1995< -.015  Higher   1994  .056   1965  .039

 [C] Year-to-year changes diverging by over 4.0 std deviations:
       1787 1788  -4.3 SD    1899 1900   4.3 SD    1977 1978  -4.4 SD

 [E] Outliers     7   3.0 SD above or -4.5 SD below mean for year
       1771 +3.2 SD;    1788 -6.4 SD;    1871 -7.3 SD;    1945 +3.5 SD;    1964 +3.1 SD;    1977 +3.2 SD;    1983 +3.5 SD
 ===================================================================================================================================

 ZSD202    1773 to  2024     252 years                                                                                    Series  43

 [A] Segment   High   -10   -9   -8   -7   -6   -5   -4   -3   -2   -1   +0   +1   +2   +3   +4   +5   +6   +7   +8   +9  +10
    ---------  ----   ---  ---  ---  ---  ---  ---  ---  ---  ---  ---  ---  ---  ---  ---  ---  ---  ---  ---  ---  ---  ---
    1773 1822   -4   -.07 -.04 -.23 -.19 -.05 -.02  .73* .06 -.11 -.19 -.14| .21  .11 -.26 -.22  .02 -.01  .10 -.04  .02  .20
    1775 1824   -4   -.12 -.07 -.29 -.20 -.02  .02  .75* .08 -.12 -.18 -.12| .24  .13 -.28 -.24 -.01 -.02  .14 -.01  .01  .18
    1800 1849   -4   -.06 -.07 -.24 -.14 -.18 -.01  .79* .18 -.15 -.07 -.02| .04  .19 -.13 -.28 -.24  .06  .11  .20  .07 -.11
    1825 1874   -4    .07 -.11 -.19  .03 -.09 -.12  .55* .16 -.04 -.16 -.13| .07  .21 -.15 -.10 -.06  .23 -.11 -.01  .02 -.01
    1850 1899   -4   -.02  .00 -.16 -.09 -.08 -.08  .29* .07  .21  .15 -.04| .06  .10 -.13 -.09 -.09  .16 -.10 -.22 -.14  .02
    1875 1924   -1   -.03 -.02  .04 -.23 -.27 -.11 -.06 -.10  .33  .75* .22|-.04 -.06 -.09 -.24 -.23 -.05  .03  .04  .03 -.05
    1900 1949   -1    .00 -.16 -.02 -.17 -.32 -.15 -.12  .04  .37  .79* .26|-.03 -.20 -.33 -.19 -.25 -.04 -.08  .24  .05  .07
    1925 1974   -1   -.04 -.18 -.17 -.25 -.21 -.10 -.03  .26  .30  .66* .35| .19 -.20 -.14 -.08 -.38 -.15 -.39 -.03 -.18  .10

 [B] Entire series, effect on correlation (  .268) is:
       Lower   1870< -.025   1900> -.020   1785< -.012   1807> -.011   1855> -.011   1849> -.011  Higher   1983  .044   2012  .020
     1773 to 1822 segment:
       Lower   1785< -.055   1807> -.044   1800< -.038   1806< -.036   1796> -.032   1819> -.027  Higher   1786  .083   1811  .055
     1775 to 1824 segment:
       Lower   1785< -.056   1807> -.045   1800< -.039   1806< -.038   1796> -.032   1819> -.027  Higher   1786  .076   1811  .050
     1800 to 1849 segment:
       Lower   1807> -.049   1849> -.047   1800< -.039   1806< -.039   1831> -.038   1819> -.030  Higher   1843  .085   1811  .045
     1825 to 1874 segment:
       Lower   1870< -.094   1849> -.038   1855> -.035   1831> -.033   1858< -.032   1862< -.021  Higher   1843  .090   1842  .023
     1850 to 1899 segment:
       Lower   1870< -.105   1855> -.042   1858< -.034   1879> -.029   1862< -.023   1893> -.018  Higher   1891  .066   1892  .057
     1875 to 1924 segment:
       Lower   1900> -.111   1879> -.039   1880< -.032   1893> -.024   1917> -.020   1906> -.018  Higher   1914  .051   1891  .050
     1900 to 1949 segment:
       Lower   1900> -.125   1917> -.022   1906> -.020   1949> -.018   1944> -.018   1922< -.016  Higher   1914  .053   1933  .032
     1925 to 1974 segment:
       Lower   1963> -.043   1959< -.032   1951> -.029   1949> -.024   1944> -.024   1942> -.015  Higher   1964  .035   1933  .032

 [C] Year-to-year changes diverging by over 4.0 std deviations:
       1806 1807   4.1 SD    1869 1870  -4.2 SD

 [E] Outliers     5   3.0 SD above or -4.5 SD below mean for year
       1786 -5.1 SD;    1819 +3.4 SD;    1855 +3.4 SD;    1870 -6.4 SD;    1900 +3.5 SD
 ===================================================================================================================================

 ZSD211    1945 to  2024      80 years                                                                                    Series  44

 [B] Entire series, effect on correlation (  .634) is:
       Lower   1945> -.039   1949> -.025   1946< -.020   1983> -.017   1963> -.017   1954< -.015  Higher   2012  .048   2008  .037

 [E] Outliers     1   3.0 SD above or -4.5 SD below mean for year
       1945 +3.2 SD
 ===================================================================================================================================

 ZSD212    1943 to  2024      82 years                                                                                    Series  45

 [A] Segment   High   -10   -9   -8   -7   -6   -5   -4   -3   -2   -1   +0   +1   +2   +3   +4   +5   +6   +7   +8   +9  +10
    ---------  ----   ---  ---  ---  ---  ---  ---  ---  ---  ---  ---  ---  ---  ---  ---  ---  ---  ---  ---  ---  ---  ---
    1943 1992   -1   -.09 -.19 -.12 -.13 -.14 -.15  .02  .17  .44  .46*-.01| .03 -.10 -.13 -.25 -.02 -.12 -.09 -.02  .00  .12
    1950 1999   -1   -.11 -.16 -.11 -.11 -.13 -.13  .02  .16  .38  .60* .17| .06 -.12 -.25 -.22 -.09 -.22 -.16 -.05  .02  .24
    1975 2024   -1    .08 -.16 -.04 -.03 -.22 -.09 -.15 -.10  .06  .58* .24|   -    -    -    -    -    -    -    -    -    -

 [B] Entire series, effect on correlation (  .172) is:
       Lower   1945> -.052   2008> -.035   2009< -.029   1963> -.020   1977> -.018   1981> -.016  Higher   1994  .028   2021  .026
     1943 to 1992 segment:
       Lower   1945> -.092   1963> -.034   1977> -.030   1981> -.026   1948< -.023   1970< -.021  Higher   1965  .059   1959  .027
     1950 to 1999 segment:
       Lower   1963> -.043   1977> -.038   1981> -.034   1970< -.026   1955< -.019   1964> -.018  Higher   1994  .059   1965  .053
     1975 to 2024 segment:
       Lower   2009< -.072   2008> -.056   1977> -.027   1981> -.023   1983> -.013   1986> -.010  Higher   1994  .039   2021  .036

 [C] Year-to-year changes diverging by over 4.0 std deviations:
       1944 1945   4.6 SD    2008 2009  -4.6 SD

 [E] Outliers     2   3.0 SD above or -4.5 SD below mean for year
       1945 +4.0 SD;    2008 +3.6 SD
 ===================================================================================================================================

 ZSD221    1876 to  2024     149 years                                                                                    Series  46

 [A] Segment   High   -10   -9   -8   -7   -6   -5   -4   -3   -2   -1   +0   +1   +2   +3   +4   +5   +6   +7   +8   +9  +10
    ---------  ----   ---  ---  ---  ---  ---  ---  ---  ---  ---  ---  ---  ---  ---  ---  ---  ---  ---  ---  ---  ---  ---
    1876 1925   -1    .12 -.11  .11 -.05 -.22 -.30  .07 -.19 -.06  .67* .31| .02  .07  .03 -.22 -.11  .01  .00 -.05 -.04 -.25
    1900 1949   -1    .16 -.01  .25 -.04 -.24 -.28 -.19 -.23 -.01  .56* .26| .19  .12 -.13 -.03 -.19 -.06 -.04  .16  .00 -.07
    1925 1974   -1   -.12 -.07 -.05 -.23 -.08  .09 -.11 -.07 -.10  .53* .30| .29  .04  .16 -.02 -.20 -.19 -.38 -.04 -.29 -.07

 [B] Entire series, effect on correlation (  .450) is:
       Lower   1950< -.055   1900> -.042   1963> -.016   1941< -.011   1949> -.011   2020> -.010  Higher   2006  .011   1891  .010
     1876 to 1925 segment:
       Lower   1900> -.121   1878> -.025   1881> -.025   1893> -.016   1916< -.015   1882< -.014  Higher   1891  .041   1892  .031
     1900 to 1949 segment:
       Lower   1900> -.118   1941< -.034   1949> -.031   1916< -.017   1944> -.014   1926< -.012  Higher   1945  .041   1919  .030
     1925 to 1974 segment:
       Lower   1950< -.102   1963> -.050   1949> -.032   1941< -.025   1944> -.015   1972< -.011  Higher   1964  .042   1945  .031

 [C] Year-to-year changes diverging by over 4.0 std deviations:
       1949 1950  -4.0 SD

 [E] Outliers     1   3.0 SD above or -4.5 SD below mean for year
       1900 +3.4 SD
 ===================================================================================================================================

 ZSD222    1879 to  2024     146 years                                                                                    Series  47

 [A] Segment   High   -10   -9   -8   -7   -6   -5   -4   -3   -2   -1   +0   +1   +2   +3   +4   +5   +6   +7   +8   +9  +10
    ---------  ----   ---  ---  ---  ---  ---  ---  ---  ---  ---  ---  ---  ---  ---  ---  ---  ---  ---  ---  ---  ---  ---
    1879 1928   -1    .13 -.02  .14 -.04 -.18 -.34  .05 -.25 -.05  .74* .23| .04 -.01  .04 -.17 -.12  .05  .01  .06 -.08 -.24
    1900 1949   -1    .14  .02  .26 -.03 -.18 -.31 -.17 -.27 -.04  .68* .28| .18  .04 -.04 -.05 -.13 -.12 -.10  .11  .04 -.11
    1925 1974   -1   -.09 -.10 -.02 -.26 -.07  .06 -.09 -.05 -.12  .55* .30| .34  .01  .22 -.02 -.14 -.23 -.39 -.09 -.33 -.12

 [B] Entire series, effect on correlation (  .412) is:
       Lower   1900> -.056   1950< -.053   1881> -.017   1963> -.014   1884> -.013   1949> -.012  Higher   2012  .020   1891  .012
     1879 to 1928 segment:
       Lower   1900> -.162   1881> -.048   1884> -.034   1893> -.022   1882< -.020   1880< -.012  Higher   1891  .054   1914  .038
     1900 to 1949 segment:
       Lower   1900> -.187   1949> -.037   1941< -.026   1901< -.013   1944> -.011   1904< -.008  Higher   1914  .039   1919  .026
     1925 to 1974 segment:
       Lower   1950< -.113   1963> -.045   1949> -.036   1941< -.018   1944> -.012   1927> -.010  Higher   1964  .043   1973  .020

 [C] Year-to-year changes diverging by over 4.0 std deviations:
       1899 1900   4.4 SD

 [E] Outliers     1   3.0 SD above or -4.5 SD below mean for year
       1900 +4.1 SD
 ===================================================================================================================================
PART 7:  DESCRIPTIVE STATISTICS:                                                                   04:00  Fri 26 Jun 2026  Page   6
------------------------------------------------------------------------------------------------------------------------------------

                                                Corr   //-------- Unfiltered --------\\  //---- Filtered -----\\
                           No.    No.    No.    with   Mean   Max     Std   Auto   Mean   Max     Std   Auto  AR
 Seq Series   Interval   Years  Segmt  Flags   Master  msmt   msmt    dev   corr   sens  value    dev   corr  ()
 --- -------- ---------  -----  -----  -----   ------ -----  -----  -----  -----  -----  -----  -----  -----  --
   1 ZSD011   1973 2023     51      2      0    .692   2.95   5.27  1.189   .673   .293   2.43   .461  -.019   1
   2 ZSD012   1978 2023     46      1      0    .693   2.89   4.59   .951   .618   .258   2.45   .542  -.041   1
   3 ZSD021   1914 1957     44      1      0    .835   7.29  18.91  3.410   .643   .282   2.63   .664  -.073   1
   4 ZSD021   1960 2023     64      2      0    .799    .50   1.29   .242   .683   .300   2.82   .585   .037   1
   5 ZSD022   1895 2023    129      5      0    .818    .56   1.14   .195   .640   .246   2.37   .297  -.044   1
   6 ZSD031   1802 2023    222      8      0    .748    .62   2.47   .481   .809   .363   2.60   .399  -.050   2
   7 ZSD032   1805 2023    219      8      1    .696    .62   2.28   .461   .813   .358   2.60   .426  -.054   2
   8 ZSD041   1776 2023    248      9      0    .764    .53   5.67   .543   .696   .310   2.60   .400  -.058   3
   9 ZSD042   1773 2023    251     10      0    .764    .57   6.52   .645   .721   .310   2.64   .416  -.040   3
  10 ZSD051   1781 2023    243      9      0    .773    .63   3.24   .545   .795   .342   2.49   .331  -.051   5
  11 ZSD052   1793 2024    232      9      0    .797    .68   4.44   .646   .848   .352   2.53   .371  -.039   1
  12 ZSD061   1988 2024     37      1      0    .804   1.51   5.42  1.309   .814   .471   2.47   .610  -.162   1
  13 ZSD062   1987 2023     37      1      0    .760   1.57   5.04  1.217   .782   .446   2.54   .583  -.131   1
  14 ZSD071   1974 2024     51      2      2    .340   1.52   4.33  1.232   .828   .416   2.60   .512  -.037   1
  15 ZSD072   1974 2024     51      2      1    .415   1.54   4.42  1.249   .844   .418   2.60   .478  -.044   1
  16 ZSD081   1853 2024    172      6      1    .623    .43   1.36   .193   .531   .375   2.54   .486  -.074   1
  17 ZSD082   1893 2024    132      5      0    .722    .43   1.01   .173   .604   .296   2.67   .491  -.057   1
  18 ZSD091   1873 2024    152      6      0    .728    .59   1.69   .327   .690   .362   2.74   .437  -.096   2
  19 ZSD092   1875 2024    150      5      5    .260    .64   1.91   .366   .682   .368   2.67   .379  -.070   1
  20 ZSD101   1937 2024     88      3      3    .206    .66   2.19   .455   .825   .351   2.54   .450  -.066   1
  21 ZSD102   1916 2024    109      4      4    .184    .58   2.24   .411   .796   .368   2.41   .354  -.076   1
  22 ZSD111   1972 2024     53      2      0    .735   1.44   3.94   .928   .762   .392   2.54   .638  -.173   2
  23 ZSD112   1971 2024     54      2      0    .697   1.44   4.04   .918   .765   .357   2.54   .621  -.129   2
  24 ZSD121   1943 2024     82      3      0    .792    .42    .81   .176   .460   .359   2.59   .380  -.037   1
  25 ZSD122   1925 2024    100      3      0    .784    .35    .77   .152   .567   .344   2.56   .386  -.082   1
  26 ZSD131   1898 2024    127      5      0    .805    .93   3.05   .565   .735   .353   2.51   .337  -.059   2
  27 ZSD132   1900 2024    125      4      0    .765    .93   3.35   .570   .735   .343   2.49   .318  -.055   2
  28 ZSD141   1873 2024    152      6      6    .292    .56   1.88   .398   .751   .370   2.59   .413  -.054   1
  29 ZSD142   1867 2024    158      6      6    .261    .59   2.45   .456   .751   .381   2.65   .457  -.061   1
  30 ZSD151   1786 2024    239      9      3    .621    .40   1.73   .301   .755   .381   2.54   .417  -.044   1
  31 ZSD152   1767 2024    258     10      5    .504    .44   1.65   .330   .744   .389   2.56   .390  -.070   3
  32 ZSD153   1885 2024    140      5      0    .799    .29    .98   .164   .718   .331   2.58   .398   .005   1
  33 ZSD161   1903 2024    122      4      4   -.191    .37   1.16   .185   .433   .419   2.76   .578  -.027   1
  34 ZSD162   1914 2024    111      4      4    .055    .41   1.22   .216   .518   .392   2.60   .449  -.035   1
  35 ZSD171   1947 2024     78      3      0    .687   1.17   3.73   .845   .806   .363   2.68   .529  -.084   2
  36 ZSD172   1925 2024    100      3      1    .506   1.17   2.87   .714   .808   .364   2.48   .403  -.016   1
  37 ZSD181   1864 2024    161      6      0    .768   1.00   3.87   .680   .787   .310   2.79   .492  -.070   2
  38 ZSD182   1862 2024    163      6      0    .773    .94   3.12   .570   .748   .324   2.72   .446  -.038   1
  39 ZSD191   1762 2024    263     10      0    .803    .82   3.35   .613   .765   .395   2.64   .475  -.006   1
  40 ZSD192   1825 2024    200      7      1    .647    .56   1.38   .257   .526   .384   2.66   .429   .005   1
  41 ZSD193   1762 2024    263     10      0    .824    .78   3.21   .539   .741   .399   2.61   .426  -.001   1
  42 ZSD201   1770 2024    255     10      9    .120    .44   1.89   .328   .823   .332   2.69   .377  -.014   1
  43 ZSD202   1773 2024    252     10      8    .268    .41   1.53   .273   .741   .334   2.61   .344  -.038   2
  44 ZSD211   1945 2024     80      3      0    .634    .86   2.18   .529   .809   .344   2.56   .518  -.012   1
  45 ZSD212   1943 2024     82      3      3    .172    .85   2.45   .558   .821   .350   2.64   .417  -.012   1
  46 ZSD221   1876 2024    149      5      3    .450    .87   3.57   .584   .797   .291   2.57   .352  -.031   2
  47 ZSD222   1879 2024    146      5      3    .412    .84   3.28   .564   .811   .273   2.49   .350  -.058   2
 --- -------- ---------  -----  -----  -----   ------ -----  -----  -----  -----  -----  -----  -----  -----  --
 Total or mean:           6641    243     73    .587    .74  18.91   .494   .728   .351   2.82   .421  -.045

                                              - = [  COFECHA VERY COF  ] = -
