[]  Dendrochronology Program Library                                        Run VERY   Program COF  04:00  Fri 26 Jun 2026  Page   1
[]
[]  P R O G R A M      C O F E C H A                                                                          Version 6.06P    33416
------------------------------------------------------------------------------------------------------------------------------------

 QUALITY CONTROL AND DATING CHECK OF TREE-RING MEASUREMENTS

 File of DATED series:   crossdated.rwl

 CONTENTS:

    Part 1:  Title page, options selected, summary, absent rings by series
    Part 2:  Histogram of time spans
    Part 3:  Master series with sample depth and absent rings by year
    Part 4:  Bar plot of Master Dating Series
    Part 5:  Correlation by segment of each series with Master
    Part 6:  Potential problems: low correlation, divergent year-to-year changes, absent rings, outliers
    Part 7:  Descriptive statistics

 RUN CONTROL OPTIONS SELECTED                             VALUE

         1  Cubic smoothing spline 50% wavelength cutoff for filtering
                                                            32 years
         2  Segments examined are                           50 years lagged successively by  25 years
         3  Autoregressive model applied                     A  Residuals are used in master dating series and testing
         4  Series transformed to logarithms                 Y  Each series log-transformed for master dating series and testing
         5  CORRELATION is Pearson (parametric, quantitative)
            Critical correlation, 99% confidence level   .3281
         6  Master dating series saved                       N
         7  Ring measurements listed                         N
         8  Parts printed                              1234567 
         9  Absent rings are omitted from master series and segment correlations  (Y)

 Time span of Master dating series is  1770 to  2023   254 years
 Continuous time span is               1770 to  2023   254 years
 Portion with two or more series is    1774 to  2023   250 years


                                        ****************************************
                                        *C* Number of dated series        40 *C*
                                        *O* Master series 1770 2023  254 yrs *O*
                                        *F* Total rings in all series   6036 *F*
                                        *E* Total dated rings checked   6032 *E*
                                        *C* Series intercorrelation     .677 *C*
                                        *H* Average mean sensitivity    .387 *H*
                                        *A* Segments, possible problems    0 *A*
                                        *** Mean length of series      150.9 ***
                                        ****************************************

 ABSENT RINGS listed by SERIES:            (See Master Dating Series for absent rings listed by year)

 RDD021      4 absent rings:   1971  1984  1985  1986
 RDD031      1 absent rings:   1984
 RDD041      3 absent rings:   1893  1956  1971
 RDD042      3 absent rings:   1893  1956  1971
 RDD051      3 absent rings:   1893  1924  1925
 RDD052      2 absent rings:   1881  1893
 RDD061      2 absent rings:   2007  2009
 RDD062      1 absent rings:   1984
 RDD071      7 absent rings:   1971  1983  1984  1985  1986  2007  2009
 RDD072      6 absent rings:   1971  1984  1985  1986  2007  2009
 RDD081      4 absent rings:   1984  1985  1986  2009
 RDD082      5 absent rings:   1850  1940  1955  1956  1984
 RDD091      3 absent rings:   1956  1971  1984
 RDD092      3 absent rings:   1956  1971  1984
 RDD112      1 absent rings:   1984
 RDD121      1 absent rings:   1984
 RDD122      4 absent rings:   1940  1955  1956  1984
 RDD131      3 absent rings:   1984  2007  2009
 RDD132      2 absent rings:   1971  1984
 RDD141      1 absent rings:   1984
 RDD142      1 absent rings:   1984
 RDD151      2 absent rings:   1956  1984
 RDD152      1 absent rings:   1984
 RDD191      1 absent rings:   2007
 RDD192      1 absent rings:   2007
 RDD201      1 absent rings:   2009

            66 absent rings   1.093%
PART 2:  TIME PLOT OF TREE-RING SERIES:                                                            04:00  Fri 26 Jun 2026  Page   2
------------------------------------------------------------------------------------------------------------------------------------
 1050 1100 1150 1200 1250 1300 1350 1400 1450 1500 1550 1600 1650 1700 1750 1800 1850 1900 1950 2000 2050 Ident   Seq Time-span  Yrs
   :    :    :    :    :    :    :    :    :    :    :    :    :    :    :    :    :    :    :    :    : -------- --- ---- ---- ----
   .    .    .    .    .    .    .    .    .    .    .    .    .    .    .    .    .   <============>  . RDD011     1 1891 2023  133
   .    .    .    .    .    .    .    .    .    .    .    .    .    .    .    .    .  <=============>  . RDD012     2 1887 2023  137
   .    .    .    .    .    .    .    .    .    .    .    .    .    .    .    .    .   <============>  . RDD021     3 1895 2023  129
   .    .    .    .    .    .    .    .    .    .    .    .    .    .    .    .    .    <===========>  . RDD031     4 1901 2023  123
   .    .    .    .    .    .    .    .    .    .    .    .    .    .    .    .    .    <===========>  . RDD032     5 1901 2023  123
   .    .    .    .    .    .    .    .    .    .    .    .    .    .    .    .<====================>  . RDD041     6 1813 2023  211
   .    .    .    .    .    .    .    .    .    .    .    .    .    .    .    .<====================>  . RDD042     7 1815 2023  209
   .    .    .    .    .    .    .    .    .    .    .    .    .    .    .    <=====================>  . RDD051     8 1800 2023  224
   .    .    .    .    .    .    .    .    .    .    .    .    .    .    .    . <=======>    .    .    . RDD052     9 1824 1907   84
   .    .    .    .    .    .    .    .    .    .    .    .    .    .    .    .    .    .  <========>  . RDD052    10 1937 2023   87
   .    .    .    .    .    .    .    .    .    .    .    .    .    .    .    .   <=================>  . RDD061    11 1844 2023  180
   .    .    .    .    .    .    .    .    .    .    .    .    .    .    .    .  <==================>  . RDD062    12 1839 2023  185
   .    .    .    .    .    .    .    .    .    .    .    .    .    .    .    .   <=================>  . RDD071    13 1848 2023  176
   .    .    .    .    .    .    .    .    .    .    .    .    .    .    .    .    <================>  . RDD072    14 1854 2023  170
   .    .    .    .    .    .    .    .    .    .    .    .    .    .    .    . <===================>  . RDD081    15 1828 2023  196
   .    .    .    .    .    .    .    .    .    .    .    .    .    .    .    . <===================>  . RDD082    16 1824 2023  200
   .    .    .    .    .    .    .    .    .    .    .    .    .    .    .    .    .    .<==========>  . RDD091    17 1913 2023  111
   .    .    .    .    .    .    .    .    .    .    .    .    .    .    .    .    .   <============>  . RDD092    18 1897 2023  127
   .    .    .    .    .    .    .    .    .    .    .    .    .    .    .    .    .    .<==========>  . RDD101    19 1914 2023  110
   .    .    .    .    .    .    .    .    .    .    .    .    .    .    .    .    .    <===========>  . RDD102    20 1909 2023  115
   .    .    .    .    .    .    .    .    .    .    .    .    .    .    .    .    .   <============>  . RDD111    21 1890 2023  134
   .    .    .    .    .    .    .    .    .    .    .    .    .    .    .    .    .  <=============>  . RDD112    22 1889 2023  135
   .    .    .    .    .    .    .    .    .    .    .    .    .    .    .    .    .    .<==========>  . RDD121    23 1910 2023  114
   .    .    .    .    .    .    .    .    .    .    .    .    .    .    .    . <===================>  . RDD122    24 1826 2023  198
   .    .    .    .    .    .    .    .    .    .    .    .    .    .    .    .    .    .   <=======>  . RDD131    25 1947 2023   77
   .    .    .    .    .    .    .    .    .    .    .    .    .    .    .    .    .<===============>  . RDD132    26 1861 2023  163
   .    .    .    .    .    .    .    .    .    .    .    .    .    .    .    .    .    <=========>    . RDD141    27 1903 2001   99
   .    .    .    .    .    .    .    .    .    .    .    .    .    .    .    .    .    <===========>  . RDD142    28 1905 2023  119
   .    .    .    .    .    .    .    .    .    .    .    .    .    .    .    .    .   <============>  . RDD151    29 1895 2023  129
   .    .    .    .    .    .    .    .    .    .    .    .    .    .    .    .    .    .<==========>  . RDD152    30 1916 2023  108
   .    .    .    .    .    .    .    .    .    .    .    .    .    .    .    .    .    <===========>  . RDD161    31 1903 2023  121
   .    .    .    .    .    .    .    .    .    .    .    .    .    .    .    .    .    <===========>  . RDD162    32 1909 2023  115
   .    .    .    .    .    .    .    .    .    .    .    .    .    .    .   <======================>  . RDD171    33 1791 2023  233
   .    .    .    .    .    .    .    .    .    .    .    .    .    .    . <========================>  . RDD172    34 1770 2023  254
   .    .    .    .    .    .    .    .    .    .    .    .    .    .    .    .    .    <===========>  . RDD181    35 1900 2023  124
   .    .    .    .    .    .    .    .    .    .    .    .    .    .    .    .    .  <=============>  . RDD182    36 1885 2023  139
   .    .    .    .    .    .    .    .    .    .    .    .    .    .    .    .    .    <===========>  . RDD191    37 1904 2023  120
   .    .    .    .    .    .    .    .    .    .    .    .    .    .    .    .    . <==============>  . RDD192    38 1878 2023  146
   .    .    .    .    .    .    .    .    .    .    .    .    .    .    .   <======================>  . RDD201    39 1796 2023  228
   .    .    .    .    .    .    .    .    .    .    .    .    .    .    . <========================>  . RDD202    40 1774 2023  250
   :    :    :    :    :    :    :    :    :    :    :    :    :    :    :    :    :    :    :    :    :
 1050 1100 1150 1200 1250 1300 1350 1400 1450 1500 1550 1600 1650 1700 1750 1800 1850 1900 1950 2000 2050
PART 3:  Master Dating Series:                                                                     04:00  Fri 26 Jun 2026  Page   3
------------------------------------------------------------------------------------------------------------------------------------
  Year  Value  No Ab    Year  Value  No Ab    Year  Value  No Ab    Year  Value  No Ab    Year  Value  No Ab    Year  Value  No Ab
  ------------------    ------------------    ------------------    ------------------    ------------------    ------------------
                        1800   .989   5       1850 -3.040  14  1    1900  -.827  26       1950   .306  39       2000  -.379  39
                        1801   .492   5       1851 -1.125  14       1901   .239  28       1951   .726  39       2001   .182  39
                        1802  -.209   5       1852  -.256  14       1902   .173  28       1952   .157  39       2002   .829  38
                        1803   .546   5       1853   .921  14       1903  -.576  30       1953  -.896  39       2003  1.008  38
                        1804   .640   5       1854  -.210  15       1904  -.695  31       1954  -.114  39       2004   .389  38
                        1805   .863   5       1855   .687  15       1905   .517  32       1955 -1.317  39  2    2005   .805  38
                        1806  1.704   5       1856  -.585  15       1906  1.445  32       1956 -1.826  39  7    2006  1.106  38
                        1807  -.558   5       1857   .867  15       1907   .717  32       1957  -.053  39       2007 -1.976  38  6
                        1808 -2.020   5       1858  1.475  15       1908  -.942  31       1958  -.769  39       2008 -1.393  38
                        1809 -2.267   5       1859  -.016  15       1909  -.613  33       1959   .460  39       2009 -3.049  38  6

                        1810  -.889   5       1860   .861  15       1910  -.607  34       1960   .441  39       2010  -.073  38
                        1811  -.001   5       1861  1.131  16       1911   .285  34       1961  1.042  39       2011   .337  38
                        1812  -.217   5       1862   .524  16       1912   .577  34       1962  1.098  39       2012   .427  38
                        1813  -.027   6       1863   .464  16       1913   .250  35       1963  -.574  39       2013  -.058  38
                        1814  -.650   6       1864  1.083  16       1914   .837  36       1964   .313  39       2014   .094  38
                        1815  1.427   7       1865  -.338  16       1915   .578  36       1965  -.629  39       2015  1.208  38
                        1816   .562   7       1866 -1.304  16       1916   .605  37       1966   .450  39       2016  1.533  38
                        1817  -.130   7       1867 -1.875  16       1917  -.612  37       1967  -.628  39       2017  1.122  38
                        1818   .649   7       1868  -.840  16       1918   .717  37       1968   .716  39       2018   .478  38
                        1819  -.860   7       1869 -1.266  16       1919  -.416  37       1969   .066  39       2019  -.499  38

  1770   .187   1       1820  -.812   7       1870  -.622  16       1920   .010  37       1970  -.458  39       2020 -1.317  38
  1771   .600   1       1821   .530   7       1871  -.590  16       1921   .166  37       1971 -1.273  39  8    2021   .499  38
  1772  1.359   1       1822  1.208   7       1872   .558  16       1922   .969  37       1972  -.300  39       2022   .176  38
  1773  1.194   1       1823   .470   7       1873   .881  16       1923   .037  37       1973   .010  39       2023 -1.529  38
  1774   .892   2       1824  -.568   9       1874   .252  16       1924 -2.300  37  1    1974  -.035  39
  1775 -2.928   2       1825  -.319   9       1875 -1.520  16       1925 -1.720  37  1    1975  -.178  39
  1776 -1.667   2       1826 -2.481  10       1876  -.014  16       1926  -.481  37       1976   .297  39
  1777  -.488   2       1827  -.022  10       1877   .629  16       1927  -.791  37       1977   .659  39
  1778  -.030   2       1828 -1.131  11       1878  1.294  17       1928   .685  37       1978   .819  39
  1779   .845   2       1829  -.216  11       1879  1.267  17       1929   .650  37       1979  1.823  39

  1780  1.731   2       1830   .626  11       1880   .836  17       1930  -.765  37       1980  1.778  39
  1781   .695   2       1831  1.855  11       1881 -1.521  17  1    1931   .798  37       1981   .799  39
  1782 -2.057   2       1832   .972  11       1882  -.569  17       1932  -.501  37       1982   .524  39
  1783 -1.496   2       1833   .466  11       1883  -.607  17       1933  -.825  37       1983 -1.143  39  1
  1784  -.176   2       1834   .313  11       1884   .286  17       1934  -.496  37       1984 -2.350  39 18
  1785  1.646   2       1835   .413  11       1885  -.180  18       1935   .092  37       1985 -1.157  39  4
  1786   .946   2       1836  -.433  11       1886  1.192  18       1936  -.350  37       1986 -1.606  39  4
  1787   .734   2       1837   .519  11       1887  1.649  19       1937   .662  38       1987  -.331  39
  1788   .122   2       1838  1.519  11       1888   .378  19       1938  1.113  38       1988  -.429  39
  1789   .851   2       1839   .065  12       1889   .371  20       1939  1.712  38       1989   .109  39

  1790   .994   2       1840   .408  12       1890  -.446  21       1940 -1.506  38  2    1990  -.714  39
  1791  -.385   3       1841  -.419  12       1891  -.891  22       1941 -1.058  38       1991  -.233  39
  1792   .728   3       1842 -1.297  12       1892 -1.002  22       1942   .597  38       1992   .433  39
  1793  -.609   3       1843 -1.731  12       1893 -2.644  22  4    1943   .924  38       1993  1.250  39
  1794  -.163   3       1844  -.577  13       1894  -.810  22       1944   .094  38       1994   .872  39
  1795 -2.920   3       1845   .574  13       1895   .561  24       1945   .148  38       1995   .274  39
  1796 -1.800   4       1846   .966  13       1896   .254  24       1946  -.305  38       1996   .996  39
  1797  -.596   4       1847   .627  13       1897  1.195  25       1947   .421  39       1997  -.504  39
  1798  1.506   4       1848   .995  14       1898   .761  25       1948  1.173  39       1998   .441  39
  1799   .995   4       1849 -1.133  14       1899   .629  25       1949   .253  39       1999 -1.189  39
------------------------------------------------------------------------------------------------------------------------------------
PART 4:  Master Bar Plot:                                                                          04:00  Fri 26 Jun 2026  Page   4
------------------------------------------------------------------------------------------------------------------------------------
   Year Rel value  Year Rel value  Year Rel value  Year Rel value  Year Rel value  Year Rel value  Year Rel value  Year Rel value
                   1800---------D  1850l           1900--c         1950------A     2000---b
                   1801------B     1851-d          1901-----A      1951--------C   2001-----A
                   1802----a       1852---a        1902-----A      1952-----A      2002--------C
                   1803-------B    1853---------D  1903--b         1953-d          2003---------D
                   1804-------C    1854----a       1904--c         1954----@       2004------B
                   1805--------C   1855-------C    1905-------B    1955-e          2005--------C
                   1806----------G 1856--b         1906----------F 1956g           2006---------D
                   1807--b         1857--------C   1907--------C   1957----@       2007h
                   1808h           1858----------F 1908-d          1958--c         2008-f
                   1809i           1859----@       1909--b         1959------B     2009l
                   1810-d          1860--------C   1910--b         1960------B     2010----@
                   1811----@       1861---------E  1911-----A      1961---------D  2011------A
                   1812----a       1862-------B    1912-------B    1962---------D  2012------B
                   1813----@       1863------B     1913-----A      1963--b         2013----@
                   1814--c         1864---------D  1914--------C   1964------A     2014-----@
                   1815----------F 1865---a        1915-------B    1965--c         2015---------E
                   1816-------B    1866-e          1916-------B    1966------B     2016----------F
                   1817----a       1867h           1917--b         1967--c         2017---------D
                   1818-------C    1868--c         1918--------C   1968--------C   2018------B
                   1819--c         1869-e          1919---b        1969-----@      2019---b
   1770-----A      1820--c         1870--b         1920----@       1970---b        2020-e
   1771-------B    1821-------B    1871--b         1921-----A      1971-e          2021------B
   1772----------E 1822---------E  1872-------B    1922---------D  1972---a        2022-----A
   1773---------E  1823------B     1873--------D   1923----@       1973----@       2023f
   1774--------D   1824--b         1874-----A      1924i           1974----@
   1775l           1825---a        1875f           1925g           1975----a
   1776g           1826j           1876----@       1926---b        1976-----A
   1777---b        1827----@       1877-------C    1927--c         1977-------C
   1778----@       1828-e          1878----------E 1928-------C    1978--------C
   1779--------C   1829----a       1879----------E 1929-------C    1979----------G
   1780----------G 1830-------C    1880--------C   1930--c         1980----------G
   1781--------C   1831----------G 1881f           1931--------C   1981--------C
   1782h           1832---------D  1882--b         1932---b        1982-------B
   1783-f          1833------B     1883--b         1933--c         1983-e
   1784----a       1834------A     1884-----A      1934---b        1984i
   1785----------G 1835------B     1885----a       1935-----@      1985-e
   1786---------D  1836---b        1886---------E  1936---a        1986f
   1787--------C   1837-------B    1887----------G 1937-------C    1987---a
   1788-----@      1838----------F 1888------B     1938---------D  1988---b
   1789--------C   1839-----@      1889------A     1939----------G 1989-----@
   1790---------D  1840------B     1890---b        1940f           1990--c
   1791---b        1841---b        1891-d          1941-d          1991----a
   1792--------C   1842-e          1892-d          1942-------B    1992------B
   1793--b         1843g           1893k           1943---------D  1993----------E
   1794----a       1844--b         1894--c         1944-----@      1994--------C
   1795l           1845-------B    1895-------B    1945-----A      1995-----A
   1796g           1846---------D  1896-----A      1946---a        1996---------D
   1797--b         1847-------C    1897---------E  1947------B     1997---b
   1798----------F 1848---------D  1898--------C   1948---------E  1998------B
   1799---------D  1849-e          1899-------C    1949-----A      1999-e
PART 5:  CORRELATION OF SERIES BY SEGMENTS:                                                        04:00  Fri 26 Jun 2026  Page   5
------------------------------------------------------------------------------------------------------------------------------------
 Correlations of  50-year dated segments, lagged  25 years
 Flags:  A = correlation under   .3281 but highest as dated;  B = correlation higher at other than dated position

 Seq Series  Time_span   1750 1775 1800 1825 1850 1875 1900 1925 1950 1975
                         1799 1824 1849 1874 1899 1924 1949 1974 1999 2024
 --- -------- ---------  ---- ---- ---- ---- ---- ---- ---- ---- ---- ---- ---- ---- ---- ---- ---- ---- ---- ---- ---- ----
   1 RDD011   1891 2023                            .60  .57  .52  .55  .81
   2 RDD012   1887 2023                            .56  .54  .62  .62  .76
   3 RDD021   1895 2023                            .69  .65  .49  .50  .77
   4 RDD031   1901 2023                                 .64  .73  .69  .85
   5 RDD032   1901 2023                                 .68  .80  .77  .86
   6 RDD041   1813 2023             .49  .55  .65  .48  .54  .59  .63  .76
   7 RDD042   1815 2023             .77  .76  .71  .50  .49  .56  .59  .68
   8 RDD051   1800 2023             .63  .77  .71  .39  .36  .58  .73  .71
   9 RDD052   1824 1907             .36  .38  .53  .47
  10 RDD052   1937 2023                                      .61  .73  .74
  11 RDD061   1844 2023                  .71  .82  .85  .82  .81  .66  .58
  12 RDD062   1839 2023                  .54  .83  .78  .66  .69  .83  .88
  13 RDD071   1848 2023                  .69  .73  .63  .51  .56  .69  .65
  14 RDD072   1854 2023                       .74  .75  .74  .80  .69  .63
  15 RDD081   1828 2023                  .78  .72  .55  .61  .56  .39  .69
  16 RDD082   1824 2023             .74  .73  .65  .44  .36  .36  .36  .70
  17 RDD091   1913 2023                                 .47  .42  .47  .76
  18 RDD092   1897 2023                            .65  .67  .44  .39  .73
  19 RDD101   1914 2023                                 .75  .77  .79  .88
  20 RDD102   1909 2023                                 .74  .70  .71  .87
  21 RDD111   1890 2023                            .71  .76  .85  .72  .59
  22 RDD112   1889 2023                            .76  .86  .88  .83  .82
  23 RDD121   1910 2023                                 .43  .59  .77  .76
  24 RDD122   1826 2023                  .40  .55  .53  .35  .36  .67  .70
  25 RDD131   1947 2023                                      .72  .76  .74
  26 RDD132   1861 2023                       .67  .69  .73  .74  .76  .77
  27 RDD141   1903 2001                                 .79  .83  .77  .78
  28 RDD142   1905 2023                                 .73  .76  .75  .72
  29 RDD151   1895 2023                            .71  .86  .80  .73  .90
  30 RDD152   1916 2023                                 .79  .81  .80  .87
  31 RDD161   1903 2023                                 .64  .51  .66  .69
  32 RDD162   1909 2023                                 .75  .72  .79  .63
  33 RDD171   1791 2023        .74  .72  .74  .71  .70  .72  .76  .70  .64
  34 RDD172   1770 2023   .82  .82  .81  .80  .76  .77  .62  .59  .86  .85
  35 RDD181   1900 2023                                 .71  .75  .72  .59
  36 RDD182   1885 2023                            .49  .66  .74  .67  .61
  37 RDD191   1904 2023                                 .60  .67  .69  .60
  38 RDD192   1878 2023                            .52  .62  .68  .64  .58
  39 RDD201   1796 2023        .83  .85  .84  .84  .80  .67  .51  .52  .49
  40 RDD202   1774 2023   .75  .75  .75  .78  .78  .79  .60  .38  .47  .64
 Av segment correlation   .78  .79  .68  .68  .71  .63  .64  .65  .67  .73
PART 6:  POTENTIAL PROBLEMS:                                                                       04:00  Fri 26 Jun 2026  Page   5
------------------------------------------------------------------------------------------------------------------------------------

 For each series with potential problems the following diagnostics may appear:

 [A] Correlations with master dating series of flagged  50-year segments of series filtered with  32-year spline,
     at every point from ten years earlier (-10) to ten years later (+10) than dated

 [B] Effect of those data values which most lower or raise correlation with master series
     Symbol following year indicates value in series is greater (>) or lesser (<) than master series value

 [C] Year-to-year changes very different from the mean change in other series

 [D] Absent rings (zero values)

 [E] Values which are statistical outliers from mean for the year
 ===================================================================================================================================

 RDD011    1891 to  2023     133 years                                                                                    Series   1

 [B] Entire series, effect on correlation (  .639) is:
       Lower   1965< -.043   1912< -.023   1934< -.015   1959< -.010   1992< -.008   1963> -.007  Higher   2007  .032   1940  .011

 [E] Outliers     2   3.0 SD above or -4.5 SD below mean for year
       1934 -5.3 SD;    1965 -6.2 SD
 ===================================================================================================================================

 RDD012    1887 to  2023     137 years                                                                                    Series   2

 [B] Entire series, effect on correlation (  .668) is:
       Lower   1912< -.020   1934< -.013   1908> -.011   1965< -.009   2016< -.008   1992< -.008  Higher   2007  .029   2009  .016

 ===================================================================================================================================

 RDD021    1895 to  2023     129 years                                                                                    Series   3

 [B] Entire series, effect on correlation (  .634) is:
       Lower   1971< -.027   1948< -.016   1938< -.016   1967> -.011   1980< -.010   1963> -.008  Higher   2007  .027   1940  .018

 [D]    4 Absent rings:  Year   Master  N series Absent
                         1971   -1.273      39       8
                         1984   -2.350      39      18
                         1985   -1.157      39       4
                         1986   -1.606      39       4

 [E] Outliers     1   3.0 SD above or -4.5 SD below mean for year
       1971 -6.5 SD
 ===================================================================================================================================

 RDD031    1901 to  2023     123 years                                                                                    Series   4

 [B] Entire series, effect on correlation (  .726) is:
       Lower   1912< -.040   1958< -.022   1908> -.009   1944> -.007   1947< -.005   1955> -.005  Higher   2007  .031   1940  .021

 [D]    1 Absent rings:  Year   Master  N series Absent
                         1984   -2.350      39      18

 [E] Outliers     2   3.0 SD above or -4.5 SD below mean for year
       1912 -4.6 SD;    2023 -4.8 SD
 ===================================================================================================================================

 RDD032    1901 to  2023     123 years                                                                                    Series   5

 [B] Entire series, effect on correlation (  .758) is:
       Lower   1912< -.046   1908> -.008   1944> -.007   1947< -.006   1992< -.005   1930< -.004  Higher   1940  .031   2007  .025

 ===================================================================================================================================

 RDD041    1813 to  2023     211 years                                                                                    Series   6

 [B] Entire series, effect on correlation (  .589) is:
       Lower   1849> -.018   1924> -.012   1816< -.010   1908> -.009   1917< -.008   1856> -.007  Higher   1940  .018   2007  .016

 [D]    3 Absent rings:  Year   Master  N series Absent
                         1893   -2.644      22       4
                         1956   -1.826      39       7
                         1971   -1.273      39       8

 [E] Outliers     3   3.0 SD above or -4.5 SD below mean for year
       1849 +3.9 SD;    1917 -7.7 SD;    2009 +3.2 SD
 ===================================================================================================================================

 RDD042    1815 to  2023     209 years                                                                                    Series   7

 [B] Entire series, effect on correlation (  .636) is:
       Lower   1917< -.027   2009> -.018   1924> -.014   1965> -.007   1908> -.007   1983> -.006  Higher   1826  .011   2007  .010

 [D]    3 Absent rings:  Year   Master  N series Absent
                         1893   -2.644      22       4
                         1956   -1.826      39       7
                         1971   -1.273      39       8

 [E] Outliers     2   3.0 SD above or -4.5 SD below mean for year
       1917 -7.4 SD;    2009 +4.8 SD
 ===================================================================================================================================

 RDD051    1800 to  2023     224 years                                                                                    Series   8

 [B] Entire series, effect on correlation (  .629) is:
       Lower   1808> -.012   1908> -.007   1811> -.006   1918< -.005   1917> -.005   2011< -.005  Higher   2007  .021   1924  .007

 [D]    3 Absent rings:  Year   Master  N series Absent
                         1893   -2.644      22       4
                         1924   -2.300      37       1
                         1925   -1.720      37       1

 [E] Outliers     3   3.0 SD above or -4.5 SD below mean for year
       1811 +3.7 SD;    1904 +3.0 SD;    2007 -6.8 SD
 ===================================================================================================================================

 RDD052    1824 to  1907      84 years                                                                                    Series   9

 [B] Entire series, effect on correlation (  .434) is:
       Lower   1827< -.048   1841< -.038   1828> -.018   1826> -.017   1824> -.017   1829< -.015  Higher   1881  .042   1849  .024

 [C] Year-to-year changes diverging by over 4.0 std deviations:
       1826 1827  -5.7 SD    1827 1828   4.1 SD

 [D]    2 Absent rings:  Year   Master  N series Absent
                         1881   -1.521      17       1
                         1893   -2.644      22       4

 [E] Outliers     2   3.0 SD above or -4.5 SD below mean for year
       1826 +3.1 SD;    1827 -5.9 SD
 ===================================================================================================================================

 RDD052    1937 to  2023      87 years                                                                                    Series  10

 [B] Entire series, effect on correlation (  .665) is:
       Lower   1937< -.043   1940> -.023   2009> -.013   1990> -.007   1999> -.007   1959< -.006  Higher   2007  .062   1939  .011

 [E] Outliers     1   3.0 SD above or -4.5 SD below mean for year
       2007 -5.3 SD
 ===================================================================================================================================

 RDD061    1844 to  2023     180 years                                                                                    Series  11

 [B] Entire series, effect on correlation (  .737) is:
       Lower   1849> -.015   1999> -.013   1854> -.013   2005< -.011   1844< -.010   1990> -.007  Higher   1940  .026   2007  .010

 [D]    2 Absent rings:  Year   Master  N series Absent
                         2007   -1.976      38       6
                         2009   -3.049      38       6

 ===================================================================================================================================

 RDD062    1839 to  2023     185 years                                                                                    Series  12

 [B] Entire series, effect on correlation (  .718) is:
       Lower   1844< -.026   1849> -.020   1839> -.015   1940> -.011   1848< -.007   1935< -.007  Higher   2007  .023   2023  .006

 [C] Year-to-year changes diverging by over 4.0 std deviations:
       1843 1844  -4.7 SD

 [D]    1 Absent rings:  Year   Master  N series Absent
                         1984   -2.350      39      18

 [E] Outliers     1   3.0 SD above or -4.5 SD below mean for year
       1844 -7.1 SD
 ===================================================================================================================================

 RDD071    1848 to  2023     176 years                                                                                    Series  13

 [B] Entire series, effect on correlation (  .640) is:
       Lower   1944< -.026   1971< -.018   1948< -.017   1849> -.014   1933> -.008   2012< -.007  Higher   2007  .025   1940  .021

 [D]    7 Absent rings:  Year   Master  N series Absent
                         1971   -1.273      39       8
                         1983   -1.143      39       1
                         1984   -2.350      39      18
                         1985   -1.157      39       4
                         1986   -1.606      39       4
                         2007   -1.976      38       6
                         2009   -3.049      38       6

 [E] Outliers     1   3.0 SD above or -4.5 SD below mean for year
       1971 -5.9 SD
 ===================================================================================================================================

 RDD072    1854 to  2023     170 years                                                                                    Series  14

 [B] Entire series, effect on correlation (  .755) is:
       Lower   1983> -.016   1916< -.007   1865> -.007   1979< -.007   1873< -.005   1971< -.005  Higher   1940  .020   2007  .020

 [D]    6 Absent rings:  Year   Master  N series Absent
                         1971   -1.273      39       8
                         1984   -2.350      39      18
                         1985   -1.157      39       4
                         1986   -1.606      39       4
                         2007   -1.976      38       6
                         2009   -3.049      38       6

 [E] Outliers     1   3.0 SD above or -4.5 SD below mean for year
       1971 -5.9 SD
 ===================================================================================================================================

 RDD081    1828 to  2023     196 years                                                                                    Series  15

 [B] Entire series, effect on correlation (  .626) is:
       Lower   1961< -.016   1955> -.013   1896< -.008   1880< -.008   1924> -.007   1995< -.007  Higher   1940  .023   1893  .014

 [D]    4 Absent rings:  Year   Master  N series Absent
                         1984   -2.350      39      18
                         1985   -1.157      39       4
                         1986   -1.606      39       4
                         2009   -3.049      38       6

 [E] Outliers     3   3.0 SD above or -4.5 SD below mean for year
       1925 -4.7 SD;    1927 -4.6 SD;    1955 +3.1 SD
 ===================================================================================================================================

 RDD082    1824 to  2023     200 years                                                                                    Series  16

 [B] Entire series, effect on correlation (  .631) is:
       Lower   1828> -.014   1905< -.013   1896< -.009   1983> -.007   1953> -.007   1892> -.007  Higher   1940  .035   2007  .009

 [D]    5 Absent rings:  Year   Master  N series Absent
                         1850   -3.040      14       1
                         1940   -1.506      38       2
                         1955   -1.317      39       2
                         1956   -1.826      39       7
                         1984   -2.350      39      18

 [E] Outliers     5   3.0 SD above or -4.5 SD below mean for year
       1828 +3.2 SD;    1905 -4.6 SD;    1940 -6.9 SD;    1953 +3.1 SD;    1983 +3.0 SD
 ===================================================================================================================================

 RDD091    1913 to  2023     111 years                                                                                    Series  17

 [B] Entire series, effect on correlation (  .594) is:
       Lower   1931< -.057   1930> -.025   1967> -.015   1917> -.012   1965> -.011   1932> -.009  Higher   2007  .058   1940  .056

 [D]    3 Absent rings:  Year   Master  N series Absent
                         1956   -1.826      39       7
                         1971   -1.273      39       8
                         1984   -2.350      39      18

 [E] Outliers     1   3.0 SD above or -4.5 SD below mean for year
       1930 +3.0 SD
 ===================================================================================================================================

 RDD092    1897 to  2023     127 years                                                                                    Series  18

 [B] Entire series, effect on correlation (  .591) is:
       Lower   1959< -.019   1924> -.014   1967> -.013   1965> -.011   1955< -.010   1963> -.009  Higher   2007  .048   1983  .008

 [D]    3 Absent rings:  Year   Master  N series Absent
                         1956   -1.826      39       7
                         1971   -1.273      39       8
                         1984   -2.350      39      18

 ===================================================================================================================================

 RDD101    1914 to  2023     110 years                                                                                    Series  19

 [B] Entire series, effect on correlation (  .807) is:
       Lower   1914< -.018   1927> -.012   1923> -.010   1962< -.008   2017< -.006   1949> -.005  Higher   1940  .026   2007  .022

 ===================================================================================================================================

 RDD102    1909 to  2023     115 years                                                                                    Series  20

 [B] Entire series, effect on correlation (  .759) is:
       Lower   1962< -.018   1912< -.017   1927> -.011   1963> -.010   2017< -.009   1923> -.008  Higher   1940  .034   2007  .018

 ===================================================================================================================================

 RDD111    1890 to  2023     134 years                                                                                    Series  21

 [B] Entire series, effect on correlation (  .699) is:
       Lower   2007> -.028   2023> -.014   1984> -.012   1919> -.009   1890> -.007   1949> -.006  Higher   1940  .035   1893  .015

 [E] Outliers     2   3.0 SD above or -4.5 SD below mean for year
       2020 -5.2 SD;    2023 +3.4 SD
 ===================================================================================================================================

 RDD112    1889 to  2023     135 years                                                                                    Series  22

 [B] Entire series, effect on correlation (  .826) is:
       Lower   2023< -.012   1934< -.007   1919> -.007   1980< -.006   2007> -.005   1889> -.004  Higher   1940  .022   2009  .007

 [D]    1 Absent rings:  Year   Master  N series Absent
                         1984   -2.350      39      18

 ===================================================================================================================================

 RDD121    1910 to  2023     114 years                                                                                    Series  23

 [B] Entire series, effect on correlation (  .618) is:
       Lower   1917> -.017   1923> -.016   1981< -.015   1925> -.012   1918< -.012   2004< -.012  Higher   1924  .025   2009  .020

 [D]    1 Absent rings:  Year   Master  N series Absent
                         1984   -2.350      39      18

 [E] Outliers     3   3.0 SD above or -4.5 SD below mean for year
       1917 +3.1 SD;    1925 +3.2 SD;    1927 -5.1 SD
 ===================================================================================================================================

 RDD122    1826 to  2023     198 years                                                                                    Series  24

 [B] Entire series, effect on correlation (  .555) is:
       Lower   1826> -.025   1846< -.017   1921< -.017   1919> -.010   1918< -.009   1981< -.007  Higher   1940  .039   1924  .015

 [D]    4 Absent rings:  Year   Master  N series Absent
                         1940   -1.506      38       2
                         1955   -1.317      39       2
                         1956   -1.826      39       7
                         1984   -2.350      39      18

 [E] Outliers     3   3.0 SD above or -4.5 SD below mean for year
       1826 +5.2 SD;    1846 -4.8 SD;    1940 -5.1 SD
 ===================================================================================================================================

 RDD131    1947 to  2023      77 years                                                                                    Series  25

 [B] Entire series, effect on correlation (  .786) is:
       Lower   1994< -.019   2023> -.015   1951< -.011   1958> -.008   1969> -.008   1949< -.006  Higher   2007  .045   1979  .008

 [D]    3 Absent rings:  Year   Master  N series Absent
                         1984   -2.350      39      18
                         2007   -1.976      38       6
                         2009   -3.049      38       6

 ===================================================================================================================================

 RDD132    1861 to  2023     163 years                                                                                    Series  26

 [B] Entire series, effect on correlation (  .708) is:
       Lower   1866< -.010   1881< -.010   2012< -.008   1869> -.006   1922< -.006   1877< -.006  Higher   2007  .015   2023  .008

 [D]    2 Absent rings:  Year   Master  N series Absent
                         1971   -1.273      39       8
                         1984   -2.350      39      18

 [E] Outliers     1   3.0 SD above or -4.5 SD below mean for year
       1867 -5.8 SD
 ===================================================================================================================================

 RDD141    1903 to  2001      99 years                                                                                    Series  27

 [B] Entire series, effect on correlation (  .777) is:
       Lower   1927> -.010   1909> -.010   1928< -.009   1917> -.008   1995> -.006   1914< -.006  Higher   1940  .048   1924  .018

 [D]    1 Absent rings:  Year   Master  N series Absent
                         1984   -2.350      39      18

 ===================================================================================================================================

 RDD142    1905 to  2023     119 years                                                                                    Series  28

 [B] Entire series, effect on correlation (  .698) is:
       Lower   2023> -.014   1928< -.012   1927> -.012   1909> -.011   1912> -.008   2009> -.007  Higher   1940  .051   1924  .017

 [C] Year-to-year changes diverging by over 4.0 std deviations:
       1908 1909   4.6 SD

 [D]    1 Absent rings:  Year   Master  N series Absent
                         1984   -2.350      39      18

 [E] Outliers     2   3.0 SD above or -4.5 SD below mean for year
       1908 -6.5 SD;    2023 +3.4 SD
 ===================================================================================================================================

 RDD151    1895 to  2023     129 years                                                                                    Series  29

 [B] Entire series, effect on correlation (  .763) is:
       Lower   1895< -.062   1927> -.008   1957< -.008   1913< -.007   1956< -.005   1917> -.005  Higher   1940  .035   2007  .021

 [D]    2 Absent rings:  Year   Master  N series Absent
                         1956   -1.826      39       7
                         1984   -2.350      39      18

 [E] Outliers     2   3.0 SD above or -4.5 SD below mean for year
       1895 -6.2 SD;    1956 -5.4 SD
 ===================================================================================================================================

 RDD152    1916 to  2023     108 years                                                                                    Series  30

 [B] Entire series, effect on correlation (  .829) is:
       Lower   1927> -.016   1917> -.009   1958< -.008   2023> -.007   1921< -.005   2022> -.004  Higher   1940  .027   2007  .023

 [D]    1 Absent rings:  Year   Master  N series Absent
                         1984   -2.350      39      18

 [E] Outliers     2   3.0 SD above or -4.5 SD below mean for year
       1927 +3.1 SD;    1958 -5.9 SD
 ===================================================================================================================================

 RDD161    1903 to  2023     121 years                                                                                    Series  31

 [B] Entire series, effect on correlation (  .627) is:
       Lower   1962< -.054   2007> -.042   1963> -.008   1931< -.008   1929< -.006   1930> -.005  Higher   2009  .016   1924  .015

 [E] Outliers     1   3.0 SD above or -4.5 SD below mean for year
       2020 -5.0 SD
 ===================================================================================================================================

 RDD162    1909 to  2023     115 years                                                                                    Series  32

 [B] Entire series, effect on correlation (  .683) is:
       Lower   2007> -.066   2023> -.022   1932> -.014   1920< -.009   1963> -.007   2022< -.006  Higher   1924  .020   2009  .018

 [E] Outliers     1   3.0 SD above or -4.5 SD below mean for year
       2007 +3.9 SD
 ===================================================================================================================================

 RDD171    1791 to  2023     233 years                                                                                    Series  33

 [B] Entire series, effect on correlation (  .696) is:
       Lower   1999< -.025   1819> -.013   1916< -.010   1859> -.009   2015< -.005   2005< -.004  Higher   1940  .009   1795  .008

 [E] Outliers     1   3.0 SD above or -4.5 SD below mean for year
       1999 -6.2 SD
 ===================================================================================================================================

 RDD172    1770 to  2023     254 years                                                                                    Series  34

 [*] Early part of series cannot be checked from 1770 to 1773 -- not matched by another series

 [B] Entire series, effect on correlation (  .769) is:
       Lower   1940> -.023   1941< -.010   1916< -.007   1819> -.005   1874> -.003   1859> -.003  Higher   2007  .012   1826  .005

 [E] Outliers     1   3.0 SD above or -4.5 SD below mean for year
       1940 +3.5 SD
 ===================================================================================================================================

 RDD181    1900 to  2023     124 years                                                                                    Series  35

 [B] Entire series, effect on correlation (  .639) is:
       Lower   2007> -.060   1923< -.013   1956> -.009   1932> -.008   1994< -.006   1963> -.006  Higher   1940  .044   2023  .013

 [E] Outliers     1   3.0 SD above or -4.5 SD below mean for year
       2007 +4.1 SD
 ===================================================================================================================================

 RDD182    1885 to  2023     139 years                                                                                    Series  36

 [B] Entire series, effect on correlation (  .610) is:
       Lower   1923< -.053   2007> -.030   1924> -.010   1994< -.008   1962< -.008   1995> -.008  Higher   1940  .059   1979  .012

 ===================================================================================================================================

 RDD191    1904 to  2023     120 years                                                                                    Series  37

 [B] Entire series, effect on correlation (  .671) is:
       Lower   1940> -.041   2003< -.027   2006< -.015   1915< -.015   1997> -.014   1905< -.007  Higher   2007  .049   2009  .015

 [D]    1 Absent rings:  Year   Master  N series Absent
                         2007   -1.976      38       6

 [E] Outliers     1   3.0 SD above or -4.5 SD below mean for year
       2007 -5.8 SD
 ===================================================================================================================================

 RDD192    1878 to  2023     146 years                                                                                    Series  38

 [B] Entire series, effect on correlation (  .646) is:
       Lower   2003< -.022   1915< -.014   1996< -.012   1878< -.011   1940> -.010   1898< -.010  Higher   2007  .044   1924  .011

 [D]    1 Absent rings:  Year   Master  N series Absent
                         2007   -1.976      38       6

 [E] Outliers     1   3.0 SD above or -4.5 SD below mean for year
       2007 -6.0 SD
 ===================================================================================================================================

 RDD201    1796 to  2023     228 years                                                                                    Series  39

 [B] Entire series, effect on correlation (  .684) is:
       Lower   2023> -.015   1940> -.012   2007> -.008   2022< -.006   1963> -.005   1961< -.005  Higher   1924  .010   1826  .008

 [D]    1 Absent rings:  Year   Master  N series Absent
                         2009   -3.049      38       6

 [E] Outliers     2   3.0 SD above or -4.5 SD below mean for year
       2009 -6.4 SD;    2023 +3.1 SD
 ===================================================================================================================================

 RDD202    1774 to  2023     250 years                                                                                    Series  40

 [B] Entire series, effect on correlation (  .660) is:
       Lower   1940> -.010   1814< -.009   1959< -.008   1775> -.007   1955> -.006   1989< -.005  Higher   1826  .007   1924  .007

 [E] Outliers     2   3.0 SD above or -4.5 SD below mean for year
       1775 +3.0 SD;    2009 -6.1 SD
 ===================================================================================================================================

 [*] All segments correlate highest as dated with correlation with master series over   .3281
PART 7:  DESCRIPTIVE STATISTICS:                                                                   04:00  Fri 26 Jun 2026  Page   6
------------------------------------------------------------------------------------------------------------------------------------

                                                Corr   //-------- Unfiltered --------\\  //---- Filtered -----\\
                           No.    No.    No.    with   Mean   Max     Std   Auto   Mean   Max     Std   Auto  AR
 Seq Series   Interval   Years  Segmt  Flags   Master  msmt   msmt    dev   corr   sens  value    dev   corr  ()
 --- -------- ---------  -----  -----  -----   ------ -----  -----  -----  -----  -----  -----  -----  -----  --
   1 RDD011   1891 2023    133      5      0    .639   1.15   4.55  1.029   .868   .365   2.56   .387  -.050   1
   2 RDD012   1887 2023    137      5      0    .668   1.21   3.73  1.009   .832   .377   2.68   .578  -.037   1
   3 RDD021   1895 2023    129      5      0    .634    .45   1.05   .192   .667   .320   2.55   .377  -.036   1
   4 RDD031   1901 2023    123      4      0    .726   1.65   4.50  1.026   .795   .353   2.60   .481  -.065   1
   5 RDD032   1901 2023    123      4      0    .758   1.59   4.68  1.079   .817   .353   2.67   .515  -.068   1
   6 RDD041   1813 2023    211      8      0    .589   1.28   5.19  1.046   .838   .412   2.73   .461  -.043   2
   7 RDD042   1815 2023    209      8      0    .636   1.23   4.63   .963   .810   .434   2.60   .379  -.047   2
   8 RDD051   1800 2023    224      8      0    .629   1.14   4.51   .777   .733   .439   2.56   .286  -.033   4
   9 RDD052   1824 1907     84      4      0    .434  11.62  32.20  7.615   .687   .437   2.73   .427  -.063   2
  10 RDD052   1937 2023     87      3      0    .665   1.42   4.02   .811   .613   .364   2.69   .373   .026   1
  11 RDD061   1844 2023    180      7      0    .737    .47   1.61   .271   .560   .406   2.56   .424  -.062   1
  12 RDD062   1839 2023    185      7      0    .718    .49   1.98   .293   .654   .375   2.68   .421  -.070   1
  13 RDD071   1848 2023    176      7      0    .640    .51   1.16   .250   .489   .455   2.54   .388  -.025   4
  14 RDD072   1854 2023    170      6      0    .755    .61   2.65   .394   .695   .450   2.46   .325   .002   1
  15 RDD081   1828 2023    196      7      0    .626   1.29   5.01  1.130   .818   .401   2.72   .456  -.050   4
  16 RDD082   1824 2023    200      8      0    .631   1.30   4.90  1.062   .785   .420   2.47   .270  -.036   1
  17 RDD091   1913 2023    111      4      0    .594    .92   3.30   .740   .834   .408   2.72   .445   .028   1
  18 RDD092   1897 2023    127      5      0    .591    .93   3.09   .722   .810   .423   2.51   .387  -.035   2
  19 RDD101   1914 2023    110      4      0    .807   1.73   3.96   .888   .573   .374   2.78   .525   .010   1
  20 RDD102   1909 2023    115      4      0    .759   1.76   4.69   .920   .592   .368   2.77   .503   .003   1
  21 RDD111   1890 2023    134      5      0    .699   1.66   4.07   .847   .630   .381   2.74   .504   .024   5
  22 RDD112   1889 2023    135      5      0    .826   1.71   4.93   .913   .620   .396   2.82   .433  -.080   2
  23 RDD121   1910 2023    114      4      0    .618    .51   2.40   .383   .654   .511   2.81   .434  -.083   1
  24 RDD122   1826 2023    198      7      0    .555    .58   2.40   .405   .692   .420   2.61   .427  -.026   1
  25 RDD131   1947 2023     77      3      0    .786    .49   1.23   .280   .745   .441   2.46   .354  -.041   1
  26 RDD132   1861 2023    163      6      0    .708    .81   1.96   .482   .758   .370   2.58   .358   .028   1
  27 RDD141   1903 2001     99      4      0    .777   1.85   4.32  1.059   .783   .362   2.44   .330  -.029   3
  28 RDD142   1905 2023    119      4      0    .698   1.84   5.24  1.086   .724   .349   2.67   .354  -.043   3
  29 RDD151   1895 2023    129      5      0    .763   1.33   5.02  1.028   .852   .402   2.75   .431  -.014   1
  30 RDD152   1916 2023    108      4      0    .829   1.27   4.32   .944   .792   .417   2.70   .447  -.023   1
  31 RDD161   1903 2023    121      4      0    .627   1.13   2.82   .591   .589   .416   2.91   .542  -.058   2
  32 RDD162   1909 2023    115      4      0    .683    .77   2.27   .438   .713   .362   2.69   .498   .002   1
  33 RDD171   1791 2023    233      9      0    .696    .69   2.57   .454   .784   .304   2.56   .324  -.007   1
  34 RDD172   1770 2023    254     10      0    .769    .82   2.65   .527   .771   .303   2.67   .389   .002   1
  35 RDD181   1900 2023    124      4      0    .639    .83   3.72   .632   .563   .491   2.84   .522  -.098   2
  36 RDD182   1885 2023    139      5      0    .610   1.08   3.78   .866   .589   .520   2.66   .356  -.123   2
  37 RDD191   1904 2023    120      4      0    .671   1.21   2.52   .398   .479   .278   2.49   .388  -.005   3
  38 RDD192   1878 2023    146      5      0    .646   1.22   2.99   .475   .557   .298   2.51   .363   .000   1
  39 RDD201   1796 2023    228      9      0    .684    .76   2.70   .424   .674   .324   2.54   .315  -.025   1
  40 RDD202   1774 2023    250     10      0    .660    .67   2.95   .417   .687   .322   2.48   .333  -.016   1
 --- -------- ---------  -----  -----  -----   ------ -----  -----  -----  -----  -----  -----  -----  -----  --
 Total or mean:           6036    224      0    .677   1.19  32.20   .778   .708   .387   2.91   .404  -.031

                                              - = [  COFECHA VERY COF  ] = -
