[]  Dendrochronology Program Library                                        Run VERY   Program COF  04:00  Fri 26 Jun 2026  Page   1
[]
[]  P R O G R A M      C O F E C H A                                                                          Version 6.06P    33416
------------------------------------------------------------------------------------------------------------------------------------

 QUALITY CONTROL AND DATING CHECK OF TREE-RING MEASUREMENTS

 File of DATED series:   crossdated.rwl

 CONTENTS:

    Part 1:  Title page, options selected, summary, absent rings by series
    Part 2:  Histogram of time spans
    Part 3:  Master series with sample depth and absent rings by year
    Part 4:  Bar plot of Master Dating Series
    Part 5:  Correlation by segment of each series with Master
    Part 6:  Potential problems: low correlation, divergent year-to-year changes, absent rings, outliers
    Part 7:  Descriptive statistics

 RUN CONTROL OPTIONS SELECTED                             VALUE

         1  Cubic smoothing spline 50% wavelength cutoff for filtering
                                                            32 years
         2  Segments examined are                           50 years lagged successively by  25 years
         3  Autoregressive model applied                     A  Residuals are used in master dating series and testing
         4  Series transformed to logarithms                 Y  Each series log-transformed for master dating series and testing
         5  CORRELATION is Pearson (parametric, quantitative)
            Critical correlation, 99% confidence level   .3281
         6  Master dating series saved                       N
         7  Ring measurements listed                         N
         8  Parts printed                              1234567 
         9  Absent rings are omitted from master series and segment correlations  (Y)

 Time span of Master dating series is  1786 to  2023   238 years
 Continuous time span is               1786 to  2023   238 years
 Portion with two or more series is    1787 to  2023   237 years


                                        ****************************************
                                        *C* Number of dated series        46 *C*
                                        *O* Master series 1786 2023  238 yrs *O*
                                        *F* Total rings in all series   8658 *F*
                                        *E* Total dated rings checked   8657 *E*
                                        *C* Series intercorrelation     .713 *C*
                                        *H* Average mean sensitivity    .385 *H*
                                        *A* Segments, possible problems    0 *A*
                                        *** Mean length of series      188.2 ***
                                        ****************************************

 ABSENT RINGS listed by SERIES:            (See Master Dating Series for absent rings listed by year)

 RDM011      1 absent rings:   1927
 RDM021      2 absent rings:   1865  1927
 RDM031      2 absent rings:   1865  2014
 RDM032      2 absent rings:   1865  2014
 RDM041      1 absent rings:   1865
 RDM042      2 absent rings:   1925  1927
 RDM081      5 absent rings:   1865  1876  1912  1925  1927
 RDM082      3 absent rings:   1865  1925  1927
 RDM091      3 absent rings:   1938  1947  1961
 RDM101      3 absent rings:   1925  1927  1947
 RDM102      4 absent rings:   1876  1925  1927  1938
 RDM111      9 absent rings:   1865  1893  1894  1895  1911  1912  1925  1927  1938
 RDM112      3 absent rings:   1893  1895  1927
 RDM121      4 absent rings:   1912  1925  1927  1938
 RDM122      6 absent rings:   1865  1911  1912  1925  1927  1938
 RDM131      3 absent rings:   1925  1927  1938
 RDM132      5 absent rings:   1893  1911  1912  1925  1927
 RDM162      1 absent rings:   1961
 RDM181      2 absent rings:   1893  1912
 RDM182      2 absent rings:   1865  1893
 RDM201      8 absent rings:   1927  1947  1961  1967  1984  1999  2009  2014
 RDM202      2 absent rings:   1925  1927
 RDM211      5 absent rings:   1925  1927  1938  2009  2014
 RDM212      5 absent rings:   1927  1938  1984  2009  2014
 RDM222      3 absent rings:   1853  1895  1927
 RDM231      1 absent rings:   1927

            87 absent rings   1.005%
PART 2:  TIME PLOT OF TREE-RING SERIES:                                                            04:00  Fri 26 Jun 2026  Page   2
------------------------------------------------------------------------------------------------------------------------------------
 1050 1100 1150 1200 1250 1300 1350 1400 1450 1500 1550 1600 1650 1700 1750 1800 1850 1900 1950 2000 2050 Ident   Seq Time-span  Yrs
   :    :    :    :    :    :    :    :    :    :    :    :    :    :    :    :    :    :    :    :    : -------- --- ---- ---- ----
   .    .    .    .    .    .    .    .    .    .    .    .    .    .    .    <=====================>  . RDM011     1 1807 2023  217
   .    .    .    .    .    .    .    .    .    .    .    .    .    .    .    .   <=================>  . RDM012     2 1844 2023  180
   .    .    .    .    .    .    .    .    .    .    .    .    .    .    .    . <===================>  . RDM021     3 1827 2023  197
   .    .    .    .    .    .    .    .    .    .    .    .    .    .    .    .  <==================>  . RDM022     4 1836 2023  188
   .    .    .    .    .    .    .    .    .    .    .    .    .    .    .    <=====================>  . RDM031     5 1809 2023  215
   .    .    .    .    .    .    .    .    .    .    .    .    .    .    .    <=====================>  . RDM032     6 1807 2023  217
   .    .    .    .    .    .    .    .    .    .    .    .    .    .    .    .  <==================>  . RDM041     7 1832 2023  192
   .    .    .    .    .    .    .    .    .    .    .    .    .    .    .    . <===================>  . RDM042     8 1828 2023  196
   .    .    .    .    .    .    .    .    .    .    .    .    .    .    .    <=====================>  . RDM051     9 1808 2023  216
   .    .    .    .    .    .    .    .    .    .    .    .    .    .    .    .<====================>  . RDM052    10 1811 2023  213
   .    .    .    .    .    .    .    .    .    .    .    .    .    .    .  <=======================>  . RDM061    11 1786 2023  238
   .    .    .    .    .    .    .    .    .    .    .    .    .    .    .  <=======================>  . RDM062    12 1787 2023  237
   .    .    .    .    .    .    .    .    .    .    .    .    .    .    .    .<====================>  . RDM081    13 1816 2023  208
   .    .    .    .    .    .    .    .    .    .    .    .    .    .    .    .  <==================>  . RDM082    14 1831 2023  193
   .    .    .    .    .    .    .    .    .    .    .    .    .    .    .    <=====================>  . RDM091    15 1805 2023  219
   .    .    .    .    .    .    .    .    .    .    .    .    .    .    .    <=====================>  . RDM092    16 1800 2023  224
   .    .    .    .    .    .    .    .    .    .    .    .    .    .    .    .<====================>  . RDM101    17 1814 2023  210
   .    .    .    .    .    .    .    .    .    .    .    .    .    .    .    .<====================>  . RDM102    18 1819 2023  205
   .    .    .    .    .    .    .    .    .    .    .    .    .    .    .    .<====================>  . RDM111    19 1810 2023  214
   .    .    .    .    .    .    .    .    .    .    .    .    .    .    .    .<====================>  . RDM112    20 1810 2023  214
   .    .    .    .    .    .    .    .    .    .    .    .    .    .    .    . <===================>  . RDM121    21 1823 2023  201
   .    .    .    .    .    .    .    .    .    .    .    .    .    .    .    . <===================>  . RDM122    22 1820 2023  204
   .    .    .    .    .    .    .    .    .    .    .    .    .    .    .    <=====================>  . RDM131    23 1807 2023  217
   .    .    .    .    .    .    .    .    .    .    .    .    .    .    .    .<====================>  . RDM132    24 1814 2023  210
   .    .    .    .    .    .    .    .    .    .    .    .    .    .    .    <================>  .    . RDM141    25 1807 1976  170
   .    .    .    .    .    .    .    .    .    .    .    .    .    .    .    .  <===========>    .    . RDM142    26 1831 1957  127
   .    .    .    .    .    .    .    .    .    .    .    .    .    .    .    .<====================>  . RDM151    27 1814 2023  210
   .    .    .    .    .    .    .    .    .    .    .    .    .    .    .    . <===================>  . RDM152    28 1821 2023  203
   .    .    .    .    .    .    .    .    .    .    .    .    .    .    .    .    .    .<==========>  . RDM161    29 1918 2023  106
   .    .    .    .    .    .    .    .    .    .    .    .    .    .    .    .    .    .  <========>  . RDM162    30 1930 2023   94
   .    .    .    .    .    .    .    .    .    .    .    .    .    .    .    . <===================>  . RDM171    31 1824 2023  200
   .    .    .    .    .    .    .    .    .    .    .    .    .    .    .    . <===================>  . RDM172    32 1823 2023  201
   .    .    .    .    .    .    .    .    .    .    .    .    .    .    .    . <==========> .    .    . RDM181    33 1828 1931  104
   .    .    .    .    .    .    .    .    .    .    .    .    .    .    .    .    .    .   <=======>  . RDM181    34 1940 2023   84
   .    .    .    .    .    .    .    .    .    .    .    .    .    .    .    .<========>    .    .    . RDM182    35 1815 1906   92
   .    .    .    .    .    .    .    .    .    .    .    .    .    .    .    .    .    . <=========>  . RDM182    36 1920 2023  104
   .    .    .    .    .    .    .    .    .    .    .    .    .    .    .    .    <================>  . RDM191    37 1856 2023  168
   .    .    .    .    .    .    .    .    .    .    .    .    .    .    .    .   <=================>  . RDM192    38 1840 2023  184
   .    .    .    .    .    .    .    .    .    .    .    .    .    .    .    <=====================>  . RDM201    39 1808 2023  216
   .    .    .    .    .    .    .    .    .    .    .    .    .    .    .    . <===================>  . RDM202    40 1828 2023  196
   .    .    .    .    .    .    .    .    .    .    .    .    .    .    .    .<====================>  . RDM211    41 1817 2023  207
   .    .    .    .    .    .    .    .    .    .    .    .    .    .    .    .    <================>  . RDM212    42 1856 2023  168
   .    .    .    .    .    .    .    .    .    .    .    .    .    .    .    <=====================>  . RDM221    43 1800 2023  224
   .    .    .    .    .    .    .    .    .    .    .    .    .    .    .   <======================>  . RDM222    44 1797 2023  227
   .    .    .    .    .    .    .    .    .    .    .    .    .    .    .    .    <================>  . RDM231    45 1850 2023  174
   .    .    .    .    .    .    .    .    .    .    .    .    .    .    .    .    <================>  . RDM232    46 1850 2023  174
   :    :    :    :    :    :    :    :    :    :    :    :    :    :    :    :    :    :    :    :    :
 1050 1100 1150 1200 1250 1300 1350 1400 1450 1500 1550 1600 1650 1700 1750 1800 1850 1900 1950 2000 2050
PART 3:  Master Dating Series:                                                                     04:00  Fri 26 Jun 2026  Page   3
------------------------------------------------------------------------------------------------------------------------------------
  Year  Value  No Ab    Year  Value  No Ab    Year  Value  No Ab    Year  Value  No Ab    Year  Value  No Ab    Year  Value  No Ab
  ------------------    ------------------    ------------------    ------------------    ------------------    ------------------
                        1800 -1.229   5       1850  -.962  40       1900  -.252  42       1950   .430  44       2000  -.095  42
                        1801   .268   5       1851   .463  40       1901  -.480  42       1951  1.115  44       2001   .584  42
                        1802  -.370   5       1852   .077  40       1902   .270  42       1952  1.213  44       2002   .371  42
                        1803   .307   5       1853 -1.653  40  1    1903  1.196  42       1953  -.974  44       2003  1.529  42
                        1804   .759   5       1854 -1.162  40       1904  1.567  42       1954  -.070  44       2004  -.277  42
                        1805   .586   6       1855  -.485  40       1905   .896  42       1955  -.213  44       2005   .314  42
                        1806  1.253   6       1856   .909  42       1906   .565  42       1956  -.422  44       2006  1.247  42
                        1807   .381  10       1857  -.186  42       1907  1.333  41       1957   .489  44       2007  -.509  42
                        1808   .869  12       1858  -.481  42       1908  1.231  41       1958  -.361  43       2008   .078  42
                        1809  1.253  13       1859   .316  42       1909   .299  41       1959  1.238  43       2009 -3.328  42  3

                        1810  -.086  15       1860   .721  42       1910  -.527  41       1960 -1.663  43       2010  -.807  42
                        1811 -3.069  16       1861   .694  42       1911 -1.199  41  3    1961 -1.995  43  3    2011   .005  42
                        1812  -.940  16       1862  1.099  42       1912 -1.481  41  6    1962  -.155  43       2012  1.392  42
                        1813  -.074  16       1863  1.551  42       1913  -.998  41       1963   .164  43       2013   .317  42
                        1814   .244  19       1864  1.818  42       1914  -.837  41       1964   .055  43       2014 -3.018  42  5
                        1815  1.080  20       1865 -1.761  42  9    1915   .217  41       1965  1.196  43       2015  -.120  42
                        1816  -.192  21       1866  -.182  42       1916   .298  41       1966   .625  43       2016   .532  42
                        1817  -.545  22       1867  -.003  42       1917  -.167  41       1967 -1.165  43  1    2017   .611  42
                        1818  1.516  22       1868  -.567  42       1918   .151  42       1968   .842  43       2018  1.493  42
                        1819   .571  23       1869 -1.051  42       1919  -.127  42       1969   .309  43       2019  -.161  42

                        1820   .170  24       1870  -.646  42       1920   .522  43       1970  -.647  43       2020   .351  42
                        1821   .659  25       1871  -.387  42       1921  1.207  43       1971  -.569  43       2021  -.230  42
                        1822   .360  25       1872 -1.262  42       1922   .096  43       1972   .311  43       2022  -.712  42
                        1823 -1.686  27       1873  -.004  42       1923  -.538  43       1973 -1.202  43       2023  1.145  42
                        1824  -.077  28       1874  -.707  42       1924  -.644  43       1974  -.288  43
                        1825   .753  28       1875   .486  42       1925 -1.117  43 12    1975  -.220  43
                        1826   .187  28       1876 -1.862  42  2    1926  -.249  43       1976   .999  43
                        1827   .269  29       1877 -1.235  42       1927 -2.433  43 19    1977  1.119  42
                        1828   .162  32       1878  -.336  42       1928  -.121  43       1978   .224  42
                        1829 -3.361  32       1879   .399  42       1929  -.448  43       1979  1.539  42

                        1830 -1.587  32       1880   .625  42       1930   .784  44       1980   .531  42
                        1831 -1.284  34       1881  1.069  42       1931   .801  44       1981  -.511  42
                        1832  -.038  35       1882  1.731  42       1932   .128  43       1982  -.398  42
                        1833  1.033  35       1883  1.922  42       1933  -.027  43       1983  -.866  42
                        1834  1.442  35       1884  -.836  42       1934   .931  43       1984 -2.109  42  2
                        1835   .179  35       1885   .063  42       1935   .560  43       1985  -.945  42
  1786 -1.422   1       1836  1.157  36       1886   .312  42       1936  -.442  43       1986 -1.032  42
  1787 -2.076   2       1837   .272  36       1887   .160  42       1937  -.749  43       1987   .574  42
  1788   .112   2       1838  -.555  36       1888   .925  42       1938 -1.430  43  8    1988   .725  42
  1789  1.423   2       1839  -.322  36       1889  1.363  42       1939  -.184  43       1989  1.195  42

  1790   .115   2       1840  1.103  37       1890  1.160  42       1940   .283  44       1990   .615  42
  1791 -1.752   2       1841  1.389  37       1891   .717  42       1941   .446  44       1991   .126  42
  1792  1.325   2       1842  1.251  37       1892 -1.220  42       1942  1.576  44       1992   .656  42
  1793   .859   2       1843   .934  37       1893 -1.889  42  5    1943   .909  44       1993   .828  42
  1794   .721   2       1844  -.467  38       1894 -1.690  42  1    1944   .577  44       1994  1.085  42
  1795  1.334   2       1845 -1.039  38       1895 -1.745  42  3    1945   .794  44       1995  -.244  42
  1796   .894   2       1846 -1.515  38       1896  -.844  42       1946   .402  44       1996   .589  42
  1797   .140   3       1847  -.162  38       1897  -.579  42       1947 -1.603  44  3    1997 -1.120  42
  1798  -.442   3       1848   .002  38       1898   .061  42       1948  -.426  44       1998  -.658  42
  1799  -.609   3       1849  1.012  38       1899   .509  42       1949  -.677  44       1999 -1.422  42  1
------------------------------------------------------------------------------------------------------------------------------------
PART 4:  Master Bar Plot:                                                                          04:00  Fri 26 Jun 2026  Page   4
------------------------------------------------------------------------------------------------------------------------------------
   Year Rel value  Year Rel value  Year Rel value  Year Rel value  Year Rel value  Year Rel value  Year Rel value  Year Rel value
                   1800-e          1850-d          1900----a       1950------B     2000----@
                   1801------A     1851-------B    1901---b        1951---------D  2001-------B
                   1802---a        1852-----@      1902------A     1952---------E  2002------A
                   1803------A     1853g           1903---------E  1953-d          2003----------F
                   1804--------C   1854-e          1904----------F 1954----@       2004---a
                   1805-------B    1855---b        1905--------D   1955----a       2005------A
                   1806---------E  1856--------D   1906-------B    1956---b        2006---------E
                   1807------B     1857----a       1907----------E 1957-------B    2007---b
                   1808--------C   1858---b        1908---------E  1958---a        2008-----@
                   1809---------E  1859------A     1909------A     1959---------E  2009m
                   1810----@       1860--------C   1910--b         1960g           2010--c
                   1811l           1861--------C   1911-e          1961h           2011-----@
                   1812-d          1862---------D  1912f           1962----a       2012----------F
                   1813----@       1863----------F 1913-d          1963-----A      2013------A
                   1814------A     1864----------G 1914--c         1964-----@      2014l
                   1815---------D  1865g           1915-----A      1965---------E  2015----@
                   1816----a       1866----a       1916------A     1966-------B    2016-------B
                   1817--b         1867----@       1917----a       1967-e          2017-------B
                   1818----------F 1868--b         1918-----A      1968--------C   2018----------F
                   1819-------B    1869-d          1919----a       1969------A     2019----a
                   1820-----A      1870--c         1920-------B    1970--c         2020------A
                   1821-------C    1871---b        1921---------E  1971--b         2021----a
                   1822------A     1872-e          1922-----@      1972------A     2022--c
                   1823g           1873----@       1923--b         1973-e          2023---------E
                   1824----@       1874--c         1924--c         1974---a
                   1825--------C   1875-------B    1925-d          1975----a
                   1826-----A      1876g           1926----a       1976---------D
                   1827------A     1877-e          1927j           1977---------D
                   1828-----A      1878---a        1928----@       1978------A
                   1829m           1879------B     1929---b        1979----------F
                   1830f           1880-------B    1930--------C   1980-------B
                   1831-e          1881---------D  1931--------C   1981---b
                   1832----@       1882----------G 1932-----A      1982---b
                   1833---------D  1883----------H 1933----@       1983--c
                   1834----------F 1884--c         1934--------D   1984h
                   1835-----A      1885-----@      1935-------B    1985-d
   1786-f          1836---------E  1886------A     1936---b        1986-d
   1787h           1837------A     1887-----A      1937--c         1987-------B
   1788-----@      1838--b         1888--------D   1938-f          1988--------C
   1789----------F 1839---a        1889----------E 1939----a       1989---------E
   1790-----@      1840---------D  1890---------E  1940------A     1990-------B
   1791g           1841----------F 1891--------C   1941-------B    1991-----A
   1792----------E 1842---------E  1892-e          1942----------F 1992-------C
   1793--------C   1843--------D   1893h           1943--------D   1993--------C
   1794--------C   1844---b        1894g           1944-------B    1994---------D
   1795----------E 1845-d          1895g           1945--------C   1995----a
   1796--------D   1846f           1896--c         1946------B     1996-------B
   1797-----A      1847----a       1897--b         1947f           1997-d
   1798---b        1848-----@      1898-----@      1948---b        1998--c
   1799--b         1849---------D  1899-------B    1949--c         1999-f
PART 5:  CORRELATION OF SERIES BY SEGMENTS:                                                        04:00  Fri 26 Jun 2026  Page   5
------------------------------------------------------------------------------------------------------------------------------------
 Correlations of  50-year dated segments, lagged  25 years
 Flags:  A = correlation under   .3281 but highest as dated;  B = correlation higher at other than dated position

 Seq Series  Time_span   1775 1800 1825 1850 1875 1900 1925 1950 1975
                         1824 1849 1874 1899 1924 1949 1974 1999 2024
 --- -------- ---------  ---- ---- ---- ---- ---- ---- ---- ---- ---- ---- ---- ---- ---- ---- ---- ---- ---- ---- ---- ----
   1 RDM011   1807 2023        .70  .79  .90  .66  .48  .75  .78  .85
   2 RDM012   1844 2023             .87  .90  .72  .58  .78  .76  .79
   3 RDM021   1827 2023             .84  .67  .56  .63  .47  .54  .61
   4 RDM022   1836 2023             .43  .44  .73  .73  .66  .60  .75
   5 RDM031   1809 2023        .87  .88  .85  .82  .76  .57  .55  .73
   6 RDM032   1807 2023        .87  .86  .89  .84  .72  .61  .64  .81
   7 RDM041   1832 2023             .73  .82  .78  .70  .64  .63  .79
   8 RDM042   1828 2023             .68  .84  .69  .47  .73  .75  .86
   9 RDM051   1808 2023        .76  .76  .88  .74  .56  .53  .56  .70
  10 RDM052   1811 2023        .62  .57  .86  .79  .66  .45  .48  .70
  11 RDM061   1786 2023   .75  .76  .79  .85  .82  .84  .75  .69  .72
  12 RDM062   1787 2023   .70  .54  .53  .84  .79  .73  .62  .62  .69
  13 RDM081   1816 2023        .62  .61  .79  .71  .66  .79  .65  .68
  14 RDM082   1831 2023             .60  .74  .64  .60  .71  .51  .53
  15 RDM091   1805 2023        .64  .80  .78  .65  .35  .57  .64  .78
  16 RDM092   1800 2023        .68  .85  .83  .77  .68  .71  .70  .74
  17 RDM101   1814 2023        .76  .87  .89  .85  .64  .59  .68  .86
  18 RDM102   1819 2023        .83  .83  .76  .68  .55  .70  .81  .84
  19 RDM111   1810 2023        .72  .82  .78  .76  .51  .59  .66  .63
  20 RDM112   1810 2023        .74  .80  .79  .74  .68  .64  .68  .72
  21 RDM121   1823 2023        .61  .68  .82  .74  .60  .77  .82  .83
  22 RDM122   1820 2023        .54  .61  .79  .78  .60  .69  .77  .77
  23 RDM131   1807 2023        .70  .74  .83  .63  .44  .76  .71  .72
  24 RDM132   1814 2023        .82  .82  .85  .61  .53  .84  .83  .76
  25 RDM141   1807 1976        .83  .91  .91  .85  .80  .81  .79
  26 RDM142   1831 1957             .68  .88  .83  .70  .71
  27 RDM151   1814 2023        .71  .77  .76  .78  .62  .67  .68  .69
  28 RDM152   1821 2023        .83  .84  .69  .54  .67  .74  .70  .73
  29 RDM161   1918 2023                            .68  .75  .74  .81
  30 RDM162   1930 2023                                 .36  .58  .79
  31 RDM171   1824 2023        .88  .88  .82  .67  .65  .77  .72  .72
  32 RDM172   1823 2023        .86  .88  .82  .68  .65  .76  .72  .73
  33 RDM181   1828 1931             .63  .85  .61  .43
  34 RDM181   1940 2023                                 .67  .67  .60
  35 RDM182   1815 1906        .50  .70  .78  .74
  36 RDM182   1920 2023                            .52  .49  .78  .78
  37 RDM191   1856 2023                  .90  .86  .69  .73  .80  .84
  38 RDM192   1840 2023             .51  .56  .82  .67  .70  .75  .87
  39 RDM201   1808 2023        .67  .74  .80  .60  .48  .70  .63  .41
  40 RDM202   1828 2023             .59  .63  .68  .49  .69  .71  .67
  41 RDM211   1817 2023        .78  .80  .88  .82  .60  .76  .84  .69
  42 RDM212   1856 2023                  .82  .75  .50  .80  .67  .33
  43 RDM221   1800 2023        .67  .72  .78  .82  .76  .77  .74  .80
  44 RDM222   1797 2023   .56  .67  .56  .55  .69  .59  .70  .73  .82
  45 RDM231   1850 2023                  .38  .75  .57  .64  .61  .71
  46 RDM232   1850 2023                  .41  .71  .54  .59  .65  .71
 Av segment correlation   .67  .72  .74  .78  .73  .61  .67  .69  .73
PART 6:  POTENTIAL PROBLEMS:                                                                       04:00  Fri 26 Jun 2026  Page   5
------------------------------------------------------------------------------------------------------------------------------------

 For each series with potential problems the following diagnostics may appear:

 [A] Correlations with master dating series of flagged  50-year segments of series filtered with  32-year spline,
     at every point from ten years earlier (-10) to ten years later (+10) than dated

 [B] Effect of those data values which most lower or raise correlation with master series
     Symbol following year indicates value in series is greater (>) or lesser (<) than master series value

 [C] Year-to-year changes very different from the mean change in other series

 [D] Absent rings (zero values)

 [E] Values which are statistical outliers from mean for the year
 ===================================================================================================================================

 RDM011    1807 to  2023     217 years                                                                                    Series   1

 [B] Entire series, effect on correlation (  .772) is:
       Lower   1842< -.016   2007> -.007   1849< -.006   1922> -.006   1966< -.005   1823> -.005  Higher   1865  .015   2014  .013

 [D]    1 Absent rings:  Year   Master  N series Absent
                         1927   -2.433      43      19

 [E] Outliers     1   3.0 SD above or -4.5 SD below mean for year
       2009 -5.0 SD
 ===================================================================================================================================

 RDM012    1844 to  2023     180 years                                                                                    Series   2

 [B] Entire series, effect on correlation (  .785) is:
       Lower   1844> -.009   1909> -.007   2007> -.007   1903< -.005   1941< -.004   1900> -.004  Higher   1865  .020   2009  .015

 ===================================================================================================================================

 RDM021    1827 to  2023     197 years                                                                                    Series   3

 [B] Entire series, effect on correlation (  .661) is:
       Lower   1953> -.020   1891< -.010   2010< -.010   2014> -.008   1890< -.007   1964< -.007  Higher   1865  .031   1829  .011

 [C] Year-to-year changes diverging by over 4.0 std deviations:
       2009 2010  -4.6 SD

 [D]    2 Absent rings:  Year   Master  N series Absent
                         1865   -1.761      42       9
                         1927   -2.433      43      19

 [E] Outliers     3   3.0 SD above or -4.5 SD below mean for year
       1891 -4.9 SD;    1953 +3.6 SD;    2009 +3.3 SD
 ===================================================================================================================================

 RDM022    1836 to  2023     188 years                                                                                    Series   4

 [B] Entire series, effect on correlation (  .631) is:
       Lower   1865> -.042   1953> -.013   1866< -.011   1850> -.009   1884> -.008   1978< -.008  Higher   2009  .022   1960  .017

 [E] Outliers     3   3.0 SD above or -4.5 SD below mean for year
       1865 +4.1 SD;    1876 -4.9 SD;    1953 +3.2 SD
 ===================================================================================================================================

 RDM031    1809 to  2023     215 years                                                                                    Series   5

 [B] Entire series, effect on correlation (  .761) is:
       Lower   1960> -.022   2014< -.012   1969< -.006   1967> -.005   1946< -.003   2007> -.003  Higher   1865  .013   1829  .010

 [D]    2 Absent rings:  Year   Master  N series Absent
                         1865   -1.761      42       9
                         2014   -3.018      42       5

 [E] Outliers     1   3.0 SD above or -4.5 SD below mean for year
       2014 -7.6 SD
 ===================================================================================================================================

 RDM032    1807 to  2023     217 years                                                                                    Series   6

 [B] Entire series, effect on correlation (  .804) is:
       Lower   1960> -.019   1969< -.004   1965< -.003   2007> -.003   1999> -.003   1935> -.003  Higher   1865  .014   1829  .011

 [D]    2 Absent rings:  Year   Master  N series Absent
                         1865   -1.761      42       9
                         2014   -3.018      42       5

 [E] Outliers     2   3.0 SD above or -4.5 SD below mean for year
       1960 +3.0 SD;    2014 -6.1 SD
 ===================================================================================================================================

 RDM041    1832 to  2023     192 years                                                                                    Series   7

 [B] Entire series, effect on correlation (  .751) is:
       Lower   1967> -.012   1835< -.010   2014> -.009   1960> -.008   1869> -.005   1867< -.005  Higher   1865  .023   2009  .017

 [D]    1 Absent rings:  Year   Master  N series Absent
                         1865   -1.761      42       9

 [E] Outliers     1   3.0 SD above or -4.5 SD below mean for year
       1865 -5.4 SD
 ===================================================================================================================================

 RDM042    1828 to  2023     196 years                                                                                    Series   8

 [B] Entire series, effect on correlation (  .725) is:
       Lower   1829> -.041   1921< -.017   1914> -.006   1916< -.006   1960> -.006   1841< -.005  Higher   1865  .020   2009  .011

 [C] Year-to-year changes diverging by over 4.0 std deviations:
       1828 1829   4.1 SD

 [D]    2 Absent rings:  Year   Master  N series Absent
                         1925   -1.117      43      12
                         1927   -2.433      43      19

 [E] Outliers     2   3.0 SD above or -4.5 SD below mean for year
       1829 +5.6 SD;    1865 -6.8 SD
 ===================================================================================================================================

 RDM051    1808 to  2023     216 years                                                                                    Series   9

 [B] Entire series, effect on correlation (  .693) is:
       Lower   1960> -.011   1961> -.008   2009> -.006   1990< -.006   1963< -.005   1952< -.005  Higher   2014  .011   1884  .007

 [E] Outliers     2   3.0 SD above or -4.5 SD below mean for year
       1961 +3.8 SD;    2014 -6.9 SD
 ===================================================================================================================================

 RDM052    1811 to  2023     213 years                                                                                    Series  10

 [B] Entire series, effect on correlation (  .626) is:
       Lower   1835< -.029   1958< -.022   1960> -.015   1829> -.009   1961> -.009   2009> -.006  Higher   2014  .012   1927  .010

 [E] Outliers     2   3.0 SD above or -4.5 SD below mean for year
       1829 +3.1 SD;    1961 +4.0 SD
 ===================================================================================================================================

 RDM061    1786 to  2023     238 years                                                                                    Series  11

 [*] Early part of series cannot be checked from 1786 to 1786 -- not matched by another series

 [B] Entire series, effect on correlation (  .755) is:
       Lower   1962< -.007   1953> -.005   1865> -.005   1807< -.004   1978> -.004   1997> -.004  Higher   1829  .011   1960  .008

 ===================================================================================================================================

 RDM062    1787 to  2023     237 years                                                                                    Series  12

 [B] Entire series, effect on correlation (  .672) is:
       Lower   1839< -.024   2009> -.009   1842< -.009   1830> -.009   1798> -.006   1829> -.006  Higher   2014  .015   1811  .011

 [C] Year-to-year changes diverging by over 4.0 std deviations:
       1838 1839  -4.6 SD

 [E] Outliers     2   3.0 SD above or -4.5 SD below mean for year
       1830 +3.7 SD;    1839 -7.7 SD
 ===================================================================================================================================

 RDM081    1816 to  2023     208 years                                                                                    Series  13

 [B] Entire series, effect on correlation (  .705) is:
       Lower   1823< -.025   1829> -.010   1848< -.010   1923> -.008   1874> -.006   1989< -.005  Higher   1865  .011   2014  .009

 [D]    5 Absent rings:  Year   Master  N series Absent
                         1865   -1.761      42       9
                         1876   -1.862      42       2
                         1912   -1.481      41       6
                         1925   -1.117      43      12
                         1927   -2.433      43      19

 [E] Outliers     1   3.0 SD above or -4.5 SD below mean for year
       1823 -8.6 SD
 ===================================================================================================================================

 RDM082    1831 to  2023     193 years                                                                                    Series  14

 [B] Entire series, effect on correlation (  .657) is:
       Lower   1989< -.018   1997> -.010   1992< -.009   1848< -.009   1991< -.006   1993< -.006  Higher   1865  .033   1927  .012

 [D]    3 Absent rings:  Year   Master  N series Absent
                         1865   -1.761      42       9
                         1925   -1.117      43      12
                         1927   -2.433      43      19

 [E] Outliers     1   3.0 SD above or -4.5 SD below mean for year
       1992 -4.6 SD
 ===================================================================================================================================

 RDM091    1805 to  2023     219 years                                                                                    Series  15

 [B] Entire series, effect on correlation (  .657) is:
       Lower   1938< -.032   1814< -.016   1921< -.011   1942< -.009   1990< -.008   1823> -.006  Higher   2009  .017   2014  .014

 [C] Year-to-year changes diverging by over 4.0 std deviations:
       1937 1938  -4.2 SD

 [D]    3 Absent rings:  Year   Master  N series Absent
                         1938   -1.430      43       8
                         1947   -1.603      44       3
                         1961   -1.995      43       3

 [E] Outliers     2   3.0 SD above or -4.5 SD below mean for year
       1814 -4.8 SD;    1938 -7.9 SD
 ===================================================================================================================================

 RDM092    1800 to  2023     224 years                                                                                    Series  16

 [B] Entire series, effect on correlation (  .729) is:
       Lower   1938< -.015   1814< -.015   1990< -.010   2022> -.007   1947> -.007   1876> -.006  Higher   1865  .014   1829  .013

 [E] Outliers     2   3.0 SD above or -4.5 SD below mean for year
       1814 -5.2 SD;    1938 -5.7 SD
 ===================================================================================================================================

 RDM101    1814 to  2023     210 years                                                                                    Series  17

 [B] Entire series, effect on correlation (  .788) is:
       Lower   1953> -.015   1823> -.010   1950< -.006   1969< -.005   1925< -.005   1932< -.005  Higher   2009  .012   1865  .012

 [D]    3 Absent rings:  Year   Master  N series Absent
                         1925   -1.117      43      12
                         1927   -2.433      43      19
                         1947   -1.603      44       3

 [E] Outliers     1   3.0 SD above or -4.5 SD below mean for year
       1953 +3.1 SD
 ===================================================================================================================================

 RDM102    1819 to  2023     205 years                                                                                    Series  18

 [B] Entire series, effect on correlation (  .745) is:
       Lower   1875< -.018   1823> -.015   1872> -.009   1929> -.005   1935< -.005   1969< -.005  Higher   1865  .014   2009  .014

 [D]    4 Absent rings:  Year   Master  N series Absent
                         1876   -1.862      42       2
                         1925   -1.117      43      12
                         1927   -2.433      43      19
                         1938   -1.430      43       8

 ===================================================================================================================================

 RDM111    1810 to  2023     214 years                                                                                    Series  19

 [B] Entire series, effect on correlation (  .706) is:
       Lower   1925< -.012   1811> -.007   1857< -.006   1810> -.006   1953> -.006   1989< -.005  Higher   1865  .021   1829  .012

 [D]    9 Absent rings:  Year   Master  N series Absent
                         1865   -1.761      42       9
                         1893   -1.889      42       5
                         1894   -1.690      42       1
                         1895   -1.745      42       3
                         1911   -1.199      41       3
                         1912   -1.481      41       6
                         1925   -1.117      43      12
                         1927   -2.433      43      19
                         1938   -1.430      43       8

 [E] Outliers     1   3.0 SD above or -4.5 SD below mean for year
       1811 +3.7 SD
 ===================================================================================================================================

 RDM112    1810 to  2023     214 years                                                                                    Series  20

 [B] Entire series, effect on correlation (  .737) is:
       Lower   1857< -.013   1953> -.012   1892> -.006   1823> -.005   2009> -.005   1941< -.005  Higher   1865  .015   1927  .006

 [D]    3 Absent rings:  Year   Master  N series Absent
                         1893   -1.889      42       5
                         1895   -1.745      42       3
                         1927   -2.433      43      19

 [E] Outliers     1   3.0 SD above or -4.5 SD below mean for year
       1829 -5.1 SD
 ===================================================================================================================================

 RDM121    1823 to  2023     201 years                                                                                    Series  21

 [B] Entire series, effect on correlation (  .714) is:
       Lower   1829> -.030   1823> -.022   2014> -.007   1925< -.007   1825< -.005   1830< -.005  Higher   1865  .022   2009  .013

 [C] Year-to-year changes diverging by over 4.0 std deviations:
       1829 1830  -4.0 SD

 [D]    4 Absent rings:  Year   Master  N series Absent
                         1912   -1.481      41       6
                         1925   -1.117      43      12
                         1927   -2.433      43      19
                         1938   -1.430      43       8

 [E] Outliers     3   3.0 SD above or -4.5 SD below mean for year
       1823 +4.0 SD;    1829 +4.8 SD;    1850 -6.7 SD
 ===================================================================================================================================

 RDM122    1820 to  2023     204 years                                                                                    Series  22

 [B] Entire series, effect on correlation (  .722) is:
       Lower   1829> -.025   2014> -.013   1823> -.008   1925< -.006   1825< -.006   1935< -.006  Higher   1865  .017   2009  .011

 [D]    6 Absent rings:  Year   Master  N series Absent
                         1865   -1.761      42       9
                         1911   -1.199      41       3
                         1912   -1.481      41       6
                         1925   -1.117      43      12
                         1927   -2.433      43      19
                         1938   -1.430      43       8

 [E] Outliers     3   3.0 SD above or -4.5 SD below mean for year
       1829 +4.0 SD;    1850 -5.3 SD;    1865 -6.6 SD
 ===================================================================================================================================

 RDM131    1807 to  2023     217 years                                                                                    Series  23

 [B] Entire series, effect on correlation (  .709) is:
       Lower   1919> -.011   1920< -.010   1997> -.008   1999> -.006   1826> -.006   1931< -.006  Higher   1829  .012   2009  .011

 [D]    3 Absent rings:  Year   Master  N series Absent
                         1925   -1.117      43      12
                         1927   -2.433      43      19
                         1938   -1.430      43       8

 [E] Outliers     1   3.0 SD above or -4.5 SD below mean for year
       1919 +3.7 SD
 ===================================================================================================================================

 RDM132    1814 to  2023     210 years                                                                                    Series  24

 [B] Entire series, effect on correlation (  .767) is:
       Lower   1921< -.014   1923> -.006   1995> -.006   1919> -.006   1932< -.005   1865> -.005  Higher   1829  .012   1960  .011

 [D]    5 Absent rings:  Year   Master  N series Absent
                         1893   -1.889      42       5
                         1911   -1.199      41       3
                         1912   -1.481      41       6
                         1925   -1.117      43      12
                         1927   -2.433      43      19

 ===================================================================================================================================

 RDM141    1807 to  1976     170 years                                                                                    Series  25

 [B] Entire series, effect on correlation (  .832) is:
       Lower   1975< -.010   1818< -.007   1817< -.006   1963< -.005   1876> -.005   1965< -.005  Higher   1865  .013   1829  .013

 ===================================================================================================================================

 RDM142    1831 to  1957     127 years                                                                                    Series  26

 [B] Entire series, effect on correlation (  .735) is:
       Lower   1831< -.071   1876> -.010   1944< -.008   1849< -.005   1852> -.005   1920< -.004  Higher   1865  .031   1884  .011

 [C] Year-to-year changes diverging by over 4.0 std deviations:
       1831 1832   4.1 SD

 [E] Outliers     1   3.0 SD above or -4.5 SD below mean for year
       1831 -7.2 SD
 ===================================================================================================================================

 RDM151    1814 to  2023     210 years                                                                                    Series  27

 [B] Entire series, effect on correlation (  .721) is:
       Lower   2014> -.013   1936> -.012   1850> -.007   1981> -.006   1937< -.006   1979< -.005  Higher   1865  .020   1829  .015

 [E] Outliers     1   3.0 SD above or -4.5 SD below mean for year
       1936 +3.1 SD
 ===================================================================================================================================

 RDM152    1821 to  2023     203 years                                                                                    Series  28

 [B] Entire series, effect on correlation (  .719) is:
       Lower   1883< -.024   1884> -.017   1980< -.006   2014> -.006   1936> -.005   1977< -.004  Higher   1865  .015   1829  .015

 ===================================================================================================================================

 RDM161    1918 to  2023     106 years                                                                                    Series  29

 [B] Entire series, effect on correlation (  .748) is:
       Lower   1923> -.014   1921< -.010   2007> -.009   1927> -.007   2011< -.005   1958> -.005  Higher   2014  .034   2009  .021

 ===================================================================================================================================

 RDM162    1930 to  2023      94 years                                                                                    Series  30

 [B] Entire series, effect on correlation (  .583) is:
       Lower   1930< -.052   1967> -.029   1973> -.024   1934< -.009   2019> -.007   1968< -.007  Higher   2014  .053   2009  .034

 [D]    1 Absent rings:  Year   Master  N series Absent
                         1961   -1.995      43       3

 [E] Outliers     1   3.0 SD above or -4.5 SD below mean for year
       1967 +3.1 SD
 ===================================================================================================================================

 RDM171    1824 to  2023     200 years                                                                                    Series  31

 [B] Entire series, effect on correlation (  .767) is:
       Lower   1996< -.008   1917< -.006   1899< -.005   1892> -.005   1943< -.005   1904< -.005  Higher   1865  .014   1829  .010

 [E] Outliers     1   3.0 SD above or -4.5 SD below mean for year
       1865 -5.2 SD
 ===================================================================================================================================

 RDM172    1823 to  2023     201 years                                                                                    Series  32

 [B] Entire series, effect on correlation (  .764) is:
       Lower   1996< -.007   1943< -.006   1899< -.006   1823> -.006   1904< -.005   1919> -.004  Higher   1865  .017   1829  .014

 [E] Outliers     1   3.0 SD above or -4.5 SD below mean for year
       1829 -5.1 SD
 ===================================================================================================================================

 RDM181    1828 to  1931     104 years                                                                                    Series  33

 [B] Entire series, effect on correlation (  .551) is:
       Lower   1829> -.036   1927> -.036   1831> -.022   1833< -.016   1922> -.015   1928< -.014  Higher   1865  .063   1884  .031

 [D]    2 Absent rings:  Year   Master  N series Absent
                         1893   -1.889      42       5
                         1912   -1.481      41       6

 [E] Outliers     3   3.0 SD above or -4.5 SD below mean for year
       1829 +4.0 SD;    1831 +3.7 SD;    1927 +4.7 SD
 ===================================================================================================================================

 RDM181    1940 to  2023      84 years                                                                                    Series  34

 [B] Entire series, effect on correlation (  .644) is:
       Lower   2014> -.036   1981> -.014   1972< -.013   1940< -.012   2002< -.009   1983> -.006  Higher   1947  .019   2009  .014

 [E] Outliers     1   3.0 SD above or -4.5 SD below mean for year
       2014 +3.4 SD
 ===================================================================================================================================

 RDM182    1815 to  1906      92 years                                                                                    Series  35

 [B] Entire series, effect on correlation (  .615) is:
       Lower   1820< -.115   1883< -.015   1819> -.011   1829> -.010   1906< -.009   1894> -.009  Higher   1865  .030   1876  .017

 [D]    2 Absent rings:  Year   Master  N series Absent
                         1865   -1.761      42       9
                         1893   -1.889      42       5

 ===================================================================================================================================

 RDM182    1920 to  2023     104 years                                                                                    Series  36

 [B] Entire series, effect on correlation (  .656) is:
       Lower   1927> -.045   1930< -.017   1934< -.011   1928< -.011   1925> -.011   1973> -.009  Higher   2009  .048   1960  .024

 [E] Outliers     1   3.0 SD above or -4.5 SD below mean for year
       1927 +4.6 SD
 ===================================================================================================================================

 RDM191    1856 to  2023     168 years                                                                                    Series  37

 [B] Entire series, effect on correlation (  .826) is:
       Lower   1874> -.007   1944< -.006   1967> -.005   1919> -.005   2022< -.004   2009> -.004  Higher   1865  .016   1960  .010

 ===================================================================================================================================

 RDM192    1840 to  2023     184 years                                                                                    Series  38

 [B] Entire series, effect on correlation (  .688) is:
       Lower   1865> -.049   1857> -.014   1850> -.011   1967> -.011   1844> -.008   1916< -.007  Higher   2014  .013   1876  .011

 [E] Outliers     1   3.0 SD above or -4.5 SD below mean for year
       1865 +4.2 SD
 ===================================================================================================================================

 RDM201    1808 to  2023     216 years                                                                                    Series  39

 [B] Entire series, effect on correlation (  .703) is:
       Lower   1960> -.011   1829> -.009   2004> -.008   1817< -.007   1922> -.007   1976< -.006  Higher   2014  .018   2009  .017

 [D]    8 Absent rings:  Year   Master  N series Absent
                         1927   -2.433      43      19
                         1947   -1.603      44       3
                         1961   -1.995      43       3
                         1967   -1.165      43       1
                         1984   -2.109      42       2
                         1999   -1.422      42       1
                         2009   -3.328      42       3
                         2014   -3.018      42       5

 [E] Outliers     2   3.0 SD above or -4.5 SD below mean for year
       1829 +3.5 SD;    2009 -4.7 SD
 ===================================================================================================================================

 RDM202    1828 to  2023     196 years                                                                                    Series  40

 [B] Entire series, effect on correlation (  .650) is:
       Lower   1865> -.012   1850> -.009   1997> -.007   1925< -.006   1873< -.005   1900> -.005  Higher   2014  .022   1960  .013

 [D]    2 Absent rings:  Year   Master  N series Absent
                         1925   -1.117      43      12
                         1927   -2.433      43      19

 [E] Outliers     1   3.0 SD above or -4.5 SD below mean for year
       2007 -4.9 SD
 ===================================================================================================================================

 RDM211    1817 to  2023     207 years                                                                                    Series  41

 [B] Entire series, effect on correlation (  .781) is:
       Lower   2008< -.008   1826< -.007   2004> -.006   1865> -.006   1933> -.005   1929> -.005  Higher   2014  .013   1829  .012

 [D]    5 Absent rings:  Year   Master  N series Absent
                         1925   -1.117      43      12
                         1927   -2.433      43      19
                         1938   -1.430      43       8
                         2009   -3.328      42       3
                         2014   -3.018      42       5

 ===================================================================================================================================

 RDM212    1856 to  2023     168 years                                                                                    Series  42

 [B] Entire series, effect on correlation (  .716) is:
       Lower   1997> -.021   1987< -.009   1996< -.008   1921< -.008   1970> -.006   1917> -.006  Higher   2009  .023   1960  .018

 [D]    5 Absent rings:  Year   Master  N series Absent
                         1927   -2.433      43      19
                         1938   -1.430      43       8
                         1984   -2.109      42       2
                         2009   -3.328      42       3
                         2014   -3.018      42       5

 [E] Outliers     2   3.0 SD above or -4.5 SD below mean for year
       1938 -4.7 SD;    1997 +3.1 SD
 ===================================================================================================================================

 RDM221    1800 to  2023     224 years                                                                                    Series  43

 [B] Entire series, effect on correlation (  .754) is:
       Lower   1801< -.012   1997< -.011   1969< -.010   1865> -.009   1995> -.006   1928< -.004  Higher   2014  .014   1960  .009

 [E] Outliers     1   3.0 SD above or -4.5 SD below mean for year
       1969 -4.9 SD
 ===================================================================================================================================

 RDM222    1797 to  2023     227 years                                                                                    Series  44

 [B] Entire series, effect on correlation (  .658) is:
       Lower   1865> -.037   1921< -.012   1814< -.011   1798< -.009   1980< -.006   1797< -.005  Higher   2014  .020   2009  .018

 [D]    3 Absent rings:  Year   Master  N series Absent
                         1853   -1.653      40       1
                         1895   -1.745      42       3
                         1927   -2.433      43      19

 [E] Outliers     4   3.0 SD above or -4.5 SD below mean for year
       1798 -4.6 SD;    1829 +3.2 SD;    1853 -5.1 SD;    1865 +4.0 SD
 ===================================================================================================================================

 RDM231    1850 to  2023     174 years                                                                                    Series  45

 [B] Entire series, effect on correlation (  .585) is:
       Lower   1865> -.053   1863< -.018   1853> -.015   1984> -.011   1981> -.011   1859< -.008  Higher   2009  .032   1876  .016

 [D]    1 Absent rings:  Year   Master  N series Absent
                         1927   -2.433      43      19

 [E] Outliers     5   3.0 SD above or -4.5 SD below mean for year
       1853 +4.0 SD;    1863 -4.9 SD;    1865 +4.3 SD;    1964 +3.3 SD;    1984 +3.1 SD
 ===================================================================================================================================

 RDM232    1850 to  2023     174 years                                                                                    Series  46

 [B] Entire series, effect on correlation (  .562) is:
       Lower   1865> -.070   1966< -.015   1908< -.013   2019< -.012   1850> -.010   1951< -.010  Higher   1960  .028   1876  .018

 [E] Outliers     1   3.0 SD above or -4.5 SD below mean for year
       1865 +5.2 SD
 ===================================================================================================================================

 [*] All segments correlate highest as dated with correlation with master series over   .3281
PART 7:  DESCRIPTIVE STATISTICS:                                                                   04:00  Fri 26 Jun 2026  Page   6
------------------------------------------------------------------------------------------------------------------------------------

                                                Corr   //-------- Unfiltered --------\\  //---- Filtered -----\\
                           No.    No.    No.    with   Mean   Max     Std   Auto   Mean   Max     Std   Auto  AR
 Seq Series   Interval   Years  Segmt  Flags   Master  msmt   msmt    dev   corr   sens  value    dev   corr  ()
 --- -------- ---------  -----  -----  -----   ------ -----  -----  -----  -----  -----  -----  -----  -----  --
   1 RDM011   1807 2023    217      8      0    .772   1.04   2.98   .631   .760   .353   2.55   .361  -.010   1
   2 RDM012   1844 2023    180      7      0    .785    .92   2.60   .547   .755   .343   2.74   .424  -.056   2
   3 RDM021   1827 2023    197      7      0    .661    .68   2.59   .442   .798   .352   2.57   .314  -.036   1
   4 RDM022   1836 2023    188      7      0    .631    .68   2.97   .503   .841   .330   2.66   .414   .031   1
   5 RDM031   1809 2023    215      8      0    .761    .87   3.15   .565   .788   .344   2.37   .255  -.022   1
   6 RDM032   1807 2023    217      8      0    .804    .90   3.62   .671   .835   .357   2.44   .300  -.019   1
   7 RDM041   1832 2023    192      7      0    .751    .85   2.87   .547   .760   .405   2.65   .345  -.068   1
   8 RDM042   1828 2023    196      7      0    .725    .63   2.05   .420   .753   .476   2.48   .322  -.023   1
   9 RDM051   1808 2023    216      8      0    .693   1.07   2.63   .520   .743   .278   2.49   .303  -.020   3
  10 RDM052   1811 2023    213      8      0    .626   1.11   2.88   .586   .775   .284   2.59   .386  -.042   3
  11 RDM061   1786 2023    238      9      0    .755    .89   2.83   .668   .874   .271   2.54   .330  -.036   2
  12 RDM062   1787 2023    237      9      0    .672    .93   3.64   .774   .864   .302   2.47   .319  -.039   2
  13 RDM081   1816 2023    208      8      0    .705    .77   2.41   .514   .819   .396   2.61   .313  -.014   2
  14 RDM082   1831 2023    193      7      0    .657    .71   2.12   .488   .794   .405   2.81   .397  -.036   1
  15 RDM091   1805 2023    219      8      0    .657    .80   3.26   .696   .876   .398   2.50   .318  -.020   1
  16 RDM092   1800 2023    224      8      0    .729   1.04   3.37   .676   .827   .316   2.61   .394  -.043   1
  17 RDM101   1814 2023    210      8      0    .788    .66   3.18   .628   .874   .445   2.49   .325  -.059   2
  18 RDM102   1819 2023    205      8      0    .745    .63   2.59   .569   .835   .480   2.61   .392  -.056   2
  19 RDM111   1810 2023    214      8      0    .706    .94   3.17   .658   .809   .417   2.50   .326  -.014   1
  20 RDM112   1810 2023    214      8      0    .737    .85   2.59   .594   .842   .407   2.46   .308  -.039   3
  21 RDM121   1823 2023    201      8      0    .714    .62   1.95   .389   .765   .436   2.48   .336  -.042   1
  22 RDM122   1820 2023    204      8      0    .722    .63   1.98   .386   .748   .414   2.43   .284  -.071   1
  23 RDM131   1807 2023    217      8      0    .709   1.09   4.87  1.007   .911   .373   2.65   .325  -.043   2
  24 RDM132   1814 2023    210      8      0    .767    .80   3.13   .622   .819   .450   2.57   .370  -.037   1
  25 RDM141   1807 1976    170      7      0    .832    .95   3.37   .742   .824   .365   2.70   .431  -.046   2
  26 RDM142   1831 1957    127      5      0    .735    .87   2.63   .583   .811   .349   2.47   .353  -.048   1
  27 RDM151   1814 2023    210      8      0    .721   1.07   4.04   .841   .881   .299   2.61   .321  -.001   1
  28 RDM152   1821 2023    203      8      0    .719   1.07   3.88   .761   .834   .306   2.55   .292  -.020   1
  29 RDM161   1918 2023    106      4      0    .748    .52   1.80   .419   .847   .436   2.56   .423   .000   1
  30 RDM162   1930 2023     94      3      0    .583    .55   1.81   .434   .877   .393   2.66   .509   .047   1
  31 RDM171   1824 2023    200      8      0    .767    .94   3.33   .671   .788   .380   2.49   .318  -.035   1
  32 RDM172   1823 2023    201      8      0    .764    .96   3.45   .727   .793   .382   2.50   .349  -.039   1
  33 RDM181   1828 1931    104      4      0    .551   6.28  26.36  5.884   .887   .444   2.63   .524  -.024   1
  34 RDM181   1940 2023     84      3      0    .644    .47   1.12   .229   .703   .348   2.49   .503  -.056   1
  35 RDM182   1815 1906     92      4      0    .615   6.37  19.18  4.320   .777   .435   2.53   .385  -.069   2
  36 RDM182   1920 2023    104      4      0    .656    .38    .90   .186   .488   .477   2.53   .456  -.034   1
  37 RDM191   1856 2023    168      6      0    .826   1.00   2.99   .545   .649   .380   2.63   .398  -.030   1
  38 RDM192   1840 2023    184      7      0    .688    .93   2.73   .546   .721   .389   2.64   .439  -.025   1
  39 RDM201   1808 2023    216      8      0    .703    .56   2.18   .498   .788   .542   2.66   .334  -.058   1
  40 RDM202   1828 2023    196      7      0    .650    .61   3.12   .594   .868   .410   2.59   .474  -.042   4
  41 RDM211   1817 2023    207      8      0    .781    .56   2.69   .466   .817   .459   2.59   .382  -.055   1
  42 RDM212   1856 2023    168      6      0    .716    .38   1.64   .279   .688   .496   2.62   .456  -.027   1
  43 RDM221   1800 2023    224      8      0    .754    .69   2.44   .492   .864   .337   2.68   .408  -.044   4
  44 RDM222   1797 2023    227      9      0    .658    .65   2.45   .503   .872   .381   2.60   .373  -.038   1
  45 RDM231   1850 2023    174      6      0    .585    .68   2.63   .461   .781   .419   2.87   .466  -.016   1
  46 RDM232   1850 2023    174      6      0    .562    .95   3.07   .683   .787   .406   2.58   .426  -.023   1
 --- -------- ---------  -----  -----  -----   ------ -----  -----  -----  -----  -----  -----  -----  -----  --
 Total or mean:           8658    325      0    .713    .94  26.36   .682   .806   .385   2.87   .364  -.033

                                              - = [  COFECHA VERY COF  ] = -
