[]  Dendrochronology Program Library                                        Run VERY   Program COF  03:59  Fri 26 Jun 2026  Page   1
[]
[]  P R O G R A M      C O F E C H A                                                                          Version 6.06P    33416
------------------------------------------------------------------------------------------------------------------------------------

 QUALITY CONTROL AND DATING CHECK OF TREE-RING MEASUREMENTS

 File of DATED series:   crossdated.rwl

 CONTENTS:

    Part 1:  Title page, options selected, summary, absent rings by series
    Part 2:  Histogram of time spans
    Part 3:  Master series with sample depth and absent rings by year
    Part 4:  Bar plot of Master Dating Series
    Part 5:  Correlation by segment of each series with Master
    Part 6:  Potential problems: low correlation, divergent year-to-year changes, absent rings, outliers
    Part 7:  Descriptive statistics

 RUN CONTROL OPTIONS SELECTED                             VALUE

         1  Cubic smoothing spline 50% wavelength cutoff for filtering
                                                            32 years
         2  Segments examined are                           50 years lagged successively by  25 years
         3  Autoregressive model applied                     A  Residuals are used in master dating series and testing
         4  Series transformed to logarithms                 Y  Each series log-transformed for master dating series and testing
         5  CORRELATION is Pearson (parametric, quantitative)
            Critical correlation, 99% confidence level   .3281
         6  Master dating series saved                       N
         7  Ring measurements listed                         N
         8  Parts printed                              1234567 
         9  Absent rings are omitted from master series and segment correlations  (Y)

 Time span of Master dating series is  1746 to  2024   279 years
 Continuous time span is               1746 to  2024   279 years
 Portion with two or more series is    1757 to  2024   268 years


                                        ****************************************
                                        *C* Number of dated series        41 *C*
                                        *O* Master series 1746 2024  279 yrs *O*
                                        *F* Total rings in all series   7950 *F*
                                        *E* Total dated rings checked   7939 *E*
                                        *C* Series intercorrelation     .657 *C*
                                        *H* Average mean sensitivity    .262 *H*
                                        *A* Segments, possible problems    1 *A*
                                        *** Mean length of series      193.9 ***
                                        ****************************************

 ABSENT RINGS listed by SERIES:            (See Master Dating Series for absent rings listed by year)

 EBD041      2 absent rings:   1999  2014
 EBD042      2 absent rings:   1999  2014
 EBD061      1 absent rings:   1949
 EBD062      2 absent rings:   1903  1949
 EBD081      3 absent rings:   1975  1988  1990
 EBD082      5 absent rings:   1855  1975  1988  1990  2014
 EBD091      3 absent rings:   1917  1988  2009
 EBD092      4 absent rings:   1917  1988  2009  2014
 EBD112      1 absent rings:   1932
 EBD142      1 absent rings:   1932
 EBD151      1 absent rings:   2009
 EBD152      1 absent rings:   2009
 EBD171      2 absent rings:   1855  1869
 EBD172      3 absent rings:   1794  1855  1869
 EBD181      2 absent rings:   2009  2014
 EBD182      2 absent rings:   1988  2014

            35 absent rings    .440%
PART 2:  TIME PLOT OF TREE-RING SERIES:                                                            03:59  Fri 26 Jun 2026  Page   2
------------------------------------------------------------------------------------------------------------------------------------
 1050 1100 1150 1200 1250 1300 1350 1400 1450 1500 1550 1600 1650 1700 1750 1800 1850 1900 1950 2000 2050 Ident   Seq Time-span  Yrs
   :    :    :    :    :    :    :    :    :    :    :    :    :    :    :    :    :    :    :    :    : -------- --- ---- ---- ----
   .    .    .    .    .    .    .    .    .    .    .    .    .    .    .    .    <================>  . EBD011     1 1850 2024  175
   .    .    .    .    .    .    .    .    .    .    .    .    .    .    .    .    .<===============>  . EBD012     2 1861 2024  164
   .    .    .    .    .    .    .    .    .    .    .    .    .    .    .    . <===================>  . EBD021     3 1827 2024  198
   .    .    .    .    .    .    .    .    .    .    .    .    .    .    .    .    .  <=============>  . EBD022     4 1888 2024  137
   .    .    .    .    .    .    .    .    .    .    .    .    .    .    .<=========================>  . EBD041     5 1766 2024  259
   .    .    .    .    .    .    .    .    .    .    .    .    .    .    .    <=====================>  . EBD042     6 1805 2022  218
   .    .    .    .    .    .    .    .    .    .    .    .    .    .    .    <===================>    . EBD051     7 1800 2008  209
   .    .    .    .    .    .    .    .    .    .    .    .    .    .    .    <===================>    . EBD052     8 1800 2005  206
   .    .    .    .    .    .    .    .    .    .    .    .    .    .    <==========================>  . EBD061     9 1757 2024  268
   .    .    .    .    .    .    .    .    .    .    .    .    .    .    .    . <===================>  . EBD062    10 1820 2024  205
   .    .    .    .    .    .    .    .    .    .    .    .    .    .    .    .<====================>  . EBD071    11 1816 2024  209
   .    .    .    .    .    .    .    .    .    .    .    .    .    .    .   <======================>  . EBD072    12 1791 2024  234
   .    .    .    .    .    .    .    .    .    .    .    .    .    .    .  <=======================>  . EBD081    13 1784 2024  241
   .    .    .    .    .    .    .    .    .    .    .    .    .    .    .  <=======================>  . EBD082    14 1785 2024  240
   .    .    .    .    .    .    .    .    .    .    .    .    .    .    .  <=======================>  . EBD091    15 1785 2024  240
   .    .    .    .    .    .    .    .    .    .    .    .    .    .    . <========================>  . EBD092    16 1775 2024  250
   .    .    .    .    .    .    .    .    .    .    .    .    .    .    .    .    .    . <=========>  . EBD101    17 1926 2024   99
   .    .    .    .    .    .    .    .    .    .    .    .    .    .    .    .    .  <=============>  . EBD102    18 1884 2024  141
   .    .    .    .    .    .    .    .    .    .    .    .    .    .    .    .    .    . <=========>  . EBD111    19 1929 2024   96
   .    .    .    .    .    .    .    .    .    .    .    .    .    .    .    .    .    .<==========>  . EBD112    20 1912 2024  113
   .    .    .    .    .    .    .    .    .    .    .    .    .    .    .  <=======================>  . EBD131    21 1785 2024  240
   .    .    .    .    .    .    .    .    .    .    .    .    .    .    .  <=======================>  . EBD132    22 1785 2024  240
   .    .    .    .    .    .    .    .    .    .    .    .    .    .    .<=========================>  . EBD141    23 1762 2024  263
   .    .    .    .    .    .    .    .    .    .    .    .    .    .    .<=========================>  . EBD142    24 1764 2024  261
   .    .    .    .    .    .    .    .    .    .    .    .    .    .    . <========================>  . EBD151    25 1771 2024  254
   .    .    .    .    .    .    .    .    .    .    .    .    .    .    <==========================>  . EBD152    26 1759 2024  266
   .    .    .    .    .    .    .    .    .    .    .    .    .    .    .    .    .    . <=========>  . EBD161    27 1924 2024  101
   .    .    .    .    .    .    .    .    .    .    .    .    .    .    .    .    .    . <=========>  . EBD162    28 1920 2024  105
   .    .    .    .    .    .    .    .    .    .    .    .    .    .    .   <======================>  . EBD171    29 1790 2024  235
   .    .    .    .    .    .    .    .    .    .    .    .    .    .   <===========================>  . EBD172    30 1746 2024  279
   .    .    .    .    .    .    .    .    .    .    .    .    .    .    .    .    <================>  . EBD181    31 1851 2024  174
   .    .    .    .    .    .    .    .    .    .    .    .    .    .    .    .   <=================>  . EBD182    32 1848 2024  177
   .    .    .    .    .    .    .    .    .    .    .    .    .    .    .    .    <================>  . EBD191    33 1850 2024  175
   .    .    .    .    .    .    .    .    .    .    .    .    .    .    .  <=======================>  . EBD192    34 1785 2024  240
   .    .    .    .    .    .    .    .    .    .    .    .    .    .    .    .    .    .<===>    .    . EBD201    35 1912 1953   42
   .    .    .    .    .    .    .    .    .    .    .    .    .    .    .    .    .    .    <======>  . EBD201    36 1957 2024   68
   .    .    .    .    .    .    .    .    .    .    .    .    .    .    .    .    .    <===========>  . EBD202    37 1907 2024  118
   .    .    .    .    .    .    .    .    .    .    .    .    .    .    . <========================>  . EBD211    38 1776 2024  249
   .    .    .    .    .    .    .    .    .    .    .    .    .    .    .  <=======================>  . EBD212    39 1789 2024  236
   .    .    .    .    .    .    .    .    .    .    .    .    .    .    .    .    .<===============>  . EBD221    40 1860 2024  165
   .    .    .    .    .    .    .    .    .    .    .    .    .    .    .    .    .<===============>  . EBD222    41 1865 2024  160
   :    :    :    :    :    :    :    :    :    :    :    :    :    :    :    :    :    :    :    :    :
 1050 1100 1150 1200 1250 1300 1350 1400 1450 1500 1550 1600 1650 1700 1750 1800 1850 1900 1950 2000 2050
PART 3:  Master Dating Series:                                                                     03:59  Fri 26 Jun 2026  Page   3
------------------------------------------------------------------------------------------------------------------------------------
  Year  Value  No Ab    Year  Value  No Ab    Year  Value  No Ab    Year  Value  No Ab    Year  Value  No Ab    Year  Value  No Ab
  ------------------    ------------------    ------------------    ------------------    ------------------    ------------------
                        1750  1.354   1       1800   .717  20       1850  -.758  27       1900  -.919  33       1950   .202  40
                        1751  -.237   1       1801   .670  20       1851  -.704  28       1901   .199  33       1951  1.208  40
                        1752  1.469   1       1802  1.085  20       1852   .375  28       1902  -.303  33       1952  1.090  40
                        1753   .040   1       1803   .775  20       1853  -.580  28       1903 -1.860  33  1    1953  -.195  40
                        1754 -1.358   1       1804  1.150  20       1854   .781  28       1904   .236  33       1954  -.748  39
                        1755  -.913   1       1805  -.105  21       1855 -1.904  28  3    1905  -.060  33       1955  -.526  39
                        1756   .417   1       1806  -.111  21       1856 -1.534  28       1906  -.679  33       1956   .054  39
                        1757  2.324   2       1807   .488  21       1857  -.309  28       1907   .101  34       1957   .773  40
                        1758  1.589   2       1808   .139  21       1858  -.407  28       1908   .027  34       1958  1.378  40
                        1759 -1.123   3       1809   .048  21       1859  -.310  28       1909  1.044  34       1959  1.402  40

                        1760   .658   3       1810  -.262  21       1860   .973  29       1910   .068  34       1960  -.621  40
                        1761  -.915   3       1811  -.361  21       1861  1.438  30       1911   .399  34       1961  -.061  40
                        1762 -1.283   4       1812   .062  21       1862  2.092  30       1912  1.099  36       1962   .755  40
                        1763  -.711   4       1813  -.765  21       1863   .748  30       1913   .425  36       1963 -2.062  40
                        1764  1.316   5       1814  -.378  21       1864   .559  30       1914  -.947  36       1964  -.384  40
                        1765  -.942   5       1815   .816  21       1865  -.924  31       1915  -.843  36       1965 -1.069  40
                        1766  -.062   6       1816  1.632  22       1866   .066  31       1916  -.815  36       1966  -.091  40
                        1767  -.275   6       1817   .299  22       1867 -1.377  31       1917 -2.533  36  2    1967  -.582  40
                        1768   .247   6       1818   .966  22       1868  -.766  31       1918  -.038  36       1968  1.419  40
                        1769  -.911   6       1819 -1.074  22       1869 -1.266  31  2    1919   .933  36       1969   .030  40

                        1770  -.896   6       1820   .117  23       1870   .682  31       1920   .601  37       1970 -1.312  40
                        1771  1.139   7       1821  -.677  23       1871   .037  31       1921   .435  37       1971  -.940  40
                        1772 -1.301   7       1822   .698  23       1872  -.484  31       1922   .637  37       1972   .410  40
                        1773   .173   7       1823   .838  23       1873   .801  31       1923   .562  37       1973  -.220  40
                        1774  1.394   7       1824  -.330  23       1874  2.013  31       1924  -.251  38       1974   .309  40
                        1775   .210   8       1825  -.943  23       1875 -1.270  31       1925   .371  38       1975 -1.412  40  2
                        1776  1.520   9       1826   .024  23       1876   .055  31       1926  1.023  39       1976   .889  40
                        1777  -.551   9       1827   .209  24       1877  1.602  31       1927  -.704  39       1977   .344  40
                        1778  -.010   9       1828  1.242  24       1878   .150  31       1928  1.144  39       1978  -.017  40
                        1779 -1.352   9       1829 -2.299  24       1879 -1.460  31       1929   .952  40       1979   .966  40

                        1780 -1.076   9       1830 -1.515  24       1880   .085  31       1930  -.785  40       1980  1.311  40
                        1781  -.296   9       1831   .312  24       1881 -2.101  31       1931 -1.066  40       1981  1.878  40
                        1782  -.176   9       1832   .391  24       1882   .655  31       1932 -2.892  40  2    1982  -.521  40
                        1783  1.446   9       1833  -.197  24       1883   .039  31       1933 -1.199  40       1983  -.410  40
                        1784  -.382  10       1834   .377  24       1884  -.103  32       1934  -.331  40       1984   .500  40
                        1785   .377  15       1835  -.295  24       1885   .445  32       1935   .688  40       1985  -.631  40
                        1786  1.195  15       1836 -1.439  24       1886  1.150  32       1936 -1.027  40       1986  -.557  40
                        1787  1.210  15       1837 -1.716  24       1887  -.448  32       1937   .456  40       1987   .276  40
                        1788  1.161  15       1838   .771  24       1888   .416  33       1938  1.067  40       1988 -2.414  40  5
                        1789   .553  16       1839  1.427  24       1889   .335  33       1939  1.113  40       1989   .649  40

                        1790  1.117  17       1840  -.320  24       1890 -2.193  33       1940  -.441  40       1990  -.998  40  2
                        1791   .895  18       1841   .685  24       1891  -.237  33       1941   .468  40       1991   .250  40
                        1792  -.298  18       1842  1.557  24       1892  1.364  33       1942  1.073  40       1992   .223  40
                        1793 -1.666  18       1843 -1.113  24       1893  -.653  33       1943  1.819  40       1993   .400  40
                        1794 -2.619  18  1    1844  -.423  24       1894  -.445  33       1944  -.141  40       1994   .886  40
                        1795 -1.063  18       1845  -.043  24       1895  -.521  33       1945  -.832  40       1995   .116  40
  1746 -3.014   1       1796 -1.744  18       1846  1.108  24       1896   .257  33       1946  -.051  40       1996   .895  40
  1747   .498   1       1797 -2.214  18       1847  1.183  24       1897  1.426  33       1947  -.715  40       1997   .088  40
  1748   .679   1       1798  -.641  18       1848   .537  25       1898  1.024  33       1948  -.328  40       1998  -.377  40
  1749  -.283   1       1799   .686  18       1849   .799  25       1899  1.366  33       1949 -1.842  40  2    1999 -2.429  40  2
PART 3:  Master Dating Series:                                                                     03:59  Fri 26 Jun 2026  Page   4
------------------------------------------------------------------------------------------------------------------------------------
  Year  Value  No Ab    Year  Value  No Ab    Year  Value  No Ab    Year  Value  No Ab    Year  Value  No Ab    Year  Value  No Ab
  ------------------    ------------------    ------------------    ------------------    ------------------    ------------------
  2000   .457  40
  2001   .730  40
  2002   .660  40
  2003   .978  40
  2004   .318  40
  2005   .270  40
  2006  -.346  39
  2007  -.069  39
  2008  -.990  39
  2009 -1.188  38  5

  2010  1.052  38
  2011  1.545  38
  2012  1.260  38
  2013  -.268  38
  2014 -2.796  38  6
  2015  -.521  38
  2016  -.393  38
  2017  -.298  38
  2018  -.162  38
  2019   .056  38

  2020   .491  38
  2021  1.165  38
  2022  -.504  38
  2023  -.022  37
  2024   .826  37



























------------------------------------------------------------------------------------------------------------------------------------
PART 4:  Master Bar Plot:                                                                          03:59  Fri 26 Jun 2026  Page   5
------------------------------------------------------------------------------------------------------------------------------------
   Year Rel value  Year Rel value  Year Rel value  Year Rel value  Year Rel value  Year Rel value  Year Rel value  Year Rel value
                   1750----------E 1800--------C   1850--c         1900-d          1950------A     2000-------B
                   1751----a       1801--------C   1851--c         1901------A     1951---------E  2001--------C
                   1752----------F 1802---------D  1852------A     1902---a        1952---------D  2002-------C
                   1753-----@      1803--------C   1853--b         1903g           1953----a       2003---------D
                   1754-e          1804---------E  1854--------C   1904------A     1954--c         2004------A
                   1755-d          1805----@       1855h           1905-----@      1955---b        2005------A
                   1756------B     1806----@       1856f           1906--c         1956-----@      2006---a
                   1757----------I 1807-------B    1857---a        1907-----@      1957--------C   2007-----@
                   1758----------F 1808-----A      1858---b        1908-----@      1958----------F 2008-d
                   1759-d          1809-----@      1859---a        1909---------D  1959----------F 2009-e
                   1760-------C    1810----a       1860---------D  1910-----@      1960--b         2010---------D
                   1761-d          1811---a        1861----------F 1911------B     1961-----@      2011----------F
                   1762-e          1812-----@      1862----------H 1912---------D  1962--------C   2012---------E
                   1763--c         1813--c         1863--------C   1913-------B    1963h           2013----a
                   1764----------E 1814---b        1864-------B    1914-d          1964---b        2014k
                   1765-d          1815--------C   1865-d          1915--c         1965-d          2015---b
                   1766-----@      1816----------G 1866-----@      1916--c         1966----@       2016---b
                   1767----a       1817------A     1867-f          1917j           1967--b         2017---a
                   1768------A     1818---------D  1868--c         1918-----@      1968----------F 2018----a
                   1769-d          1819-d          1869-e          1919--------D   1969-----@      2019-----@
                   1770-d          1820-----@      1870--------C   1920-------B    1970-e          2020-------B
                   1771---------E  1821--c         1871-----@      1921-------B    1971-d          2021---------E
                   1772-e          1822--------C   1872---b        1922-------C    1972------B     2022---b
                   1773-----A      1823--------C   1873--------C   1923-------B    1973----a       2023-----@
                   1774----------F 1824---a        1874----------H 1924----a       1974------A     2024--------C
                   1775------A     1825-d          1875-e          1925------A     1975-f
                   1776----------F 1826-----@      1876-----@      1926---------D  1976--------D
                   1777--b         1827------A     1877----------F 1927--c         1977------A
                   1778-----@      1828---------E  1878-----A      1928---------E  1978-----@
                   1779-e          1829i           1879-f          1929--------D   1979---------D
                   1780-d          1830f           1880-----@      1930--c         1980----------E
                   1781---a        1831------A     1881h           1931-d          1981----------H
                   1782----a       1832------B     1882-------C    1932l           1982---b
                   1783----------F 1833----a       1883-----@      1933-e          1983---b
                   1784---b        1834------B     1884----@       1934---a        1984-------B
                   1785------B     1835---a        1885-------B    1935--------C   1985--c
                   1786---------E  1836-f          1886---------E  1936-d          1986--b
                   1787---------E  1837g           1887---b        1937-------B    1987------A
                   1788---------E  1838--------C   1888------B     1938---------D  1988j
                   1789-------B    1839----------F 1889------A     1939---------D  1989-------C
                   1790---------D  1840---a        1890i           1940---b        1990-d
                   1791--------D   1841--------C   1891----a       1941-------B    1991------A
                   1792---a        1842----------F 1892----------E 1942---------D  1992------A
                   1793g           1843-d          1893--c         1943----------G 1993------B
                   1794j           1844---b        1894---b        1944----a       1994--------D
                   1795-d          1845-----@      1895---b        1945--c         1995-----@
   1746l           1796g           1846---------D  1896------A     1946-----@      1996--------D
   1747-------B    1797i           1847---------E  1897----------F 1947--c         1997-----@
   1748--------C   1798--c         1848-------B    1898---------D  1948---a        1998---b
   1749----a       1799--------C   1849--------C   1899----------E 1949g           1999j
PART 5:  CORRELATION OF SERIES BY SEGMENTS:                                                        03:59  Fri 26 Jun 2026  Page   5
------------------------------------------------------------------------------------------------------------------------------------
 Correlations of  50-year dated segments, lagged  25 years
 Flags:  A = correlation under   .3281 but highest as dated;  B = correlation higher at other than dated position

 Seq Series  Time_span   1750 1775 1800 1825 1850 1875 1900 1925 1950 1975
                         1799 1824 1849 1874 1899 1924 1949 1974 1999 2024
 --- -------- ---------  ---- ---- ---- ---- ---- ---- ---- ---- ---- ---- ---- ---- ---- ---- ---- ---- ---- ---- ---- ----
   1 EBD011   1850 2024                       .68  .64  .65  .45  .21B .37
   2 EBD012   1861 2024                       .73  .66  .71  .64  .55  .58
   3 EBD021   1827 2024                  .77  .81  .71  .60  .58  .56  .70
   4 EBD022   1888 2024                            .69  .62  .61  .53  .62
   5 EBD041   1766 2024   .63  .73  .60  .72  .79  .73  .71  .76  .72  .52
   6 EBD042   1805 2022             .57  .70  .74  .75  .75  .73  .77  .64
   7 EBD051   1800 2008             .60  .77  .84  .77  .80  .82  .48  .36
   8 EBD052   1800 2005             .65  .80  .80  .76  .77  .78  .65  .58
   9 EBD061   1757 2024   .74  .68  .62  .72  .79  .69  .68  .74  .66  .43
  10 EBD062   1820 2024             .53  .58  .80  .73  .51  .53  .74  .53
  11 EBD071   1816 2024             .78  .80  .74  .70  .76  .77  .65  .62
  12 EBD072   1791 2024        .75  .75  .81  .77  .66  .67  .74  .67  .67
  13 EBD081   1784 2024        .61  .58  .69  .73  .53  .56  .84  .60  .53
  14 EBD082   1785 2024        .53  .47  .62  .66  .54  .61  .74  .49  .33
  15 EBD091   1785 2024        .64  .53  .71  .85  .78  .66  .63  .63  .61
  16 EBD092   1775 2024        .54  .55  .71  .79  .68  .57  .55  .53  .51
  17 EBD101   1926 2024                                      .53  .71  .68
  18 EBD102   1884 2024                            .39  .39  .59  .69  .79
  19 EBD111   1929 2024                                      .34  .49  .46
  20 EBD112   1912 2024                                 .40  .37  .67  .68
  21 EBD131   1785 2024        .65  .61  .66  .80  .80  .78  .64  .64  .73
  22 EBD132   1785 2024        .72  .69  .70  .74  .79  .80  .75  .72  .70
  23 EBD141   1762 2024   .86  .85  .68  .74  .80  .66  .67  .72  .78  .74
  24 EBD142   1764 2024   .85  .82  .66  .74  .82  .71  .62  .65  .71  .70
  25 EBD151   1771 2024   .70  .76  .87  .90  .84  .74  .75  .77  .66  .59
  26 EBD152   1759 2024   .73  .77  .84  .88  .82  .75  .77  .78  .72  .67
  27 EBD161   1924 2024                                 .61  .60  .68  .73
  28 EBD162   1920 2024                                 .55  .56  .69  .74
  29 EBD171   1790 2024        .39  .41  .55  .76  .57  .52  .74  .58  .65
  30 EBD172   1746 2024   .68  .45  .48  .64  .81  .59  .49  .68  .57  .60
  31 EBD181   1851 2024                       .63  .65  .73  .72  .68  .64
  32 EBD182   1848 2024                  .54  .56  .61  .72  .66  .63  .68
  33 EBD191   1850 2024                       .60  .69  .63  .63  .80  .82
  34 EBD192   1785 2024        .53  .56  .83  .82  .80  .69  .64  .73  .81
  35 EBD201   1912 1953                                 .52
  36 EBD201   1957 2024                                           .63  .71
  37 EBD202   1907 2024                                 .48  .53  .71  .78
  38 EBD211   1776 2024        .70  .59  .73  .74  .65  .77  .79  .78  .66
  39 EBD212   1789 2024        .53  .50  .63  .71  .62  .72  .70  .71  .57
  40 EBD221   1860 2024                       .57  .47  .59  .71  .66  .70
  41 EBD222   1865 2024                       .58  .56  .58  .72  .69  .72
 Av segment correlation   .74  .65  .61  .72  .75  .67  .64  .66  .64  .63
PART 6:  POTENTIAL PROBLEMS:                                                                       03:59  Fri 26 Jun 2026  Page   6
------------------------------------------------------------------------------------------------------------------------------------

 For each series with potential problems the following diagnostics may appear:

 [A] Correlations with master dating series of flagged  50-year segments of series filtered with  32-year spline,
     at every point from ten years earlier (-10) to ten years later (+10) than dated

 [B] Effect of those data values which most lower or raise correlation with master series
     Symbol following year indicates value in series is greater (>) or lesser (<) than master series value

 [C] Year-to-year changes very different from the mean change in other series

 [D] Absent rings (zero values)

 [E] Values which are statistical outliers from mean for the year
 ===================================================================================================================================

 EBD011    1850 to  2024     175 years                                                                                    Series   1

 [A] Segment   High   -10   -9   -8   -7   -6   -5   -4   -3   -2   -1   +0   +1   +2   +3   +4   +5   +6   +7   +8   +9  +10
    ---------  ----   ---  ---  ---  ---  ---  ---  ---  ---  ---  ---  ---  ---  ---  ---  ---  ---  ---  ---  ---  ---  ---
    1950 1999    8   -.01 -.06 -.14  .09 -.22  .22  .09 -.02  .03  .00  .21| .18 -.10 -.12 -.09 -.15 -.17 -.13  .27*-.06  .05

 [B] Entire series, effect on correlation (  .489) is:
       Lower   1974< -.083   1980< -.018   1982> -.016   1918< -.013   1890> -.010   1938< -.009  Higher   1932  .022   1875  .013
     1950 to 1999 segment:
       Lower   1974< -.179   1980< -.042   1982> -.039   1987< -.013   1989< -.010   1973> -.010  Higher   1996  .022   1968  .021

 [C] Year-to-year changes diverging by over 4.0 std deviations:
       1973 1974  -4.4 SD

 [E] Outliers     1   3.0 SD above or -4.5 SD below mean for year
       1890 +3.2 SD
 ===================================================================================================================================

 EBD012    1861 to  2024     164 years                                                                                    Series   2

 [B] Entire series, effect on correlation (  .637) is:
       Lower   1980< -.025   2013< -.013   1890> -.013   1998< -.011   1951< -.008   1962< -.006  Higher   1988  .019   1963  .012

 ===================================================================================================================================

 EBD021    1827 to  2024     198 years                                                                                    Series   3

 [B] Entire series, effect on correlation (  .688) is:
       Lower   1990> -.010   1926< -.007   1840< -.007   1993< -.007   1988> -.006   1966< -.006  Higher   1829  .012   1855  .010

 ===================================================================================================================================

 EBD022    1888 to  2024     137 years                                                                                    Series   4

 [B] Entire series, effect on correlation (  .638) is:
       Lower   1998< -.031   1990> -.011   1958< -.008   1944< -.008   1971< -.007   1929< -.006  Higher   2014  .022   1932  .015

 ===================================================================================================================================

 EBD041    1766 to  2024     259 years                                                                                    Series   5

 [B] Entire series, effect on correlation (  .684) is:
       Lower   1772> -.009   1999< -.008   1917> -.008   1828< -.006   1893> -.005   1822< -.005  Higher   2014  .012   1963  .008

 [D]    2 Absent rings:  Year   Master  N series Absent
                         1999   -2.429      40       2
                         2014   -2.796      38       6

 [E] Outliers     1   3.0 SD above or -4.5 SD below mean for year
       1999 -7.7 SD
 ===================================================================================================================================

 EBD042    1805 to  2022     218 years                                                                                    Series   6

 [B] Entire series, effect on correlation (  .700) is:
       Lower   2022> -.010   1822< -.006   1843> -.006   1867> -.005   1928< -.004   1957< -.004  Higher   1963  .011   2014  .009

 [D]    2 Absent rings:  Year   Master  N series Absent
                         1999   -2.429      40       2
                         2014   -2.796      38       6

 [E] Outliers     3   3.0 SD above or -4.5 SD below mean for year
       1881 -4.9 SD;    1999 -4.9 SD;    2014 -5.8 SD
 ===================================================================================================================================

 EBD051    1800 to  2008     209 years                                                                                    Series   7

 [B] Entire series, effect on correlation (  .644) is:
       Lower   1990> -.015   2008> -.013   1804< -.011   1807< -.008   1987< -.007   1988> -.007  Higher   1932  .014   1917  .013

 [E] Outliers     3   3.0 SD above or -4.5 SD below mean for year
       1829 -5.7 SD;    1975 -5.8 SD;    2008 +3.3 SD
 ===================================================================================================================================

 EBD052    1800 to  2005     206 years                                                                                    Series   8

 [B] Entire series, effect on correlation (  .697) is:
       Lower   2005< -.016   1985> -.015   1804< -.009   1999> -.008   1807< -.007   1914> -.005  Higher   1829  .015   1917  .010

 [E] Outliers     1   3.0 SD above or -4.5 SD below mean for year
       1985 +3.4 SD
 ===================================================================================================================================

 EBD061    1757 to  2024     268 years                                                                                    Series   9

 [B] Entire series, effect on correlation (  .623) is:
       Lower   1949< -.026   2014> -.015   2012< -.008   1985> -.008   1969> -.006   2019< -.006  Higher   1932  .012   1917  .008

 [C] Year-to-year changes diverging by over 4.0 std deviations:
       1948 1949  -4.7 SD    1949 1950   4.8 SD

 [D]    1 Absent rings:  Year   Master  N series Absent
                         1949   -1.842      40       2

 [E] Outliers     2   3.0 SD above or -4.5 SD below mean for year
       1949 -9.7 SD;    2014 +3.9 SD
 ===================================================================================================================================

 EBD062    1820 to  2024     205 years                                                                                    Series  10

 [B] Entire series, effect on correlation (  .578) is:
       Lower   2014> -.022   1829> -.021   1948< -.016   2012< -.013   2019< -.012   1940> -.009  Higher   1932  .017   1917  .014

 [D]    2 Absent rings:  Year   Master  N series Absent
                         1903   -1.860      33       1
                         1949   -1.842      40       2

 [E] Outliers     4   3.0 SD above or -4.5 SD below mean for year
       1829 +3.9 SD;    1903 -5.1 SD;    1949 -6.8 SD;    2014 +4.1 SD
 ===================================================================================================================================

 EBD071    1816 to  2024     209 years                                                                                    Series  11

 [B] Entire series, effect on correlation (  .707) is:
       Lower   1982< -.014   2024< -.013   1988> -.010   1898< -.009   1899< -.008   1881> -.007  Higher   2014  .013   1999  .010

 ===================================================================================================================================

 EBD072    1791 to  2024     234 years                                                                                    Series  12

 [B] Entire series, effect on correlation (  .705) is:
       Lower   2024< -.016   1917> -.009   1881> -.007   1975> -.007   1903> -.005   1930< -.005  Higher   2014  .012   1829  .009

 ===================================================================================================================================

 EBD081    1784 to  2024     241 years                                                                                    Series  13

 [B] Entire series, effect on correlation (  .649) is:
       Lower   1917> -.013   1910< -.012   1898< -.012   1829> -.011   1982> -.007   1833< -.005  Higher   2014  .012   1875  .010

 [D]    3 Absent rings:  Year   Master  N series Absent
                         1975   -1.412      40       2
                         1988   -2.414      40       5
                         1990    -.998      40       2

 [E] Outliers     2   3.0 SD above or -4.5 SD below mean for year
       1829 +3.1 SD;    1910 -5.8 SD
 ===================================================================================================================================

 EBD082    1785 to  2024     240 years                                                                                    Series  14

 [B] Entire series, effect on correlation (  .616) is:
       Lower   1829> -.014   1816< -.014   1962< -.008   1982> -.008   1910< -.007   1898< -.007  Higher   2014  .017   1890  .011

 [D]    5 Absent rings:  Year   Master  N series Absent
                         1855   -1.904      28       3
                         1975   -1.412      40       2
                         1988   -2.414      40       5
                         1990    -.998      40       2
                         2014   -2.796      38       6

 [E] Outliers     4   3.0 SD above or -4.5 SD below mean for year
       1829 +3.6 SD;    1855 -6.7 SD;    1879 -5.8 SD;    1910 -4.5 SD
 ===================================================================================================================================

 EBD091    1785 to  2024     240 years                                                                                    Series  15

 [B] Entire series, effect on correlation (  .677) is:
       Lower   1841< -.011   1936> -.008   1815< -.007   1967> -.006   1939< -.006   1909< -.005  Higher   1829  .013   1917  .012

 [D]    3 Absent rings:  Year   Master  N series Absent
                         1917   -2.533      36       2
                         1988   -2.414      40       5
                         2009   -1.188      38       5

 [E] Outliers     2   3.0 SD above or -4.5 SD below mean for year
       1917 -5.0 SD;    1988 -7.1 SD
 ===================================================================================================================================

 EBD092    1775 to  2024     250 years                                                                                    Series  16

 [B] Entire series, effect on correlation (  .637) is:
       Lower   1999> -.011   1936> -.008   1841< -.007   1875> -.006   1842< -.006   1776< -.005  Higher   1829  .014   2014  .012

 [D]    4 Absent rings:  Year   Master  N series Absent
                         1917   -2.533      36       2
                         1988   -2.414      40       5
                         2009   -1.188      38       5
                         2014   -2.796      38       6

 [E] Outliers     1   3.0 SD above or -4.5 SD below mean for year
       1988 -8.1 SD
 ===================================================================================================================================

 EBD101    1926 to  2024      99 years                                                                                    Series  17

 [B] Entire series, effect on correlation (  .602) is:
       Lower   1929< -.020   1927> -.019   1998> -.015   1942< -.013   1932> -.011   1926< -.009  Higher   1963  .029   1981  .011

 ===================================================================================================================================

 EBD102    1884 to  2024     141 years                                                                                    Series  18

 [B] Entire series, effect on correlation (  .605) is:
       Lower   1969< -.023   1909< -.020   1917> -.014   1924> -.012   1999> -.010   1944> -.010  Higher   1988  .025   2014  .017

 ===================================================================================================================================

 EBD111    1929 to  2024      96 years                                                                                    Series  19

 [B] Entire series, effect on correlation (  .402) is:
       Lower   2014> -.022   1952< -.018   1940> -.017   1938< -.015   2013< -.013   1943< -.013  Higher   1932  .038   1990  .015

 ===================================================================================================================================

 EBD112    1912 to  2024     113 years                                                                                    Series  20

 [B] Entire series, effect on correlation (  .557) is:
       Lower   1949> -.024   1916> -.016   1938< -.013   1927> -.013   1930> -.010   1936> -.009  Higher   1932  .029   1999  .020

 [C] Year-to-year changes diverging by over 4.0 std deviations:
       1916 1917  -4.2 SD

 [D]    1 Absent rings:  Year   Master  N series Absent
                         1932   -2.892      40       2

 [E] Outliers     3   3.0 SD above or -4.5 SD below mean for year
       1916 +3.3 SD;    1917 -5.5 SD;    1949 +3.1 SD
 ===================================================================================================================================

 EBD131    1785 to  2024     240 years                                                                                    Series  21

 [B] Entire series, effect on correlation (  .708) is:
       Lower   1970< -.016   1967< -.015   1829> -.009   1855> -.009   1940> -.008   2020< -.006  Higher   1917  .010   1988  .009

 ===================================================================================================================================

 EBD132    1785 to  2024     240 years                                                                                    Series  22

 [B] Entire series, effect on correlation (  .737) is:
       Lower   1855> -.012   1970< -.008   1940> -.006   1834< -.005   2012< -.005   1887> -.005  Higher   1881  .006   1890  .006

 ===================================================================================================================================

 EBD141    1762 to  2024     263 years                                                                                    Series  23

 [B] Entire series, effect on correlation (  .728) is:
       Lower   1829> -.015   1903< -.013   1914> -.007   1970> -.006   2014> -.005   1915> -.005  Higher   1963  .007   1988  .007

 [E] Outliers     4   3.0 SD above or -4.5 SD below mean for year
       1829 +3.4 SD;    1903 -6.1 SD;    1915 +3.0 SD;    1932 -5.2 SD
 ===================================================================================================================================

 EBD142    1764 to  2024     261 years                                                                                    Series  24

 [B] Entire series, effect on correlation (  .709) is:
       Lower   1829> -.017   1915> -.008   1932< -.008   1930> -.007   1970> -.006   2014> -.005  Higher   1963  .008   1794  .004

 [D]    1 Absent rings:  Year   Master  N series Absent
                         1932   -2.892      40       2

 [E] Outliers     3   3.0 SD above or -4.5 SD below mean for year
       1829 +3.5 SD;    1915 +3.7 SD;    1932 -7.8 SD
 ===================================================================================================================================

 EBD151    1771 to  2024     254 years                                                                                    Series  25

 [B] Entire series, effect on correlation (  .704) is:
       Lower   2009< -.036   1772< -.010   2014> -.010   1990> -.007   1900> -.005   1971> -.005  Higher   1829  .011   1917  .009

 [C] Year-to-year changes diverging by over 4.0 std deviations:
       2008 2009  -4.5 SD

 [D]    1 Absent rings:  Year   Master  N series Absent
                         2009   -1.188      38       5

 [E] Outliers     2   3.0 SD above or -4.5 SD below mean for year
       1772 -5.4 SD;    2009 -8.2 SD
 ===================================================================================================================================

 EBD152    1759 to  2024     266 years                                                                                    Series  26

 [B] Entire series, effect on correlation (  .717) is:
       Lower   2009< -.042   1762> -.008   1990> -.006   1919< -.004   2014> -.004   1967> -.004  Higher   1829  .010   1917  .008

 [C] Year-to-year changes diverging by over 4.0 std deviations:
       2008 2009  -4.9 SD

 [D]    1 Absent rings:  Year   Master  N series Absent
                         2009   -1.188      38       5

 [E] Outliers     1   3.0 SD above or -4.5 SD below mean for year
       2009 -8.3 SD
 ===================================================================================================================================

 EBD161    1924 to  2024     101 years                                                                                    Series  27

 [B] Entire series, effect on correlation (  .669) is:
       Lower   1932> -.022   2009> -.021   1959< -.021   1955< -.017   1982> -.016   1949> -.009  Higher   2014  .024   1999  .021

 [E] Outliers     1   3.0 SD above or -4.5 SD below mean for year
       2009 +3.7 SD
 ===================================================================================================================================

 EBD162    1920 to  2024     105 years                                                                                    Series  28

 [B] Entire series, effect on correlation (  .651) is:
       Lower   1932> -.028   1982> -.016   1959< -.016   1949> -.013   1927> -.009   2008> -.009  Higher   2014  .033   1999  .027

 ===================================================================================================================================

 EBD171    1790 to  2024     235 years                                                                                    Series  29

 [B] Entire series, effect on correlation (  .567) is:
       Lower   1849< -.019   1909< -.011   1917> -.009   1813> -.009   1793> -.008   1900> -.008  Higher   1829  .018   1855  .014

 [D]    2 Absent rings:  Year   Master  N series Absent
                         1855   -1.904      28       3
                         1869   -1.266      31       2

 [E] Outliers     3   3.0 SD above or -4.5 SD below mean for year
       1811 -4.5 SD;    1813 +3.0 SD;    1869 -5.0 SD
 ===================================================================================================================================

 EBD172    1746 to  2024     279 years                                                                                    Series  30

 [*] Early part of series cannot be checked from 1746 to 1756 -- not matched by another series

 [B] Entire series, effect on correlation (  .622) is:
       Lower   1917> -.012   1813> -.010   1849< -.009   1909< -.008   1818< -.008   1900> -.007  Higher   1855  .011   1829  .010

 [D]    3 Absent rings:  Year   Master  N series Absent
                         1794   -2.619      18       1
                         1855   -1.904      28       3
                         1869   -1.266      31       2

 [E] Outliers     4   3.0 SD above or -4.5 SD below mean for year
       1813 +3.5 SD;    1829 -5.1 SD;    1869 -4.5 SD;    1917 +3.1 SD
 ===================================================================================================================================

 EBD181    1851 to  2024     174 years                                                                                    Series  31

 [B] Entire series, effect on correlation (  .665) is:
       Lower   1985< -.017   1881> -.014   1888< -.008   1868> -.008   2013> -.007   2003< -.006  Higher   2014  .017   1855  .013

 [D]    2 Absent rings:  Year   Master  N series Absent
                         2009   -1.188      38       5
                         2014   -2.796      38       6

 [E] Outliers     2   3.0 SD above or -4.5 SD below mean for year
       1868 +3.2 SD;    1985 -4.6 SD
 ===================================================================================================================================

 EBD182    1848 to  2024     177 years                                                                                    Series  32

 [B] Entire series, effect on correlation (  .649) is:
       Lower   1888< -.009   1854< -.008   1980< -.007   1963> -.007   1881> -.007   2013> -.006  Higher   2014  .020   1999  .011

 [C] Year-to-year changes diverging by over 4.0 std deviations:
       1987 1988  -4.1 SD

 [D]    2 Absent rings:  Year   Master  N series Absent
                         1988   -2.414      40       5
                         2014   -2.796      38       6

 [E] Outliers     1   3.0 SD above or -4.5 SD below mean for year
       1988 -7.5 SD
 ===================================================================================================================================

 EBD191    1850 to  2024     175 years                                                                                    Series  33

 [B] Entire series, effect on correlation (  .684) is:
       Lower   1890> -.025   1855> -.017   1927> -.014   1863< -.011   2005< -.011   1926< -.010  Higher   1988  .016   2014  .016

 [E] Outliers     1   3.0 SD above or -4.5 SD below mean for year
       1890 +3.3 SD
 ===================================================================================================================================

 EBD192    1785 to  2024     240 years                                                                                    Series  34

 [B] Entire series, effect on correlation (  .711) is:
       Lower   1817< -.022   1816< -.011   1926< -.010   1932> -.006   1793> -.006   1927> -.006  Higher   1988  .012   2014  .010

 [E] Outliers     2   3.0 SD above or -4.5 SD below mean for year
       1817 -5.3 SD;    1983 +3.0 SD
 ===================================================================================================================================

 EBD201    1912 to  1953      42 years                                                                                    Series  35

 [B] Entire series, effect on correlation (  .517) is:
       Lower   1917> -.085   1936> -.027   1927> -.021   1940< -.012   1953> -.010   1948> -.008  Higher   1949  .052   1928  .022

 ===================================================================================================================================

 EBD201    1957 to  2024      68 years                                                                                    Series  36

 [B] Entire series, effect on correlation (  .652) is:
       Lower   1962< -.033   2022> -.028   1960> -.016   2000< -.014   1969> -.013   1994< -.011  Higher   2014  .040   1999  .026

 ===================================================================================================================================

 EBD202    1907 to  2024     118 years                                                                                    Series  37

 [B] Entire series, effect on correlation (  .617) is:
       Lower   1917> -.029   1932> -.016   1970> -.013   1940< -.011   1998> -.009   1936> -.009  Higher   1988  .027   1999  .025

 [E] Outliers     1   3.0 SD above or -4.5 SD below mean for year
       1961 +3.2 SD
 ===================================================================================================================================

 EBD211    1776 to  2024     249 years                                                                                    Series  38

 [B] Entire series, effect on correlation (  .703) is:
       Lower   1890> -.020   2024< -.014   1840> -.007   2014> -.006   1829> -.006   1914> -.006  Higher   1999  .009   1932  .009

 [E] Outliers     2   3.0 SD above or -4.5 SD below mean for year
       1890 +3.9 SD;    1915 +3.4 SD
 ===================================================================================================================================

 EBD212    1789 to  2024     236 years                                                                                    Series  39

 [B] Entire series, effect on correlation (  .628) is:
       Lower   2024< -.032   1890> -.020   1924< -.017   1829> -.015   1960> -.008   1805< -.006  Higher   1855  .011   1963  .010

 [E] Outliers     2   3.0 SD above or -4.5 SD below mean for year
       1829 +3.3 SD;    1890 +3.7 SD
 ===================================================================================================================================

 EBD221    1860 to  2024     165 years                                                                                    Series  40

 [B] Entire series, effect on correlation (  .640) is:
       Lower   1998< -.026   1875> -.017   1999> -.013   1888< -.013   1900> -.009   1932> -.008  Higher   1988  .021   2014  .017

 ===================================================================================================================================

 EBD222    1865 to  2024     160 years                                                                                    Series  41

 [B] Entire series, effect on correlation (  .662) is:
       Lower   1932> -.018   1879> -.014   1999> -.013   1998< -.012   1903> -.008   1917> -.007  Higher   1988  .018   1963  .015

 [E] Outliers     1   3.0 SD above or -4.5 SD below mean for year
       1932 +3.1 SD
 ===================================================================================================================================
PART 7:  DESCRIPTIVE STATISTICS:                                                                   03:59  Fri 26 Jun 2026  Page   7
------------------------------------------------------------------------------------------------------------------------------------

                                                Corr   //-------- Unfiltered --------\\  //---- Filtered -----\\
                           No.    No.    No.    with   Mean   Max     Std   Auto   Mean   Max     Std   Auto  AR
 Seq Series   Interval   Years  Segmt  Flags   Master  msmt   msmt    dev   corr   sens  value    dev   corr  ()
 --- -------- ---------  -----  -----  -----   ------ -----  -----  -----  -----  -----  -----  -----  -----  --
   1 EBD011   1850 2024    175      6      1    .489    .86   2.75   .393   .738   .252   2.51   .315  -.029   5
   2 EBD012   1861 2024    164      6      0    .637    .87   2.75   .392   .721   .262   2.82   .494  -.009   1
   3 EBD021   1827 2024    198      7      0    .688    .69   2.14   .338   .753   .262   2.55   .384  -.035   2
   4 EBD022   1888 2024    137      5      0    .638    .56   1.29   .210   .713   .226   2.67   .458  -.050   2
   5 EBD041   1766 2024    259     10      0    .684    .61   4.13   .763   .914   .284   2.43   .276   .007   1
   6 EBD042   1805 2022    218      8      0    .700    .36   1.95   .263   .841   .279   2.48   .347   .007   1
   7 EBD051   1800 2008    209      8      0    .644    .42   1.70   .295   .836   .301   2.82   .337   .023   1
   8 EBD052   1800 2005    206      8      0    .697    .44   1.60   .298   .807   .310   2.84   .421   .018   1
   9 EBD061   1757 2024    268     10      0    .623    .56   2.63   .453   .873   .278   2.61   .251  -.030   1
  10 EBD062   1820 2024    205      8      0    .578    .37    .77   .130   .577   .285   2.48   .379   .020   2
  11 EBD071   1816 2024    209      8      0    .707    .58   1.34   .192   .617   .230   2.65   .409  -.021   2
  12 EBD072   1791 2024    234      9      0    .705    .54   1.47   .208   .682   .249   2.61   .437  -.033   2
  13 EBD081   1784 2024    241      9      0    .649    .30    .74   .143   .771   .301   2.63   .401  -.038   1
  14 EBD082   1785 2024    240      9      0    .616    .28    .77   .150   .811   .336   2.55   .329  -.019   1
  15 EBD091   1785 2024    240      9      0    .677    .54   1.19   .229   .739   .267   2.48   .268  -.007   1
  16 EBD092   1775 2024    250      9      0    .637    .45    .96   .180   .716   .281   2.35   .257  -.012   1
  17 EBD101   1926 2024     99      3      0    .602    .99   1.89   .277   .450   .217   2.59   .376  -.061   2
  18 EBD102   1884 2024    141      5      0    .605    .82   2.09   .390   .748   .298   2.97   .484  -.035   2
  19 EBD111   1929 2024     96      3      0    .402    .77   1.51   .284   .678   .237   2.56   .447  -.084   1
  20 EBD112   1912 2024    113      4      0    .557   1.08   3.47   .480   .586   .293   2.54   .295  -.031   1
  21 EBD131   1785 2024    240      9      0    .708    .88   2.87   .492   .880   .214   2.56   .384  -.026   1
  22 EBD132   1785 2024    240      9      0    .737    .86   3.07   .514   .894   .209   2.62   .399  -.009   1
  23 EBD141   1762 2024    263     10      0    .728    .66   2.14   .470   .903   .268   2.54   .356  -.010   2
  24 EBD142   1764 2024    261     10      0    .709    .67   2.25   .483   .902   .270   2.41   .279  -.016   2
  25 EBD151   1771 2024    254     10      0    .704    .79   3.22   .709   .928   .246   2.50   .319   .010   1
  26 EBD152   1759 2024    266     10      0    .717    .83   3.11   .725   .933   .242   2.45   .300  -.002   2
  27 EBD161   1924 2024    101      4      0    .669   1.37   3.73   .807   .842   .207   2.47   .422  -.057   2
  28 EBD162   1920 2024    105      4      0    .651   1.43   3.70   .825   .850   .206   2.46   .400  -.027   1
  29 EBD171   1790 2024    235      9      0    .567    .47   1.46   .271   .760   .339   2.54   .374  -.045   1
  30 EBD172   1746 2024    279     10      0    .622    .50   1.55   .278   .726   .348   2.53   .331  -.037   1
  31 EBD181   1851 2024    174      6      0    .665    .97   2.34   .532   .831   .295   2.56   .421  -.041   1
  32 EBD182   1848 2024    177      7      0    .649    .96   2.24   .506   .800   .281   2.43   .266  -.059   1
  33 EBD191   1850 2024    175      6      0    .684    .66   1.68   .273   .784   .204   2.55   .441  -.051   1
  34 EBD192   1785 2024    240      9      0    .711    .81   2.05   .383   .806   .219   2.58   .419  -.003   1
  35 EBD201   1912 1953     42      1      0    .517   1.51   2.54   .464   .621   .212   2.69   .576  -.011   1
  36 EBD201   1957 2024     68      2      0    .652   1.01   2.16   .438   .811   .201   2.65   .477  -.044   1
  37 EBD202   1907 2024    118      4      0    .617   1.17   2.52   .494   .792   .200   2.70   .523  -.067   1
  38 EBD211   1776 2024    249      9      0    .703    .82   2.45   .439   .798   .244   2.71   .416  -.023   1
  39 EBD212   1789 2024    236      9      0    .628    .75   2.16   .401   .798   .238   2.74   .476  -.021   1
  40 EBD221   1860 2024    165      6      0    .640   1.50   3.59   .470   .712   .192   2.61   .380  -.033   1
  41 EBD222   1865 2024    160      6      0    .662   1.37   2.98   .413   .709   .183   2.70   .374  -.024   2
 --- -------- ---------  -----  -----  -----   ------ -----  -----  -----  -----  -----  -----  -----  -----  --
 Total or mean:           7950    294      1    .657    .71   4.13   .394   .788   .262   2.97   .369  -.021

                                              - = [  COFECHA VERY COF  ] = -
