[]  Dendrochronology Program Library                                        Run VERY   Program COF  03:59  Fri 26 Jun 2026  Page   1
[]
[]  P R O G R A M      C O F E C H A                                                                          Version 6.06P    33416
------------------------------------------------------------------------------------------------------------------------------------

 QUALITY CONTROL AND DATING CHECK OF TREE-RING MEASUREMENTS

 File of DATED series:   crossdated.rwl

 CONTENTS:

    Part 1:  Title page, options selected, summary, absent rings by series
    Part 2:  Histogram of time spans
    Part 3:  Master series with sample depth and absent rings by year
    Part 4:  Bar plot of Master Dating Series
    Part 5:  Correlation by segment of each series with Master
    Part 6:  Potential problems: low correlation, divergent year-to-year changes, absent rings, outliers
    Part 7:  Descriptive statistics

 RUN CONTROL OPTIONS SELECTED                             VALUE

         1  Cubic smoothing spline 50% wavelength cutoff for filtering
                                                            32 years
         2  Segments examined are                           50 years lagged successively by  25 years
         3  Autoregressive model applied                     A  Residuals are used in master dating series and testing
         4  Series transformed to logarithms                 Y  Each series log-transformed for master dating series and testing
         5  CORRELATION is Pearson (parametric, quantitative)
            Critical correlation, 99% confidence level   .3281
         6  Master dating series saved                       N
         7  Ring measurements listed                         N
         8  Parts printed                              1234567 
         9  Absent rings are omitted from master series and segment correlations  (Y)

 Time span of Master dating series is  1629 to  2024   396 years
 Continuous time span is               1629 to  2024   396 years
 Portion with two or more series is    1644 to  2024   381 years


                                        ****************************************
                                        *C* Number of dated series        42 *C*
                                        *O* Master series 1629 2024  396 yrs *O*
                                        *F* Total rings in all series   9154 *F*
                                        *E* Total dated rings checked   9139 *E*
                                        *C* Series intercorrelation     .726 *C*
                                        *H* Average mean sensitivity    .335 *H*
                                        *A* Segments, possible problems    0 *A*
                                        *** Mean length of series      218.0 ***
                                        ****************************************

 ABSENT RINGS listed by SERIES:            (See Master Dating Series for absent rings listed by year)

 EBM021      1 absent rings:   1932
 EBM022      1 absent rings:   2014
 EBM031      2 absent rings:   1909  1927
 EBM032      1 absent rings:   1927
 EBM051      3 absent rings:   1746  1777  1927
 EBM071      1 absent rings:   1927
 EBM072      1 absent rings:   1918
 EBM081      1 absent rings:   1869
 EBM092      3 absent rings:   1855  1856  1867
 EBM102      2 absent rings:   1918  1927
 EBM111      7 absent rings:   1794  1829  1830  1890  1909  1918  1949
 EBM112      5 absent rings:   1794  1867  1890  1918  1958
 EBM121      4 absent rings:   1855  1869  1909  1918
 EBM122      4 absent rings:   1855  1869  1909  1918
 EBM142      1 absent rings:   1909
 EBM151      5 absent rings:   1829  1830  1844  1890  1909
 EBM152      7 absent rings:   1777  1794  1830  1844  1869  1890  1909
 EBM161      4 absent rings:   1777  1794  1867  1918
 EBM162      3 absent rings:   1794  1867  1918
 EBM171      2 absent rings:   1918  1927
 EBM201      3 absent rings:   1777  1794  1890
 EBM202      1 absent rings:   1890
 EBM221      5 absent rings:   1867  1869  1875  1918  1927
 EBM222      4 absent rings:   1867  1869  1927  1932

            71 absent rings    .776%
PART 2:  TIME PLOT OF TREE-RING SERIES:                                                            03:59  Fri 26 Jun 2026  Page   2
------------------------------------------------------------------------------------------------------------------------------------
 1050 1100 1150 1200 1250 1300 1350 1400 1450 1500 1550 1600 1650 1700 1750 1800 1850 1900 1950 2000 2050 Ident   Seq Time-span  Yrs
   :    :    :    :    :    :    :    :    :    :    :    :    :    :    :    :    :    :    :    :    : -------- --- ---- ---- ----
   .    .    .    .    .    .    .    .    .    .    .    .    .    .    .    . <===================>  . EBM011     1 1828 2024  197
   .    .    .    .    .    .    .    .    .    .    .    .    .    .    .    . <===================>  . EBM012     2 1826 2024  199
   .    .    .    .    .    .    .    .    .    .    .    .    .    .    .    .    .    . <=========>  . EBM021     3 1929 2024   96
   .    .    .    .    .    .    .    .    .    .    .    .    .    .    .    .    .    . <=========>  . EBM022     4 1929 2024   96
   .    .    .    .    .    .    .    .    .    .    .    .    .    .    .    .  <==================>  . EBM031     5 1836 2024  189
   .    .    .    .    .    .    .    .    .    .    .    .    .    .    .    .  <==================>  . EBM032     6 1835 2024  190
   .    .    .    .    .    .    .    .    .    .    .    .    .  <=================================>  . EBM051     7 1685 2024  340
   .    .    .    .    .    .    .    .    .    .    .    .    .  <=================================>  . EBM052     8 1683 2024  342
   .    .    .    .    .    .    .    .    .    .    .    .    .    .    .    .    .    .<==========>  . EBM061     9 1913 2024  112
   .    .    .    .    .    .    .    .    .    .    .    .    .    .    .    .    .    .<==========>  . EBM062    10 1912 2024  113
   .    .    .    .    .    .    .    .    .    .    .    .    .    <===============================>  . EBM071    11 1706 2024  319
   .    .    .    .    .    .    .    .    .    .    .    .    .    .    <==========================>  . EBM072    12 1755 2024  270
   .    .    .    .    .    .    .    .    .    .    .    .    .    .<==============================>  . EBM081    13 1711 2024  314
   .    .    .    .    .    .    .    .    .    .    .    .    .    <===============================>  . EBM082    14 1705 2024  320
   .    .    .    .    .    .    .    .    .    .    .    .    .  <=================================>  . EBM091    15 1683 2024  342
   .    .    .    .    .    .    .    .    .    .    .    .    .   <================================>  . EBM092    16 1696 2024  329
   .    .    .    .    .    .    .    .    .    .    .    .    .    .    .    .    .    . <=========>  . EBM101    17 1926 2024   99
   .    .    .    .    .    .    .    .    .    .    .    .    .    .    .    .    .   <============>  . EBM102    18 1891 2024  134
   .    .    .    .    .    .    .    .    .    .    .    .   <=====================================>  . EBM111    19 1644 2024  381
   .    .    .    .    .    .    .    .    .    .    .    . <=======================================>  . EBM112    20 1629 2024  396
   .    .    .    .    .    .    .    .    .    .    .    .    .    .    .   <======================>  . EBM121    21 1797 2024  228
   .    .    .    .    .    .    .    .    .    .    .    .    .    .    .    .<====================>  . EBM122    22 1813 2024  212
   .    .    .    .    .    .    .    .    .    .    .    .    .    .    .    . <===================>  . EBM131    23 1828 2024  197
   .    .    .    .    .    .    .    .    .    .    .    .    .    .    .    . <===================>  . EBM132    24 1826 2024  199
   .    .    .    .    .    .    .    .    .    .    .    .    .    .    .    .<====================>  . EBM141    25 1816 2024  209
   .    .    .    .    .    .    .    .    .    .    .    .    .    .    .    .    <================>  . EBM142    26 1854 2024  171
   .    .    .    .    .    .    .    .    .    .    .    .    .    .    .  <=======================>  . EBM151    27 1785 2024  240
   .    .    .    .    .    .    .    .    .    .    .    .    .    .   <===========================>  . EBM152    28 1740 2024  285
   .    .    .    .    .    .    .    .    .    .    .    .    .    .   <===========================>  . EBM161    29 1748 2024  277
   .    .    .    .    .    .    .    .    .    .    .    .    .    .    .<=========================>  . EBM162    30 1762 2024  263
   .    .    .    .    .    .    .    .    .    .    .    .    .    .    .    .    .   <============>  . EBM171    31 1894 2024  131
   .    .    .    .    .    .    .    .    .    .    .    .    .    .    .    .    .    . <=========>  . EBM172    32 1921 2024  104
   .    .    .    .    .    .    .    .    .    .    .    .    .    .    .    .    .    .   <=======>  . EBM181    33 1942 2024   83
   .    .    .    .    .    .    .    .    .    .    .    .    .    .    .    .    .    .   <=======>  . EBM182    34 1942 2024   83
   .    .    .    .    .    .    .    .    .    .    .    .    .    .    .    .   <=================>  . EBM191    35 1847 2024  178
   .    .    .    .    .    .    .    .    .    .    .    .    .    .    .    .   <=================>  . EBM192    36 1846 2024  179
   .    .    .    .    .    .    .    .    .    .    .    .    .    . <=============================>  . EBM201    37 1722 2024  303
   .    .    .    .    .    .    .    .    .    .    .    .    .    .    .<=========================>  . EBM202    38 1766 2024  259
   .    .    .    .    .    .    .    .    .    .    .    .    .    .    .    .    <================>  . EBM211    39 1857 2024  168
   .    .    .    .    .    .    .    .    .    .    .    .    .    .    .    .<====================>  . EBM212    40 1817 2024  208
   .    .    .    .    .    .    .    .    .    .    .    .    .    .    .    . <===================>  . EBM221    41 1826 2024  199
   .    .    .    .    .    .    .    .    .    .    .    .    .    .    .    . <===================>  . EBM222    42 1823 2022  200
   :    :    :    :    :    :    :    :    :    :    :    :    :    :    :    :    :    :    :    :    :
 1050 1100 1150 1200 1250 1300 1350 1400 1450 1500 1550 1600 1650 1700 1750 1800 1850 1900 1950 2000 2050
PART 3:  Master Dating Series:                                                                     03:59  Fri 26 Jun 2026  Page   3
------------------------------------------------------------------------------------------------------------------------------------
  Year  Value  No Ab    Year  Value  No Ab    Year  Value  No Ab    Year  Value  No Ab    Year  Value  No Ab    Year  Value  No Ab
  ------------------    ------------------    ------------------    ------------------    ------------------    ------------------
                        1650  1.191   2       1700 -2.080   6       1750   .447  12       1800  -.479  17       1850   .254  30
                        1651  1.785   2       1701  -.341   6       1751  -.519  12       1801   .184  17       1851  -.545  30
                        1652   .355   2       1702   .483   6       1752   .458  12       1802  -.504  17       1852   .356  30
                        1653  -.559   2       1703   .238   6       1753  1.064  12       1803   .885  17       1853   .171  30
                        1654 -1.319   2       1704   .364   6       1754   .898  12       1804  1.508  17       1854   .866  31
                        1655  1.477   2       1705   .566   7       1755 -1.795  13       1805   .474  17       1855 -2.009  31  3
                        1656  -.534   2       1706  -.863   8       1756   .268  13       1806  -.069  17       1856 -1.247  31  1
                        1657   .201   2       1707  -.476   8       1757   .539  13       1807  -.178  17       1857  -.249  32
                        1658   .793   2       1708   .648   8       1758   .938  13       1808  -.230  17       1858  -.342  32
                        1659   .492   2       1709   .718   8       1759 -1.316  13       1809  -.500  17       1859  -.375  32

                        1660  -.805   2       1710   .485   8       1760  1.139  13       1810 -1.657  17       1860  1.063  32
                        1661   .840   2       1711 -3.983   9       1761 -1.945  13       1811  1.067  17       1861  1.694  32
                        1662   .777   2       1712  -.913   9       1762 -1.679  14       1812   .662  17       1862   .985  32
                        1663  1.274   2       1713   .122   9       1763   .286  14       1813   .637  18       1863   .649  32
                        1664   .882   2       1714  1.186   9       1764   .931  14       1814  -.133  18       1864  1.011  32
                        1665  1.380   2       1715   .588   9       1765   .420  14       1815  -.729  18       1865  -.338  32
                        1666 -5.077   2       1716  1.055   9       1766  1.219  15       1816  1.211  19       1866  -.223  32
                        1667 -1.927   2       1717  1.227   9       1767   .401  15       1817   .613  20       1867 -1.959  32  6
                        1668  -.607   2       1718   .707   9       1768  1.083  15       1818   .699  20       1868  -.721  32
                        1669  -.568   2       1719  -.065   9       1769  -.100  15       1819   .041  20       1869 -1.472  32  6

                        1670  -.292   2       1720   .796   9       1770  -.023  15       1820  -.995  20       1870   .220  32
                        1671  1.046   2       1721  1.281   9       1771  1.011  15       1821 -2.525  20       1871  -.707  32
                        1672  -.205   2       1722  -.111  10       1772   .096  15       1822   .548  20       1872  -.139  32
                        1673   .524   2       1723   .739  10       1773  -.680  15       1823  1.268  21       1873   .630  32
                        1674   .396   2       1724  -.119  10       1774   .528  15       1824   .321  21       1874  1.471  32
                        1675 -2.239   2       1725  -.959  10       1775   .087  15       1825   .037  21       1875 -1.501  32  1
                        1676  -.540   2       1726  -.242  10       1776  -.910  15       1826   .135  24       1876  -.147  32
                        1677 -2.247   2       1727 -1.115  10       1777 -2.342  15  4    1827  -.168  24       1877  1.232  32
                        1678   .012   2       1728 -2.513  10       1778   .328  15       1828   .362  26       1878   .625  32
  1629  2.071   1       1679  -.495   2       1729 -1.452  10       1779  -.977  15       1829 -1.187  26  2    1879   .132  32

  1630  -.048   1       1680   .157   2       1730  -.142  10       1780  -.544  15       1830 -1.515  26  3    1880  1.365  32
  1631   .290   1       1681  1.061   2       1731  -.310  10       1781  -.297  15       1831  -.039  26       1881   .290  32
  1632   .109   1       1682   .622   2       1732   .678  10       1782   .530  15       1832  -.162  26       1882   .632  32
  1633 -1.644   1       1683  1.393   4       1733  1.358  10       1783  -.564  15       1833   .694  26       1883   .089  32
  1634  -.906   1       1684   .848   4       1734  1.395  10       1784  -.298  15       1834  1.232  26       1884   .253  32
  1635  1.087   1       1685  1.146   5       1735  1.281  10       1785   .575  16       1835   .889  27       1885   .427  32
  1636  -.442   1       1686   .194   5       1736  -.798  10       1786   .669  16       1836  -.623  28       1886   .489  32
  1637  -.490   1       1687   .330   5       1737  -.030  10       1787   .776  16       1837 -1.270  28       1887  -.262  32
  1638  -.968   1       1688  -.398   5       1738  -.316  10       1788  1.417  16       1838   .847  28       1888   .300  32
  1639 -1.230   1       1689 -1.042   5       1739   .025  10       1789  -.072  16       1839   .801  28       1889   .416  32

  1640 -2.006   1       1690 -1.101   5       1740   .918  11       1790  1.357  16       1840   .416  28       1890 -3.215  32  6
  1641 -1.607   1       1691  -.455   5       1741   .070  11       1791   .829  16       1841   .289  28       1891 -1.074  33
  1642   .065   1       1692  -.461   5       1742   .581  11       1792   .142  16       1842   .089  28       1892 -1.249  33
  1643  -.100   1       1693   .191   5       1743   .848  11       1793 -1.185  16       1843 -1.146  28       1893  -.893  33
  1644  -.281   2       1694   .945   5       1744  -.370  11       1794 -2.331  16  6    1844 -1.354  28  2    1894  -.092  34
  1645   .339   2       1695  1.449   5       1745  -.721  11       1795  -.260  16       1845  -.813  28       1895  -.515  34
  1646  1.230   2       1696  1.466   6       1746 -4.227  11  1    1796   .754  16       1846   .654  29       1896   .562  34
  1647  -.307   2       1697   .608   6       1747   .225  11       1797  -.982  17       1847  1.172  30       1897  1.132  34
  1648  -.132   2       1698   .542   6       1748   .335  12       1798  -.778  17       1848   .603  30       1898   .611  34
  1649   .993   2       1699 -2.301   6       1749   .291  12       1799   .717  17       1849  1.040  30       1899  1.064  34
PART 3:  Master Dating Series:                                                                     03:59  Fri 26 Jun 2026  Page   4
------------------------------------------------------------------------------------------------------------------------------------
  Year  Value  No Ab    Year  Value  No Ab    Year  Value  No Ab    Year  Value  No Ab    Year  Value  No Ab    Year  Value  No Ab
  ------------------    ------------------    ------------------    ------------------    ------------------    ------------------
  1900   .396  34       1950  -.157  42       2000  -.026  42
  1901   .686  34       1951  1.165  42       2001   .086  42
  1902   .525  34       1952  1.060  42       2002  -.321  42
  1903 -1.048  34       1953   .328  42       2003   .384  42
  1904  1.022  34       1954  -.242  42       2004  -.511  42
  1905  1.175  34       1955   .263  42       2005   .079  42
  1906   .009  34       1956  -.143  42       2006   .118  42
  1907   .301  34       1957   .195  42       2007   .758  42
  1908  -.140  34       1958 -1.245  42  1    2008   .480  42
  1909 -1.378  34  7    1959   .980  42       2009 -1.595  42

  1910  -.558  34       1960  -.864  42       2010   .547  42
  1911   .215  34       1961 -1.101  42       2011   .792  42
  1912  1.017  35       1962  -.177  42       2012  1.186  42
  1913   .864  36       1963  -.289  42       2013 -1.486  42
  1914  -.488  36       1964 -1.149  42       2014 -2.947  42  1
  1915   .062  36       1965   .271  42       2015  -.588  42
  1916   .015  36       1966  1.233  42       2016   .111  42
  1917  -.748  36       1967   .179  42       2017   .256  42
  1918 -2.388  36 10    1968  1.611  42       2018  1.178  42
  1919  -.894  36       1969   .813  42       2019   .071  42

  1920   .083  36       1970  -.411  42       2020   .557  42
  1921   .273  37       1971  -.724  42       2021   .982  42
  1922   .681  37       1972  -.736  42       2022  -.245  42
  1923   .952  37       1973 -1.889  42       2023   .185  41
  1924   .324  37       1974   .059  42       2024   .151  41
  1925   .069  37       1975  -.218  42
  1926  -.535  38       1976   .801  42
  1927 -1.994  38  8    1977   .044  42
  1928   .254  38       1978   .226  42
  1929   .003  40       1979  1.267  42

  1930   .874  40       1980   .594  42
  1931   .325  40       1981  1.227  42
  1932 -1.104  40  2    1982  -.354  42
  1933  -.620  40       1983  -.325  42
  1934   .982  40       1984  -.019  42
  1935  1.396  40       1985 -1.944  42
  1936  -.023  40       1986 -1.931  42
  1937  -.045  40       1987  -.315  42
  1938  -.425  40       1988  -.067  42
  1939   .128  40       1989   .450  42

  1940  -.418  40       1990   .422  42
  1941   .394  40       1991   .951  42
  1942   .994  42       1992  1.640  42
  1943   .507  42       1993   .135  42
  1944  -.871  42       1994   .543  42
  1945   .822  42       1995  -.573  42
  1946   .939  42       1996   .613  42
  1947  -.311  42       1997   .610  42
  1948   .121  42       1998   .489  42
  1949 -1.837  42  1    1999 -1.497  42
------------------------------------------------------------------------------------------------------------------------------------
PART 4:  Master Bar Plot:                                                                          03:59  Fri 26 Jun 2026  Page   5
------------------------------------------------------------------------------------------------------------------------------------
   Year Rel value  Year Rel value  Year Rel value  Year Rel value  Year Rel value  Year Rel value  Year Rel value  Year Rel value
                   1650----------E 1700h           1750-------B    1800--b         1850------A     1900------B     1950----a
                   1651----------G 1701---a        1751--b         1801-----A      1851--b         1901--------C   1951---------E
                   1652------A     1702-------B    1752-------B    1802--b         1852------A     1902-------B    1952---------D
                   1653--b         1703------A     1753---------D  1803--------D   1853-----A      1903-d          1953------A
                   1654-e          1704------A     1754---------D  1804----------F 1854--------C   1904---------D  1954---a
                   1655----------F 1705-------B    1755g           1805-------B    1855h           1905---------E  1955------A
                   1656--b         1706-c          1756------A     1806----@       1856-e          1906----@       1956----a
                   1657-----A      1707--b         1757-------B    1807---a        1857---a        1907------A     1957-----A
                   1658--------C   1708-------C    1758---------D  1808---a        1858---a        1908----a       1958-e
                   1659-------B    1709--------C   1759-e          1809--b         1859---a        1909-f          1959---------D
                   1660-c          1710-------B    1760---------E  1810g           1860---------D  1910--b         1960-c
                   1661--------C   1711p           1761h           1811---------D  1861----------G 1911-----A      1961-d
                   1662--------C   1712-d          1762g           1812--------C   1862---------D  1912---------D  1962---a
                   1663----------E 1713-----@      1763------A     1813-------C    1863-------C    1913--------C   1963---a
                   1664--------D   1714---------E  1764---------D  1814----a       1864---------D  1914--b         1964-e
                   1665----------F 1715-------B    1765------B     1815--c         1865---a        1915-----@      1965------A
                   1666t           1716---------D  1766----------E 1816----------E 1866---a        1916----@       1966----------E
                   1667h           1717----------E 1767------B     1817-------B    1867h           1917--c         1967-----A
                   1668--b         1718--------C   1768---------D  1818--------C   1868--c         1918j           1968----------F
                   1669--b         1719----@       1769----@       1819----@       1869-f          1919-d          1969--------C
                   1670---a        1720--------C   1770----@       1820-d          1870-----A      1920-----@      1970---b
                   1671---------D  1721----------E 1771---------D  1821j           1871--c         1921------A     1971--c
                   1672---a        1722----@       1772-----@      1822-------B    1872----a       1922--------C   1972--c
                   1673-------B    1723--------C   1773--c         1823----------E 1873-------C    1923---------D  1973h
                   1674------B     1724----@       1774-------B    1824------A     1874----------F 1924------A     1974-----@
                   1675i           1725-d          1775-----@      1825----@       1875f           1925-----@      1975---a
                   1676--b         1726---a        1776-d          1826-----A      1876----a       1926--b         1976--------C
                   1677i           1727-d          1777i           1827----a       1877----------E 1927h           1977----@
                   1678----@       1728j           1778------A     1828------A     1878-------C    1928------A     1978-----A
   1629----------H 1679--b         1729-f          1779-d          1829-e          1879-----A      1929----@       1979----------E
   1630----@       1680-----A      1730----a       1780--b         1830f           1880----------E 1930--------C   1980-------B
   1631------A     1681---------D  1731---a        1781---a        1831----@       1881------A     1931------A     1981----------E
   1632-----@      1682-------B    1732--------C   1782-------B    1832----a       1882-------C    1932-d          1982---a
   1633g           1683----------F 1733----------E 1783--b         1833--------C   1883-----@      1933--b         1983---a
   1634-d          1684--------C   1734----------F 1784---a        1834----------E 1884------A     1934---------D  1984----@
   1635---------D  1685---------E  1735----------E 1785-------B    1835--------D   1885------B     1935----------F 1985h
   1636--b         1686-----A      1736-c          1786--------C   1836--b         1886-------B    1936----@       1986h
   1637--b         1687------A     1737----@       1787--------C   1837-e          1887---a        1937----@       1987---a
   1638-d          1688---b        1738---a        1788----------F 1838--------C   1888------A     1938--b         1988----@
   1639-e          1689-d          1739----@       1789----@       1839--------C   1889------B     1939-----A      1989-------B
   1640h           1690-d          1740---------D  1790----------E 1840------B     1890m           1940---b        1990------B
   1641f           1691--b         1741-----@      1791--------C   1841------A     1891-d          1941------B     1991---------D
   1642-----@      1692--b         1742-------B    1792-----A      1842-----@      1892-e          1942---------D  1992----------G
   1643----@       1693-----A      1743--------C   1793-e          1843-e          1893-d          1943-------B    1993-----A
   1644---a        1694---------D  1744---a        1794i           1844-e          1894----@       1944-c          1994-------B
   1645------A     1695----------F 1745--c         1795---a        1845-c          1895--b         1945--------C   1995--b
   1646----------E 1696----------F 1746q           1796--------C   1846-------C    1896-------B    1946---------D  1996-------B
   1647---a        1697-------B    1747-----A      1797-d          1847---------E  1897---------E  1947---a        1997-------B
   1648----a       1698-------B    1748------A     1798--c         1848-------B    1898-------B    1948-----@      1998-------B
   1649---------D  1699i           1749------A     1799--------C   1849---------D  1899---------D  1949g           1999-f
PART 4:  Master Bar Plot:                                                                          03:59  Fri 26 Jun 2026  Page   6
------------------------------------------------------------------------------------------------------------------------------------
   Year Rel value  Year Rel value  Year Rel value  Year Rel value  Year Rel value  Year Rel value  Year Rel value  Year Rel value
   2000----@
   2001-----@
   2002---a
   2003------B
   2004--b
   2005-----@
   2006-----@
   2007--------C
   2008-------B
   2009f
   2010-------B
   2011--------C
   2012---------E
   2013-f
   2014l
   2015--b
   2016-----@
   2017------A
   2018---------E
   2019-----@
   2020-------B
   2021---------D
   2022---a
   2023-----A
   2024-----A

























PART 5:  CORRELATION OF SERIES BY SEGMENTS:                                                        03:59  Fri 26 Jun 2026  Page   5
------------------------------------------------------------------------------------------------------------------------------------
 Correlations of  50-year dated segments, lagged  25 years
 Flags:  A = correlation under   .3281 but highest as dated;  B = correlation higher at other than dated position

 Seq Series  Time_span   1625 1650 1675 1700 1725 1750 1775 1800 1825 1850 1875 1900 1925 1950 1975
                         1674 1699 1724 1749 1774 1799 1824 1849 1874 1899 1924 1949 1974 1999 2024
 --- -------- ---------  ---- ---- ---- ---- ---- ---- ---- ---- ---- ---- ---- ---- ---- ---- ---- ---- ---- ---- ---- ----
   1 EBM011   1828 2024                                           .78  .82  .80  .78  .77  .63  .58
   2 EBM012   1826 2024                                           .77  .85  .83  .76  .72  .62  .55
   3 EBM021   1929 2024                                                               .69  .72  .73
   4 EBM022   1929 2024                                                               .74  .73  .76
   5 EBM031   1836 2024                                           .58  .83  .91  .81  .82  .73  .66
   6 EBM032   1835 2024                                           .80  .89  .84  .80  .81  .75  .71
   7 EBM051   1685 2024             .89  .81  .70  .78  .81  .71  .80  .85  .79  .75  .81  .85  .80
   8 EBM052   1683 2024             .82  .85  .85  .78  .69  .62  .80  .88  .79  .73  .74  .84  .82
   9 EBM061   1913 2024                                                          .64  .66  .79  .62
  10 EBM062   1912 2024                                                          .66  .68  .86  .75
  11 EBM071   1706 2024                  .55  .60  .59  .65  .68  .64  .79  .77  .62  .66  .78  .89
  12 EBM072   1755 2024                            .62  .60  .71  .67  .81  .81  .66  .64  .78  .86
  13 EBM081   1711 2024                  .86  .85  .80  .80  .74  .80  .79  .73  .76  .75  .75  .81
  14 EBM082   1705 2024                  .84  .85  .81  .74  .74  .80  .74  .68  .74  .75  .81  .80
  15 EBM091   1683 2024             .80  .86  .85  .83  .73  .64  .77  .88  .82  .70  .70  .71  .72
  16 EBM092   1696 2024             .86  .90  .85  .81  .72  .63  .70  .89  .84  .71  .68  .70  .75
  17 EBM101   1926 2024                                                               .55  .62  .67
  18 EBM102   1891 2024                                                     .49  .58  .59  .54  .65
  19 EBM111   1644 2024   .86  .92  .82  .81  .80  .80  .71  .66  .77  .84  .76  .70  .75  .80  .81
  20 EBM112   1629 2024   .81  .87  .81  .82  .77  .82  .76  .57  .67  .89  .83  .69  .62  .69  .77
  21 EBM121   1797 2024                                 .53  .51  .50  .66  .54  .33  .60  .76  .71
  22 EBM122   1813 2024                                      .63  .62  .56  .40  .36  .53  .72  .73
  23 EBM131   1828 2024                                           .62  .73  .69  .57  .65  .71  .77
  24 EBM132   1826 2024                                           .54  .73  .76  .62  .70  .75  .76
  25 EBM141   1816 2024                                      .77  .78  .86  .77  .61  .55  .54  .66
  26 EBM142   1854 2024                                                .72  .56  .58  .65  .57  .63
  27 EBM151   1785 2024                                 .46  .55  .75  .85  .54  .44  .60  .65  .41
  28 EBM152   1740 2024                       .62  .82  .66  .57  .70  .77  .63  .60  .65  .65  .51
  29 EBM161   1748 2024                       .89  .89  .83  .74  .76  .85  .79  .76  .85  .86  .82
  30 EBM162   1762 2024                            .50  .76  .74  .77  .87  .80  .72  .76  .81  .82
  31 EBM171   1894 2024                                                     .60  .71  .84  .72  .77
  32 EBM172   1921 2024                                                          .78  .82  .78  .79
  33 EBM181   1942 2024                                                               .65  .72  .73
  34 EBM182   1942 2024                                                               .73  .71  .75
  35 EBM191   1847 2024                                           .76  .75  .54  .58  .59  .70  .81
  36 EBM192   1846 2024                                           .58  .57  .63  .67  .65  .74  .84
  37 EBM201   1722 2024                  .81  .82  .77  .71  .71  .72  .79  .70  .73  .81  .69  .64
  38 EBM202   1766 2024                            .36  .53  .71  .79  .80  .69  .76  .81  .67  .60
  39 EBM211   1857 2024                                                .84  .80  .78  .79  .66  .69
  40 EBM212   1817 2024                                      .77  .85  .66  .54  .75  .82  .84  .88
  41 EBM221   1826 2024                                           .66  .81  .68  .58  .61  .68  .74
  42 EBM222   1823 2022                                      .78  .81  .77  .55  .44  .58  .70  .78
 Av segment correlation   .83  .89  .83  .81  .79  .73  .69  .68  .72  .79  .70  .66  .70  .72  .73
PART 6:  POTENTIAL PROBLEMS:                                                                       03:59  Fri 26 Jun 2026  Page   7
------------------------------------------------------------------------------------------------------------------------------------

 For each series with potential problems the following diagnostics may appear:

 [A] Correlations with master dating series of flagged  50-year segments of series filtered with  32-year spline,
     at every point from ten years earlier (-10) to ten years later (+10) than dated

 [B] Effect of those data values which most lower or raise correlation with master series
     Symbol following year indicates value in series is greater (>) or lesser (<) than master series value

 [C] Year-to-year changes very different from the mean change in other series

 [D] Absent rings (zero values)

 [E] Values which are statistical outliers from mean for the year
 ===================================================================================================================================

 EBM011    1828 to  2024     197 years                                                                                    Series   1

 [B] Entire series, effect on correlation (  .742) is:
       Lower   1936< -.008   1992< -.008   1985> -.007   1893> -.007   1837> -.006   1953< -.005  Higher   1890  .023   1855  .010

 ===================================================================================================================================

 EBM012    1826 to  2024     199 years                                                                                    Series   2

 [B] Entire series, effect on correlation (  .732) is:
       Lower   1992< -.008   1875> -.007   1936< -.006   1973> -.006   1985> -.005   1893> -.004  Higher   1890  .031   1855  .017

 ===================================================================================================================================

 EBM021    1929 to  2024      96 years                                                                                    Series   3

 [B] Entire series, effect on correlation (  .705) is:
       Lower   1985> -.015   1932< -.011   1995> -.008   1933> -.008   2014> -.007   2021< -.007  Higher   2013  .023   1960  .011

 [D]    1 Absent rings:  Year   Master  N series Absent
                         1932   -1.104      40       2

 [E] Outliers     2   3.0 SD above or -4.5 SD below mean for year
       1932 -5.1 SD;    1961 -5.0 SD
 ===================================================================================================================================

 EBM022    1929 to  2024      96 years                                                                                    Series   4

 [B] Entire series, effect on correlation (  .751) is:
       Lower   1995> -.016   1967> -.007   1973> -.006   2021< -.006   1965< -.005   1964> -.005  Higher   2014  .011   2009  .007

 [D]    1 Absent rings:  Year   Master  N series Absent
                         2014   -2.947      42       1

 [E] Outliers     1   3.0 SD above or -4.5 SD below mean for year
       2014 -5.4 SD
 ===================================================================================================================================

 EBM031    1836 to  2024     189 years                                                                                    Series   5

 [B] Entire series, effect on correlation (  .729) is:
       Lower   1997< -.017   1842< -.017   1837> -.015   1854< -.013   1855> -.010   1909< -.006  Higher   1890  .030   1949  .008

 [D]    2 Absent rings:  Year   Master  N series Absent
                         1909   -1.378      34       7
                         1927   -1.994      38       8

 [E] Outliers     5   3.0 SD above or -4.5 SD below mean for year
       1837 +4.1 SD;    1842 -5.3 SD;    1909 -4.9 SD;    1927 -4.5 SD;    1997 -4.8 SD
 ===================================================================================================================================

 EBM032    1835 to  2024     190 years                                                                                    Series   6

 [B] Entire series, effect on correlation (  .788) is:
       Lower   1997< -.014   1909< -.013   1855> -.012   1843< -.007   2013> -.006   2015< -.006  Higher   1890  .014   1949  .006

 [D]    1 Absent rings:  Year   Master  N series Absent
                         1927   -1.994      38       8

 [E] Outliers     2   3.0 SD above or -4.5 SD below mean for year
       1843 -4.8 SD;    1909 -5.0 SD
 ===================================================================================================================================

 EBM051    1685 to  2024     340 years                                                                                    Series   7

 [B] Entire series, effect on correlation (  .798) is:
       Lower   2013> -.007   1755> -.006   1836> -.005   1744< -.004   1927< -.003   1915> -.003  Higher   1711  .012   1746  .011

 [D]    3 Absent rings:  Year   Master  N series Absent
                         1746   -4.227      11       1
                         1777   -2.342      15       4
                         1927   -1.994      38       8

 [E] Outliers     4   3.0 SD above or -4.5 SD below mean for year
       1755 +3.2 SD;    1777 -6.7 SD;    1890 -5.0 SD;    1927 -7.4 SD
 ===================================================================================================================================

 EBM052    1683 to  2024     342 years                                                                                    Series   8

 [B] Entire series, effect on correlation (  .785) is:
       Lower   1765< -.005   1836> -.004   2023< -.003   1917> -.003   2022> -.003   1834< -.003  Higher   1746  .011   1890  .010

 ===================================================================================================================================

 EBM061    1913 to  2024     112 years                                                                                    Series   9

 [B] Entire series, effect on correlation (  .642) is:
       Lower   2001< -.031   2013> -.013   1926< -.013   1946< -.008   1925> -.007   1962< -.007  Higher   2014  .016   1918  .010

 [E] Outliers     1   3.0 SD above or -4.5 SD below mean for year
       1925 +3.1 SD
 ===================================================================================================================================

 EBM062    1912 to  2024     113 years                                                                                    Series  10

 [B] Entire series, effect on correlation (  .713) is:
       Lower   1944< -.032   1943< -.015   2013> -.013   1938> -.008   2001< -.008   1993> -.007  Higher   2014  .018   1973  .009

 [E] Outliers     1   3.0 SD above or -4.5 SD below mean for year
       1944 -7.8 SD
 ===================================================================================================================================

 EBM071    1706 to  2024     319 years                                                                                    Series  11

 [B] Entire series, effect on correlation (  .682) is:
       Lower   1711> -.015   1755< -.011   1746> -.007   1862< -.007   1794> -.006   1752< -.006  Higher   1890  .015   2014  .005

 [D]    1 Absent rings:  Year   Master  N series Absent
                         1927   -1.994      38       8

 [E] Outliers     7   3.0 SD above or -4.5 SD below mean for year
       1711 +4.4 SD;    1746 +3.6 SD;    1755 -8.4 SD;    1761 +3.1 SD;    1794 +3.4 SD;    1810 -4.5 SD;    1927 -6.4 SD
 ===================================================================================================================================

 EBM072    1755 to  2024     270 years                                                                                    Series  12

 [B] Entire series, effect on correlation (  .711) is:
       Lower   1810< -.008   1830< -.008   1776> -.007   1862< -.007   1761> -.006   1932> -.005  Higher   1890  .011   1918  .007

 [D]    1 Absent rings:  Year   Master  N series Absent
                         1918   -2.388      36      10

 [E] Outliers     6   3.0 SD above or -4.5 SD below mean for year
       1776 +3.7 SD;    1777 +3.9 SD;    1810 -6.1 SD;    1821 -6.1 SD;    1830 -4.8 SD;    1940 -4.7 SD
 ===================================================================================================================================

 EBM081    1711 to  2024     314 years                                                                                    Series  13

 [B] Entire series, effect on correlation (  .779) is:
       Lower   1869< -.012   1895< -.009   1755> -.006   1961< -.005   1909> -.004   1908> -.003  Higher   1746  .013   1855  .007

 [D]    1 Absent rings:  Year   Master  N series Absent
                         1869   -1.472      32       6

 [E] Outliers     3   3.0 SD above or -4.5 SD below mean for year
       1869 -6.8 SD;    1895 -5.4 SD;    1909 +3.1 SD
 ===================================================================================================================================

 EBM082    1705 to  2024     320 years                                                                                    Series  14

 [B] Entire series, effect on correlation (  .777) is:
       Lower   1895< -.006   1879< -.006   1909> -.005   1755> -.005   1874< -.004   1796< -.004  Higher   1711  .015   1746  .006

 [E] Outliers     3   3.0 SD above or -4.5 SD below mean for year
       1895 -4.8 SD;    1909 +3.5 SD;    1939 +3.0 SD
 ===================================================================================================================================

 EBM091    1683 to  2024     342 years                                                                                    Series  15

 [B] Entire series, effect on correlation (  .772) is:
       Lower   1999> -.004   1936> -.004   1944> -.004   1683< -.004   2018< -.003   1914> -.003  Higher   1711  .011   1890  .010

 [E] Outliers     2   3.0 SD above or -4.5 SD below mean for year
       1746 -6.1 SD;    1777 -5.5 SD
 ===================================================================================================================================

 EBM092    1696 to  2024     329 years                                                                                    Series  16

 [B] Entire series, effect on correlation (  .790) is:
       Lower   1830< -.005   1936> -.005   2018< -.004   1914> -.003   1999> -.003   1944> -.003  Higher   1711  .014   1746  .011

 [D]    3 Absent rings:  Year   Master  N series Absent
                         1855   -2.009      31       3
                         1856   -1.247      31       1
                         1867   -1.959      32       6

 [E] Outliers     1   3.0 SD above or -4.5 SD below mean for year
       1746 -4.6 SD
 ===================================================================================================================================

 EBM101    1926 to  2024      99 years                                                                                    Series  17

 [B] Entire series, effect on correlation (  .612) is:
       Lower   2011< -.029   1958> -.020   1930< -.020   1961> -.020   1985> -.013   2001< -.012  Higher   2014  .030   1973  .014

 [E] Outliers     2   3.0 SD above or -4.5 SD below mean for year
       1958 +3.2 SD;    1961 +4.0 SD
 ===================================================================================================================================

 EBM102    1891 to  2024     134 years                                                                                    Series  18

 [B] Entire series, effect on correlation (  .624) is:
       Lower   1998< -.016   1923< -.015   2011< -.013   1956> -.011   1900< -.011   1961> -.010  Higher   1918  .023   1949  .021

 [D]    2 Absent rings:  Year   Master  N series Absent
                         1918   -2.388      36      10
                         1927   -1.994      38       8

 [E] Outliers     2   3.0 SD above or -4.5 SD below mean for year
       1919 +3.3 SD;    1961 +3.1 SD
 ===================================================================================================================================

 EBM111    1644 to  2024     381 years                                                                                    Series  19

 [B] Entire series, effect on correlation (  .806) is:
       Lower   1644< -.009   1810> -.005   1744> -.003   1839< -.003   1797> -.003   1688> -.002  Higher   1666  .021   1761  .004

 [D]    7 Absent rings:  Year   Master  N series Absent
                         1794   -2.331      16       6
                         1829   -1.187      26       2
                         1830   -1.515      26       3
                         1890   -3.215      32       6
                         1909   -1.378      34       7
                         1918   -2.388      36      10
                         1949   -1.837      42       1

 ===================================================================================================================================

 EBM112    1629 to  2024     396 years                                                                                    Series  20

 [*] Early part of series cannot be checked from 1629 to 1643 -- not matched by another series

 [B] Entire series, effect on correlation (  .772) is:
       Lower   1644> -.010   1949> -.007   1828< -.007   1839< -.005   1746> -.005   1955< -.004  Higher   1666  .016   1711  .011

 [D]    5 Absent rings:  Year   Master  N series Absent
                         1794   -2.331      16       6
                         1867   -1.959      32       6
                         1890   -3.215      32       6
                         1918   -2.388      36      10
                         1958   -1.245      42       1

 [E] Outliers     8   3.0 SD above or -4.5 SD below mean for year
       1644 +4.4 SD;    1666 +3.8 SD;    1689 +3.7 SD;    1746 +3.6 SD;    1828 -5.2 SD;    1949 +3.8 SD;    1958 -7.2 SD;
       1982 -4.9 SD
 ===================================================================================================================================

 EBM121    1797 to  2024     228 years                                                                                    Series  21

 [B] Entire series, effect on correlation (  .598) is:
       Lower   1909< -.015   1949> -.014   1805< -.010   1845< -.008   1830> -.006   1827> -.006  Higher   1855  .015   1999  .008

 [D]    4 Absent rings:  Year   Master  N series Absent
                         1855   -2.009      31       3
                         1869   -1.472      32       6
                         1909   -1.378      34       7
                         1918   -2.388      36      10

 [E] Outliers     5   3.0 SD above or -4.5 SD below mean for year
       1827 +3.4 SD;    1845 -6.1 SD;    1909 -7.7 SD;    1918 -5.4 SD;    1949 +4.4 SD
 ===================================================================================================================================

 EBM122    1813 to  2024     212 years                                                                                    Series  22

 [B] Entire series, effect on correlation (  .602) is:
       Lower   1949> -.014   1875> -.011   1890> -.008   1958> -.007   1888< -.006   1911< -.005  Higher   1855  .017   2014  .012

 [D]    4 Absent rings:  Year   Master  N series Absent
                         1855   -2.009      31       3
                         1869   -1.472      32       6
                         1909   -1.378      34       7
                         1918   -2.388      36      10

 [E] Outliers     5   3.0 SD above or -4.5 SD below mean for year
       1821 -4.5 SD;    1875 +3.1 SD;    1909 -5.9 SD;    1918 -7.6 SD;    1949 +4.4 SD
 ===================================================================================================================================

 EBM131    1828 to  2024     197 years                                                                                    Series  23

 [B] Entire series, effect on correlation (  .662) is:
       Lower   1964< -.015   1996< -.013   1855> -.011   1854< -.010   1909> -.009   1838< -.008  Higher   1890  .030   1875  .011

 [E] Outliers     2   3.0 SD above or -4.5 SD below mean for year
       1958 -5.5 SD;    1964 -4.6 SD
 ===================================================================================================================================

 EBM132    1826 to  2024     199 years                                                                                    Series  24

 [B] Entire series, effect on correlation (  .674) is:
       Lower   1835< -.015   1854< -.015   1855> -.012   1838< -.010   1909> -.010   1996< -.009  Higher   1890  .039   1875  .010

 [E] Outliers     2   3.0 SD above or -4.5 SD below mean for year
       1909 +3.2 SD;    1910 +3.1 SD
 ===================================================================================================================================

 EBM141    1816 to  2024     209 years                                                                                    Series  25

 [B] Entire series, effect on correlation (  .696) is:
       Lower   1998< -.017   1958> -.012   2002< -.005   1917> -.005   1961> -.004   1944> -.004  Higher   1855  .015   1875  .014

 [E] Outliers     4   3.0 SD above or -4.5 SD below mean for year
       1855 -4.6 SD;    1909 -6.6 SD;    1958 +3.3 SD;    1962 +3.2 SD
 ===================================================================================================================================

 EBM142    1854 to  2024     171 years                                                                                    Series  26

 [B] Entire series, effect on correlation (  .645) is:
       Lower   1917> -.017   1958> -.010   1880< -.007   1952< -.005   1961> -.005   1990< -.005  Higher   1875  .018   1949  .012

 [D]    1 Absent rings:  Year   Master  N series Absent
                         1909   -1.378      34       7

 [E] Outliers     5   3.0 SD above or -4.5 SD below mean for year
       1890 +3.4 SD;    1909 -6.6 SD;    1917 +4.2 SD;    1918 +3.1 SD;    1962 +3.1 SD
 ===================================================================================================================================

 EBM151    1785 to  2024     240 years                                                                                    Series  27

 [B] Entire series, effect on correlation (  .597) is:
       Lower   2023< -.025   1925< -.010   1943< -.010   1790< -.010   1918> -.009   2021< -.008  Higher   1890  .034   1855  .017

 [D]    5 Absent rings:  Year   Master  N series Absent
                         1829   -1.187      26       2
                         1830   -1.515      26       3
                         1844   -1.354      28       2
                         1890   -3.215      32       6
                         1909   -1.378      34       7

 [E] Outliers     3   3.0 SD above or -4.5 SD below mean for year
       1836 +3.8 SD;    1890 -4.9 SD;    1909 -5.4 SD
 ===================================================================================================================================

 EBM152    1740 to  2024     285 years                                                                                    Series  28

 [B] Entire series, effect on correlation (  .656) is:
       Lower   1746> -.025   2023< -.017   1985> -.009   1943< -.007   1954< -.006   1949> -.006  Higher   1890  .025   1761  .011

 [C] Year-to-year changes diverging by over 4.0 std deviations:
       1746 1747  -4.2 SD

 [D]    7 Absent rings:  Year   Master  N series Absent
                         1777   -2.342      15       4
                         1794   -2.331      16       6
                         1830   -1.515      26       3
                         1844   -1.354      28       2
                         1869   -1.472      32       6
                         1890   -3.215      32       6
                         1909   -1.378      34       7

 [E] Outliers     6   3.0 SD above or -4.5 SD below mean for year
       1746 +4.7 SD;    1813 +3.2 SD;    1890 -6.0 SD;    1909 -4.8 SD;    1985 +3.4 SD;    2023 -4.6 SD
 ===================================================================================================================================

 EBM161    1748 to  2024     277 years                                                                                    Series  29

 [B] Entire series, effect on correlation (  .820) is:
       Lower   1827< -.008   1918< -.006   2024< -.006   1875> -.005   1829> -.003   1987< -.003  Higher   1890  .013   2013  .005

 [D]    4 Absent rings:  Year   Master  N series Absent
                         1777   -2.342      15       4
                         1794   -2.331      16       6
                         1867   -1.959      32       6
                         1918   -2.388      36      10

 [E] Outliers     1   3.0 SD above or -4.5 SD below mean for year
       1918 -5.8 SD
 ===================================================================================================================================

 EBM162    1762 to  2024     263 years                                                                                    Series  30

 [B] Entire series, effect on correlation (  .745) is:
       Lower   1774< -.009   1763< -.008   2024< -.007   1768< -.006   1772> -.005   1918< -.005  Higher   1890  .008   2013  .007

 [D]    3 Absent rings:  Year   Master  N series Absent
                         1794   -2.331      16       6
                         1867   -1.959      32       6
                         1918   -2.388      36      10

 [E] Outliers     1   3.0 SD above or -4.5 SD below mean for year
       1918 -7.0 SD
 ===================================================================================================================================

 EBM171    1894 to  2024     131 years                                                                                    Series  31

 [B] Entire series, effect on correlation (  .777) is:
       Lower   1909> -.016   1982> -.014   1992< -.014   1914> -.008   1894< -.007   1944> -.007  Higher   2013  .015   1918  .012

 [D]    2 Absent rings:  Year   Master  N series Absent
                         1918   -2.388      36      10
                         1927   -1.994      38       8

 ===================================================================================================================================

 EBM172    1921 to  2024     104 years                                                                                    Series  32

 [B] Entire series, effect on correlation (  .790) is:
       Lower   1992< -.012   1939< -.009   1924< -.009   1944> -.008   1993< -.006   1954< -.006  Higher   1985  .013   2013  .013

 ===================================================================================================================================

 EBM181    1942 to  2024      83 years                                                                                    Series  33

 [B] Entire series, effect on correlation (  .700) is:
       Lower   1979< -.037   1942< -.036   1944> -.013   1964> -.012   1980< -.008   1961> -.005  Higher   1985  .023   2009  .016

 ===================================================================================================================================

 EBM182    1942 to  2024      83 years                                                                                    Series  34

 [B] Entire series, effect on correlation (  .775) is:
       Lower   1979< -.024   1964> -.017   1985< -.011   1986> -.007   1962< -.006   1942< -.005  Higher   2014  .012   1949  .011

 ===================================================================================================================================

 EBM191    1847 to  2024     178 years                                                                                    Series  35

 [B] Entire series, effect on correlation (  .680) is:
       Lower   1890> -.025   1914< -.024   1967< -.019   1902< -.007   1917> -.006   1880< -.006  Higher   1875  .015   1855  .012

 [E] Outliers     3   3.0 SD above or -4.5 SD below mean for year
       1890 +4.8 SD;    1914 -7.7 SD;    2024 +3.1 SD
 ===================================================================================================================================

 EBM192    1846 to  2024     179 years                                                                                    Series  36

 [B] Entire series, effect on correlation (  .668) is:
       Lower   1854< -.036   1914< -.014   1890> -.013   1855> -.008   1917> -.007   1967< -.006  Higher   1875  .017   1985  .012

 [E] Outliers     4   3.0 SD above or -4.5 SD below mean for year
       1854 -4.7 SD;    1889 +3.1 SD;    1890 +4.2 SD;    1914 -6.3 SD
 ===================================================================================================================================

 EBM201    1722 to  2024     303 years                                                                                    Series  37

 [B] Entire series, effect on correlation (  .757) is:
       Lower   1797> -.006   1830> -.005   1807< -.005   1859< -.004   1998< -.004   1832< -.004  Higher   1890  .017   2013  .005

 [D]    3 Absent rings:  Year   Master  N series Absent
                         1777   -2.342      15       4
                         1794   -2.331      16       6
                         1890   -3.215      32       6

 [E] Outliers     2   3.0 SD above or -4.5 SD below mean for year
       1830 +3.3 SD;    1890 -5.7 SD
 ===================================================================================================================================

 EBM202    1766 to  2024     259 years                                                                                    Series  38

 [B] Entire series, effect on correlation (  .686) is:
       Lower   1771< -.010   1779> -.009   1773> -.008   1776> -.007   1985> -.006   1980< -.006  Higher   1890  .027   1855  .009

 [D]    1 Absent rings:  Year   Master  N series Absent
                         1890   -3.215      32       6

 [E] Outliers     4   3.0 SD above or -4.5 SD below mean for year
       1773 +3.4 SD;    1777 +3.4 SD;    1779 +3.2 SD;    1890 -5.0 SD
 ===================================================================================================================================

 EBM211    1857 to  2024     168 years                                                                                    Series  39

 [B] Entire series, effect on correlation (  .773) is:
       Lower   1999> -.010   1961> -.007   1995> -.006   1895> -.005   1888< -.005   1931> -.004  Higher   1890  .022   2014  .009

 [E] Outliers     2   3.0 SD above or -4.5 SD below mean for year
       1999 +3.1 SD;    2000 +3.1 SD
 ===================================================================================================================================

 EBM212    1817 to  2024     208 years                                                                                    Series  40

 [B] Entire series, effect on correlation (  .747) is:
       Lower   1890> -.036   1886< -.008   1818< -.005   1961> -.004   1919< -.004   1892> -.003  Higher   1855  .013   2013  .007

 [E] Outliers     1   3.0 SD above or -4.5 SD below mean for year
       1890 +4.1 SD
 ===================================================================================================================================

 EBM221    1826 to  2024     199 years                                                                                    Series  41

 [B] Entire series, effect on correlation (  .705) is:
       Lower   1829< -.033   1830> -.011   1900< -.008   1997< -.007   1970> -.006   1888< -.005  Higher   1875  .016   1890  .014

 [C] Year-to-year changes diverging by over 4.0 std deviations:
       1829 1830   4.8 SD

 [D]    5 Absent rings:  Year   Master  N series Absent
                         1867   -1.959      32       6
                         1869   -1.472      32       6
                         1875   -1.501      32       1
                         1918   -2.388      36      10
                         1927   -1.994      38       8

 [E] Outliers     2   3.0 SD above or -4.5 SD below mean for year
       1829 -7.6 SD;    1970 +3.0 SD
 ===================================================================================================================================

 EBM222    1823 to  2022     200 years                                                                                    Series  42

 [B] Entire series, effect on correlation (  .671) is:
       Lower   1918> -.021   1932< -.013   1830> -.007   1882< -.006   1944> -.005   1824< -.005  Higher   1855  .019   1875  .015

 [D]    4 Absent rings:  Year   Master  N series Absent
                         1867   -1.959      32       6
                         1869   -1.472      32       6
                         1927   -1.994      38       8
                         1932   -1.104      40       2

 [E] Outliers     2   3.0 SD above or -4.5 SD below mean for year
       1918 +4.2 SD;    1932 -6.1 SD
 ===================================================================================================================================

 [*] All segments correlate highest as dated with correlation with master series over   .3281
PART 7:  DESCRIPTIVE STATISTICS:                                                                   03:59  Fri 26 Jun 2026  Page   8
------------------------------------------------------------------------------------------------------------------------------------

                                                Corr   //-------- Unfiltered --------\\  //---- Filtered -----\\
                           No.    No.    No.    with   Mean   Max     Std   Auto   Mean   Max     Std   Auto  AR
 Seq Series   Interval   Years  Segmt  Flags   Master  msmt   msmt    dev   corr   sens  value    dev   corr  ()
 --- -------- ---------  -----  -----  -----   ------ -----  -----  -----  -----  -----  -----  -----  -----  --
   1 EBM011   1828 2024    197      7      0    .742    .81   6.80   .752   .729   .283   2.65   .339  -.001   1
   2 EBM012   1826 2024    199      7      0    .732    .87   6.99   .840   .762   .301   2.70   .366   .007   1
   3 EBM021   1929 2024     96      3      0    .705    .56   2.36   .351   .782   .304   2.54   .403  -.003   1
   4 EBM022   1929 2024     96      3      0    .751    .54   1.69   .269   .730   .325   2.55   .408  -.004   1
   5 EBM031   1836 2024    189      7      0    .729    .68   1.76   .390   .730   .404   2.61   .420  -.017   1
   6 EBM032   1835 2024    190      7      0    .788    .68   1.85   .404   .750   .389   2.58   .448  -.018   1
   7 EBM051   1685 2024    340     13      0    .798    .55   1.94   .287   .784   .301   2.42   .296  -.008   1
   8 EBM052   1683 2024    342     13      0    .785    .66   1.82   .334   .796   .279   2.51   .360  -.012   1
   9 EBM061   1913 2024    112      4      0    .642    .73   1.80   .336   .686   .279   2.67   .592  -.027   2
  10 EBM062   1912 2024    113      4      0    .713    .74   1.69   .315   .712   .267   2.54   .422   .031   1
  11 EBM071   1706 2024    319     12      0    .682    .64   1.65   .375   .860   .274   2.56   .312   .031   1
  12 EBM072   1755 2024    270     10      0    .711    .66   1.73   .384   .868   .268   2.59   .383   .027   1
  13 EBM081   1711 2024    314     12      0    .779    .70   2.25   .297   .705   .276   2.45   .392  -.007   1
  14 EBM082   1705 2024    320     12      0    .777    .71   2.19   .310   .712   .267   2.45   .305  -.007   2
  15 EBM091   1683 2024    342     13      0    .772    .59   2.15   .335   .832   .287   2.46   .294  -.012   1
  16 EBM092   1696 2024    329     13      0    .790    .56   1.64   .288   .782   .318   2.45   .351  -.008   1
  17 EBM101   1926 2024     99      3      0    .612   2.28   5.17  1.037   .642   .298   2.71   .586  -.009   2
  18 EBM102   1891 2024    134      5      0    .624   1.69   5.32  1.090   .775   .353   2.73   .508  -.015   2
  19 EBM111   1644 2024    381     15      0    .806    .54   2.55   .436   .834   .407   2.60   .319   .002   1
  20 EBM112   1629 2024    396     15      0    .772    .54   2.62   .422   .822   .410   2.57   .385  -.024   1
  21 EBM121   1797 2024    228      9      0    .598    .57   1.35   .280   .759   .330   2.46   .321  -.022   3
  22 EBM122   1813 2024    212      8      0    .602    .54   1.25   .268   .786   .331   2.37   .295   .004   1
  23 EBM131   1828 2024    197      7      0    .662    .98   2.70   .406   .605   .285   2.65   .419  -.038   2
  24 EBM132   1826 2024    199      7      0    .674    .88   2.32   .391   .685   .277   2.50   .350  -.025   2
  25 EBM141   1816 2024    209      8      0    .696    .95   2.87   .548   .734   .323   2.59   .351   .015   1
  26 EBM142   1854 2024    171      6      0    .645   1.09   2.90   .612   .722   .321   2.62   .368   .008   2
  27 EBM151   1785 2024    240      9      0    .597    .66   2.11   .391   .735   .412   2.63   .433  -.044   2
  28 EBM152   1740 2024    285     11      0    .656    .59   2.25   .403   .745   .467   2.64   .379  -.035   2
  29 EBM161   1748 2024    277     11      0    .820    .33    .94   .156   .550   .419   2.50   .359  -.010   2
  30 EBM162   1762 2024    263     10      0    .745    .33    .89   .153   .544   .409   2.47   .329   .004   1
  31 EBM171   1894 2024    131      5      0    .777    .62   1.81   .426   .848   .326   2.60   .478  -.003   1
  32 EBM172   1921 2024    104      4      0    .790    .75   2.22   .491   .831   .298   2.71   .439   .016   1
  33 EBM181   1942 2024     83      3      0    .700    .76   2.81   .426   .802   .268   2.62   .507  -.022   1
  34 EBM182   1942 2024     83      3      0    .775    .78   2.28   .384   .738   .280   2.50   .390  -.019   1
  35 EBM191   1847 2024    178      7      0    .680    .81   2.13   .354   .663   .296   2.62   .417  -.056   2
  36 EBM192   1846 2024    179      7      0    .668    .79   1.85   .351   .629   .317   2.67   .480  -.056   2
  37 EBM201   1722 2024    303     12      0    .757    .28   1.22   .177   .739   .407   2.63   .344  -.023   1
  38 EBM202   1766 2024    259     10      0    .686    .28   1.18   .188   .768   .385   2.68   .393  -.028   1
  39 EBM211   1857 2024    168      6      0    .773    .85   2.00   .477   .828   .287   2.56   .367   .003   1
  40 EBM212   1817 2024    208      8      0    .747    .83   2.21   .457   .800   .272   2.59   .343  -.024   2
  41 EBM221   1826 2024    199      7      0    .705    .64   2.09   .413   .770   .403   2.45   .314  -.054   1
  42 EBM222   1823 2022    200      8      0    .671    .58   2.16   .382   .769   .407   2.55   .380  -.033   1
 --- -------- ---------  -----  -----  -----   ------ -----  -----  -----  -----  -----  -----  -----  -----  --
 Total or mean:           9154    344      0    .726    .67   6.99   .387   .751   .335   2.73   .372  -.012

                                              - = [  COFECHA VERY COF  ] = -
