[]  Dendrochronology Program Library                                        Run VERY   Program COF  04:00  Fri 26 Jun 2026  Page   1
[]
[]  P R O G R A M      C O F E C H A                                                                          Version 6.06P    33416
------------------------------------------------------------------------------------------------------------------------------------

 QUALITY CONTROL AND DATING CHECK OF TREE-RING MEASUREMENTS

 File of DATED series:   crossdated.rwl

 CONTENTS:

    Part 1:  Title page, options selected, summary, absent rings by series
    Part 2:  Histogram of time spans
    Part 3:  Master series with sample depth and absent rings by year
    Part 4:  Bar plot of Master Dating Series
    Part 5:  Correlation by segment of each series with Master
    Part 6:  Potential problems: low correlation, divergent year-to-year changes, absent rings, outliers
    Part 7:  Descriptive statistics

 RUN CONTROL OPTIONS SELECTED                             VALUE

         1  Cubic smoothing spline 50% wavelength cutoff for filtering
                                                            32 years
         2  Segments examined are                           50 years lagged successively by  25 years
         3  Autoregressive model applied                     A  Residuals are used in master dating series and testing
         4  Series transformed to logarithms                 Y  Each series log-transformed for master dating series and testing
         5  CORRELATION is Pearson (parametric, quantitative)
            Critical correlation, 99% confidence level   .3281
         6  Master dating series saved                       N
         7  Ring measurements listed                         N
         8  Parts printed                              1234567 
         9  Absent rings are omitted from master series and segment correlations  (Y)

 Time span of Master dating series is  1787 to  2023   237 years
 Continuous time span is               1787 to  2023   237 years
 Portion with two or more series is    1793 to  2023   231 years


                                        ****************************************
                                        *C* Number of dated series        43 *C*
                                        *O* Master series 1787 2023  237 yrs *O*
                                        *F* Total rings in all series   7972 *F*
                                        *E* Total dated rings checked   7966 *E*
                                        *C* Series intercorrelation     .756 *C*
                                        *H* Average mean sensitivity    .338 *H*
                                        *A* Segments, possible problems    0 *A*
                                        *** Mean length of series      185.4 ***
                                        ****************************************

 ABSENT RINGS listed by SERIES:            (See Master Dating Series for absent rings listed by year)

 RDU021      1 absent rings:   1938
 RDU022      1 absent rings:   1938
 RDU031      2 absent rings:   1938  2009
 RDU032      2 absent rings:   1985  2009
 RDU051      1 absent rings:   1938
 RDU052      1 absent rings:   1938
 RDU061      1 absent rings:   1985
 RDU081      2 absent rings:   1917  1938
 RDU082      1 absent rings:   1961
 RDU091      2 absent rings:   1917  2009
 RDU092      2 absent rings:   1913  1917
 RDU101      1 absent rings:   1938
 RDU121      2 absent rings:   1947  1961
 RDU122      5 absent rings:   1938  1947  1961  2009  2014
 RDU141      3 absent rings:   1947  1961  1985
 RDU142      3 absent rings:   1947  1985  2009
 RDU162      2 absent rings:   1938  1961
 RDU171      9 absent rings:   1871  1938  1960  1961  2007  2009  2011  2014  2019
 RDU172      7 absent rings:   1938  1961  2007  2009  2011  2014  2019
 RDU191      2 absent rings:   1960  1961
 RDU192      5 absent rings:   1917  1938  1960  1961  2009
 RDU201      2 absent rings:   1917  1938
 RDU202      1 absent rings:   1917
 RDU222      1 absent rings:   2009

            59 absent rings    .740%
PART 2:  TIME PLOT OF TREE-RING SERIES:                                                            04:00  Fri 26 Jun 2026  Page   2
------------------------------------------------------------------------------------------------------------------------------------
 1050 1100 1150 1200 1250 1300 1350 1400 1450 1500 1550 1600 1650 1700 1750 1800 1850 1900 1950 2000 2050 Ident   Seq Time-span  Yrs
   :    :    :    :    :    :    :    :    :    :    :    :    :    :    :    :    :    :    :    :    : -------- --- ---- ---- ----
   .    .    .    .    .    .    .    .    .    .    .    .    .    .    .    .  <==================>  . RDU011     1 1831 2023  193
   .    .    .    .    .    .    .    .    .    .    .    .    .    .    .    . <===================>  . RDU012     2 1821 2023  203
   .    .    .    .    .    .    .    .    .    .    .    .    .    .    .    .    <================>  . RDU021     3 1854 2023  170
   .    .    .    .    .    .    .    .    .    .    .    .    .    .    .    .   <=================>  . RDU022     4 1848 2023  176
   .    .    .    .    .    .    .    .    .    .    .    .    .    .    .    .<====================>  . RDU031     5 1810 2023  214
   .    .    .    .    .    .    .    .    .    .    .    .    .    .    .    .<====================>  . RDU032     6 1819 2023  205
   .    .    .    .    .    .    .    .    .    .    .    .    .    .    .    .    <================>  . RDU041     7 1854 2023  170
   .    .    .    .    .    .    .    .    .    .    .    .    .    .    .    .   <=================>  . RDU042     8 1847 2023  177
   .    .    .    .    .    .    .    .    .    .    .    .    .    .    .    .    . <==============>  . RDU051     9 1878 2023  146
   .    .    .    .    .    .    .    .    .    .    .    .    .    .    .    .    <================>  . RDU052    10 1850 2023  174
   .    .    .    .    .    .    .    .    .    .    .    .    .    .    .    .    .<===============>  . RDU061    11 1862 2023  162
   .    .    .    .    .    .    .    .    .    .    .    .    .    .    .    .    <================>  . RDU062    12 1852 2023  172
   .    .    .    .    .    .    .    .    .    .    .    .    .    .    .    . <===================>  . RDU071    13 1825 2023  199
   .    .    .    .    .    .    .    .    .    .    .    .    .    .    .    .<====================>  . RDU072    14 1814 2023  210
   .    .    .    .    .    .    .    .    .    .    .    .    .    .    .    <=====================>  . RDU081    15 1804 2023  220
   .    .    .    .    .    .    .    .    .    .    .    .    .    .    .    . <===================>  . RDU082    16 1820 2023  204
   .    .    .    .    .    .    .    .    .    .    .    .    .    .    .    <=====================>  . RDU091    17 1802 2023  222
   .    .    .    .    .    .    .    .    .    .    .    .    .    .    .   <======================>  . RDU092    18 1799 2023  225
   .    .    .    .    .    .    .    .    .    .    .    .    .    .    .    .    .  <=============>  . RDU101    19 1883 2023  141
   .    .    .    .    .    .    .    .    .    .    .    .    .    .    .    .    .  <=============>  . RDU102    20 1887 2023  137
   .    .    .    .    .    .    .    .    .    .    .    .    .    .    .    .<====================>  . RDU111    21 1812 2023  212
   .    .    .    .    .    .    .    .    .    .    .    .    .    .    .    .<====================>  . RDU112    22 1812 2023  212
   .    .    .    .    .    .    .    .    .    .    .    .    .    .    .    <=====================>  . RDU121    23 1804 2023  220
   .    .    .    .    .    .    .    .    .    .    .    .    .    .    .  <=======================>  . RDU122    24 1787 2023  237
   .    .    .    .    .    .    .    .    .    .    .    .    .    .    .    .    .<===============>  . RDU132    25 1860 2023  164
   .    .    .    .    .    .    .    .    .    .    .    .    .    .    .    .<=======>.    .    .    . RDU141    26 1816 1896   81
   .    .    .    .    .    .    .    .    .    .    .    .    .    .    .    .    .    <===========>  . RDU141    27 1906 2023  118
   .    .    .    .    .    .    .    .    .    .    .    .    .    .    .    <=========>    .    .    . RDU142    28 1804 1901   98
   .    .    .    .    .    .    .    .    .    .    .    .    .    .    .    .    .    <===========>  . RDU142    29 1907 2023  117
   .    .    .    .    .    .    .    .    .    .    .    .    .    .    .    <=====================>  . RDU151    30 1800 2023  224
   .    .    .    .    .    .    .    .    .    .    .    .    .    .    .    <=====================>  . RDU152    31 1801 2023  223
   .    .    .    .    .    .    .    .    .    .    .    .    .    .    .    .    .   <============>  . RDU162    32 1890 2023  134
   .    .    .    .    .    .    .    .    .    .    .    .    .    .    .    .<====================>  . RDU171    33 1812 2023  212
   .    .    .    .    .    .    .    .    .    .    .    .    .    .    .    .<====================>  . RDU172    34 1812 2023  212
   .    .    .    .    .    .    .    .    .    .    .    .    .    .    .    .    <================>  . RDU181    35 1856 2023  168
   .    .    .    .    .    .    .    .    .    .    .    .    .    .    .    . <===================>  . RDU182    36 1825 2023  199
   .    .    .    .    .    .    .    .    .    .    .    .    .    .    .   <=====================>   . RDU191    37 1798 2019  222
   .    .    .    .    .    .    .    .    .    .    .    .    .    .    .    .<====================>  . RDU192    38 1812 2023  212
   .    .    .    .    .    .    .    .    .    .    .    .    .    .    .   <======================>  . RDU201    39 1795 2023  229
   .    .    .    .    .    .    .    .    .    .    .    .    .    .    .   <======================>  . RDU202    40 1793 2023  231
   .    .    .    .    .    .    .    .    .    .    .    .    .    .    .    .  <==================>  . RDU212    41 1838 2023  186
   .    .    .    .    .    .    .    .    .    .    .    .    .    .    .    .    <================>  . RDU221    42 1855 2023  169
   .    .    .    .    .    .    .    .    .    .    .    .    .    .    .    .    <================>  . RDU222    43 1852 2023  172
   :    :    :    :    :    :    :    :    :    :    :    :    :    :    :    :    :    :    :    :    :
 1050 1100 1150 1200 1250 1300 1350 1400 1450 1500 1550 1600 1650 1700 1750 1800 1850 1900 1950 2000 2050
PART 3:  Master Dating Series:                                                                     04:00  Fri 26 Jun 2026  Page   3
------------------------------------------------------------------------------------------------------------------------------------
  Year  Value  No Ab    Year  Value  No Ab    Year  Value  No Ab    Year  Value  No Ab    Year  Value  No Ab    Year  Value  No Ab
  ------------------    ------------------    ------------------    ------------------    ------------------    ------------------
                        1800  -.468   6       1850 -2.480  29       1900 -2.114  40       1950   .144  41       2000   .350  41
                        1801  -.667   7       1851  -.363  29       1901  -.315  40       1951  1.210  41       2001   .949  41
                        1802   .468   8       1852  -.308  31       1902   .717  39       1952   .994  41       2002   .407  41
                        1803  1.121   8       1853   .869  31       1903   .051  39       1953  1.179  41       2003  1.941  41
                        1804  -.254  11       1854  -.174  33       1904   .876  39       1954   .660  41       2004  -.468  41
                        1805   .866  11       1855  -.123  34       1905  1.501  39       1955  1.043  41       2005   .051  41
                        1806   .397  11       1856   .802  35       1906   .852  40       1956   .382  41       2006   .983  41
                        1807  -.478  11       1857   .648  35       1907   .701  41       1957   .615  41       2007  -.898  41  2
                        1808 -1.113  11       1858   .533  35       1908   .722  41       1958 -1.138  41       2008  -.048  41
                        1809  -.835  11       1859  1.123  35       1909  -.590  41       1959   .315  41       2009 -3.534  41  9

                        1810   .590  12       1860   .856  36       1910  -.037  41       1960 -2.071  41  3    2010  -.197  41
                        1811  1.293  12       1861   .847  36       1911   .288  41       1961 -3.001  41  9    2011  -.702  41  2
                        1812   .805  17       1862 -1.941  37       1912  -.601  41       1962  -.855  41       2012   .989  41
                        1813  -.357  17       1863 -1.958  37       1913 -1.050  41  1    1963  -.169  41       2013  -.213  41
                        1814  -.916  18       1864   .077  37       1914  -.947  41       1964  -.008  41       2014 -1.282  41  3
                        1815  1.107  18       1865   .531  37       1915  -.281  41       1965   .258  41       2015   .045  41
                        1816   .313  19       1866   .096  37       1916   .907  41       1966   .550  41       2016   .196  41
                        1817   .326  19       1867   .279  37       1917 -1.934  41  6    1967   .254  41       2017  -.308  41
                        1818   .960  19       1868  -.225  37       1918   .167  41       1968  1.181  41       2018   .327  41
                        1819   .643  20       1869 -1.020  37       1919   .302  41       1969   .673  41       2019  -.842  41  2

                        1820  -.746  21       1870   .005  37       1920  -.142  41       1970  -.216  41       2020   .092  40
                        1821   .158  22       1871 -2.705  37  1    1921   .389  41       1971  -.286  41       2021   .239  40
                        1822   .409  22       1872   .339  37       1922   .730  41       1972  -.898  41       2022   .386  40
                        1823  -.881  22       1873  -.088  37       1923   .687  41       1973  -.925  41       2023  1.719  40
                        1824  -.101  22       1874   .749  37       1924   .338  41       1974   .407  41
                        1825   .431  24       1875   .309  37       1925  1.270  41       1975   .344  41
                        1826 -3.596  24       1876   .177  37       1926  1.918  41       1976  1.203  41
                        1827 -2.102  24       1877  -.191  37       1927 -1.579  41       1977   .983  41
                        1828 -1.122  24       1878   .013  38       1928 -1.081  41       1978  1.168  41
                        1829   .207  24       1879   .875  38       1929  -.334  41       1979  1.354  41

                        1830   .916  24       1880  1.477  38       1930   .462  41       1980  -.643  41
                        1831   .988  25       1881   .270  38       1931   .230  41       1981   .168  41
                        1832   .121  25       1882   .670  38       1932  -.370  41       1982  -.443  41
                        1833  1.106  25       1883  -.528  39       1933  -.360  41       1983 -1.086  41
                        1834   .879  25       1884 -1.475  39       1934   .388  41       1984  -.677  41
                        1835   .298  25       1885   .562  39       1935   .956  41       1985 -1.981  41  4
                        1836   .067  25       1886   .215  39       1936   .800  41       1986 -1.775  41
  1787  -.604   1       1837  1.001  25       1887   .031  40       1937  -.580  41       1987  -.485  41
  1788  1.742   1       1838   .991  26       1888  1.067  40       1938 -3.088  41 13    1988   .043  41
  1789  -.422   1       1839   .997  26       1889  1.238  40       1939  -.992  41       1989   .399  41

  1790   .067   1       1840  -.231  26       1890  -.306  41       1940  -.127  41       1990   .745  41
  1791   .921   1       1841   .273  26       1891  -.548  41       1941   .178  41       1991   .924  41
  1792 -1.168   1       1842 -1.167  26       1892  -.159  41       1942   .988  41       1992  1.482  41
  1793   .351   2       1843  -.622  26       1893   .528  41       1943  -.224  41       1993   .373  41
  1794  1.044   2       1844   .631  26       1894   .671  41       1944   .402  41       1994   .960  41
  1795  1.327   3       1845   .983  26       1895   .218  41       1945   .915  41       1995  -.742  41
  1796  -.536   3       1846  1.692  26       1896   .757  41       1946   .646  41       1996   .171  41
  1797 -1.555   3       1847 -2.312  27       1897   .291  40       1947 -2.221  41  4    1997  -.717  41
  1798 -1.307   4       1848  -.482  28       1898 -2.800  40       1948  -.484  41       1998   .134  41
  1799  -.402   5       1849  -.317  28       1899 -1.779  40       1949  -.638  41       1999  -.360  41
------------------------------------------------------------------------------------------------------------------------------------
PART 4:  Master Bar Plot:                                                                          04:00  Fri 26 Jun 2026  Page   4
------------------------------------------------------------------------------------------------------------------------------------
   Year Rel value  Year Rel value  Year Rel value  Year Rel value  Year Rel value  Year Rel value  Year Rel value  Year Rel value
                   1800--b         1850j           1900h           1950-----A      2000------A
                   1801--c         1851---a        1901---a        1951----------E 2001---------D
                   1802-------B    1852---a        1902--------C   1952---------D  2002------B
                   1803---------D  1853--------C   1903----@       1953----------E 2003----------H
                   1804---a        1854---a        1904--------D   1954-------C    2004--b
                   1805--------C   1855----@       1905----------F 1955---------D  2005----@
                   1806------B     1856--------C   1906--------C   1956------B     2006---------D
                   1807--b         1857-------C    1907--------C   1957-------B    2007-d
                   1808-d          1858-------B    1908--------C   1958-e          2008----@
                   1809-c          1859---------D  1909--b         1959------A     2009n
                   1810-------B    1860--------C   1910----@       1960h           2010---a
                   1811----------E 1861--------C   1911------A     1961l           2011--c
                   1812--------C   1862h           1912--b         1962-c          2012---------D
                   1813---a        1863h           1913-d          1963----a       2013---a
                   1814-d          1864-----@      1914-d          1964----@       2014-e
                   1815---------D  1865-------B    1915---a        1965------A     2015----@
                   1816------A     1866-----@      1916---------D  1966-------B    2016-----A
                   1817------A     1867------A     1917h           1967-----A      2017---a
                   1818---------D  1868---a        1918-----A      1968----------E 2018------A
                   1819-------C    1869-d          1919------A     1969-------C    2019-c
                   1820--c         1870----@       1920----a       1970---a        2020-----@
                   1821-----A      1871k           1921------B     1971---a        2021-----A
                   1822------B     1872------A     1922--------C   1972-d          2022------B
                   1823-d          1873----@       1923--------C   1973-d          2023----------G
                   1824----@       1874--------C   1924------A     1974------B
                   1825------B     1875------A     1925----------E 1975------A
                   1826n           1876-----A      1926----------H 1976----------E
                   1827h           1877---a        1927f           1977---------D
                   1828-d          1878----@       1928-d          1978----------E
                   1829-----A      1879--------D   1929---a        1979----------E
                   1830---------D  1880----------F 1930-------B    1980--c
                   1831---------D  1881------A     1931-----A      1981-----A
                   1832-----@      1882-------C    1932---a        1982---b
                   1833---------D  1883--b         1933---a        1983-d
                   1834--------D   1884-f          1934------B     1984--c
                   1835------A     1885-------B    1935---------D  1985h
                   1836----@       1886-----A      1936--------C   1986g
   1787--b         1837---------D  1887----@       1937--b         1987--b
   1788----------G 1838---------D  1888---------D  1938l           1988----@
   1789---b        1839---------D  1889----------E 1939-d          1989------B
   1790----@       1840---a        1890---a        1940----a       1990--------C
   1791---------D  1841------A     1891--b         1941-----A      1991---------D
   1792-e          1842-e          1892----a       1942---------D  1992----------F
   1793------A     1843--b         1893-------B    1943---a        1993------A
   1794---------D  1844-------C    1894-------C    1944------B     1994---------D
   1795----------E 1845---------D  1895-----A      1945---------D  1995--c
   1796--b         1846----------G 1896--------C   1946-------C    1996-----A
   1797f           1847i           1897------A     1947i           1997--c
   1798-e          1848--b         1898k           1948--b         1998-----A
   1799---b        1849---a        1899g           1949--c         1999---a
PART 5:  CORRELATION OF SERIES BY SEGMENTS:                                                        04:00  Fri 26 Jun 2026  Page   5
------------------------------------------------------------------------------------------------------------------------------------
 Correlations of  50-year dated segments, lagged  25 years
 Flags:  A = correlation under   .3281 but highest as dated;  B = correlation higher at other than dated position

 Seq Series  Time_span   1775 1800 1825 1850 1875 1900 1925 1950 1975
                         1824 1849 1874 1899 1924 1949 1974 1999 2024
 --- -------- ---------  ---- ---- ---- ---- ---- ---- ---- ---- ---- ---- ---- ---- ---- ---- ---- ---- ---- ---- ---- ----
   1 RDU011   1831 2023             .85  .76  .73  .80  .80  .77  .60
   2 RDU012   1821 2023        .60  .68  .79  .74  .79  .81  .72  .64
   3 RDU021   1854 2023                  .78  .84  .76  .73  .84  .83
   4 RDU022   1848 2023             .49  .58  .88  .78  .74  .82  .82
   5 RDU031   1810 2023        .79  .86  .85  .81  .71  .74  .81  .76
   6 RDU032   1819 2023        .90  .88  .79  .67  .79  .90  .75  .73
   7 RDU041   1854 2023                  .59  .79  .77  .76  .65  .76
   8 RDU042   1847 2023             .67  .68  .70  .75  .75  .62  .80
   9 RDU051   1878 2023                       .78  .61  .69  .67  .69
  10 RDU052   1850 2023                  .66  .65  .61  .73  .70  .75
  11 RDU061   1862 2023                  .71  .75  .72  .77  .82  .81
  12 RDU062   1852 2023                  .73  .73  .72  .75  .78  .82
  13 RDU071   1825 2023             .85  .80  .77  .74  .78  .85  .87
  14 RDU072   1814 2023        .96  .92  .80  .74  .79  .82  .83  .85
  15 RDU081   1804 2023        .83  .83  .79  .71  .44  .60  .75  .70
  16 RDU082   1820 2023        .88  .85  .74  .75  .75  .70  .50  .71
  17 RDU091   1802 2023        .59  .74  .72  .60  .77  .83  .66  .59
  18 RDU092   1799 2023   .55  .55  .82  .83  .68  .78  .86  .67  .70
  19 RDU101   1883 2023                       .73  .66  .70  .83  .83
  20 RDU102   1887 2023                       .84  .82  .81  .78  .85
  21 RDU111   1812 2023        .84  .80  .75  .74  .74  .78  .80  .82
  22 RDU112   1812 2023        .89  .88  .74  .67  .76  .77  .75  .75
  23 RDU121   1804 2023        .92  .75  .60  .65  .74  .71  .57  .73
  24 RDU122   1787 2023   .63  .84  .76  .67  .73  .74  .69  .59  .68
  25 RDU132   1860 2023                  .68  .55  .80  .84  .66  .68
  26 RDU141   1816 1896        .65  .67  .60
  27 RDU141   1906 2023                            .76  .73  .59  .81
  28 RDU142   1804 1901        .72  .81  .84  .81
  29 RDU142   1907 2023                            .68  .54  .35  .65
  30 RDU151   1800 2023        .85  .81  .79  .81  .80  .83  .84  .88
  31 RDU152   1801 2023        .85  .84  .79  .79  .80  .83  .83  .86
  32 RDU162   1890 2023                       .86  .87  .90  .88  .76
  33 RDU171   1812 2023        .87  .82  .71  .71  .75  .80  .78  .63
  34 RDU172   1812 2023        .78  .81  .80  .71  .73  .79  .81  .67
  35 RDU181   1856 2023                  .67  .52  .70  .80  .72  .79
  36 RDU182   1825 2023             .60  .63  .73  .72  .77  .74  .83
  37 RDU191   1798 2019   .84  .84  .89  .82  .77  .85  .83  .76  .61
  38 RDU192   1812 2023        .89  .91  .86  .77  .81  .78  .72  .73
  39 RDU201   1795 2023   .75  .77  .83  .70  .61  .88  .92  .71  .36
  40 RDU202   1793 2023   .69  .79  .85  .71  .64  .89  .91  .84  .68
  41 RDU212   1838 2023             .87  .80  .75  .75  .73  .62  .68
  42 RDU221   1855 2023                  .61  .52  .73  .78  .75  .78
  43 RDU222   1852 2023                  .52  .49  .79  .78  .73  .72
 Av segment correlation   .69  .80  .80  .73  .72  .75  .77  .73  .74
PART 6:  POTENTIAL PROBLEMS:                                                                       04:00  Fri 26 Jun 2026  Page   5
------------------------------------------------------------------------------------------------------------------------------------

 For each series with potential problems the following diagnostics may appear:

 [A] Correlations with master dating series of flagged  50-year segments of series filtered with  32-year spline,
     at every point from ten years earlier (-10) to ten years later (+10) than dated

 [B] Effect of those data values which most lower or raise correlation with master series
     Symbol following year indicates value in series is greater (>) or lesser (<) than master series value

 [C] Year-to-year changes very different from the mean change in other series

 [D] Absent rings (zero values)

 [E] Values which are statistical outliers from mean for the year
 ===================================================================================================================================

 RDU011    1831 to  2023     193 years                                                                                    Series   1

 [B] Entire series, effect on correlation (  .753) is:
       Lower   1927> -.012   2007> -.011   1882< -.008   1831< -.007   1998< -.007   2004< -.007  Higher   1847  .014   1917  .012

 ===================================================================================================================================

 RDU012    1821 to  2023     203 years                                                                                    Series   2

 [B] Entire series, effect on correlation (  .699) is:
       Lower   1826> -.048   1998< -.009   1882< -.008   1927> -.008   1824< -.007   2020< -.005  Higher   1917  .013   1947  .012

 [E] Outliers     1   3.0 SD above or -4.5 SD below mean for year
       1826 +6.4 SD
 ===================================================================================================================================

 RDU021    1854 to  2023     170 years                                                                                    Series   3

 [B] Entire series, effect on correlation (  .800) is:
       Lower   1927> -.015   2013< -.008   1935< -.007   2004> -.005   1936< -.005   1968< -.005  Higher   2009  .016   1917  .011

 [D]    1 Absent rings:  Year   Master  N series Absent
                         1938   -3.088      41      13

 ===================================================================================================================================

 RDU022    1848 to  2023     176 years                                                                                    Series   4

 [B] Entire series, effect on correlation (  .748) is:
       Lower   1862> -.026   1927> -.016   1850> -.014   2004> -.007   1851< -.006   1969< -.005  Higher   2009  .019   1938  .014

 [D]    1 Absent rings:  Year   Master  N series Absent
                         1938   -3.088      41      13

 [E] Outliers     3   3.0 SD above or -4.5 SD below mean for year
       1848 +3.2 SD;    1850 +3.2 SD;    1862 +4.1 SD
 ===================================================================================================================================

 RDU031    1810 to  2023     214 years                                                                                    Series   5

 [B] Entire series, effect on correlation (  .799) is:
       Lower   1927> -.018   1811< -.008   1912< -.007   1841< -.005   1840> -.005   1815< -.004  Higher   2009  .012   1826  .010

 [D]    2 Absent rings:  Year   Master  N series Absent
                         1938   -3.088      41      13
                         2009   -3.534      41       9

 ===================================================================================================================================

 RDU032    1819 to  2023     205 years                                                                                    Series   6

 [B] Entire series, effect on correlation (  .827) is:
       Lower   1917> -.015   1871> -.009   1864< -.005   1995> -.005   1996< -.005   1893< -.004  Higher   1847  .013   1826  .011

 [D]    2 Absent rings:  Year   Master  N series Absent
                         1985   -1.981      41       4
                         2009   -3.534      41       9

 [E] Outliers     1   3.0 SD above or -4.5 SD below mean for year
       1917 +3.0 SD
 ===================================================================================================================================

 RDU041    1854 to  2023     170 years                                                                                    Series   7

 [B] Entire series, effect on correlation (  .705) is:
       Lower   1862> -.025   1857< -.023   1981< -.010   1854> -.008   1968< -.007   1980> -.005  Higher   1898  .022   1917  .017

 [E] Outliers     1   3.0 SD above or -4.5 SD below mean for year
       1917 -4.7 SD
 ===================================================================================================================================

 RDU042    1847 to  2023     177 years                                                                                    Series   8

 [B] Entire series, effect on correlation (  .733) is:
       Lower   1862> -.013   1980> -.006   1916< -.006   1880< -.006   1968< -.006   1981< -.005  Higher   2009  .016   1938  .012

 [E] Outliers     1   3.0 SD above or -4.5 SD below mean for year
       1917 -7.8 SD
 ===================================================================================================================================

 RDU051    1878 to  2023     146 years                                                                                    Series   9

 [B] Entire series, effect on correlation (  .699) is:
       Lower   1932< -.015   1909> -.011   1902< -.011   1935< -.009   1966< -.008   1991< -.007  Higher   1927  .033   1898  .025

 [D]    1 Absent rings:  Year   Master  N series Absent
                         1938   -3.088      41      13

 [E] Outliers     1   3.0 SD above or -4.5 SD below mean for year
       1910 +3.3 SD
 ===================================================================================================================================

 RDU052    1850 to  2023     174 years                                                                                    Series  10

 [B] Entire series, effect on correlation (  .685) is:
       Lower   1862> -.013   1917> -.009   1982> -.008   1909> -.007   1861< -.006   1979< -.005  Higher   2009  .018   1871  .013

 [D]    1 Absent rings:  Year   Master  N series Absent
                         1938   -3.088      41      13

 [E] Outliers     1   3.0 SD above or -4.5 SD below mean for year
       2009 -6.2 SD
 ===================================================================================================================================

 RDU061    1862 to  2023     162 years                                                                                    Series  11

 [B] Entire series, effect on correlation (  .769) is:
       Lower   1933< -.019   2007> -.009   1879< -.007   1943> -.007   1908< -.006   1932> -.005  Higher   1927  .020   1898  .016

 [D]    1 Absent rings:  Year   Master  N series Absent
                         1985   -1.981      41       4

 ===================================================================================================================================

 RDU062    1852 to  2023     172 years                                                                                    Series  12

 [B] Entire series, effect on correlation (  .748) is:
       Lower   1908< -.010   1906< -.009   1859< -.009   1933< -.009   2007> -.007   1879< -.006  Higher   1927  .017   1898  .015

 [E] Outliers     1   3.0 SD above or -4.5 SD below mean for year
       1933 -5.8 SD
 ===================================================================================================================================

 RDU071    1825 to  2023     199 years                                                                                    Series  13

 [B] Entire series, effect on correlation (  .810) is:
       Lower   1871> -.006   1876< -.005   1964< -.004   1947< -.004   1864< -.003   1956< -.003  Higher   2009  .011   1862  .006

 ===================================================================================================================================

 RDU072    1814 to  2023     210 years                                                                                    Series  14

 [B] Entire series, effect on correlation (  .847) is:
       Lower   1927> -.006   1917> -.006   1871> -.004   1932> -.003   2011> -.003   1894< -.003  Higher   1826  .012   1847  .012

 ===================================================================================================================================

 RDU081    1804 to  2023     220 years                                                                                    Series  15

 [B] Entire series, effect on correlation (  .734) is:
       Lower   1927> -.014   1936< -.014   1993< -.008   2007> -.004   1871> -.004   1912> -.004  Higher   1847  .016   1826  .016

 [D]    2 Absent rings:  Year   Master  N series Absent
                         1917   -1.934      41       6
                         1938   -3.088      41      13

 [E] Outliers     2   3.0 SD above or -4.5 SD below mean for year
       1862 -6.3 SD;    1917 -5.0 SD
 ===================================================================================================================================

 RDU082    1820 to  2023     204 years                                                                                    Series  16

 [B] Entire series, effect on correlation (  .763) is:
       Lower   1995> -.019   1871> -.012   1959< -.009   1958> -.007   1938> -.006   1827> -.005  Higher   1826  .020   1847  .019

 [D]    1 Absent rings:  Year   Master  N series Absent
                         1961   -3.001      41       9

 [E] Outliers     2   3.0 SD above or -4.5 SD below mean for year
       1871 +3.3 SD;    1995 +3.9 SD
 ===================================================================================================================================

 RDU091    1802 to  2023     222 years                                                                                    Series  17

 [B] Entire series, effect on correlation (  .689) is:
       Lower   1826> -.014   1813> -.008   1814> -.007   1980> -.005   1898> -.004   1906< -.004  Higher   1927  .017   1917  .012

 [D]    2 Absent rings:  Year   Master  N series Absent
                         1917   -1.934      41       6
                         2009   -3.534      41       9

 [E] Outliers     3   3.0 SD above or -4.5 SD below mean for year
       1814 +3.8 SD;    1826 +3.5 SD;    2009 -8.3 SD
 ===================================================================================================================================

 RDU092    1799 to  2023     225 years                                                                                    Series  18

 [B] Entire series, effect on correlation (  .727) is:
       Lower   1801> -.012   1826> -.011   1993< -.011   1813> -.009   1814> -.009   1913< -.005  Higher   2009  .015   1927  .010

 [D]    2 Absent rings:  Year   Master  N series Absent
                         1913   -1.050      41       1
                         1917   -1.934      41       6

 [E] Outliers     5   3.0 SD above or -4.5 SD below mean for year
       1801 +4.2 SD;    1813 +3.1 SD;    1814 +4.1 SD;    1987 +3.1 SD;    1993 -4.6 SD
 ===================================================================================================================================

 RDU101    1883 to  2023     141 years                                                                                    Series  19

 [B] Entire series, effect on correlation (  .786) is:
       Lower   1927> -.022   2007< -.020   1936< -.009   1902< -.008   1931< -.006   1993> -.004  Higher   2009  .019   1898  .017

 [D]    1 Absent rings:  Year   Master  N series Absent
                         1938   -3.088      41      13

 [E] Outliers     1   3.0 SD above or -4.5 SD below mean for year
       1917 +3.3 SD
 ===================================================================================================================================

 RDU102    1887 to  2023     137 years                                                                                    Series  20

 [B] Entire series, effect on correlation (  .820) is:
       Lower   1956< -.008   1960> -.007   1917> -.007   1890< -.005   2020< -.004   1978< -.003  Higher   1898  .015   1927  .013

 [E] Outliers     1   3.0 SD above or -4.5 SD below mean for year
       1917 +3.2 SD
 ===================================================================================================================================

 RDU111    1812 to  2023     212 years                                                                                    Series  21

 [B] Entire series, effect on correlation (  .783) is:
       Lower   1871< -.008   1995< -.007   1898> -.006   1938> -.004   1909> -.004   1910> -.004  Higher   1847  .012   2009  .008

 [E] Outliers     3   3.0 SD above or -4.5 SD below mean for year
       1871 -6.0 SD;    1938 +3.1 SD;    1995 -4.6 SD
 ===================================================================================================================================

 RDU112    1812 to  2023     212 years                                                                                    Series  22

 [B] Entire series, effect on correlation (  .784) is:
       Lower   1995< -.010   1938> -.006   1909> -.005   2009> -.004   1898> -.004   1855< -.003  Higher   1826  .018   1847  .016

 ===================================================================================================================================

 RDU121    1804 to  2023     220 years                                                                                    Series  23

 [B] Entire series, effect on correlation (  .735) is:
       Lower   1862> -.033   1863< -.009   1958> -.006   1915< -.006   1995> -.005   1868> -.005  Higher   1826  .020   1847  .011

 [D]    2 Absent rings:  Year   Master  N series Absent
                         1947   -2.221      41       4
                         1961   -3.001      41       9

 [E] Outliers     2   3.0 SD above or -4.5 SD below mean for year
       1862 +4.8 SD;    1986 -4.7 SD
 ===================================================================================================================================

 RDU122    1787 to  2023     237 years                                                                                    Series  24

 [*] Early part of series cannot be checked from 1787 to 1792 -- not matched by another series

 [B] Entire series, effect on correlation (  .724) is:
       Lower   1797> -.028   1862> -.018   1858< -.005   1995> -.005   1915< -.004   1861< -.004  Higher   1847  .014   1826  .014

 [C] Year-to-year changes diverging by over 4.0 std deviations:
       1796 1797   4.0 SD

 [D]    5 Absent rings:  Year   Master  N series Absent
                         1938   -3.088      41      13
                         1947   -2.221      41       4
                         1961   -3.001      41       9
                         2009   -3.534      41       9
                         2014   -1.282      41       3

 [E] Outliers     3   3.0 SD above or -4.5 SD below mean for year
       1797 +5.3 SD;    1862 +3.1 SD;    1938 -4.7 SD
 ===================================================================================================================================

 RDU132    1860 to  2023     164 years                                                                                    Series  25

 [B] Entire series, effect on correlation (  .729) is:
       Lower   1893< -.013   1995> -.011   2014> -.010   1917> -.007   1960> -.007   1909> -.006  Higher   1927  .024   1871  .014

 ===================================================================================================================================

 RDU141    1816 to  1896      81 years                                                                                    Series  26

 [B] Entire series, effect on correlation (  .595) is:
       Lower   1895< -.084   1862> -.035   1826> -.030   1874< -.008   1844< -.004   1828> -.004  Higher   1871  .043   1850  .026

 [E] Outliers     2   3.0 SD above or -4.5 SD below mean for year
       1826 +3.1 SD;    1895 -6.5 SD
 ===================================================================================================================================

 RDU141    1906 to  2023     118 years                                                                                    Series  27

 [B] Entire series, effect on correlation (  .773) is:
       Lower   1958> -.022   1990< -.013   1995> -.009   1985< -.007   1917> -.005   1937> -.004  Higher   1947  .018   1938  .016

 [D]    3 Absent rings:  Year   Master  N series Absent
                         1947   -2.221      41       4
                         1961   -3.001      41       9
                         1985   -1.981      41       4

 [E] Outliers     2   3.0 SD above or -4.5 SD below mean for year
       1958 +3.3 SD;    1985 -4.9 SD
 ===================================================================================================================================

 RDU142    1804 to  1901      98 years                                                                                    Series  28

 [B] Entire series, effect on correlation (  .757) is:
       Lower   1826> -.025   1862> -.011   1812< -.011   1877< -.008   1813< -.006   1900> -.005  Higher   1847  .017   1898  .016

 [E] Outliers     1   3.0 SD above or -4.5 SD below mean for year
       1898 -4.7 SD
 ===================================================================================================================================

 RDU142    1907 to  2023     117 years                                                                                    Series  29

 [B] Entire series, effect on correlation (  .689) is:
       Lower   1973> -.017   1979< -.013   1958> -.012   1963< -.012   1917> -.009   1990< -.009  Higher   2009  .042   1947  .026

 [D]    3 Absent rings:  Year   Master  N series Absent
                         1947   -2.221      41       4
                         1985   -1.981      41       4
                         2009   -3.534      41       9

 [E] Outliers     1   3.0 SD above or -4.5 SD below mean for year
       1973 +3.9 SD
 ===================================================================================================================================

 RDU151    1800 to  2023     224 years                                                                                    Series  30

 [B] Entire series, effect on correlation (  .819) is:
       Lower   1909< -.009   1874< -.008   1904< -.004   2013> -.004   1969< -.003   1852< -.003  Higher   1826  .013   1938  .006

 ===================================================================================================================================

 RDU152    1801 to  2023     223 years                                                                                    Series  31

 [B] Entire series, effect on correlation (  .819) is:
       Lower   1874< -.007   1909< -.007   1801< -.006   1923< -.004   1886< -.003   1868> -.003  Higher   1826  .013   1917  .007

 ===================================================================================================================================

 RDU162    1890 to  2023     134 years                                                                                    Series  32

 [B] Entire series, effect on correlation (  .836) is:
       Lower   2022< -.009   2004> -.008   2019> -.007   1902< -.006   1891> -.005   1983> -.004  Higher   1927  .017   1917  .010

 [D]    2 Absent rings:  Year   Master  N series Absent
                         1938   -3.088      41      13
                         1961   -3.001      41       9

 ===================================================================================================================================

 RDU171    1812 to  2023     212 years                                                                                    Series  33

 [B] Entire series, effect on correlation (  .776) is:
       Lower   2013> -.009   1862> -.007   1870< -.006   1910< -.005   1814> -.005   1917> -.005  Higher   1847  .016   1927  .011

 [D]    9 Absent rings:  Year   Master  N series Absent
                         1871   -2.705      37       1
                         1938   -3.088      41      13
                         1960   -2.071      41       3
                         1961   -3.001      41       9
                         2007    -.898      41       2
                         2009   -3.534      41       9
                         2011    -.702      41       2
                         2014   -1.282      41       3
                         2019    -.842      41       2

 [E] Outliers     1   3.0 SD above or -4.5 SD below mean for year
       1938 -5.4 SD
 ===================================================================================================================================

 RDU172    1812 to  2023     212 years                                                                                    Series  34

 [B] Entire series, effect on correlation (  .765) is:
       Lower   1917> -.009   2013> -.008   1938< -.007   1943< -.005   1842> -.004   1919> -.003  Higher   1826  .016   1927  .010

 [D]    7 Absent rings:  Year   Master  N series Absent
                         1938   -3.088      41      13
                         1961   -3.001      41       9
                         2007    -.898      41       2
                         2009   -3.534      41       9
                         2011    -.702      41       2
                         2014   -1.282      41       3
                         2019    -.842      41       2

 [E] Outliers     1   3.0 SD above or -4.5 SD below mean for year
       1938 -6.0 SD
 ===================================================================================================================================

 RDU181    1856 to  2023     168 years                                                                                    Series  35

 [B] Entire series, effect on correlation (  .704) is:
       Lower   1917> -.026   1919< -.016   1952< -.009   2014> -.009   1856< -.006   1954< -.006  Higher   1927  .026   1947  .014

 [E] Outliers     1   3.0 SD above or -4.5 SD below mean for year
       1917 +4.1 SD
 ===================================================================================================================================

 RDU182    1825 to  2023     199 years                                                                                    Series  36

 [B] Entire series, effect on correlation (  .708) is:
       Lower   1871> -.011   1862< -.010   1883< -.007   1850> -.006   1878< -.006   1863> -.006  Higher   1898  .016   1847  .012

 [E] Outliers     1   3.0 SD above or -4.5 SD below mean for year
       1871 +3.5 SD
 ===================================================================================================================================

 RDU191    1798 to  2019     222 years                                                                                    Series  37

 [B] Entire series, effect on correlation (  .777) is:
       Lower   2019> -.013   2002< -.011   2007> -.011   1819< -.007   2012< -.006   1959< -.005  Higher   1927  .013   1847  .012

 [D]    2 Absent rings:  Year   Master  N series Absent
                         1960   -2.071      41       3
                         1961   -3.001      41       9

 [E] Outliers     2   3.0 SD above or -4.5 SD below mean for year
       1938 -4.8 SD;    2019 +3.7 SD
 ===================================================================================================================================

 RDU192    1812 to  2023     212 years                                                                                    Series  38

 [B] Entire series, effect on correlation (  .837) is:
       Lower   2004> -.006   1959< -.005   2013< -.003   2014> -.003   1886< -.003   1882> -.003  Higher   2009  .010   1826  .008

 [D]    5 Absent rings:  Year   Master  N series Absent
                         1917   -1.934      41       6
                         1938   -3.088      41      13
                         1960   -2.071      41       3
                         1961   -3.001      41       9
                         2009   -3.534      41       9

 [E] Outliers     1   3.0 SD above or -4.5 SD below mean for year
       1938 -5.2 SD
 ===================================================================================================================================

 RDU201    1795 to  2023     229 years                                                                                    Series  39

 [B] Entire series, effect on correlation (  .719) is:
       Lower   2004> -.021   2009> -.015   1994< -.012   2008< -.009   2007> -.007   1874< -.005  Higher   1826  .019   1927  .012

 [D]    2 Absent rings:  Year   Master  N series Absent
                         1917   -1.934      41       6
                         1938   -3.088      41      13

 [E] Outliers     2   3.0 SD above or -4.5 SD below mean for year
       1826 -6.1 SD;    2004 +3.4 SD
 ===================================================================================================================================

 RDU202    1793 to  2023     231 years                                                                                    Series  40

 [B] Entire series, effect on correlation (  .769) is:
       Lower   2023< -.014   1822< -.010   1896< -.008   2004> -.005   1898> -.004   1797< -.004  Higher   1927  .014   1938  .009

 [D]    1 Absent rings:  Year   Master  N series Absent
                         1917   -1.934      41       6

 [E] Outliers     1   3.0 SD above or -4.5 SD below mean for year
       1917 -5.1 SD
 ===================================================================================================================================

 RDU212    1838 to  2023     186 years                                                                                    Series  41

 [B] Entire series, effect on correlation (  .763) is:
       Lower   1947> -.011   1982< -.007   2009> -.007   1985> -.006   1881< -.006   1977< -.004  Higher   1847  .019   1927  .012

 [E] Outliers     1   3.0 SD above or -4.5 SD below mean for year
       1947 +4.3 SD
 ===================================================================================================================================

 RDU221    1855 to  2023     169 years                                                                                    Series  42

 [B] Entire series, effect on correlation (  .700) is:
       Lower   1917> -.015   1871> -.012   2007< -.012   2014> -.008   1890> -.007   1885< -.007  Higher   1927  .027   2009  .026

 ===================================================================================================================================

 RDU222    1852 to  2023     172 years                                                                                    Series  43

 [B] Entire series, effect on correlation (  .687) is:
       Lower   1881< -.058   1946< -.008   1875< -.007   1871> -.007   1860< -.007   1970> -.007  Higher   2009  .028   1927  .019

 [D]    1 Absent rings:  Year   Master  N series Absent
                         2009   -3.534      41       9

 [E] Outliers     2   3.0 SD above or -4.5 SD below mean for year
       1871 +3.0 SD;    1881 -5.4 SD
 ===================================================================================================================================

 [*] All segments correlate highest as dated with correlation with master series over   .3281
PART 7:  DESCRIPTIVE STATISTICS:                                                                   04:00  Fri 26 Jun 2026  Page   6
------------------------------------------------------------------------------------------------------------------------------------

                                                Corr   //-------- Unfiltered --------\\  //---- Filtered -----\\
                           No.    No.    No.    with   Mean   Max     Std   Auto   Mean   Max     Std   Auto  AR
 Seq Series   Interval   Years  Segmt  Flags   Master  msmt   msmt    dev   corr   sens  value    dev   corr  ()
 --- -------- ---------  -----  -----  -----   ------ -----  -----  -----  -----  -----  -----  -----  -----  --
   1 RDU011   1831 2023    193      7      0    .753    .91   2.70   .462   .738   .291   2.59   .419   .006   1
   2 RDU012   1821 2023    203      8      0    .699    .95   2.83   .472   .742   .286   2.57   .427  -.017   1
   3 RDU021   1854 2023    170      6      0    .800    .70   1.38   .299   .612   .342   2.55   .376  -.019   1
   4 RDU022   1848 2023    176      7      0    .748    .73   1.70   .295   .539   .335   2.61   .483  -.027   1
   5 RDU031   1810 2023    214      8      0    .799    .85   2.61   .533   .810   .374   2.64   .429  -.057   1
   6 RDU032   1819 2023    205      8      0    .827    .85   2.96   .588   .839   .349   2.54   .400  -.057   1
   7 RDU041   1854 2023    170      6      0    .705    .81   2.24   .412   .793   .307   2.60   .461   .018   1
   8 RDU042   1847 2023    177      7      0    .733    .82   2.31   .430   .773   .311   2.50   .329  -.021   2
   9 RDU051   1878 2023    146      5      0    .699   1.18   2.33   .490   .636   .324   2.57   .430  -.056   3
  10 RDU052   1850 2023    174      6      0    .685   1.24   3.22   .540   .593   .323   2.48   .303  -.005   1
  11 RDU061   1862 2023    162      6      0    .769   1.21   3.27   .632   .707   .344   2.71   .491  -.039   1
  12 RDU062   1852 2023    172      6      0    .748   1.12   3.76   .668   .756   .341   2.59   .417  -.039   1
  13 RDU071   1825 2023    199      7      0    .810    .92   2.93   .641   .843   .309   2.52   .363  -.077   1
  14 RDU072   1814 2023    210      8      0    .847    .91   3.05   .603   .818   .303   2.61   .423  -.042   1
  15 RDU081   1804 2023    220      8      0    .734    .68   2.31   .395   .718   .365   2.43   .350  -.044   1
  16 RDU082   1820 2023    204      8      0    .763    .78   2.19   .398   .739   .322   2.51   .398  -.037   1
  17 RDU091   1802 2023    222      8      0    .689    .76   3.40   .550   .858   .322   2.34   .250  -.081   1
  18 RDU092   1799 2023    225      9      0    .727    .82   4.33   .614   .850   .347   2.49   .365  -.065   1
  19 RDU101   1883 2023    141      5      0    .786   1.05   3.57   .674   .817   .359   2.74   .403  -.022   3
  20 RDU102   1887 2023    137      5      0    .820   1.04   2.87   .649   .812   .335   2.66   .359   .044   1
  21 RDU111   1812 2023    212      8      0    .783    .74   2.07   .418   .818   .279   2.68   .324  -.063   1
  22 RDU112   1812 2023    212      8      0    .784    .84   2.87   .522   .851   .272   2.63   .394  -.030   1
  23 RDU121   1804 2023    220      8      0    .735    .78   2.50   .537   .805   .407   2.54   .426  -.052   1
  24 RDU122   1787 2023    237      9      0    .724    .80   2.61   .537   .790   .416   2.68   .359  -.029   1
  25 RDU132   1860 2023    164      6      0    .729   1.10   2.42   .470   .685   .274   2.60   .373   .005   1
  26 RDU141   1816 1896     81      3      0    .595   1.06   2.26   .418   .598   .306   2.60   .451  -.062   1
  27 RDU141   1906 2023    118      4      0    .773    .40    .94   .214   .617   .464   2.65   .475   .021   1
  28 RDU142   1804 1901     98      4      0    .757    .94   2.40   .488   .764   .321   2.43   .366  -.013   1
  29 RDU142   1907 2023    117      4      0    .689    .38   1.03   .179   .481   .440   2.74   .372   .042   1
  30 RDU151   1800 2023    224      8      0    .819    .83   3.11   .600   .884   .287   2.54   .351  -.005   1
  31 RDU152   1801 2023    223      8      0    .819    .81   2.45   .508   .858   .283   2.58   .349   .004   1
  32 RDU162   1890 2023    134      5      0    .836    .45   1.22   .221   .603   .393   2.48   .408   .001   1
  33 RDU171   1812 2023    212      8      0    .776    .62   2.39   .493   .832   .492   2.45   .333  -.045   2
  34 RDU172   1812 2023    212      8      0    .765    .80   3.10   .615   .802   .478   2.52   .305  -.023   2
  35 RDU181   1856 2023    168      6      0    .704   1.10   2.96   .541   .689   .282   2.59   .350   .019   1
  36 RDU182   1825 2023    199      7      0    .708    .87   2.94   .447   .729   .294   2.46   .304  -.016   1
  37 RDU191   1798 2019    222      9      0    .777    .88   2.96   .653   .820   .346   2.66   .406  -.020   1
  38 RDU192   1812 2023    212      8      0    .837    .71   1.95   .396   .682   .407   2.60   .377  -.029   1
  39 RDU201   1795 2023    229      9      0    .719    .75   2.97   .546   .867   .333   2.48   .301   .009   1
  40 RDU202   1793 2023    231      9      0    .769    .70   2.75   .473   .860   .311   2.59   .373  -.042   1
  41 RDU212   1838 2023    186      7      0    .763   1.00   2.98   .427   .793   .209   2.56   .334  -.020   1
  42 RDU221   1855 2023    169      6      0    .700    .90   2.81   .556   .809   .305   2.69   .388  -.118   1
  43 RDU222   1852 2023    172      6      0    .687    .86   2.58   .550   .764   .371   2.56   .356  -.062   1
 --- -------- ---------  -----  -----  -----   ------ -----  -----  -----  -----  -----  -----  -----  -----  --
 Total or mean:           7972    296      0    .756    .85   4.33   .501   .766   .338   2.74   .376  -.029

                                              - = [  COFECHA VERY COF  ] = -
