[]  Dendrochronology Program Library                                        Run VERY   Program COF  03:59  Fri 26 Jun 2026  Page   1
[]
[]  P R O G R A M      C O F E C H A                                                                          Version 6.06P    33416
------------------------------------------------------------------------------------------------------------------------------------

 QUALITY CONTROL AND DATING CHECK OF TREE-RING MEASUREMENTS

 File of DATED series:   crossdated.rwl

 CONTENTS:

    Part 1:  Title page, options selected, summary, absent rings by series
    Part 2:  Histogram of time spans
    Part 3:  Master series with sample depth and absent rings by year
    Part 4:  Bar plot of Master Dating Series
    Part 5:  Correlation by segment of each series with Master
    Part 6:  Potential problems: low correlation, divergent year-to-year changes, absent rings, outliers
    Part 7:  Descriptive statistics

 RUN CONTROL OPTIONS SELECTED                             VALUE

         1  Cubic smoothing spline 50% wavelength cutoff for filtering
                                                            32 years
         2  Segments examined are                           50 years lagged successively by  25 years
         3  Autoregressive model applied                     A  Residuals are used in master dating series and testing
         4  Series transformed to logarithms                 Y  Each series log-transformed for master dating series and testing
         5  CORRELATION is Pearson (parametric, quantitative)
            Critical correlation, 99% confidence level   .3281
         6  Master dating series saved                       N
         7  Ring measurements listed                         N
         8  Parts printed                              1234567 
         9  Absent rings are omitted from master series and segment correlations  (Y)

 Time span of Master dating series is  1773 to  2024   252 years
 Continuous time span is               1773 to  2024   252 years
 Portion with two or more series is    1773 to  2024   252 years


                                        ****************************************
                                        *C* Number of dated series        49 *C*
                                        *O* Master series 1773 2024  252 yrs *O*
                                        *F* Total rings in all series   8043 *F*
                                        *E* Total dated rings checked   8043 *E*
                                        *C* Series intercorrelation     .736 *C*
                                        *H* Average mean sensitivity    .337 *H*
                                        *A* Segments, possible problems    0 *A*
                                        *** Mean length of series      164.1 ***
                                        ****************************************

 ABSENT RINGS listed by SERIES:            (See Master Dating Series for absent rings listed by year)

 EBU011      7 absent rings:   1847  1869  1882  1884  1927  1985  2009
 EBU012      1 absent rings:   1985
 EBU021      1 absent rings:   1961
 EBU022      6 absent rings:   1891  1892  1903  1917  1927  1961
 EBU031      1 absent rings:   1927
 EBU032      1 absent rings:   1855
 EBU032      1 absent rings:   1927
 EBU041      6 absent rings:   1855  1884  1892  1917  1985  1986
 EBU042      2 absent rings:   1917  1985
 EBU051      2 absent rings:   1933  2014
 EBU052      1 absent rings:   2014
 EBU061      1 absent rings:   1933
 EBU071      1 absent rings:   1927
 EBU072      1 absent rings:   1933
 EBU081      1 absent rings:   1927
 EBU082      1 absent rings:   1927
 EBU111      1 absent rings:   2014
 EBU112      1 absent rings:   2014
 EBU121      1 absent rings:   1927
 EBU122      1 absent rings:   1927
 EBU142      1 absent rings:   1927
 EBU151      1 absent rings:   2014
 EBU201      2 absent rings:   1985  2014
 EBU211      1 absent rings:   2014
 EBU212      1 absent rings:   2014
 EBU231      8 absent rings:   1927  1985  1986  2005  2009  2013  2014  2015
 EBU232      5 absent rings:   1927  2005  2009  2013  2014
 EBU241     12 absent rings:   1820  1826  1828  1829  1853  1854  1867  1869  1927  1961  1985  2014
 EBU242      8 absent rings:   1820  1826  1828  1855  1867  1869  1961  2014
 EBU243      4 absent rings:   1927  1961  1985  2014

            81 absent rings   1.007%
PART 2:  TIME PLOT OF TREE-RING SERIES:                                                            03:59  Fri 26 Jun 2026  Page   2
------------------------------------------------------------------------------------------------------------------------------------
 1050 1100 1150 1200 1250 1300 1350 1400 1450 1500 1550 1600 1650 1700 1750 1800 1850 1900 1950 2000 2050 Ident   Seq Time-span  Yrs
   :    :    :    :    :    :    :    :    :    :    :    :    :    :    :    :    :    :    :    :    : -------- --- ---- ---- ----
   .    .    .    .    .    .    .    .    .    .    .    .    .    .    .   <======================>  . EBU011     1 1790 2023  234
   .    .    .    .    .    .    .    .    .    .    .    .    .    .    . <========================>  . EBU012     2 1773 2024  252
   .    .    .    .    .    .    .    .    .    .    .    .    .    .    .    .    .    . <=========>  . EBU021     3 1929 2024   96
   .    .    .    .    .    .    .    .    .    .    .    .    .    .    .    .    . <==============>  . EBU022     4 1879 2024  146
   .    .    .    .    .    .    .    .    .    .    .    .    .    .    .  <=======================>  . EBU031     5 1780 2024  245
   .    .    .    .    .    .    .    .    .    .    .    .    .    .    .   <========> .    .    .    . EBU032     6 1790 1882   93
   .    .    .    .    .    .    .    .    .    .    .    .    .    .    .    .    .    <===========>  . EBU032     7 1902 2024  123
   .    .    .    .    .    .    .    .    .    .    .    .    .    .    . <========================>  . EBU041     8 1773 2024  252
   .    .    .    .    .    .    .    .    .    .    .    .    .    .    .  <=======================>  . EBU042     9 1782 2024  243
   .    .    .    .    .    .    .    .    .    .    .    .    .    .    .    .    . <==============>  . EBU051    10 1875 2024  150
   .    .    .    .    .    .    .    .    .    .    .    .    .    .    .    .    .<===============>  . EBU052    11 1869 2024  156
   .    .    .    .    .    .    .    .    .    .    .    .    .    .    .    .   <=================>  . EBU061    12 1843 2024  182
   .    .    .    .    .    .    .    .    .    .    .    .    .    .    .    .   <=================>  . EBU062    13 1843 2024  182
   .    .    .    .    .    .    .    .    .    .    .    .    .    .    .    .   <=================>  . EBU071    14 1848 2024  177
   .    .    .    .    .    .    .    .    .    .    .    .    .    .    .    .    <================>  . EBU072    15 1850 2024  175
   .    .    .    .    .    .    .    .    .    .    .    .    .    .    .    <=====================>  . EBU081    16 1802 2024  223
   .    .    .    .    .    .    .    .    .    .    .    .    .    .    .   <======================>  . EBU082    17 1790 2024  235
   .    .    .    .    .    .    .    .    .    .    .    .    .    .    .    .    .    .    <======>  . EBU091    18 1953 2024   72
   .    .    .    .    .    .    .    .    .    .    .    .    .    .    .    .    . <==============>  . EBU101    19 1879 2024  146
   .    .    .    .    .    .    .    .    .    .    .    .    .    .    .    .    .   <============>  . EBU102    20 1890 2024  135
   .    .    .    .    .    .    .    .    .    .    .    .    .    .    .    .    <================>  . EBU111    21 1850 2024  175
   .    .    .    .    .    .    .    .    .    .    .    .    .    .    .    .    .  <=============>  . EBU112    22 1880 2024  145
   .    .    .    .    .    .    .    .    .    .    .    .    .    .    . <========================>  . EBU121    23 1779 2024  246
   .    .    .    .    .    .    .    .    .    .    .    .    .    .    . <========================>  . EBU122    24 1773 2024  252
   .    .    .    .    .    .    .    .    .    .    .    .    .    .    .    .    .    <===========>  . EBU131    25 1900 2024  125
   .    .    .    .    .    .    .    .    .    .    .    .    .    .    .    .    .    <===========>  . EBU132    26 1900 2024  125
   .    .    .    .    .    .    .    .    .    .    .    .    .    .    .    .    .  <=============>  . EBU141    27 1885 2024  140
   .    .    .    .    .    .    .    .    .    .    .    .    .    .    .    .    . <==============>  . EBU142    28 1879 2024  146
   .    .    .    .    .    .    .    .    .    .    .    .    .    .    .    .    . <==============>  . EBU151    29 1878 2024  147
   .    .    .    .    .    .    .    .    .    .    .    .    .    .    .    .    . <==============>  . EBU152    30 1879 2024  146
   .    .    .    .    .    .    .    .    .    .    .    .    .    .    .    .    .  <=============>  . EBU161    31 1886 2024  139
   .    .    .    .    .    .    .    .    .    .    .    .    .    .    .    .    .  <=============>  . EBU162    32 1883 2024  142
   .    .    .    .    .    .    .    .    .    .    .    .    .    .    .    .    .<===============>  . EBU171    33 1867 2024  158
   .    .    .    .    .    .    .    .    .    .    .    .    .    .    .    .    .  <=============>  . EBU172    34 1889 2024  136
   .    .    .    .    .    .    .    .    .    .    .    .    .    .    .    .    .  <=============>  . EBU181    35 1886 2024  139
   .    .    .    .    .    .    .    .    .    .    .    .    .    .    .    .    .  <=============>  . EBU182    36 1886 2024  139
   .    .    .    .    .    .    .    .    .    .    .    .    .    .    .    .    .    .  <========>  . EBU191    37 1936 2024   89
   .    .    .    .    .    .    .    .    .    .    .    .    .    .    .    .    .    . <=========>  . EBU192    38 1924 2024  101
   .    .    .    .    .    .    .    .    .    .    .    .    .    .    .    .    <================>  . EBU201    39 1856 2024  169
   .    .    .    .    .    .    .    .    .    .    .    .    .    .    .    .    <================>  . EBU202    40 1858 2024  167
   .    .    .    .    .    .    .    .    .    .    .    .    .    .    .    .    .    . <=========>  . EBU211    41 1929 2024   96
   .    .    .    .    .    .    .    .    .    .    .    .    .    .    .    .    .    .   <=======>  . EBU212    42 1942 2024   83
   .    .    .    .    .    .    .    .    .    .    .    .    .    .    .    .    .    <===========>  . EBU221    43 1907 2024  118
   .    .    .    .    .    .    .    .    .    .    .    .    .    .    .    .    .  <=============>  . EBU222    44 1883 2024  142
   .    .    .    .    .    .    .    .    .    .    .    .    .    .    .  <=======================>  . EBU231    45 1785 2024  240
   .    .    .    .    .    .    .    .    .    .    .    .    .    .    .   <======================>  . EBU232    46 1790 2024  235
   .    .    .    .    .    .    .    .    .    .    .    .    .    .    .   <======================>  . EBU241    47 1796 2024  229
   .    .    .    .    .    .    .    .    .    .    .    .    .    .    .   <======================>  . EBU242    48 1792 2024  233
   .    .    .    .    .    .    .    .    .    .    .    .    .    .    .    .    .    <===========>  . EBU243    49 1901 2024  124
   :    :    :    :    :    :    :    :    :    :    :    :    :    :    :    :    :    :    :    :    :
 1050 1100 1150 1200 1250 1300 1350 1400 1450 1500 1550 1600 1650 1700 1750 1800 1850 1900 1950 2000 2050
PART 3:  Master Dating Series:                                                                     03:59  Fri 26 Jun 2026  Page   3
------------------------------------------------------------------------------------------------------------------------------------
  Year  Value  No Ab    Year  Value  No Ab    Year  Value  No Ab    Year  Value  No Ab    Year  Value  No Ab    Year  Value  No Ab
  ------------------    ------------------    ------------------    ------------------    ------------------    ------------------
                        1800  -.568  13       1850 -1.081  19       1900   .679  39       1950   .064  47       2000  -.344  48
                        1801  -.540  13       1851   .512  19       1901   .994  40       1951   .584  47       2001   .347  48
                        1802   .347  14       1852  -.806  19       1902   .088  41       1952  1.151  47       2002  1.127  48
                        1803  1.550  14       1853 -1.292  19  1    1903 -1.842  41  1    1953  1.142  48       2003  1.419  48
                        1804   .681  14       1854 -1.291  19  1    1904   .683  41       1954   .468  48       2004  -.120  48
                        1805   .091  14       1855  -.923  19  3    1905  1.242  41       1955   .974  48       2005 -1.096  48  2
                        1806   .714  14       1856  -.072  20       1906  -.833  41       1956  -.338  48       2006   .395  48
                        1807   .425  14       1857  1.033  20       1907  -.499  42       1957   .803  48       2007   .582  48
                        1808  -.181  14       1858   .721  21       1908   .315  42       1958 -1.585  48       2008   .710  48
                        1809  -.725  14       1859   .931  21       1909  -.005  42       1959   .497  48       2009 -1.880  48  3

                        1810   .829  14       1860   .986  21       1910  -.642  42       1960  -.999  48       2010   .757  48
                        1811   .532  14       1861   .874  21       1911  -.493  42       1961 -3.017  48  5    2011   .820  48
                        1812   .907  14       1862  -.716  21       1912  -.253  42       1962 -2.471  48       2012  1.105  48
                        1813 -1.055  14       1863  -.075  21       1913  -.626  42       1963 -1.363  48       2013 -2.483  48  2
                        1814 -2.512  14       1864   .891  21       1914 -1.305  42       1964  -.568  48       2014 -2.211  48 13
                        1815   .370  14       1865   .440  21       1915   .048  42       1965   .112  48       2015  -.809  48  1
                        1816   .512  14       1866   .347  21       1916  -.298  42       1966   .642  48       2016  -.229  48
                        1817   .725  14       1867 -1.940  22  2    1917 -1.321  42  3    1967   .492  48       2017  -.109  48
                        1818   .149  14       1868 -1.091  22       1918   .608  42       1968  1.317  48       2018   .984  48
                        1819   .068  14       1869 -1.926  23  3    1919   .395  42       1969  1.321  48       2019  -.574  48

                        1820 -2.662  14  2    1870   .478  23       1920   .767  42       1970   .194  48       2020  -.118  48
                        1821  1.070  14       1871 -1.018  23       1921   .557  42       1971   .102  48       2021  -.297  48
                        1822   .779  14       1872   .025  23       1922  1.334  42       1972  -.221  48       2022   .289  48
  1773  1.022   3       1823   .005  14       1873   .800  23       1923  1.475  42       1973  -.494  48       2023   .908  48
  1774  -.775   3       1824  -.185  14       1874  1.560  23       1924  1.033  43       1974   .963  48       2024  1.342  47
  1775   .320   3       1825   .679  14       1875   .939  24       1925   .697  43       1975   .513  48
  1776 -1.430   3       1826 -1.324  14  2    1876   .273  24       1926   .283  43       1976  1.547  48
  1777  -.134   3       1827  -.148  14       1877  1.185  24       1927 -3.059  43 14    1977   .535  48
  1778   .122   3       1828 -1.510  14  2    1878   .748  25       1928  -.762  43       1978   .746  48
  1779   .683   4       1829 -1.175  14  1    1879   .627  29       1929  -.854  45       1979  1.572  48

  1780   .419   5       1830   .706  14       1880  1.030  30       1930  -.277  45       1980  -.169  48
  1781  1.967   5       1831   .511  14       1881   .311  30       1931  -.049  45       1981   .505  48
  1782   .372   6       1832   .767  14       1882 -1.680  30  1    1932  -.361  45       1982  -.570  48
  1783   .491   6       1833  1.149  14       1883  -.896  31       1933 -1.228  45  3    1983  -.376  48
  1784  -.214   6       1834   .117  14       1884 -1.973  31  2    1934   .093  45       1984  -.448  48
  1785  -.760   7       1835  -.556  14       1885  -.381  32       1935   .861  45       1985 -3.567  48  8
  1786  -.430   7       1836   .274  14       1886  -.459  35       1936  1.130  46       1986 -2.481  48  2
  1787  -.079   7       1837   .683  14       1887  -.240  35       1937   .186  46       1987 -1.140  48
  1788 -1.430   7       1838  1.577  14       1888  1.018  35       1938 -1.254  46       1988  -.460  48
  1789   .079   7       1839  1.194  14       1889  1.134  36       1939  -.360  46       1989   .109  48

  1790  -.318  11       1840  -.487  14       1890  -.613  37       1940   .048  46       1990   .562  48
  1791  -.257  11       1841  -.684  14       1891 -1.195  37  1    1941   .623  46       1991  1.186  48
  1792  -.052  12       1842 -1.679  14       1892 -1.313  37  2    1942   .916  47       1992  1.398  48
  1793   .253  12       1843  -.518  16       1893  -.009  37       1943   .068  47       1993  -.547  48
  1794   .787  12       1844   .507  16       1894   .359  37       1944   .537  47       1994   .301  48
  1795  1.124  12       1845   .678  16       1895   .241  37       1945  1.342  47       1995  -.779  48
  1796  -.446  13       1846  1.914  16       1896  1.024  37       1946   .929  47       1996   .852  48
  1797 -2.261  13       1847 -1.019  16  1    1897  1.293  37       1947 -1.393  47       1997  -.260  48
  1798   .089  13       1848   .968  17       1898   .601  37       1948  -.287  47       1998   .991  48
  1799  -.692  13       1849  -.230  17       1899   .603  37       1949 -1.667  47       1999  -.732  48
------------------------------------------------------------------------------------------------------------------------------------
PART 4:  Master Bar Plot:                                                                          03:59  Fri 26 Jun 2026  Page   4
------------------------------------------------------------------------------------------------------------------------------------
   Year Rel value  Year Rel value  Year Rel value  Year Rel value  Year Rel value  Year Rel value  Year Rel value  Year Rel value
                   1800--b         1850-d          1900-------C    1950-----@      2000---a
                   1801--b         1851------B     1901---------D  1951-------B    2001------A
                   1802------A     1852--c         1902-----@      1952---------E  2002---------E
                   1803----------F 1853-e          1903g           1953---------E  2003----------F
                   1804-------C    1854-e          1904-------C    1954------B     2004----@
                   1805-----@      1855-d          1905----------E 1955---------D  2005-d
                   1806--------C   1856----@       1906--c         1956---a        2006------B
                   1807------B     1857---------D  1907---b        1957--------C   2007-------B
                   1808----a       1858--------C   1908------A     1958f           2008--------C
                   1809--c         1859---------D  1909----@       1959------B     2009h
                   1810--------C   1860---------D  1910--c         1960-d          2010--------C
                   1811-------B    1861--------C   1911---b        1961l           2011--------C
                   1812---------D  1862--c         1912---a        1962j           2012---------D
                   1813-d          1863----@       1913--c         1963-e          2013j
                   1814j           1864--------D   1914-e          1964--b         2014i
                   1815------A     1865------B     1915-----@      1965-----@      2015--c
                   1816------B     1866------A     1916---a        1966-------C    2016----a
                   1817--------C   1867h           1917-e          1967------B     2017----@
                   1818-----A      1868-d          1918-------B    1968----------E 2018---------D
                   1819-----@      1869h           1919------B     1969----------E 2019--b
                   1820k           1870------B     1920--------C   1970-----A      2020----@
                   1821---------D  1871-d          1921-------B    1971-----@      2021---a
                   1822--------C   1872-----@      1922----------E 1972----a       2022------A
   1773---------D  1823-----@      1873--------C   1923----------F 1973---b        2023---------D
   1774--c         1824----a       1874----------F 1924---------D  1974---------D  2024----------E
   1775------A     1825-------C    1875---------D  1925-------C    1975------B
   1776-f          1826-e          1876------A     1926------A     1976----------F
   1777----a       1827----a       1877----------E 1927l           1977-------B
   1778-----@      1828-f          1878--------C   1928--c         1978--------C
   1779-------C    1829-e          1879-------C    1929--c         1979----------F
   1780------B     1830--------C   1880---------D  1930---a        1980----a
   1781----------H 1831------B     1881------A     1931----@       1981------B
   1782------A     1832--------C   1882g           1932---a        1982--b
   1783------B     1833---------E  1883-d          1933-e          1983---b
   1784----a       1834-----@      1884h           1934-----@      1984---b
   1785--c         1835--b         1885---b        1935--------C   1985n
   1786---b        1836------A     1886---b        1936---------E  1986j
   1787----@       1837-------C    1887---a        1937-----A      1987-e
   1788-f          1838----------F 1888---------D  1938-e          1988---b
   1789-----@      1839----------E 1889---------E  1939---a        1989-----@
   1790---a        1840---b        1890--b         1940-----@      1990-------B
   1791---a        1841--c         1891-e          1941-------B    1991----------E
   1792----@       1842g           1892-e          1942---------D  1992----------F
   1793-----A      1843--b         1893----@       1943-----@      1993--b
   1794--------C   1844------B     1894------A     1944-------B    1994------A
   1795---------D  1845-------C    1895-----A      1945----------E 1995--c
   1796---b        1846----------H 1896---------D  1946---------D  1996--------C
   1797i           1847-d          1897----------E 1947-f          1997---a
   1798-----@      1848---------D  1898-------B    1948---a        1998---------D
   1799--c         1849----a       1899-------B    1949g           1999--c
PART 5:  CORRELATION OF SERIES BY SEGMENTS:                                                        03:59  Fri 26 Jun 2026  Page   5
------------------------------------------------------------------------------------------------------------------------------------
 Correlations of  50-year dated segments, lagged  25 years
 Flags:  A = correlation under   .3281 but highest as dated;  B = correlation higher at other than dated position

 Seq Series  Time_span   1750 1775 1800 1825 1850 1875 1900 1925 1950 1975
                         1799 1824 1849 1874 1899 1924 1949 1974 1999 2024
 --- -------- ---------  ---- ---- ---- ---- ---- ---- ---- ---- ---- ---- ---- ---- ---- ---- ---- ---- ---- ---- ---- ----
   1 EBU011   1790 2023        .71  .70  .71  .60  .63  .57  .63  .67  .62
   2 EBU012   1773 2024   .58  .57  .71  .83  .78  .68  .72  .73  .79  .85
   3 EBU021   1929 2024                                      .54  .61  .73
   4 EBU022   1879 2024                            .37  .60  .75  .74  .84
   5 EBU031   1780 2024        .55  .69  .81  .77  .76  .79  .75  .74  .79
   6 EBU032   1790 1882        .61  .67  .74  .86
   7 EBU032   1902 2024                                 .71  .74  .81  .77
   8 EBU041   1773 2024   .51  .49  .78  .81  .69  .49  .59  .72  .57  .71
   9 EBU042   1782 2024        .43  .79  .82  .72  .61  .68  .76  .60  .67
  10 EBU051   1875 2024                            .63  .71  .75  .88  .76
  11 EBU052   1869 2024                       .65  .62  .82  .84  .88  .73
  12 EBU061   1843 2024                  .90  .88  .83  .74  .83  .86  .73
  13 EBU062   1843 2024                  .84  .81  .73  .85  .94  .90  .81
  14 EBU071   1848 2024                  .61  .60  .34  .56  .81  .85  .84
  15 EBU072   1850 2024                       .80  .67  .60  .78  .90  .87
  16 EBU081   1802 2024             .80  .82  .80  .77  .75  .85  .88  .85
  17 EBU082   1790 2024        .77  .83  .82  .80  .76  .74  .86  .89  .84
  18 EBU091   1953 2024                                           .75  .72
  19 EBU101   1879 2024                            .69  .75  .73  .69  .81
  20 EBU102   1890 2024                            .58  .66  .76  .72  .79
  21 EBU111   1850 2024                       .59  .59  .72  .82  .86  .84
  22 EBU112   1880 2024                            .73  .79  .87  .83  .82
  23 EBU121   1779 2024        .53  .54  .62  .68  .71  .83  .89  .82  .76
  24 EBU122   1773 2024   .56  .56  .58  .68  .68  .64  .75  .86  .83  .76
  25 EBU131   1900 2024                                 .60  .81  .84  .78
  26 EBU132   1900 2024                                 .67  .77  .82  .82
  27 EBU141   1885 2024                            .67  .66  .78  .77  .76
  28 EBU142   1879 2024                            .70  .64  .78  .75  .76
  29 EBU151   1878 2024                            .58  .69  .74  .70  .75
  30 EBU152   1879 2024                            .66  .73  .72  .68  .79
  31 EBU161   1886 2024                            .57  .55  .76  .81  .75
  32 EBU162   1883 2024                            .71  .73  .81  .81  .72
  33 EBU171   1867 2024                       .78  .71  .76  .86  .85  .87
  34 EBU172   1889 2024                            .73  .74  .81  .79  .83
  35 EBU181   1886 2024                            .70  .73  .79  .78  .81
  36 EBU182   1886 2024                            .55  .63  .72  .89  .86
  37 EBU191   1936 2024                                      .81  .82  .78
  38 EBU192   1924 2024                                 .63  .64  .68  .76
  39 EBU201   1856 2024                       .63  .70  .66  .73  .78  .75
  40 EBU202   1858 2024                       .81  .74  .75  .82  .83  .85
  41 EBU211   1929 2024                                      .53  .88  .91
  42 EBU212   1942 2024                                      .79  .86  .89
  43 EBU221   1907 2024                                 .76  .80  .82  .79
  44 EBU222   1883 2024                            .84  .87  .87  .84  .69
  45 EBU231   1785 2024        .58  .68  .76  .80  .75  .72  .83  .81  .66
  46 EBU232   1790 2024        .56  .66  .77  .76  .75  .74  .83  .82  .62
  47 EBU241   1796 2024        .38  .60  .53  .55  .79  .72  .71  .77  .77
  48 EBU242   1792 2024        .60  .68  .63  .68  .80  .83  .89  .84  .77
  49 EBU243   1901 2024                                 .76  .81  .81  .77
 Av segment correlation   .55  .56  .69  .74  .73  .67  .71  .78  .79  .78
PART 6:  POTENTIAL PROBLEMS:                                                                       03:59  Fri 26 Jun 2026  Page   5
------------------------------------------------------------------------------------------------------------------------------------

 For each series with potential problems the following diagnostics may appear:

 [A] Correlations with master dating series of flagged  50-year segments of series filtered with  32-year spline,
     at every point from ten years earlier (-10) to ten years later (+10) than dated

 [B] Effect of those data values which most lower or raise correlation with master series
     Symbol following year indicates value in series is greater (>) or lesser (<) than master series value

 [C] Year-to-year changes very different from the mean change in other series

 [D] Absent rings (zero values)

 [E] Values which are statistical outliers from mean for the year
 ===================================================================================================================================

 EBU011    1790 to  2023     234 years                                                                                    Series   1

 [B] Entire series, effect on correlation (  .713) is:
       Lower   2013> -.015   1919< -.006   1862> -.005   1859< -.005   1929> -.005   1890> -.004  Higher   1927  .021   1985  .014

 [D]    7 Absent rings:  Year   Master  N series Absent
                         1847   -1.019      16       1
                         1869   -1.926      23       3
                         1882   -1.680      30       1
                         1884   -1.973      31       2
                         1927   -3.059      43      14
                         1985   -3.567      48       8
                         2009   -1.880      48       3

 [E] Outliers     3   3.0 SD above or -4.5 SD below mean for year
       1928 +3.3 SD;    1985 -4.7 SD;    2009 -4.8 SD
 ===================================================================================================================================

 EBU012    1773 to  2024     252 years                                                                                    Series   2

 [B] Entire series, effect on correlation (  .748) is:
       Lower   1820> -.009   1788< -.008   1889< -.007   1947> -.005   1784< -.004   1786> -.004  Higher   1985  .014   1927  .009

 [D]    1 Absent rings:  Year   Master  N series Absent
                         1985   -3.567      48       8

 ===================================================================================================================================

 EBU021    1929 to  2024      96 years                                                                                    Series   3

 [B] Entire series, effect on correlation (  .655) is:
       Lower   1938< -.067   1997> -.019   1985> -.012   1930> -.010   1975> -.007   1936< -.007  Higher   2013  .053   1961  .014

 [D]    1 Absent rings:  Year   Master  N series Absent
                         1961   -3.017      48       5

 [E] Outliers     1   3.0 SD above or -4.5 SD below mean for year
       1938 -6.9 SD
 ===================================================================================================================================

 EBU022    1879 to  2024     146 years                                                                                    Series   4

 [B] Entire series, effect on correlation (  .763) is:
       Lower   1906> -.028   1882> -.024   1999> -.008   1952< -.006   1949> -.006   1900< -.006  Higher   2013  .027   1961  .012

 [D]    6 Absent rings:  Year   Master  N series Absent
                         1891   -1.195      37       1
                         1892   -1.313      37       2
                         1903   -1.842      41       1
                         1917   -1.321      42       3
                         1927   -3.059      43      14
                         1961   -3.017      48       5

 [E] Outliers     2   3.0 SD above or -4.5 SD below mean for year
       1882 +3.6 SD;    1906 +3.6 SD
 ===================================================================================================================================

 EBU031    1780 to  2024     245 years                                                                                    Series   5

 [B] Entire series, effect on correlation (  .737) is:
       Lower   1788> -.013   1796> -.012   1820> -.008   1828> -.005   1833< -.004   1883> -.004  Higher   1927  .009   2013  .007

 [D]    1 Absent rings:  Year   Master  N series Absent
                         1927   -3.059      43      14

 [E] Outliers     2   3.0 SD above or -4.5 SD below mean for year
       1796 +3.5 SD;    1927 -7.6 SD
 ===================================================================================================================================

 EBU032    1790 to  1882      93 years                                                                                    Series   6

 [B] Entire series, effect on correlation (  .691) is:
       Lower   1826< -.040   1796> -.034   1820> -.024   1811< -.010   1855< -.009   1828> -.006  Higher   1797  .024   1814  .015

 [D]    1 Absent rings:  Year   Master  N series Absent
                         1855    -.923      19       3

 [E] Outliers     3   3.0 SD above or -4.5 SD below mean for year
       1796 +3.1 SD;    1820 +3.0 SD;    1826 -5.3 SD
 ===================================================================================================================================

 EBU032    1902 to  2024     123 years                                                                                    Series   7

 [B] Entire series, effect on correlation (  .755) is:
       Lower   2013> -.019   1917> -.010   1909> -.009   1943> -.008   2014< -.006   1980> -.005  Higher   1927  .013   1947  .006

 [D]    1 Absent rings:  Year   Master  N series Absent
                         1927   -3.059      43      14

 [E] Outliers     1   3.0 SD above or -4.5 SD below mean for year
       1927 -7.0 SD
 ===================================================================================================================================

 EBU041    1773 to  2024     252 years                                                                                    Series   8

 [B] Entire series, effect on correlation (  .623) is:
       Lower   1917< -.030   1788> -.018   1993> -.013   1900< -.011   1777< -.011   1785< -.005  Higher   2013  .023   1985  .008

 [C] Year-to-year changes diverging by over 4.0 std deviations:
       1916 1917  -4.3 SD

 [D]    6 Absent rings:  Year   Master  N series Absent
                         1855    -.923      19       3
                         1884   -1.973      31       2
                         1892   -1.313      37       2
                         1917   -1.321      42       3
                         1985   -3.567      48       8
                         1986   -2.481      48       2

 [E] Outliers     3   3.0 SD above or -4.5 SD below mean for year
       1788 +4.7 SD;    1917 -7.2 SD;    1993 +3.1 SD
 ===================================================================================================================================

 EBU042    1782 to  2024     243 years                                                                                    Series   9

 [B] Entire series, effect on correlation (  .643) is:
       Lower   1786< -.034   1788> -.021   1993> -.012   1917< -.011   1994< -.008   1909> -.007  Higher   2013  .025   1985  .014

 [C] Year-to-year changes diverging by over 4.0 std deviations:
       1785 1786  -4.3 SD

 [D]    2 Absent rings:  Year   Master  N series Absent
                         1917   -1.321      42       3
                         1985   -3.567      48       8

 [E] Outliers     5   3.0 SD above or -4.5 SD below mean for year
       1786 -6.2 SD;    1788 +4.5 SD;    1909 +3.4 SD;    1917 -6.6 SD;    1993 +3.3 SD
 ===================================================================================================================================

 EBU051    1875 to  2024     150 years                                                                                    Series  10

 [B] Entire series, effect on correlation (  .709) is:
       Lower   2018< -.029   1878< -.021   1933< -.016   1932< -.014   1892> -.008   1897< -.006  Higher   1985  .030   1958  .007

 [D]    2 Absent rings:  Year   Master  N series Absent
                         1933   -1.228      45       3
                         2014   -2.211      48      13

 [E] Outliers     1   3.0 SD above or -4.5 SD below mean for year
       1933 -8.2 SD
 ===================================================================================================================================

 EBU052    1869 to  2024     156 years                                                                                    Series  11

 [B] Entire series, effect on correlation (  .749) is:
       Lower   1878< -.019   2018< -.016   2012< -.016   1933< -.009   1892> -.009   2013> -.006  Higher   1927  .022   1985  .016

 [D]    1 Absent rings:  Year   Master  N series Absent
                         2014   -2.211      48      13

 ===================================================================================================================================

 EBU061    1843 to  2024     182 years                                                                                    Series  12

 [B] Entire series, effect on correlation (  .778) is:
       Lower   1927> -.015   1933< -.009   2014> -.008   2013< -.006   1997> -.006   1901< -.005  Higher   1847  .005   1903  .005

 [C] Year-to-year changes diverging by over 4.0 std deviations:
       2013 2014   4.3 SD

 [D]    1 Absent rings:  Year   Master  N series Absent
                         1933   -1.228      45       3

 [E] Outliers     2   3.0 SD above or -4.5 SD below mean for year
       1933 -6.1 SD;    2013 -6.7 SD
 ===================================================================================================================================

 EBU062    1843 to  2024     182 years                                                                                    Series  13

 [B] Entire series, effect on correlation (  .831) is:
       Lower   1882< -.018   1906> -.007   1901< -.006   2014> -.006   1997> -.006   1909> -.005  Higher   2013  .011   1927  .010

 [C] Year-to-year changes diverging by over 4.0 std deviations:
       2012 2013  -4.3 SD

 ===================================================================================================================================

 EBU071    1848 to  2024     177 years                                                                                    Series  14

 [B] Entire series, effect on correlation (  .711) is:
       Lower   1886< -.013   1903> -.010   1884> -.009   1879< -.007   1905< -.006   1913> -.006  Higher   1927  .012   1961  .009

 [D]    1 Absent rings:  Year   Master  N series Absent
                         1927   -3.059      43      14

 [E] Outliers     1   3.0 SD above or -4.5 SD below mean for year
       1927 -9.2 SD
 ===================================================================================================================================

 EBU072    1850 to  2024     175 years                                                                                    Series  15

 [B] Entire series, effect on correlation (  .712) is:
       Lower   1933< -.065   1927> -.019   1910> -.009   1938> -.006   1897< -.005   2007< -.004  Higher   2013  .016   1961  .010

 [C] Year-to-year changes diverging by over 4.0 std deviations:
       1933 1934   4.5 SD

 [D]    1 Absent rings:  Year   Master  N series Absent
                         1933   -1.228      45       3

 [E] Outliers     2   3.0 SD above or -4.5 SD below mean for year
       1910 +3.0 SD;    1933-10.3 SD
 ===================================================================================================================================

 EBU081    1802 to  2024     223 years                                                                                    Series  16

 [B] Entire series, effect on correlation (  .817) is:
       Lower   1802< -.007   1867> -.006   1949> -.005   1863< -.004   1829> -.004   2014> -.004  Higher   2013  .014   1820  .005

 [D]    1 Absent rings:  Year   Master  N series Absent
                         1927   -3.059      43      14

 [E] Outliers     1   3.0 SD above or -4.5 SD below mean for year
       1927 -6.2 SD
 ===================================================================================================================================

 EBU082    1790 to  2024     235 years                                                                                    Series  17

 [B] Entire series, effect on correlation (  .817) is:
       Lower   2014> -.005   1867> -.004   2021< -.004   1911> -.004   1863< -.004   1792> -.003  Higher   2013  .012   1820  .005

 [D]    1 Absent rings:  Year   Master  N series Absent
                         1927   -3.059      43      14

 [E] Outliers     1   3.0 SD above or -4.5 SD below mean for year
       1927 -6.4 SD
 ===================================================================================================================================

 EBU091    1953 to  2024      72 years                                                                                    Series  18

 [B] Entire series, effect on correlation (  .748) is:
       Lower   2021< -.039   1985> -.030   1997> -.009   1992< -.009   2003< -.008   2024< -.007  Higher   2013  .046   2009  .024

 ===================================================================================================================================

 EBU101    1879 to  2024     146 years                                                                                    Series  19

 [B] Entire series, effect on correlation (  .745) is:
       Lower   1888< -.008   2021> -.007   1977< -.007   1958> -.007   1917> -.006   1909< -.006  Higher   2013  .022   2009  .012

 ===================================================================================================================================

 EBU102    1890 to  2024     135 years                                                                                    Series  20

 [B] Entire series, effect on correlation (  .714) is:
       Lower   1916< -.017   1917> -.015   1958> -.013   1977< -.009   2021> -.008   1995< -.007  Higher   1961  .014   1927  .014

 ===================================================================================================================================

 EBU111    1850 to  2024     175 years                                                                                    Series  21

 [B] Entire series, effect on correlation (  .744) is:
       Lower   1858< -.024   1850> -.012   1915< -.010   1881< -.006   1884> -.004   1971< -.004  Higher   1985  .021   1958  .009

 [D]    1 Absent rings:  Year   Master  N series Absent
                         2014   -2.211      48      13

 [E] Outliers     2   3.0 SD above or -4.5 SD below mean for year
       1850 +3.1 SD;    2014 -5.3 SD
 ===================================================================================================================================

 EBU112    1880 to  2024     145 years                                                                                    Series  22

 [B] Entire series, effect on correlation (  .792) is:
       Lower   1915< -.011   2014< -.008   1961> -.007   2023< -.006   1914> -.005   1909< -.004  Higher   1985  .021   1927  .017

 [D]    1 Absent rings:  Year   Master  N series Absent
                         2014   -2.211      48      13

 [E] Outliers     1   3.0 SD above or -4.5 SD below mean for year
       2014 -5.7 SD
 ===================================================================================================================================

 EBU121    1779 to  2024     246 years                                                                                    Series  23

 [B] Entire series, effect on correlation (  .711) is:
       Lower   1853> -.013   1828> -.007   1787< -.007   1821< -.006   1980> -.006   1812< -.005  Higher   1927  .015   1820  .007

 [D]    1 Absent rings:  Year   Master  N series Absent
                         1927   -3.059      43      14

 [E] Outliers     3   3.0 SD above or -4.5 SD below mean for year
       1788 -5.3 SD;    1853 +4.1 SD;    1927 -7.8 SD
 ===================================================================================================================================

 EBU122    1773 to  2024     252 years                                                                                    Series  24

 [B] Entire series, effect on correlation (  .697) is:
       Lower   1853> -.012   1848< -.007   1816< -.006   1786> -.005   1980> -.005   1910> -.005  Higher   1927  .019   1985  .007

 [D]    1 Absent rings:  Year   Master  N series Absent
                         1927   -3.059      43      14

 [E] Outliers     3   3.0 SD above or -4.5 SD below mean for year
       1801 +3.1 SD;    1853 +3.8 SD;    1927 -6.9 SD
 ===================================================================================================================================

 EBU131    1900 to  2024     125 years                                                                                    Series  25

 [B] Entire series, effect on correlation (  .734) is:
       Lower   1917> -.022   2013> -.017   1902> -.011   1909< -.010   1900< -.006   1997> -.005  Higher   1985  .030   2009  .010

 [E] Outliers     3   3.0 SD above or -4.5 SD below mean for year
       1917 +3.5 SD;    1962 -4.8 SD;    2013 +3.1 SD
 ===================================================================================================================================

 EBU132    1900 to  2024     125 years                                                                                    Series  26

 [B] Entire series, effect on correlation (  .768) is:
       Lower   1917> -.016   1980< -.008   1900< -.006   1909< -.006   1902> -.006   1997> -.005  Higher   1985  .026   2009  .013

 [E] Outliers     2   3.0 SD above or -4.5 SD below mean for year
       1917 +3.1 SD;    1962 -5.4 SD
 ===================================================================================================================================

 EBU141    1885 to  2024     140 years                                                                                    Series  27

 [B] Entire series, effect on correlation (  .740) is:
       Lower   1995> -.011   1943< -.011   2014> -.007   1914> -.007   2018< -.006   2021> -.006  Higher   2013  .028   2009  .015

 [E] Outliers     1   3.0 SD above or -4.5 SD below mean for year
       1910 -4.7 SD
 ===================================================================================================================================

 EBU142    1879 to  2024     146 years                                                                                    Series  28

 [B] Entire series, effect on correlation (  .767) is:
       Lower   1943< -.013   1903> -.010   1995> -.008   1909< -.007   2021> -.007   1999< -.006  Higher   2013  .027   1927  .014

 [D]    1 Absent rings:  Year   Master  N series Absent
                         1927   -3.059      43      14

 [E] Outliers     1   3.0 SD above or -4.5 SD below mean for year
       1999 -5.3 SD
 ===================================================================================================================================

 EBU151    1878 to  2024     147 years                                                                                    Series  29

 [B] Entire series, effect on correlation (  .670) is:
       Lower   1888< -.027   1917< -.022   1998< -.020   1882> -.015   1953< -.013   1943< -.007  Higher   1985  .031   2013  .025

 [D]    1 Absent rings:  Year   Master  N series Absent
                         2014   -2.211      48      13

 [E] Outliers     3   3.0 SD above or -4.5 SD below mean for year
       1882 +3.3 SD;    1917 -6.8 SD;    1998 -4.5 SD
 ===================================================================================================================================

 EBU152    1879 to  2024     146 years                                                                                    Series  30

 [B] Entire series, effect on correlation (  .695) is:
       Lower   1888< -.014   1882> -.013   1953< -.013   1998< -.012   1943< -.009   1917< -.007  Higher   1927  .034   2013  .032

 [E] Outliers     2   3.0 SD above or -4.5 SD below mean for year
       1882 +3.1 SD;    1917 -5.4 SD
 ===================================================================================================================================

 EBU161    1886 to  2024     139 years                                                                                    Series  31

 [B] Entire series, effect on correlation (  .664) is:
       Lower   1909< -.064   1940< -.017   1906> -.008   1993> -.006   1892> -.006   1985> -.005  Higher   1927  .032   1958  .015

 [E] Outliers     1   3.0 SD above or -4.5 SD below mean for year
       1909 -5.4 SD
 ===================================================================================================================================

 EBU162    1883 to  2024     142 years                                                                                    Series  32

 [B] Entire series, effect on correlation (  .717) is:
       Lower   1914> -.014   2009> -.013   1909< -.010   2019> -.007   1891> -.007   1919< -.006  Higher   1927  .031   1958  .011

 [E] Outliers     2   3.0 SD above or -4.5 SD below mean for year
       1909 -4.8 SD;    1914 +3.6 SD
 ===================================================================================================================================

 EBU171    1867 to  2024     158 years                                                                                    Series  33

 [B] Entire series, effect on correlation (  .824) is:
       Lower   1917> -.011   2023< -.008   1909> -.008   1967< -.008   1867> -.006   1930< -.004  Higher   1927  .016   2013  .011

 ===================================================================================================================================

 EBU172    1889 to  2024     136 years                                                                                    Series  34

 [B] Entire series, effect on correlation (  .790) is:
       Lower   1917> -.011   1910> -.006   1909> -.006   1920< -.006   2021> -.006   1967< -.005  Higher   2013  .009   2009  .008

 ===================================================================================================================================

 EBU181    1886 to  2024     139 years                                                                                    Series  35

 [B] Entire series, effect on correlation (  .759) is:
       Lower   1982< -.023   1889< -.011   1886> -.009   1887< -.008   1941< -.008   1909< -.007  Higher   1927  .023   1985  .019

 ===================================================================================================================================

 EBU182    1886 to  2024     139 years                                                                                    Series  36

 [B] Entire series, effect on correlation (  .712) is:
       Lower   1890< -.026   1947> -.012   1892> -.008   1889< -.008   1896< -.008   1887< -.007  Higher   1985  .020   2009  .017

 [E] Outliers     1   3.0 SD above or -4.5 SD below mean for year
       1890 -6.3 SD
 ===================================================================================================================================

 EBU191    1936 to  2024      89 years                                                                                    Series  37

 [B] Entire series, effect on correlation (  .773) is:
       Lower   2013> -.016   1999> -.014   1955< -.011   2008< -.008   1947> -.008   1980> -.007  Higher   1985  .026   1961  .015

 ===================================================================================================================================

 EBU192    1924 to  2024     101 years                                                                                    Series  38

 [B] Entire series, effect on correlation (  .687) is:
       Lower   1999> -.025   1980> -.010   1973< -.009   1932> -.009   1954< -.007   1955< -.007  Higher   2013  .029   1985  .012

 [E] Outliers     1   3.0 SD above or -4.5 SD below mean for year
       1999 +3.3 SD
 ===================================================================================================================================

 EBU201    1856 to  2024     169 years                                                                                    Series  39

 [B] Entire series, effect on correlation (  .717) is:
       Lower   1862> -.016   1944< -.013   1859< -.009   1909> -.008   1930> -.006   1920< -.005  Higher   1985  .017   2013  .012

 [D]    2 Absent rings:  Year   Master  N series Absent
                         1985   -3.567      48       8
                         2014   -2.211      48      13

 [E] Outliers     3   3.0 SD above or -4.5 SD below mean for year
       1862 +3.2 SD;    1930 +3.1 SD;    1985 -5.0 SD
 ===================================================================================================================================

 EBU202    1858 to  2024     167 years                                                                                    Series  40

 [B] Entire series, effect on correlation (  .800) is:
       Lower   1909> -.009   1884> -.006   1920< -.005   1937< -.005   2005> -.005   1986> -.005  Higher   2013  .019   1985  .015

 ===================================================================================================================================

 EBU211    1929 to  2024      96 years                                                                                    Series  41

 [B] Entire series, effect on correlation (  .709) is:
       Lower   2014< -.034   1940< -.024   1930< -.023   1955< -.012   1938> -.012   1945< -.011  Higher   1985  .035   1958  .008

 [D]    1 Absent rings:  Year   Master  N series Absent
                         2014   -2.211      48      13

 [E] Outliers     1   3.0 SD above or -4.5 SD below mean for year
       2014 -5.6 SD
 ===================================================================================================================================

 EBU212    1942 to  2024      83 years                                                                                    Series  42

 [B] Entire series, effect on correlation (  .764) is:
       Lower   2014< -.060   1945< -.017   1967< -.010   1955< -.008   1948< -.005   1973> -.004  Higher   1985  .033   2013  .007

 [D]    1 Absent rings:  Year   Master  N series Absent
                         2014   -2.211      48      13

 [E] Outliers     1   3.0 SD above or -4.5 SD below mean for year
       2014 -5.8 SD
 ===================================================================================================================================

 EBU221    1907 to  2024     118 years                                                                                    Series  43

 [B] Entire series, effect on correlation (  .778) is:
       Lower   2004> -.010   2008< -.009   1951< -.008   1941< -.008   1992< -.008   2013> -.008  Higher   1985  .027   1927  .026

 ===================================================================================================================================

 EBU222    1883 to  2024     142 years                                                                                    Series  44

 [B] Entire series, effect on correlation (  .775) is:
       Lower   2013> -.021   2012< -.011   2004> -.008   1999> -.007   2022< -.005   2007< -.004  Higher   1927  .022   1958  .007

 [E] Outliers     1   3.0 SD above or -4.5 SD below mean for year
       2009 -4.5 SD
 ===================================================================================================================================

 EBU231    1785 to  2024     240 years                                                                                    Series  45

 [B] Entire series, effect on correlation (  .739) is:
       Lower   1822< -.010   1826> -.009   1814> -.007   1790> -.006   1909> -.004   2008< -.004  Higher   1927  .010   1820  .006

 [D]    8 Absent rings:  Year   Master  N series Absent
                         1927   -3.059      43      14
                         1985   -3.567      48       8
                         1986   -2.481      48       2
                         2005   -1.096      48       2
                         2009   -1.880      48       3
                         2013   -2.483      48       2
                         2014   -2.211      48      13
                         2015    -.809      48       1

 [E] Outliers     1   3.0 SD above or -4.5 SD below mean for year
       1927 -7.2 SD
 ===================================================================================================================================

 EBU232    1790 to  2024     235 years                                                                                    Series  46

 [B] Entire series, effect on correlation (  .713) is:
       Lower   1814> -.008   1799> -.007   2019> -.006   1995> -.004   2016< -.004   1801< -.004  Higher   1927  .012   1961  .005

 [D]    5 Absent rings:  Year   Master  N series Absent
                         1927   -3.059      43      14
                         2005   -1.096      48       2
                         2009   -1.880      48       3
                         2013   -2.483      48       2
                         2014   -2.211      48      13

 [E] Outliers     2   3.0 SD above or -4.5 SD below mean for year
       1799 +3.3 SD;    1927 -7.3 SD
 ===================================================================================================================================

 EBU241    1796 to  2024     229 years                                                                                    Series  47

 [B] Entire series, effect on correlation (  .734) is:
       Lower   1797> -.025   1862> -.012   1814> -.010   1947> -.007   1825< -.005   1813> -.005  Higher   1927  .019   1985  .010

 [D]   12 Absent rings:  Year   Master  N series Absent
                         1820   -2.662      14       2
                         1826   -1.324      14       2
                         1828   -1.510      14       2
                         1829   -1.175      14       1
                         1853   -1.292      19       1
                         1854   -1.291      19       1
                         1867   -1.940      22       2
                         1869   -1.926      23       3
                         1927   -3.059      43      14
                         1961   -3.017      48       5
                         1985   -3.567      48       8
                         2014   -2.211      48      13

 [E] Outliers     3   3.0 SD above or -4.5 SD below mean for year
       1797 +4.5 SD;    1814 +3.8 SD;    1927 -4.6 SD
 ===================================================================================================================================

 EBU242    1792 to  2024     233 years                                                                                    Series  48

 [B] Entire series, effect on correlation (  .725) is:
       Lower   2014< -.028   1796> -.011   1862> -.007   2013> -.006   1860< -.005   1849> -.005  Higher   1820  .008   1961  .008

 [C] Year-to-year changes diverging by over 4.0 std deviations:
       2013 2014  -4.6 SD

 [D]    8 Absent rings:  Year   Master  N series Absent
                         1820   -2.662      14       2
                         1826   -1.324      14       2
                         1828   -1.510      14       2
                         1855    -.923      19       3
                         1867   -1.940      22       2
                         1869   -1.926      23       3
                         1961   -3.017      48       5
                         2014   -2.211      48      13

 [E] Outliers     1   3.0 SD above or -4.5 SD below mean for year
       2014 -7.9 SD
 ===================================================================================================================================

 EBU243    1901 to  2024     124 years                                                                                    Series  49

 [B] Entire series, effect on correlation (  .804) is:
       Lower   2013> -.022   2014< -.010   1916> -.006   1980> -.005   2023< -.004   1999> -.004  Higher   1985  .015   1927  .011

 [D]    4 Absent rings:  Year   Master  N series Absent
                         1927   -3.059      43      14
                         1961   -3.017      48       5
                         1985   -3.567      48       8
                         2014   -2.211      48      13

 [E] Outliers     1   3.0 SD above or -4.5 SD below mean for year
       1927 -5.5 SD
 ===================================================================================================================================

 [*] All segments correlate highest as dated with correlation with master series over   .3281
PART 7:  DESCRIPTIVE STATISTICS:                                                                   03:59  Fri 26 Jun 2026  Page   6
------------------------------------------------------------------------------------------------------------------------------------

                                                Corr   //-------- Unfiltered --------\\  //---- Filtered -----\\
                           No.    No.    No.    with   Mean   Max     Std   Auto   Mean   Max     Std   Auto  AR
 Seq Series   Interval   Years  Segmt  Flags   Master  msmt   msmt    dev   corr   sens  value    dev   corr  ()
 --- -------- ---------  -----  -----  -----   ------ -----  -----  -----  -----  -----  -----  -----  -----  --
   1 EBU011   1790 2023    234      9      0    .713    .36   2.03   .266   .721   .422   2.63   .362  -.085   6
   2 EBU012   1773 2024    252     10      0    .748    .50   1.71   .322   .733   .363   2.61   .359  -.051   1
   3 EBU021   1929 2024     96      3      0    .655    .64   1.97   .387   .751   .355   2.45   .339   .024   1
   4 EBU022   1879 2024    146      5      0    .763    .27    .82   .200   .785   .491   2.45   .379  -.007   1
   5 EBU031   1780 2024    245      9      0    .737    .38   1.14   .193   .689   .335   2.43   .273  -.008   4
   6 EBU032   1790 1882     93      4      0    .691    .37   1.11   .201   .646   .379   2.59   .380  -.060   1
   7 EBU032   1902 2024    123      4      0    .755    .45   1.04   .188   .663   .330   2.36   .302   .026   2
   8 EBU041   1773 2024    252     10      0    .623    .25    .79   .138   .666   .427   2.36   .292  -.030   3
   9 EBU042   1782 2024    243      9      0    .643    .31    .97   .163   .664   .383   2.65   .389  -.015   1
  10 EBU051   1875 2024    150      5      0    .709    .78   1.77   .468   .868   .328   2.47   .405   .074   1
  11 EBU052   1869 2024    156      6      0    .749    .77   1.87   .457   .860   .300   2.46   .345   .011   1
  12 EBU061   1843 2024    182      7      0    .778    .71   2.01   .363   .779   .304   2.33   .260  -.052   1
  13 EBU062   1843 2024    182      7      0    .831    .72   2.11   .356   .740   .311   2.42   .344  -.062   1
  14 EBU071   1848 2024    177      7      0    .711    .60   1.30   .278   .719   .306   2.32   .261   .018   1
  15 EBU072   1850 2024    175      6      0    .712    .61   1.31   .294   .757   .301   2.32   .293   .005   1
  16 EBU081   1802 2024    223      8      0    .817    .78   2.02   .348   .708   .294   2.55   .302  -.030   1
  17 EBU082   1790 2024    235      9      0    .817    .73   1.83   .323   .675   .311   2.39   .297  -.036   1
  18 EBU091   1953 2024     72      2      0    .748   1.56   4.11   .969   .680   .430   2.61   .556  -.040   1
  19 EBU101   1879 2024    146      5      0    .745    .86   2.58   .385   .801   .232   2.47   .405  -.010   1
  20 EBU102   1890 2024    135      5      0    .714    .90   2.18   .385   .793   .241   2.48   .467  -.041   1
  21 EBU111   1850 2024    175      6      0    .744    .47   1.10   .232   .625   .412   2.49   .354   .006   1
  22 EBU112   1880 2024    145      5      0    .792    .49   1.14   .225   .615   .372   2.49   .423   .020   1
  23 EBU121   1779 2024    246      9      0    .711    .99   2.27   .431   .715   .279   2.46   .281   .008   1
  24 EBU122   1773 2024    252     10      0    .697   1.00   3.20   .484   .743   .289   2.47   .306  -.007   1
  25 EBU131   1900 2024    125      4      0    .734   1.16   3.79   .635   .760   .302   2.47   .385   .004   1
  26 EBU132   1900 2024    125      4      0    .768   1.10   3.45   .624   .773   .296   2.62   .468  -.031   1
  27 EBU141   1885 2024    140      5      0    .740    .69   2.79   .483   .862   .317   2.47   .321  -.047   1
  28 EBU142   1879 2024    146      5      0    .767    .67   2.10   .428   .858   .342   2.44   .397  -.052   1
  29 EBU151   1878 2024    147      5      0    .670    .70   2.20   .418   .771   .395   2.59   .416   .004   1
  30 EBU152   1879 2024    146      5      0    .695    .77   2.12   .469   .794   .359   2.52   .408   .016   1
  31 EBU161   1886 2024    139      5      0    .664    .64   2.34   .386   .846   .267   2.56   .391  -.033   1
  32 EBU162   1883 2024    142      5      0    .717    .59   2.05   .322   .838   .253   2.69   .367  -.014   1
  33 EBU171   1867 2024    158      6      0    .824    .75   1.41   .264   .626   .256   2.63   .414  -.008   2
  34 EBU172   1889 2024    136      5      0    .790    .88   1.60   .309   .639   .232   2.80   .382   .058   1
  35 EBU181   1886 2024    139      5      0    .759    .89   2.57   .521   .821   .286   2.60   .508  -.040   1
  36 EBU182   1886 2024    139      5      0    .712    .96   2.56   .528   .833   .266   2.51   .419  -.052   1
  37 EBU191   1936 2024     89      3      0    .773   1.38   2.35   .474   .631   .231   2.64   .472   .047   1
  38 EBU192   1924 2024    101      4      0    .687   1.38   2.94   .585   .693   .268   2.57   .413   .013   1
  39 EBU201   1856 2024    169      6      0    .717    .57   2.10   .447   .874   .354   2.41   .287   .012   4
  40 EBU202   1858 2024    167      6      0    .800    .60   2.00   .436   .860   .324   2.46   .359   .015   4
  41 EBU211   1929 2024     96      3      0    .709   1.05   2.44   .468   .698   .340   2.45   .428   .084   1
  42 EBU212   1942 2024     83      3      0    .764   1.00   2.07   .435   .641   .345   2.50   .412   .107   1
  43 EBU221   1907 2024    118      4      0    .778   1.13   2.16   .456   .820   .199   2.50   .427   .020   1
  44 EBU222   1883 2024    142      5      0    .775   1.13   2.11   .428   .830   .182   2.47   .380   .008   1
  45 EBU231   1785 2024    240      9      0    .739    .41   1.03   .221   .686   .397   2.41   .273  -.045   1
  46 EBU232   1790 2024    235      9      0    .713    .40   1.03   .211   .748   .377   2.43   .267  -.038   3
  47 EBU241   1796 2024    229      9      0    .734    .22    .57   .113   .555   .494   2.59   .363  -.037   1
  48 EBU242   1792 2024    233      9      0    .725    .26    .66   .130   .633   .464   2.43   .337  -.028   1
PART 7:  DESCRIPTIVE STATISTICS:                                                                   03:59  Fri 26 Jun 2026  Page   7
------------------------------------------------------------------------------------------------------------------------------------

                                                Corr   //-------- Unfiltered --------\\  //---- Filtered -----\\
                           No.    No.    No.    with   Mean   Max     Std   Auto   Mean   Max     Std   Auto  AR
 Seq Series   Interval   Years  Segmt  Flags   Master  msmt   msmt    dev   corr   sens  value    dev   corr  ()
 --- -------- ---------  -----  -----  -----   ------ -----  -----  -----  -----  -----  -----  -----  -----  --
  49 EBU243   1901 2024    124      4      0    .804    .30    .59   .123   .440   .455   2.42   .328  -.014   1
 --- -------- ---------  -----  -----  -----   ------ -----  -----  -----  -----  -----  -----  -----  -----  --
 Total or mean:           8043    293      0    .736    .66   4.11   .341   .730   .337   2.80   .354  -.013

                                              - = [  COFECHA VERY COF  ] = -
