[]  Dendrochronology Program Library                                        Run VERY   Program COF  04:00  Fri 26 Jun 2026  Page   1
[]
[]  P R O G R A M      C O F E C H A                                                                          Version 6.06P    33416
------------------------------------------------------------------------------------------------------------------------------------

 QUALITY CONTROL AND DATING CHECK OF TREE-RING MEASUREMENTS

 File of DATED series:   crossdated.rwl

 CONTENTS:

    Part 1:  Title page, options selected, summary, absent rings by series
    Part 2:  Histogram of time spans
    Part 3:  Master series with sample depth and absent rings by year
    Part 4:  Bar plot of Master Dating Series
    Part 5:  Correlation by segment of each series with Master
    Part 6:  Potential problems: low correlation, divergent year-to-year changes, absent rings, outliers
    Part 7:  Descriptive statistics

 RUN CONTROL OPTIONS SELECTED                             VALUE

         1  Cubic smoothing spline 50% wavelength cutoff for filtering
                                                            32 years
         2  Segments examined are                           50 years lagged successively by  25 years
         3  Autoregressive model applied                     A  Residuals are used in master dating series and testing
         4  Series transformed to logarithms                 Y  Each series log-transformed for master dating series and testing
         5  CORRELATION is Pearson (parametric, quantitative)
            Critical correlation, 99% confidence level   .3281
         6  Master dating series saved                       N
         7  Ring measurements listed                         N
         8  Parts printed                              1234567 
         9  Absent rings are omitted from master series and segment correlations  (Y)

 Time span of Master dating series is  1778 to  2023   246 years
 Continuous time span is               1778 to  2023   246 years
 Portion with two or more series is    1778 to  2023   246 years


                                        ****************************************
                                        *C* Number of dated series        50 *C*
                                        *O* Master series 1778 2023  246 yrs *O*
                                        *F* Total rings in all series   7414 *F*
                                        *E* Total dated rings checked   7414 *E*
                                        *C* Series intercorrelation     .723 *C*
                                        *H* Average mean sensitivity    .305 *H*
                                        *A* Segments, possible problems    0 *A*
                                        *** Mean length of series      148.3 ***
                                        ****************************************

 ABSENT RINGS listed by SERIES:            (See Master Dating Series for absent rings listed by year)

 ZSL052      1 absent rings:   1928
 ZSL071      2 absent rings:   1917  2008
 ZSL072      2 absent rings:   1917  1928
 ZSL101      3 absent rings:   1855  2008  2022
 ZSL102      2 absent rings:   2008  2022
 ZSL182      1 absent rings:   2015
 ZSL221      1 absent rings:   2008
 ZSL222      1 absent rings:   2008

            13 absent rings    .175%
PART 2:  TIME PLOT OF TREE-RING SERIES:                                                            04:00  Fri 26 Jun 2026  Page   2
------------------------------------------------------------------------------------------------------------------------------------
 1050 1100 1150 1200 1250 1300 1350 1400 1450 1500 1550 1600 1650 1700 1750 1800 1850 1900 1950 2000 2050 Ident   Seq Time-span  Yrs
   :    :    :    :    :    :    :    :    :    :    :    :    :    :    :    :    :    :    :    :    : -------- --- ---- ---- ----
   .    .    .    .    .    .    .    .    .    .    .    .    .    .    .    .    .    . <=========>  . ZSL011     1 1926 2023   98
   .    .    .    .    .    .    .    .    .    .    .    .    .    .    .    .    .    . <=========>  . ZSL012     2 1923 2023  101
   .    .    .    .    .    .    .    .    .    .    .    .    .    .    .    .    .    . <=========>  . ZSL021     3 1923 2023  101
   .    .    .    .    .    .    .    .    .    .    .    .    .    .    .    .    .    . <=========>  . ZSL022     4 1928 2023   96
   .    .    .    .    .    .    .    .    .    .    .    .    .    .    .    .    .    <===========>  . ZSL031     5 1901 2023  123
   .    .    .    .    .    .    .    .    .    .    .    .    .    .    .    .    .    <===========>  . ZSL032     6 1909 2023  115
   .    .    .    .    .    .    .    .    .    .    .    .    .    .    .    .    <================>  . ZSL041     7 1859 2023  165
   .    .    .    .    .    .    .    .    .    .    .    .    .    .    .    .    .    <===========>  . ZSL042     8 1909 2023  115
   .    .    .    .    .    .    .    .    .    .    .    .    .    .    .    .    .<===============>  . ZSL051     9 1863 2023  161
   .    .    .    .    .    .    .    .    .    .    .    .    .    .    .    .    <================>  . ZSL052    10 1858 2023  166
   .    .    .    .    .    .    .    .    .    .    .    .    .    .    .    .<====================>  . ZSL061    11 1819 2023  205
   .    .    .    .    .    .    .    .    .    .    .    .    .    .    .    . <===================>  . ZSL062    12 1825 2023  199
   .    .    .    .    .    .    .    .    .    .    .    .    .    .    .    .    . <==============>  . ZSL071    13 1876 2023  148
   .    .    .    .    .    .    .    .    .    .    .    .    .    .    .    .    . <==============>  . ZSL072    14 1873 2023  151
   .    .    .    .    .    .    .    .    .    .    .    .    .    .    .    .    .    .  <========>  . ZSL081    15 1938 2023   86
   .    .    .    .    .    .    .    .    .    .    .    .    .    .    .    .    .    .  <========>  . ZSL082    16 1935 2023   89
   .    .    .    .    .    .    .    .    .    .    .    .    .    .    . <=======================>   . ZSL091    17 1778 2014  237
   .    .    .    .    .    .    .    .    .    .    .    .    .    .    . <=======================>   . ZSL092    18 1778 2017  240
   .    .    .    .    .    .    .    .    .    .    .    .    .    .    .    <=====================>  . ZSL101    19 1803 2023  221
   .    .    .    .    .    .    .    .    .    .    .    .    .    .    .   <======================>  . ZSL102    20 1796 2023  228
   .    .    .    .    .    .    .    .    .    .    .    .    .    .    .    .    .   <==========>    . ZSL111    21 1892 2002  111
   .    .    .    .    .    .    .    .    .    .    .    .    .    .    .    .    .   <=========>.    . ZSL112    22 1893 1999  107
   .    .    .    .    .    .    .    .    .    .    .    .    .    .    .    .    .    .  <========>  . ZSL121    23 1931 2023   93
   .    .    .    .    .    .    .    .    .    .    .    .    .    .    .    .    .    . <=========>  . ZSL122    24 1923 2023  101
   .    .    .    .    .    .    .    .    .    .    .    .    .    .    .    .    .    .<==========>  . ZSL131    25 1915 2023  109
   .    .    .    .    .    .    .    .    .    .    .    .    .    .    .    .    .    .<==========>  . ZSL132    26 1917 2023  107
   .    .    .    .    .    .    .    .    .    .    .    .    .    .    .    .    .    <===========>  . ZSL141    27 1906 2023  118
   .    .    .    .    .    .    .    .    .    .    .    .    .    .    .    .    .    . <=========>  . ZSL142    28 1926 2023   98
   .    .    .    .    .    .    .    .    .    .    .    .    .    .    .    .    .   <============>  . ZSL151    29 1897 2023  127
   .    .    .    .    .    .    .    .    .    .    .    .    .    .    .    .    .   <============>  . ZSL152    30 1894 2023  130
   .    .    .    .    .    .    .    .    .    .    .    .    .    .    .    .    . <==============>  . ZSL161    31 1870 2023  154
   .    .    .    .    .    .    .    .    .    .    .    .    .    .    .    .    <================>  . ZSL162    32 1858 2023  166
   .    .    .    .    .    .    .    .    .    .    .    .    .    .    .    <=====================>  . ZSL171    33 1800 2023  224
   .    .    .    .    .    .    .    .    .    .    .    .    .    .    .    .<====================>  . ZSL172    34 1815 2023  209
   .    .    .    .    .    .    .    .    .    .    .    .    .    .    .    <=====================>  . ZSL173    35 1800 2023  224
   .    .    .    .    .    .    .    .    .    .    .    .    .    .    .    .    .    <===========>  . ZSL181    36 1906 2023  118
   .    .    .    .    .    .    .    .    .    .    .    .    .    .    .    .    .    .  <========>  . ZSL182    37 1930 2023   94
   .    .    .    .    .    .    .    .    .    .    .    .    .    .    .    <=====================>  . ZSL191    38 1803 2023  221
   .    .    .    .    .    .    .    .    .    .    .    .    .    .    .   <======================>  . ZSL192    39 1790 2023  234
   .    .    .    .    .    .    .    .    .    .    .    .    .    .    .    <=====================>  . ZSL193    40 1803 2023  221
   .    .    .    .    .    .    .    .    .    .    .    .    .    .    .    <=====================>  . ZSL201    41 1801 2023  223
   .    .    .    .    .    .    .    .    .    .    .    .    .    .    .    <=====================>  . ZSL202    42 1805 2023  219
   .    .    .    .    .    .    .    .    .    .    .    .    .    .    .    .    .<=============>    . ZSL211    43 1865 2009  145
   .    .    .    .    .    .    .    .    .    .    .    .    .    .    .    .<====>   .    .    .    . ZSL212    44 1814 1865   52
   .    .    .    .    .    .    .    .    .    .    .    .    .    .    .    .    . <=============>   . ZSL212    45 1870 2014  145
   .    .    .    .    .    .    .    .    .    .    .    .    .    .    .    .    . <=============>   . ZSL213    46 1876 2016  141
   .    .    .    .    .    .    .    .    .    .    .    .    .    .    .    .    .    <===========>  . ZSL221    47 1900 2023  124
   .    .    .    .    .    .    .    .    .    .    .    .    .    .    .    .    .    <===========>  . ZSL222    48 1900 2023  124
   .    .    .    .    .    .    .    .    .    .    .    .    .    .    .    .    .    <===========>  . ZSLL01    49 1908 2023  116
   .    .    .    .    .    .    .    .    .    .    .    .    .    .    .    .    .    .<==========>  . ZSLL02    50 1910 2023  114
   :    :    :    :    :    :    :    :    :    :    :    :    :    :    :    :    :    :    :    :    :
 1050 1100 1150 1200 1250 1300 1350 1400 1450 1500 1550 1600 1650 1700 1750 1800 1850 1900 1950 2000 2050
PART 3:  Master Dating Series:                                                                     04:00  Fri 26 Jun 2026  Page   3
------------------------------------------------------------------------------------------------------------------------------------
  Year  Value  No Ab    Year  Value  No Ab    Year  Value  No Ab    Year  Value  No Ab    Year  Value  No Ab    Year  Value  No Ab
  ------------------    ------------------    ------------------    ------------------    ------------------    ------------------
                        1800  -.431   6       1850  -.281  15       1900 -1.551  30       1950   .129  49       2000  -.541  48
                        1801   .442   7       1851   .207  15       1901  -.223  31       1951  -.780  49       2001  -.185  48
                        1802   .990   7       1852   .994  15       1902   .533  31       1952   .108  49       2002   .268  48
                        1803   .925  10       1853  -.069  15       1903 -1.084  31       1953  -.341  49       2003  -.284  47
                        1804   .834  10       1854 -1.875  15       1904   .359  31       1954  -.480  49       2004  -.285  47
                        1805  1.036  11       1855 -2.411  15  1    1905   .385  31       1955   .530  49       2005  -.227  47
                        1806   .833  11       1856 -1.219  15       1906 -1.231  33       1956  -.302  49       2006  1.120  47
                        1807  -.287  11       1857   .601  15       1907  -.355  33       1957   .601  49       2007   .985  47
                        1808 -1.309  11       1858  1.152  17       1908   .969  34       1958   .113  49       2008 -1.824  47  5
                        1809 -1.039  11       1859   .299  18       1909  1.083  36       1959  1.323  49       2009  -.588  47

                        1810  -.474  11       1860   .567  18       1910  -.771  37       1960  1.127  49       2010  1.038  46
                        1811  -.487  11       1861   .927  18       1911  -.460  37       1961  1.383  49       2011   .901  46
                        1812  -.669  11       1862  1.175  18       1912   .219  37       1962   .231  49       2012  -.615  46
                        1813  -.206  11       1863   .705  19       1913   .578  37       1963 -2.686  49       2013  -.728  46
                        1814   .515  12       1864  -.891  19       1914  1.563  37       1964  -.378  49       2014  1.069  46
                        1815  1.325  13       1865  -.608  20       1915  1.680  38       1965  -.390  49       2015 -1.019  44  1
                        1816  2.003  13       1866  -.487  19       1916   .653  38       1966   .286  49       2016  -.210  44
                        1817   .778  13       1867 -1.151  19       1917 -1.507  39  2    1967 -1.028  49       2017  1.475  43
                        1818  -.028  13       1868 -1.856  19       1918  -.805  39       1968  -.017  49       2018   .920  42
                        1819 -1.187  14       1869 -1.372  19       1919  -.493  39       1969   .368  49       2019   .903  42

                        1820 -1.306  14       1870   .001  21       1920  -.642  39       1970   .715  49       2020  -.291  42
                        1821  -.914  14       1871   .440  21       1921  -.825  39       1971   .683  49       2021   .873  42
                        1822  -.440  14       1872  1.013  21       1922   .519  39       1972  1.326  49       2022 -1.329  42  2
                        1823   .234  14       1873  1.555  22       1923   .695  42       1973  1.442  49       2023  -.733  42
                        1824 -1.234  14       1874  1.427  22       1924   .418  42       1974   .727  49
                        1825  -.277  15       1875   .436  22       1925   .656  42       1975  -.850  49
                        1826  -.831  15       1876   .342  24       1926  1.291  44       1976  -.259  49
                        1827   .266  15       1877  1.536  24       1927  -.735  44       1977 -2.137  49
  1778 -2.649   2       1828  -.044  15       1878   .407  24       1928 -1.175  45  2    1978  -.702  49
  1779  1.597   2       1829   .087  15       1879   .225  24       1929  -.414  45       1979   .214  49

  1780  -.022   2       1830 -1.625  15       1880  -.260  24       1930   .339  46       1980   .325  49
  1781   .509   2       1831 -1.372  15       1881 -1.410  24       1931   .449  47       1981 -1.037  49
  1782   .794   2       1832  -.216  15       1882  -.163  24       1932  -.179  47       1982   .051  49
  1783   .117   2       1833   .227  15       1883  -.230  24       1933 -1.121  47       1983 -2.097  49
  1784   .815   2       1834  -.112  15       1884 -1.437  24       1934 -2.392  47       1984  -.026  49
  1785   .069   2       1835   .157  15       1885 -1.497  24       1935  -.254  48       1985  1.180  49
  1786   .347   2       1836  1.479  15       1886 -1.695  24       1936   .077  48       1986   .071  49
  1787  1.806   2       1837  1.690  15       1887  -.976  24       1937   .621  48       1987  -.194  49
  1788  -.372   2       1838  1.569  15       1888   .092  24       1938  1.156  49       1988   .517  49
  1789 -3.612   2       1839   .219  15       1889   .131  24       1939  1.938  49       1989   .473  49

  1790 -1.405   3       1840  1.046  15       1890   .251  24       1940   .660  49       1990   .020  49
  1791   .795   3       1841  1.154  15       1891  1.490  24       1941   .584  49       1991  -.428  49
  1792   .426   3       1842   .036  15       1892  2.249  25       1942   .404  49       1992 -1.700  49
  1793   .631   3       1843 -2.024  15       1893  -.133  26       1943   .157  49       1993   .517  49
  1794   .643   3       1844  -.471  15       1894  -.634  27       1944  -.920  49       1994  1.928  49
  1795   .388   3       1845  1.399  15       1895   .372  27       1945  -.868  49       1995  1.543  49
  1796   .476   4       1846   .666  15       1896   .713  27       1946  -.965  49       1996  -.337  49
  1797  -.670   4       1847 -1.116  15       1897   .411  28       1947  -.461  49       1997  -.367  49
  1798 -2.742   4       1848   .440  15       1898  -.509  28       1948  1.239  49       1998   .680  49
  1799 -1.263   4       1849   .557  15       1899   .979  28       1949  -.799  49       1999  -.783  49
------------------------------------------------------------------------------------------------------------------------------------
PART 4:  Master Bar Plot:                                                                          04:00  Fri 26 Jun 2026  Page   4
------------------------------------------------------------------------------------------------------------------------------------
   Year Rel value  Year Rel value  Year Rel value  Year Rel value  Year Rel value  Year Rel value  Year Rel value  Year Rel value
                   1800---b        1850----a       1900f           1950-----A      2000---b
                   1801-------B    1851-----A      1901----a       1951--c         2001----a
                   1802---------D  1852---------D  1902-------B    1952-----@      2002------A
                   1803---------D  1853----@       1903-d          1953---a        2003----a
                   1804--------C   1854h           1904------A     1954---b        2004----a
                   1805---------D  1855j           1905------B     1955-------B    2005----a
                   1806--------C   1856-e          1906-e          1956----a       2006---------D
                   1807----a       1857-------B    1907---a        1957-------B    2007---------D
                   1808-e          1858---------E  1908---------D  1958-----@      2008g
                   1809-d          1859------A     1909---------D  1959----------E 2009--b
                   1810---b        1860-------B    1910--c         1960---------E  2010---------D
                   1811---b        1861---------D  1911---b        1961----------F 2011---------D
                   1812--c         1862---------E  1912-----A      1962------A     2012--b
                   1813----a       1863--------C   1913-------B    1963k           2013--c
                   1814-------B    1864--d         1914----------F 1964---b        2014---------D
                   1815----------E 1865--b         1915----------G 1965---b        2015-d
                   1816----------H 1866---b        1916--------C   1966------A     2016----a
                   1817--------C   1867-e          1917f           1967-d          2017----------F
                   1818-----@      1868g           1918--c         1968-----@      2018---------D
                   1819-e          1869-e          1919---b        1969------A     2019---------D
                   1820-e          1870-----@      1920--c         1970--------C   2020----a
                   1821--d         1871-------B    1921--c         1971--------C   2021--------C
                   1822---b        1872---------D  1922-------B    1972----------E 2022-e
                   1823------A     1873----------F 1923--------C   1973----------F 2023--c
                   1824-e          1874----------F 1924------B     1974--------C
                   1825----a       1875-------B    1925--------C   1975--c
                   1826--c         1876------A     1926---------E  1976----a
                   1827------A     1877----------F 1927--c         1977i
   1778k           1828-----@      1878------B     1928-e          1978--c
   1779----------F 1829-----@      1879------A     1929---b        1979-----A
   1780-----@      1830f           1880----a       1930------A     1980------A
   1781-------B    1831-e          1881-f          1931-------B    1981-d
   1782--------C   1832----a       1882----a       1932----a       1982-----@
   1783-----@      1833------A     1883----a       1933-d          1983h
   1784--------C   1834----@       1884-f          1934j           1984-----@
   1785-----@      1835-----A      1885f           1935----a       1985---------E
   1786------A     1836----------F 1886g           1936-----@      1986-----@
   1787----------G 1837----------G 1887-d          1937-------B    1987----a
   1788---a        1838----------F 1888-----@      1938---------E  1988-------B
   1789n           1839-----A      1889-----A      1939----------H 1989-------B
   1790-f          1840---------D  1890------A     1940--------C   1990-----@
   1791--------C   1841---------E  1891----------F 1941-------B    1991---b
   1792------B     1842-----@      1892----------I 1942------B     1992g
   1793--------C   1843h           1893----a       1943-----A      1993-------B
   1794--------C   1844---b        1894--c         1944--d         1994----------H
   1795------B     1845----------F 1895------A     1945--c         1995----------F
   1796-------B    1846--------C   1896--------C   1946-d          1996---a
   1797--c         1847-d          1897------B     1947---b        1997---a
   1798k           1848-------B    1898---b        1948---------E  1998--------C
   1799-e          1849-------B    1899---------D  1949--c         1999--c
PART 5:  CORRELATION OF SERIES BY SEGMENTS:                                                        04:00  Fri 26 Jun 2026  Page   5
------------------------------------------------------------------------------------------------------------------------------------
 Correlations of  50-year dated segments, lagged  25 years
 Flags:  A = correlation under   .3281 but highest as dated;  B = correlation higher at other than dated position

 Seq Series  Time_span   1775 1800 1825 1850 1875 1900 1925 1950 1975
                         1824 1849 1874 1899 1924 1949 1974 1999 2024
 --- -------- ---------  ---- ---- ---- ---- ---- ---- ---- ---- ---- ---- ---- ---- ---- ---- ---- ---- ---- ---- ---- ----
   1 ZSL011   1926 2023                                 .82  .85  .83
   2 ZSL012   1923 2023                            .77  .79  .78  .81
   3 ZSL021   1923 2023                            .59  .57  .60  .66
   4 ZSL022   1928 2023                                 .65  .70  .77
   5 ZSL031   1901 2023                            .44  .66  .65  .72
   6 ZSL032   1909 2023                            .48  .50  .70  .79
   7 ZSL041   1859 2023                  .83  .82  .84  .72  .62  .68
   8 ZSL042   1909 2023                            .67  .66  .59  .67
   9 ZSL051   1863 2023                  .87  .84  .75  .75  .76  .83
  10 ZSL052   1858 2023                  .70  .70  .66  .75  .83  .86
  11 ZSL061   1819 2023        .70  .83  .80  .82  .77  .78  .82  .78
  12 ZSL062   1825 2023             .77  .75  .81  .77  .76  .78  .80
  13 ZSL071   1876 2023                       .86  .68  .66  .85  .85
  14 ZSL072   1873 2023                  .87  .86  .70  .69  .86  .89
  15 ZSL081   1938 2023                                 .66  .68  .73
  16 ZSL082   1935 2023                                 .63  .71  .77
  17 ZSL091   1778 2014   .58  .72  .82  .87  .79  .77  .81  .80  .58
  18 ZSL092   1778 2017   .54  .69  .79  .85  .79  .77  .84  .83  .71
  19 ZSL101   1803 2023        .74  .71  .78  .79  .69  .62  .66  .70
  20 ZSL102   1796 2023   .71  .77  .78  .88  .84  .81  .66  .63  .69
  21 ZSL111   1892 2002                       .83  .78  .80  .87  .82
  22 ZSL112   1893 1999                       .81  .79  .79  .84
  23 ZSL121   1931 2023                                 .71  .67  .74
  24 ZSL122   1923 2023                            .74  .74  .71  .77
  25 ZSL131   1915 2023                            .67  .65  .67  .69
  26 ZSL132   1917 2023                            .71  .68  .68  .69
  27 ZSL141   1906 2023                            .65  .77  .86  .85
  28 ZSL142   1926 2023                                 .80  .84  .81
  29 ZSL151   1897 2023                       .72  .65  .37  .46  .73
  30 ZSL152   1894 2023                       .66  .58  .35  .52  .68
  31 ZSL161   1870 2023                  .68  .72  .77  .67  .62  .79
  32 ZSL162   1858 2023                  .71  .70  .74  .59  .56  .81
  33 ZSL171   1800 2023        .66  .78  .84  .87  .75  .63  .73  .85
  34 ZSL172   1815 2023        .73  .75  .84  .86  .79  .73  .74  .84
  35 ZSL173   1800 2023        .64  .80  .80  .83  .81  .77  .80  .85
  36 ZSL181   1906 2023                            .61  .62  .61  .74
  37 ZSL182   1930 2023                                 .50  .47  .70
  38 ZSL191   1803 2023        .78  .83  .75  .74  .74  .71  .70  .80
  39 ZSL192   1790 2023   .59  .78  .80  .79  .73  .74  .72  .68  .75
  40 ZSL193   1803 2023        .75  .83  .76  .67  .73  .70  .56  .68
  41 ZSL201   1801 2023        .52  .60  .76  .70  .67  .73  .79  .85
  42 ZSL202   1805 2023        .66  .64  .71  .68  .69  .81  .82  .81
  43 ZSL211   1865 2009                  .76  .79  .81  .80  .72  .57
  44 ZSL212   1814 1865        .68  .65
  45 ZSL212   1870 2014                  .79  .80  .75  .73  .71  .54
  46 ZSL213   1876 2016                       .84  .81  .79  .70  .33
  47 ZSL221   1900 2023                            .39  .67  .81  .77
  48 ZSL222   1900 2023                            .39  .66  .81  .79
  49 ZSLL01   1908 2023                            .52  .73  .78  .85
  50 ZSLL02   1910 2023                            .43  .54  .76  .73
 Av segment correlation   .61  .70  .76  .79  .78  .69  .69  .72  .75
PART 6:  POTENTIAL PROBLEMS:                                                                       04:00  Fri 26 Jun 2026  Page   5
------------------------------------------------------------------------------------------------------------------------------------

 For each series with potential problems the following diagnostics may appear:

 [A] Correlations with master dating series of flagged  50-year segments of series filtered with  32-year spline,
     at every point from ten years earlier (-10) to ten years later (+10) than dated

 [B] Effect of those data values which most lower or raise correlation with master series
     Symbol following year indicates value in series is greater (>) or lesser (<) than master series value

 [C] Year-to-year changes very different from the mean change in other series

 [D] Absent rings (zero values)

 [E] Values which are statistical outliers from mean for the year
 ===================================================================================================================================

 ZSL011    1926 to  2023      98 years                                                                                    Series   1

 [B] Entire series, effect on correlation (  .830) is:
       Lower   2008> -.017   1963> -.008   2012> -.005   1944> -.005   1935< -.004   1976< -.004  Higher   1977  .010   2022  .009

 ===================================================================================================================================

 ZSL012    1923 to  2023     101 years                                                                                    Series   2

 [B] Entire series, effect on correlation (  .800) is:
       Lower   1963> -.014   2008> -.009   2002< -.005   1933< -.005   1976< -.005   1962< -.005  Higher   1983  .011   2022  .010

 ===================================================================================================================================

 ZSL021    1923 to  2023     101 years                                                                                    Series   3

 [B] Entire series, effect on correlation (  .630) is:
       Lower   1962> -.023   1977> -.018   1927> -.013   1992> -.011   1942< -.010   1955< -.007  Higher   1963  .026   1949  .015

 [E] Outliers     3   3.0 SD above or -4.5 SD below mean for year
       1962 +3.2 SD;    1977 +3.3 SD;    1983 -8.2 SD
 ===================================================================================================================================

 ZSL022    1928 to  2023      96 years                                                                                    Series   4

 [B] Entire series, effect on correlation (  .723) is:
       Lower   1962> -.015   1955< -.011   1983< -.009   1942< -.008   1992> -.007   1977> -.006  Higher   2008  .012   1939  .009

 [E] Outliers     1   3.0 SD above or -4.5 SD below mean for year
       1983 -6.0 SD
 ===================================================================================================================================

 ZSL031    1901 to  2023     123 years                                                                                    Series   5

 [B] Entire series, effect on correlation (  .592) is:
       Lower   1905< -.083   1925< -.022   1906> -.021   1996> -.013   1963> -.008   1990> -.008  Higher   2008  .018   2015  .016

 [C] Year-to-year changes diverging by over 4.0 std deviations:
       1905 1906   4.6 SD

 [E] Outliers     2   3.0 SD above or -4.5 SD below mean for year
       1905 -5.9 SD;    1996 +3.0 SD
 ===================================================================================================================================

 ZSL032    1909 to  2023     115 years                                                                                    Series   6

 [B] Entire series, effect on correlation (  .689) is:
       Lower   1925< -.033   1949> -.026   1975> -.014   1974< -.010   1996> -.009   1948< -.008  Higher   2008  .023   1983  .018

 ===================================================================================================================================

 ZSL041    1859 to  2023     165 years                                                                                    Series   7

 [B] Entire series, effect on correlation (  .743) is:
       Lower   1983> -.017   1876< -.010   1986> -.009   1981> -.008   1944< -.008   1951> -.007  Higher   1963  .013   1900  .012

 [E] Outliers     1   3.0 SD above or -4.5 SD below mean for year
       1983 +3.2 SD
 ===================================================================================================================================

 ZSL042    1909 to  2023     115 years                                                                                    Series   8

 [B] Entire series, effect on correlation (  .654) is:
       Lower   1975< -.037   1919< -.014   1962> -.011   1972< -.009   1983> -.006   1953> -.005  Higher   1977  .017   1949  .010

 [E] Outliers     2   3.0 SD above or -4.5 SD below mean for year
       1975 -4.5 SD;    1992 -4.5 SD
 ===================================================================================================================================

 ZSL051    1863 to  2023     161 years                                                                                    Series   9

 [B] Entire series, effect on correlation (  .804) is:
       Lower   1999> -.008   1992> -.007   1889< -.006   1920> -.006   1946> -.005   1956< -.005  Higher   2008  .011   1963  .008

 [E] Outliers     1   3.0 SD above or -4.5 SD below mean for year
       1945 -4.6 SD
 ===================================================================================================================================

 ZSL052    1858 to  2023     166 years                                                                                    Series  10

 [B] Entire series, effect on correlation (  .765) is:
       Lower   1858< -.013   1879< -.013   1926< -.011   1903< -.007   1999> -.006   1951> -.006  Higher   2008  .013   1963  .010

 [D]    1 Absent rings:  Year   Master  N series Absent
                         1928   -1.175      45       2

 [E] Outliers     1   3.0 SD above or -4.5 SD below mean for year
       1963 -5.8 SD
 ===================================================================================================================================

 ZSL061    1819 to  2023     205 years                                                                                    Series  11

 [B] Entire series, effect on correlation (  .771) is:
       Lower   1819> -.022   2008> -.008   1919< -.007   1944> -.007   1893> -.007   1981> -.006  Higher   1963  .011   1983  .008

 [E] Outliers     1   3.0 SD above or -4.5 SD below mean for year
       1819 +5.0 SD
 ===================================================================================================================================

 ZSL062    1825 to  2023     199 years                                                                                    Series  12

 [B] Entire series, effect on correlation (  .786) is:
       Lower   1854> -.013   1919< -.010   1853> -.009   1987< -.008   1969< -.007   1893> -.007  Higher   1963  .011   1977  .005

 [E] Outliers     1   3.0 SD above or -4.5 SD below mean for year
       1854 +4.0 SD
 ===================================================================================================================================

 ZSL071    1876 to  2023     148 years                                                                                    Series  13

 [B] Entire series, effect on correlation (  .784) is:
       Lower   1917< -.019   1929< -.009   1944> -.008   1938< -.008   1945> -.006   1893> -.004  Higher   2008  .013   1977  .009

 [D]    2 Absent rings:  Year   Master  N series Absent
                         1917   -1.507      39       2
                         2008   -1.824      47       5

 [E] Outliers     1   3.0 SD above or -4.5 SD below mean for year
       1917 -6.7 SD
 ===================================================================================================================================

 ZSL072    1873 to  2023     151 years                                                                                    Series  14

 [B] Entire series, effect on correlation (  .796) is:
       Lower   1917< -.019   1932< -.009   1928< -.007   1944> -.007   1938< -.006   1949> -.005  Higher   2008  .010   1977  .008

 [D]    2 Absent rings:  Year   Master  N series Absent
                         1917   -1.507      39       2
                         1928   -1.175      45       2

 [E] Outliers     1   3.0 SD above or -4.5 SD below mean for year
       1917 -5.7 SD
 ===================================================================================================================================

 ZSL081    1938 to  2023      86 years                                                                                    Series  15

 [B] Entire series, effect on correlation (  .700) is:
       Lower   1941< -.013   1983> -.011   1996> -.011   1981> -.010   1992> -.010   1945< -.008  Higher   1963  .029   1977  .022

 ===================================================================================================================================

 ZSL082    1935 to  2023      89 years                                                                                    Series  16

 [B] Entire series, effect on correlation (  .693) is:
       Lower   1935< -.048   1941< -.015   1983> -.014   1954> -.012   1992> -.010   1981> -.008  Higher   1963  .023   1977  .022

 ===================================================================================================================================

 ZSL091    1778 to  2014     237 years                                                                                    Series  17

 [B] Entire series, effect on correlation (  .700) is:
       Lower   2014< -.021   1788> -.018   1789< -.009   1778> -.008   1919< -.007   1902< -.006  Higher   1798  .008   1963  .006

 [E] Outliers     2   3.0 SD above or -4.5 SD below mean for year
       1778 +3.3 SD;    1808 +3.1 SD
 ===================================================================================================================================

 ZSL092    1778 to  2017     240 years                                                                                    Series  18

 [B] Entire series, effect on correlation (  .705) is:
       Lower   1789> -.030   1780> -.009   1788< -.008   2012> -.007   2011< -.006   1818< -.005  Higher   1963  .011   2015  .005

 [C] Year-to-year changes diverging by over 4.0 std deviations:
       1788 1789   4.6 SD

 [E] Outliers     4   3.0 SD above or -4.5 SD below mean for year
       1789 +4.2 SD;    1808 +3.0 SD;    1945 +3.1 SD;    1981 -5.4 SD
 ===================================================================================================================================

 ZSL101    1803 to  2023     221 years                                                                                    Series  19

 [B] Entire series, effect on correlation (  .724) is:
       Lower   1963> -.019   1857< -.008   1917> -.007   1992> -.006   1949> -.006   1927< -.006  Higher   2008  .013   1900  .008

 [C] Year-to-year changes diverging by over 4.0 std deviations:
       1855 1856   4.5 SD

 [D]    3 Absent rings:  Year   Master  N series Absent
                         1855   -2.411      15       1
                         2008   -1.824      47       5
                         2022   -1.329      42       2

 [E] Outliers     1   3.0 SD above or -4.5 SD below mean for year
       1855 -7.3 SD
 ===================================================================================================================================

 ZSL102    1796 to  2023     228 years                                                                                    Series  20

 [B] Entire series, effect on correlation (  .750) is:
       Lower   1963> -.021   1798> -.015   1962< -.007   1951< -.006   1830< -.006   2023> -.005  Higher   2008  .009   1900  .008

 [C] Year-to-year changes diverging by over 4.0 std deviations:
       1962 1963   4.0 SD

 [D]    2 Absent rings:  Year   Master  N series Absent
                         2008   -1.824      47       5
                         2022   -1.329      42       2

 [E] Outliers     3   3.0 SD above or -4.5 SD below mean for year
       1798 +3.4 SD;    1951 -5.8 SD;    2008 -4.8 SD
 ===================================================================================================================================

 ZSL111    1892 to  2002     111 years                                                                                    Series  21

 [B] Entire series, effect on correlation (  .791) is:
       Lower   2002< -.022   1949> -.010   1944> -.007   1991> -.005   1943< -.005   1900< -.005  Higher   1963  .016   1977  .010

 [E] Outliers     1   3.0 SD above or -4.5 SD below mean for year
       1900 -5.6 SD
 ===================================================================================================================================

 ZSL112    1893 to  1999     107 years                                                                                    Series  22

 [B] Entire series, effect on correlation (  .793) is:
       Lower   1949> -.025   1998< -.018   1893> -.011   1996> -.007   1894> -.005   1990> -.005  Higher   1983  .014   1977  .012

 ===================================================================================================================================

 ZSL121    1931 to  2023      93 years                                                                                    Series  23

 [B] Entire series, effect on correlation (  .718) is:
       Lower   1981> -.021   1962> -.013   1956> -.011   1992> -.010   2005< -.009   1941< -.009  Higher   1963  .028   2015  .016

 [E] Outliers     1   3.0 SD above or -4.5 SD below mean for year
       1981 +3.4 SD
 ===================================================================================================================================

 ZSL122    1923 to  2023     101 years                                                                                    Series  24

 [B] Entire series, effect on correlation (  .750) is:
       Lower   1981> -.021   1928> -.011   1933< -.010   1956> -.010   1962> -.009   1997< -.006  Higher   1963  .019   1983  .019

 [E] Outliers     1   3.0 SD above or -4.5 SD below mean for year
       1981 +3.6 SD
 ===================================================================================================================================

 ZSL131    1915 to  2023     109 years                                                                                    Series  25

 [B] Entire series, effect on correlation (  .664) is:
       Lower   2008> -.020   1973< -.018   1927> -.010   1916< -.008   1981> -.007   2009< -.007  Higher   1983  .015   1963  .014

 [E] Outliers     1   3.0 SD above or -4.5 SD below mean for year
       2008 +3.0 SD
 ===================================================================================================================================

 ZSL132    1917 to  2023     107 years                                                                                    Series  26

 [B] Entire series, effect on correlation (  .678) is:
       Lower   1973< -.016   2009< -.012   2008> -.012   1944> -.008   1999< -.008   1927> -.007  Higher   1934  .011   2022  .010

 ===================================================================================================================================

 ZSL141    1906 to  2023     118 years                                                                                    Series  27

 [B] Entire series, effect on correlation (  .784) is:
       Lower   1910> -.016   1949> -.010   1927> -.009   1932> -.006   2006< -.005   1981> -.005  Higher   1963  .018   2008  .013

 ===================================================================================================================================

 ZSL142    1926 to  2023      98 years                                                                                    Series  28

 [B] Entire series, effect on correlation (  .802) is:
       Lower   1927> -.019   1992> -.008   1981> -.008   1988< -.007   1956> -.006   2020> -.005  Higher   1963  .015   1977  .011

 ===================================================================================================================================

 ZSL151    1897 to  2023     127 years                                                                                    Series  29

 [B] Entire series, effect on correlation (  .609) is:
       Lower   1949> -.026   1991> -.012   1992> -.011   1965> -.011   1988< -.011   1959< -.009  Higher   1977  .020   2008  .013

 [E] Outliers     6   3.0 SD above or -4.5 SD below mean for year
       1900 -5.2 SD;    1949 +3.4 SD;    1954 +3.1 SD;    1965 +3.6 SD;    1991 +3.6 SD;    1992 +3.3 SD
 ===================================================================================================================================

 ZSL152    1894 to  2023     130 years                                                                                    Series  30

 [B] Entire series, effect on correlation (  .560) is:
       Lower   1948< -.023   1956> -.013   1965> -.010   1920< -.010   1958< -.009   1932> -.008  Higher   1900  .029   1977  .014

 [E] Outliers     2   3.0 SD above or -4.5 SD below mean for year
       1958 -4.8 SD;    1965 +3.6 SD
 ===================================================================================================================================

 ZSL161    1870 to  2023     154 years                                                                                    Series  31

 [B] Entire series, effect on correlation (  .712) is:
       Lower   1962< -.014   1940< -.012   1898> -.010   1890< -.010   1984< -.009   1985< -.008  Higher   2008  .018   2015  .011

 ===================================================================================================================================

 ZSL162    1858 to  2023     166 years                                                                                    Series  32

 [B] Entire series, effect on correlation (  .706) is:
       Lower   1962< -.035   1963> -.010   1903> -.009   1984< -.009   1934> -.009   1890< -.008  Higher   2008  .016   1900  .015

 ===================================================================================================================================

 ZSL171    1800 to  2023     224 years                                                                                    Series  33

 [B] Entire series, effect on correlation (  .766) is:
       Lower   1961< -.017   1944< -.009   1927> -.008   1940< -.005   1807< -.005   1841< -.005  Higher   2008  .007   1983  .005

 ===================================================================================================================================

 ZSL172    1815 to  2023     209 years                                                                                    Series  34

 [B] Entire series, effect on correlation (  .798) is:
       Lower   1961< -.014   1927> -.008   1853< -.006   1977> -.005   1999> -.004   1847> -.004  Higher   2008  .005   2015  .004

 ===================================================================================================================================

 ZSL173    1800 to  2023     224 years                                                                                    Series  35

 [B] Entire series, effect on correlation (  .787) is:
       Lower   1817< -.007   1927> -.006   1807< -.006   1841< -.004   1961< -.004   1850> -.003  Higher   2008  .009   1963  .006

 ===================================================================================================================================

 ZSL181    1906 to  2023     118 years                                                                                    Series  36

 [B] Entire series, effect on correlation (  .683) is:
       Lower   1977> -.017   1927> -.013   1962> -.010   1997< -.009   1992> -.009   1920> -.008  Higher   2008  .026   1963  .018

 ===================================================================================================================================

 ZSL182    1930 to  2023      94 years                                                                                    Series  37

 [B] Entire series, effect on correlation (  .616) is:
       Lower   1963> -.024   1977> -.019   1962> -.012   1997< -.011   1969< -.011   1971< -.010  Higher   1949  .017   1983  .017

 [D]    1 Absent rings:  Year   Master  N series Absent
                         2015   -1.019      44       1

 [E] Outliers     4   3.0 SD above or -4.5 SD below mean for year
       1956 -4.6 SD;    1963 +3.6 SD;    1977 +3.5 SD;    2015 -4.6 SD
 ===================================================================================================================================

 ZSL191    1803 to  2023     221 years                                                                                    Series  38

 [B] Entire series, effect on correlation (  .756) is:
       Lower   1967> -.006   1999> -.006   1962< -.006   1817> -.005   1975> -.005   1903> -.005  Higher   2008  .011   1983  .006

 ===================================================================================================================================

 ZSL192    1790 to  2023     234 years                                                                                    Series  39

 [B] Entire series, effect on correlation (  .722) is:
       Lower   1995< -.014   1794< -.010   1975> -.008   1906> -.008   1790> -.007   1974< -.007  Higher   2008  .012   1949  .005

 [E] Outliers     2   3.0 SD above or -4.5 SD below mean for year
       1790 +5.0 SD;    1983 -5.7 SD
 ===================================================================================================================================

 ZSL193    1803 to  2023     221 years                                                                                    Series  40

 [B] Entire series, effect on correlation (  .710) is:
       Lower   1996< -.017   1975> -.007   1992> -.006   1824> -.006   1963> -.006   1995< -.006  Higher   2008  .012   1983  .011

 [E] Outliers     1   3.0 SD above or -4.5 SD below mean for year
       1996 -7.2 SD
 ===================================================================================================================================

 ZSL201    1801 to  2023     223 years                                                                                    Series  41

 [B] Entire series, effect on correlation (  .708) is:
       Lower   1900> -.022   1843> -.016   1803< -.016   1983> -.013   1928> -.009   1934< -.008  Higher   2008  .008   1977  .008

 [E] Outliers     3   3.0 SD above or -4.5 SD below mean for year
       1843 +3.7 SD;    1900 +3.8 SD;    1934 -6.4 SD
 ===================================================================================================================================

 ZSL202    1805 to  2023     219 years                                                                                    Series  42

 [B] Entire series, effect on correlation (  .733) is:
       Lower   1900> -.023   1843> -.014   1928> -.007   1983> -.006   1835< -.005   1875< -.005  Higher   1963  .013   1977  .008

 [E] Outliers     4   3.0 SD above or -4.5 SD below mean for year
       1843 +3.8 SD;    1900 +4.0 SD;    1934 -4.9 SD;    1992 -4.9 SD
 ===================================================================================================================================

 ZSL211    1865 to  2009     145 years                                                                                    Series  43

 [B] Entire series, effect on correlation (  .685) is:
       Lower   2008> -.027   1986< -.020   2001< -.015   1893> -.012   1873< -.009   2006< -.008  Higher   1963  .024   1949  .009

 [E] Outliers     1   3.0 SD above or -4.5 SD below mean for year
       2009 +3.3 SD
 ===================================================================================================================================

 ZSL212    1814 to  1865      52 years                                                                                    Series  44

 [B] Entire series, effect on correlation (  .666) is:
       Lower   1843> -.054   1862< -.023   1865> -.018   1842< -.013   1855> -.011   1820> -.009  Higher   1854  .026   1845  .014

 ===================================================================================================================================

 ZSL212    1870 to  2014     145 years                                                                                    Series  45

 [B] Entire series, effect on correlation (  .674) is:
       Lower   2006< -.020   1893> -.010   1962> -.009   2012> -.009   1981> -.007   1934< -.007  Higher   1963  .014   1977  .013

 [E] Outliers     1   3.0 SD above or -4.5 SD below mean for year
       1934 -5.6 SD
 ===================================================================================================================================

 ZSL213    1876 to  2016     141 years                                                                                    Series  46

 [B] Entire series, effect on correlation (  .645) is:
       Lower   2015> -.025   2014< -.025   2008> -.023   2012> -.019   2006< -.011   1983> -.011  Higher   1963  .024   1917  .009

 [E] Outliers     2   3.0 SD above or -4.5 SD below mean for year
       1934 -5.0 SD;    2012 +4.0 SD
 ===================================================================================================================================

 ZSL221    1900 to  2023     124 years                                                                                    Series  47

 [B] Entire series, effect on correlation (  .663) is:
       Lower   1900> -.059   1942< -.016   1934> -.015   1903> -.010   1933> -.010   1977> -.006  Higher   1963  .028   2008  .027

 [D]    1 Absent rings:  Year   Master  N series Absent
                         2008   -1.824      47       5

 [E] Outliers     3   3.0 SD above or -4.5 SD below mean for year
       1900 +4.9 SD;    1934 +4.0 SD;    1963 -4.5 SD
 ===================================================================================================================================

 ZSL222    1900 to  2023     124 years                                                                                    Series  48

 [B] Entire series, effect on correlation (  .672) is:
       Lower   1900> -.051   1942< -.011   1927> -.010   1933> -.009   1904< -.008   2018< -.007  Higher   2008  .025   1963  .025

 [D]    1 Absent rings:  Year   Master  N series Absent
                         2008   -1.824      47       5

 [E] Outliers     3   3.0 SD above or -4.5 SD below mean for year
       1900 +4.3 SD;    1934 +3.3 SD;    2008 -4.7 SD
 ===================================================================================================================================

 ZSLL01    1908 to  2023     116 years                                                                                    Series  49

 [B] Entire series, effect on correlation (  .741) is:
       Lower   1999> -.014   1934> -.013   1919> -.012   1925< -.011   1927> -.010   1921> -.009  Higher   2008  .021   1983  .017

 [E] Outliers     1   3.0 SD above or -4.5 SD below mean for year
       1963 -4.7 SD
 ===================================================================================================================================

 ZSLL02    1910 to  2023     114 years                                                                                    Series  50

 [B] Entire series, effect on correlation (  .630) is:
       Lower   1928< -.059   1934> -.027   1992> -.013   2015> -.012   1918< -.011   1927> -.010  Higher   2008  .032   1963  .021

 [E] Outliers     2   3.0 SD above or -4.5 SD below mean for year
       1928 -7.0 SD;    1934 +4.8 SD
 ===================================================================================================================================

 [*] All segments correlate highest as dated with correlation with master series over   .3281
PART 7:  DESCRIPTIVE STATISTICS:                                                                   04:00  Fri 26 Jun 2026  Page   6
------------------------------------------------------------------------------------------------------------------------------------

                                                Corr   //-------- Unfiltered --------\\  //---- Filtered -----\\
                           No.    No.    No.    with   Mean   Max     Std   Auto   Mean   Max     Std   Auto  AR
 Seq Series   Interval   Years  Segmt  Flags   Master  msmt   msmt    dev   corr   sens  value    dev   corr  ()
 --- -------- ---------  -----  -----  -----   ------ -----  -----  -----  -----  -----  -----  -----  -----  --
   1 ZSL011   1926 2023     98      3      0    .830   1.31   4.71   .865   .762   .351   2.71   .572  -.010   1
   2 ZSL012   1923 2023    101      4      0    .800   1.22   3.34   .705   .784   .342   2.62   .535  -.004   1
   3 ZSL021   1923 2023    101      4      0    .630   1.28   3.16   .544   .662   .306   2.50   .304  -.053   1
   4 ZSL022   1928 2023     96      3      0    .723   1.27   2.75   .475   .630   .282   2.49   .339  -.101   2
   5 ZSL031   1901 2023    123      4      0    .592   1.12   2.36   .464   .646   .296   2.65   .397  -.030   5
   6 ZSL032   1909 2023    115      4      0    .689   1.14   2.39   .466   .664   .259   2.83   .563  -.049   2
   7 ZSL041   1859 2023    165      6      0    .743    .93   2.65   .408   .698   .258   2.62   .476  -.023   1
   8 ZSL042   1909 2023    115      4      0    .654    .81   1.87   .321   .721   .247   2.54   .384  -.061   3
   9 ZSL051   1863 2023    161      6      0    .804    .98   2.69   .440   .718   .261   2.52   .405  -.060   2
  10 ZSL052   1858 2023    166      6      0    .765    .90   2.70   .471   .785   .307   2.49   .377  -.056   2
  11 ZSL061   1819 2023    205      8      0    .771    .77   2.30   .438   .801   .274   2.70   .484  -.057   1
  12 ZSL062   1825 2023    199      7      0    .786    .82   2.27   .455   .801   .276   2.72   .483  -.055   1
  13 ZSL071   1876 2023    148      5      0    .784    .57   1.81   .348   .737   .381   2.49   .388  -.032   2
  14 ZSL072   1873 2023    151      6      0    .796    .57   1.84   .367   .735   .401   2.59   .391  -.021   2
  15 ZSL081   1938 2023     86      3      0    .700   1.84   4.12   .944   .818   .266   2.59   .541  -.049   2
  16 ZSL082   1935 2023     89      3      0    .693   1.82   4.16   .916   .809   .264   2.68   .499  -.034   2
  17 ZSL091   1778 2014    237      9      0    .700    .61   2.44   .417   .800   .342   2.69   .416  -.037   2
  18 ZSL092   1778 2017    240      9      0    .705    .56   2.29   .438   .846   .359   2.63   .480  -.029   1
  19 ZSL101   1803 2023    221      8      0    .724    .70   2.66   .486   .771   .387   2.66   .404  -.056   2
  20 ZSL102   1796 2023    228      9      0    .750    .69   2.93   .462   .787   .372   2.61   .407  -.086   2
  21 ZSL111   1892 2002    111      5      0    .791    .59   1.31   .248   .730   .257   2.40   .374  -.039   1
  22 ZSL112   1893 1999    107      4      0    .793    .68   1.54   .280   .707   .258   2.45   .384  -.039   1
  23 ZSL121   1931 2023     93      3      0    .718   1.42   3.22   .502   .677   .242   2.54   .409  -.037   1
  24 ZSL122   1923 2023    101      4      0    .750   1.54   3.33   .552   .730   .210   2.66   .543  -.082   2
  25 ZSL131   1915 2023    109      4      0    .664   1.24   3.22   .633   .727   .318   2.63   .463   .026   1
  26 ZSL132   1917 2023    107      4      0    .678   1.28   3.05   .643   .764   .294   2.59   .485   .021   1
  27 ZSL141   1906 2023    118      4      0    .784   1.05   2.90   .554   .815   .274   2.82   .559  -.003   1
  28 ZSL142   1926 2023     98      3      0    .802   1.30   3.97   .604   .749   .256   2.52   .449  -.082   2
  29 ZSL151   1897 2023    127      5      0    .609   1.82   5.04  1.071   .828   .242   2.46   .331  -.058   3
  30 ZSL152   1894 2023    130      5      0    .560   1.82   4.98  1.040   .822   .250   2.61   .386  -.061   2
  31 ZSL161   1870 2023    154      6      0    .712   1.36   5.61   .920   .828   .251   2.73   .388  -.077   2
  32 ZSL162   1858 2023    166      6      0    .706   1.40   5.12   .816   .791   .249   2.93   .429  -.062   2
  33 ZSL171   1800 2023    224      8      0    .766    .98   3.27   .628   .827   .298   2.54   .394  -.031   1
  34 ZSL172   1815 2023    209      8      0    .798    .93   2.55   .551   .804   .288   2.58   .395  -.006   1
  35 ZSL173   1800 2023    224      8      0    .787    .97   2.99   .593   .825   .292   2.66   .457  -.019   1
  36 ZSL181   1906 2023    118      4      0    .683   1.25   3.72   .788   .886   .274   2.71   .463  -.031   1
  37 ZSL182   1930 2023     94      3      0    .616    .97   2.65   .566   .762   .357   2.62   .357  -.091   2
  38 ZSL191   1803 2023    221      8      0    .756    .79   2.27   .353   .658   .297   2.68   .464  -.043   2
  39 ZSL192   1790 2023    234      9      0    .722    .87   2.60   .490   .809   .279   2.56   .353  -.050   2
  40 ZSL193   1803 2023    221      8      0    .710    .87   3.07   .526   .792   .289   2.71   .439  -.022   2
  41 ZSL201   1801 2023    223      8      0    .708    .95   2.90   .559   .729   .338   2.56   .370  -.042   2
  42 ZSL202   1805 2023    219      8      0    .733    .91   2.70   .521   .721   .343   2.65   .434  -.062   2
  43 ZSL211   1865 2009    145      6      0    .685    .38   1.27   .209   .695   .327   2.64   .478  -.073   3
  44 ZSL212   1814 1865     52      2      0    .666    .95   2.53   .619   .793   .384   2.55   .549  -.057   2
  45 ZSL212   1870 2014    145      6      0    .674    .41   1.20   .235   .746   .358   2.52   .381  -.069   1
  46 ZSL213   1876 2016    141      5      0    .645    .39    .97   .207   .705   .335   2.65   .442  -.029   1
  47 ZSL221   1900 2023    124      4      0    .663    .65   2.81   .564   .899   .378   2.63   .461  -.020   2
  48 ZSL222   1900 2023    124      4      0    .672    .63   2.74   .532   .880   .381   2.61   .411  -.028   2
PART 7:  DESCRIPTIVE STATISTICS:                                                                   04:00  Fri 26 Jun 2026  Page   7
------------------------------------------------------------------------------------------------------------------------------------

                                                Corr   //-------- Unfiltered --------\\  //---- Filtered -----\\
                           No.    No.    No.    with   Mean   Max     Std   Auto   Mean   Max     Std   Auto  AR
 Seq Series   Interval   Years  Segmt  Flags   Master  msmt   msmt    dev   corr   sens  value    dev   corr  ()
 --- -------- ---------  -----  -----  -----   ------ -----  -----  -----  -----  -----  -----  -----  -----  --
  49 ZSLL01   1908 2023    116      4      0    .741   1.65   4.87   .860   .814   .266   2.49   .366  -.067   2
  50 ZSLL02   1910 2023    114      4      0    .630   1.40   3.28   .725   .868   .251   2.52   .370  -.051   2
 --- -------- ---------  -----  -----  -----   ------ -----  -----  -----  -----  -----  -----  -----  -----  --
 Total or mean:           7414    271      0    .723    .97   5.61   .537   .770   .305   2.93   .428  -.044

                                              - = [  COFECHA VERY COF  ] = -
